2026-07-30T17:01:15.164Z astro:cli --verbose flag enabled! Enabling: DEBUG="astro:*,vite:*"
2026-07-30T17:01:15.167Z astro:cli Tip: Set the DEBUG env variable directly for more control. Example: "DEBUG=astro:*,vite:* astro build".
2026-07-30T17:01:18.367Z astro:telemetry [notify] last notified on 1785430397189
2026-07-30T17:01:28.836Z astro:build Initial setup...
2026-07-30T17:01:28.929Z astro:telemetry {
  context: {
    isGit: true,
    anonymousProjectId: '9514080a96921222b136db01138bf42ae087f13081924fc0c538d6592e3bc53c',
    packageManager: 'npm',
    packageManagerVersion: undefined,
    anonymousId: 'b16d8b6873f3a1dbfe9b3846860d2cfacebe45e7a7bd7c779b701a23febb7d5e',
    anonymousSessionId: '4a16a77768790919b6242026d558cbb09f0639fd7f933f20e95b80b589cc55e6'
  },
  meta: {
    nodeVersion: '24.18.1',
    viteVersion: '8.1.5',
    astroVersion: '7.1.5',
    systemPlatform: 'win32',
    systemRelease: '10.0.26200',
    systemArchitecture: 'x64',
    cpuCount: 4,
    cpuModel: 'Intel(R) Core(TM) i3-1005G1 CPU @ 1.20GHz',
    cpuSpeed: 1190,
    memoryInMb: 3891,
    isDocker: false,
    isTTY: undefined,
    isWSL: false,
    isCI: false,
    ciName: null
  }
}
2026-07-30T17:01:28.931Z astro:telemetry [
  {
    "eventName": "ASTRO_CLI_SESSION_STARTED",
    "payload": {
      "cliCommand": "build",
      "config": {
        "integrations": [
          "@astrojs/react"
        ],
        "build": {},
        "server": true,
        "image": {},
        "markdown": {},
        "vite": {
          "plugins": true
        },
        "experimental": {},
        "legacy": {}
      },
      "isAgentic": true,
      "agentId": "vscode-copilot-agent",
      "agentName": "GitHub Copilot in VS Code",
      "agentType": "agent"
    }
  }
]
2026-07-30T17:01:28.973Z vite:env loading env files: [
  'D:/kitchenandall/kitchenandall/.env',
  'D:/kitchenandall/kitchenandall/.env.local',
  'D:/kitchenandall/kitchenandall/.env.production',
  'D:/kitchenandall/kitchenandall/.env.production.local'
]
2026-07-30T17:01:28.973Z vite:env env files loaded in 1.33ms
2026-07-30T17:01:28.976Z vite:env using resolved env: {
  ALLUSERSPROFILE: 'C:\\ProgramData',
  APPDATA: 'C:\\Users\\User\\AppData\\Roaming',
  ChocolateyInstall: 'C:\\ProgramData\\chocolatey',
  ChocolateyLastPathUpdate: '134299027693674239',
  CHROME_CRASHPAD_PIPE_NAME: '\\\\.\\pipe\\crashpad_3812_PECVYPAUJOKJANDD',
  CommonProgramFiles: 'C:\\Program Files\\Common Files',
  'CommonProgramFiles(x86)': 'C:\\Program Files (x86)\\Common Files',
  CommonProgramW6432: 'C:\\Program Files\\Common Files',
  COMPUTERNAME: 'MISHELLFAVOUR',
  ComSpec: 'C:\\WINDOWS\\system32\\cmd.exe',
  DEBUG: 'astro:*,vite:*',
  DriverData: 'C:\\Windows\\System32\\Drivers\\DriverData',
  EFC_7792_1592913036: '1',
  HOMEDRIVE: 'C:',
  HOMEPATH: '\\Users\\User',
  LOCALAPPDATA: 'C:\\Users\\User\\AppData\\Local',
  LOGONSERVER: '\\\\MISHELLFAVOUR',
  NODE_ENV: 'production',
  NUMBER_OF_PROCESSORS: '4',
  OneDrive: 'C:\\Users\\User\\OneDrive',
  OS: 'Windows_NT',
  Path: 'c:\\Users\\User\\AppData\\Roaming\\Code\\User\\globalStorage\\github.copilot-chat\\debugCommand;c:\\Users\\User\\AppData\\Roaming\\Code\\User\\globalStorage\\github.copilot-chat\\copilotCli;C:\\Python314\\Scripts\\;C:\\Python314\\;C:\\WINDOWS\\system32;C:\\WINDOWS;C:\\WINDOWS\\System32\\Wbem;C:\\WINDOWS\\System32\\WindowsPowerShell\\v1.0\\;C:\\WINDOWS\\System32\\OpenSSH\\;C:\\Program Files\\Git\\cmd;C:\\Program Files\\nodejs\\;C:\\ProgramData\\chocolatey\\bin;C:\\Users\\User\\AppData\\Local\\Microsoft\\WindowsApps;C:\\Users\\User\\AppData\\Local\\Programs\\Microsoft VS Code\\bin;C:\\Users\\User\\AppData\\Roaming\\npm',
  PATHEXT: '.COM;.EXE;.BAT;.CMD;.VBS;.VBE;.JS;.JSE;.WSF;.WSH;.MSC;.PY;.PYW;.CPL',
  PROCESSOR_ARCHITECTURE: 'AMD64',
  PROCESSOR_IDENTIFIER: 'Intel64 Family 6 Model 126 Stepping 5, GenuineIntel',
  PROCESSOR_LEVEL: '6',
  PROCESSOR_REVISION: '7e05',
  ProgramData: 'C:\\ProgramData',
  ProgramFiles: 'C:\\Program Files',
  'ProgramFiles(x86)': 'C:\\Program Files (x86)',
  ProgramW6432: 'C:\\Program Files',
  PROMPT: '$P$G',
  PSModulePath: 'C:\\Users\\User\\Documents\\WindowsPowerShell\\Modules;C:\\Program Files\\WindowsPowerShell\\Modules;C:\\WINDOWS\\system32\\WindowsPowerShell\\v1.0\\Modules',
  PUBLIC: 'C:\\Users\\Public',
  SESSIONNAME: 'Console',
  SystemDrive: 'C:',
  SystemRoot: 'C:\\WINDOWS',
  TEMP: 'C:\\Users\\User\\AppData\\Local\\Temp',
  TMP: 'C:\\Users\\User\\AppData\\Local\\Temp',
  USERDOMAIN: 'MISHELLFAVOUR',
  USERDOMAIN_ROAMINGPROFILE: 'MISHELLFAVOUR',
  USERNAME: 'User',
  USERPROFILE: 'C:\\Users\\User',
  windir: 'C:\\WINDOWS',
  ZES_ENABLE_SYSMAN: '1',
  AI_AGENT: 'github_copilot_vscode_agent',
  COPILOT_AGENT: '1',
  GIT_PAGER: 'cat',
  GIT_MERGE_AUTOEDIT: 'no',
  GIT_EDITOR: ':',
  VSCODE_PREVENT_SHELL_HISTORY: '1',
  TERM_PROGRAM: 'vscode',
  TERM_PROGRAM_VERSION: '1.125.1',
  LANG: 'en_US.UTF-8',
  COLORTERM: 'truecolor',
  COPILOT_DEBUG_NONCE: 'b9ffd3c6ad9c2f07a28a8665743499e6',
  GIT_ASKPASS: 'c:\\Users\\User\\AppData\\Roaming\\Code\\User\\globalStorage\\vscode.git\\askpass\\493597c785d4c5cb\\askpass.sh',
  VSCODE_GIT_ASKPASS_NODE: 'C:\\Users\\User\\AppData\\Local\\Programs\\Microsoft VS Code\\Code.exe',
  VSCODE_GIT_ASKPASS_EXTRA_ARGS: '',
  VSCODE_GIT_ASKPASS_MAIN: 'c:\\Users\\User\\AppData\\Roaming\\Code\\User\\globalStorage\\vscode.git\\askpass\\493597c785d4c5cb\\askpass-main.js',
  VSCODE_GIT_IPC_HANDLE: '\\\\.\\pipe\\vscode-git-5a041eea75-sock',
  VSCODE_INJECTION: '1',
  VSCODE_NONCE: 'a38c7ce6-0fd7-440a-afbb-1e46869efaec',
  VSCODE_A11Y_MODE: '0',
  VSCODE_STABLE: '1'
}
2026-07-30T17:01:28.979Z astro:update Re-calculate routes
2026-07-30T17:01:28.991Z vite:env loading env files: [
  'D:/kitchenandall/kitchenandall/.env',
  'D:/kitchenandall/kitchenandall/.env.local',
  'D:/kitchenandall/kitchenandall/.env.production',
  'D:/kitchenandall/kitchenandall/.env.production.local'
]
2026-07-30T17:01:28.992Z vite:env env files loaded in 0.72ms
2026-07-30T17:01:28.994Z vite:env using resolved env: {
  ALLUSERSPROFILE: 'C:\\ProgramData',
  APPDATA: 'C:\\Users\\User\\AppData\\Roaming',
  ChocolateyInstall: 'C:\\ProgramData\\chocolatey',
  ChocolateyLastPathUpdate: '134299027693674239',
  CHROME_CRASHPAD_PIPE_NAME: '\\\\.\\pipe\\crashpad_3812_PECVYPAUJOKJANDD',
  CommonProgramFiles: 'C:\\Program Files\\Common Files',
  'CommonProgramFiles(x86)': 'C:\\Program Files (x86)\\Common Files',
  CommonProgramW6432: 'C:\\Program Files\\Common Files',
  COMPUTERNAME: 'MISHELLFAVOUR',
  ComSpec: 'C:\\WINDOWS\\system32\\cmd.exe',
  DEBUG: 'astro:*,vite:*',
  DriverData: 'C:\\Windows\\System32\\Drivers\\DriverData',
  EFC_7792_1592913036: '1',
  HOMEDRIVE: 'C:',
  HOMEPATH: '\\Users\\User',
  LOCALAPPDATA: 'C:\\Users\\User\\AppData\\Local',
  LOGONSERVER: '\\\\MISHELLFAVOUR',
  NODE_ENV: 'production',
  NUMBER_OF_PROCESSORS: '4',
  OneDrive: 'C:\\Users\\User\\OneDrive',
  OS: 'Windows_NT',
  Path: 'c:\\Users\\User\\AppData\\Roaming\\Code\\User\\globalStorage\\github.copilot-chat\\debugCommand;c:\\Users\\User\\AppData\\Roaming\\Code\\User\\globalStorage\\github.copilot-chat\\copilotCli;C:\\Python314\\Scripts\\;C:\\Python314\\;C:\\WINDOWS\\system32;C:\\WINDOWS;C:\\WINDOWS\\System32\\Wbem;C:\\WINDOWS\\System32\\WindowsPowerShell\\v1.0\\;C:\\WINDOWS\\System32\\OpenSSH\\;C:\\Program Files\\Git\\cmd;C:\\Program Files\\nodejs\\;C:\\ProgramData\\chocolatey\\bin;C:\\Users\\User\\AppData\\Local\\Microsoft\\WindowsApps;C:\\Users\\User\\AppData\\Local\\Programs\\Microsoft VS Code\\bin;C:\\Users\\User\\AppData\\Roaming\\npm',
  PATHEXT: '.COM;.EXE;.BAT;.CMD;.VBS;.VBE;.JS;.JSE;.WSF;.WSH;.MSC;.PY;.PYW;.CPL',
  PROCESSOR_ARCHITECTURE: 'AMD64',
  PROCESSOR_IDENTIFIER: 'Intel64 Family 6 Model 126 Stepping 5, GenuineIntel',
  PROCESSOR_LEVEL: '6',
  PROCESSOR_REVISION: '7e05',
  ProgramData: 'C:\\ProgramData',
  ProgramFiles: 'C:\\Program Files',
  'ProgramFiles(x86)': 'C:\\Program Files (x86)',
  ProgramW6432: 'C:\\Program Files',
  PROMPT: '$P$G',
  PSModulePath: 'C:\\Users\\User\\Documents\\WindowsPowerShell\\Modules;C:\\Program Files\\WindowsPowerShell\\Modules;C:\\WINDOWS\\system32\\WindowsPowerShell\\v1.0\\Modules',
  PUBLIC: 'C:\\Users\\Public',
  SESSIONNAME: 'Console',
  SystemDrive: 'C:',
  SystemRoot: 'C:\\WINDOWS',
  TEMP: 'C:\\Users\\User\\AppData\\Local\\Temp',
  TMP: 'C:\\Users\\User\\AppData\\Local\\Temp',
  USERDOMAIN: 'MISHELLFAVOUR',
  USERDOMAIN_ROAMINGPROFILE: 'MISHELLFAVOUR',
  USERNAME: 'User',
  USERPROFILE: 'C:\\Users\\User',
  windir: 'C:\\WINDOWS',
  ZES_ENABLE_SYSMAN: '1',
  AI_AGENT: 'github_copilot_vscode_agent',
  COPILOT_AGENT: '1',
  GIT_PAGER: 'cat',
  GIT_MERGE_AUTOEDIT: 'no',
  GIT_EDITOR: ':',
  VSCODE_PREVENT_SHELL_HISTORY: '1',
  TERM_PROGRAM: 'vscode',
  TERM_PROGRAM_VERSION: '1.125.1',
  LANG: 'en_US.UTF-8',
  COLORTERM: 'truecolor',
  COPILOT_DEBUG_NONCE: 'b9ffd3c6ad9c2f07a28a8665743499e6',
  GIT_ASKPASS: 'c:\\Users\\User\\AppData\\Roaming\\Code\\User\\globalStorage\\vscode.git\\askpass\\493597c785d4c5cb\\askpass.sh',
  VSCODE_GIT_ASKPASS_NODE: 'C:\\Users\\User\\AppData\\Local\\Programs\\Microsoft VS Code\\Code.exe',
  VSCODE_GIT_ASKPASS_EXTRA_ARGS: '',
  VSCODE_GIT_ASKPASS_MAIN: 'c:\\Users\\User\\AppData\\Roaming\\Code\\User\\globalStorage\\vscode.git\\askpass\\493597c785d4c5cb\\askpass-main.js',
  VSCODE_GIT_IPC_HANDLE: '\\\\.\\pipe\\vscode-git-5a041eea75-sock',
  VSCODE_INJECTION: '1',
  VSCODE_NONCE: 'a38c7ce6-0fd7-440a-afbb-1e46869efaec',
  VSCODE_A11Y_MODE: '0',
  VSCODE_STABLE: '1'
}
2026-07-30T17:01:28.994Z astro:update Re-calculate routes
2026-07-30T17:01:29.008Z vite:env loading env files: [
  'D:/kitchenandall/kitchenandall/.env',
  'D:/kitchenandall/kitchenandall/.env.local',
  'D:/kitchenandall/kitchenandall/.env.production',
  'D:/kitchenandall/kitchenandall/.env.production.local'
]
2026-07-30T17:01:29.008Z vite:env env files loaded in 0.68ms
2026-07-30T17:01:29.010Z vite:env using resolved env: {}
2026-07-30T17:01:29.566Z vite:config using resolved config: {
  configFile: undefined,
  mode: 'production',
  cacheDir: 'D:/kitchenandall/kitchenandall/node_modules/.vite',
  clearScreen: false,
  customLogger: {
    hasWarned: false,
    info: [Function: info],
    warn: [Function: warn],
    warnOnce: [Function: warnOnce],
    error: [Function: error],
    clearScreen: [Function: clearScreen],
    hasErrorLogged: [Function: hasErrorLogged]
  },
  appType: 'custom',
  plugins: [
    'vite:optimized-deps',
    'vite:watch-package-data',
    'vite:pre-alias',
    'alias',
    'virtual:astro:manifest',
    'astro:plugin-renderers',
    'astro:static-paths',
    'astro:build:css-hmr',
    'astro:build',
    'astro-env-plugin',
    'astro:markdown',
    'astro:head-metadata',
    'astro-content-virtual-mod-plugin',
    'astro:content-asset-propagation',
    'astro:assets:esm',
    'astro:vite-plugin-file-url',
    'astro:i18n',
    'astro:actions',
    'virtual:astro:session-driver',
    'astro:container',
    '@tailwindcss/vite:scan',
    'vite:react-babel',
    'vite:react-refresh-fbm',
    'vite:react-refresh',
    'vite:modulepreload-polyfill',
    'vite:resolve-dev',
    'vite:resolve-builtin:get-environment',
    'vite:resolve-builtin',
    'vite:html-inline-proxy',
    'vite:css',
    'builtin:oxc-runtime',
    'vite:oxc',
    'builtin:vite-json',
    'vite:wasm-helper',
    'vite:worker',
    'vite:asset',
    'vite:forward-console',
    'astro:watcher-max-listeners',
    'astro:routes',
    'astro-manifest-plugin',
    'astro:environment',
    '@astro/plugin-page',
    'astro:build:normal',
    'astro:scripts',
    'astro:app',
    'astro:server-app',
    '@astro/plugin-fetchable',
    'virtual:astro:dev-css',
    'virtual:astro:dev-css-all',
    'astro:adapter-config',
    'astro:html',
    'astro:integration-container',
    'astro:content-imports',
    '@astro/plugin-middleware',
    'astro:assets',
    'astro:fonts',
    'astro:image-styles',
    'astro:prefetch',
    'astro:transitions',
    'astro:dev-toolbar',
    'astro:chromedevtools',
    'vite:react-virtual-preamble',
    '@astrojs/react:opts',
    '@astrojs/react:environment',
    'astro:vite-plugin-env',
    'vite:define',
    'vite:css-post',
    'vite:build-html',
    'vite:worker-import-meta-url',
    'vite:asset-import-meta-url',
    'vite:dynamic-import-vars',
    'vite:import-glob',
    '@astro/plugin-pages',
    'astro:scripts:page-ssr',
    'astro:server-islands',
    'astro:hmr-reload',
    'vite:react:config-post',
    'vite:client-inject',
    'vite:css-analysis',
    'vite:import-analysis'
  ],
  publicDir: 'D:/kitchenandall/kitchenandall/public',
  root: 'D:/kitchenandall/kitchenandall',
  envPrefix: 'PUBLIC_',
  define: {
    'import.meta.env.SITE': 'undefined',
    'import.meta.env.BASE_URL': '"/"',
    'import.meta.env.ASSETS_PREFIX': 'undefined'
  },
  server: {
    port: 5173,
    strictPort: false,
    host: undefined,
    allowedHosts: [],
    https: undefined,
    open: false,
    proxy: undefined,
    cors: {
      origin: /^https?:\/\/(?:(?:[^:]+\.)?localhost|127\.0\.0\.1|\[::1\])(?::\d+)?$/
    },
    headers: {},
    warmup: { clientFiles: [], ssrFiles: [] },
    middlewareMode: true,
    fs: {
      strict: true,
      deny: [
        '.env',
        '.env.*',
        '*.{crt,pem,key,p12,pfx,cer,der}',
        '.npmrc',
        '.yarnrc.yml',
        '**/.git/**'
      ],
      allow: [ 'D:/kitchenandall/kitchenandall' ]
    },
    preTransformRequests: true,
    perEnvironmentStartEndDuringDev: false,
    perEnvironmentWatchChangeDuringDev: false,
    forwardConsole: {
      enabled: true,
      unhandledErrors: true,
      logLevels: [ 'error', 'warn' ]
    },
    sourcemapIgnoreList: [Function: isInNodeModules],
    hmr: false,
    watch: { ignored: [ '**' ] },
    ws: false
  },
  resolve: {
    externalConditions: [ 'node', 'module-sync' ],
    extensions: [
      '.mjs',  '.js',
      '.mts',  '.ts',
      '.jsx',  '.tsx',
      '.json'
    ],
    dedupe: [],
    noExternal: [],
    external: [],
    preserveSymlinks: false,
    tsconfigPaths: true,
    alias: [
      { find: 'randombytes', replacement: 'randombytes/browser' },
      {
        find: /^astro$/,
        replacement: 'd:\\kitchenandall\\kitchenandall\\node_modules\\astro\\dist\\types\\public\\index.js'
      },
      {
        find: 'astro:middleware',
        replacement: 'astro/virtual-modules/middleware.js'
      },
      { find: 'astro:schema', replacement: 'astro/zod' },
      { find: 'astro:components', replacement: 'astro/components' },
      {
        find: /^\/?@vite\/env/,
        replacement: '/@fs/d:/kitchenandall/kitchenandall/node_modules/vite/dist/client/env.mjs'
      },
      {
        find: /^\/?@vite\/client/,
        replacement: '/@fs/d:/kitchenandall/kitchenandall/node_modules/vite/dist/client/client.mjs'
      }
    ],
    mainFields: [ 'browser', 'module', 'jsnext:main', 'jsnext' ],
    conditions: [ 'module', 'browser', 'development|production', 'astro' ],
    builtins: []
  },
  build: {
    target: [ 'chrome111', 'edge111', 'firefox114', 'safari16.4', 'ios16.4' ],
    polyfillModulePreload: true,
    modulePreload: { polyfill: true },
    outDir: 'dist',
    assetsDir: '_astro',
    assetsInlineLimit: 4096,
    sourcemap: false,
    terserOptions: {},
    chunkImportMap: false,
    rolldownOptions: { platform: 'node', onwarn: [Function: onwarn] },
    commonjsOptions: { include: [ /node_modules/ ], extensions: [ '.js', '.cjs' ] },
    dynamicImportVarsOptions: { exclude: [ /node_modules/ ] },
    write: true,
    emptyOutDir: null,
    copyPublicDir: true,
    license: false,
    manifest: false,
    lib: false,
    ssrManifest: false,
    ssrEmitAssets: false,
    reportCompressedSize: true,
    chunkSizeWarningLimit: 500,
    watch: null,
    cssCodeSplit: true,
    minify: 'oxc',
    rollupOptions: [Getter/Setter],
    ssr: false,
    emitAssets: false,
    createEnvironment: [Function: createEnvironment],
    cssTarget: [ 'chrome111', 'edge111', 'firefox114', 'safari16.4', 'ios16.4' ],
    cssMinify: true
  },
  environments: {
    client: {
      define: {
        'import.meta.env.SITE': 'undefined',
        'import.meta.env.BASE_URL': '"/"',
        'import.meta.env.ASSETS_PREFIX': 'undefined'
      },
      resolve: {
        externalConditions: [ 'node', 'module-sync' ],
        extensions: [
          '.mjs',  '.js',
          '.mts',  '.ts',
          '.jsx',  '.tsx',
          '.json'
        ],
        dedupe: [ 'astro', 'react', 'react-dom' ],
        noExternal: [
          'astro',
          'astro/components',
          '@nanostores/preact',
          '@fontsource/*',
          '@astrojs/internal-helpers',
          '@astrojs/react'
        ],
        external: [],
        preserveSymlinks: false,
        tsconfigPaths: true,
        alias: [
          { find: 'randombytes', replacement: 'randombytes/browser' },
          {
            find: /^astro$/,
            replacement: 'd:\\kitchenandall\\kitchenandall\\node_modules\\astro\\dist\\types\\public\\index.js'
          },
          {
            find: 'astro:middleware',
            replacement: 'astro/virtual-modules/middleware.js'
          },
          { find: 'astro:schema', replacement: 'astro/zod' },
          { find: 'astro:components', replacement: 'astro/components' },
          {
            find: /^\/?@vite\/env/,
            replacement: '/@fs/d:/kitchenandall/kitchenandall/node_modules/vite/dist/client/env.mjs'
          },
          {
            find: /^\/?@vite\/client/,
            replacement: '/@fs/d:/kitchenandall/kitchenandall/node_modules/vite/dist/client/client.mjs'
          }
        ],
        mainFields: [ 'browser', 'module', 'jsnext:main', 'jsnext' ],
        conditions: [ 'module', 'browser', 'development|production', 'astro' ],
        builtins: []
      },
      keepProcessEnv: false,
      consumer: 'client',
      optimizeDeps: {
        include: [
          'react',
          'react-dom',
          'react/jsx-dev-runtime',
          'react/jsx-runtime',
          'astro > aria-query',
          'astro > axobject-query',
          'astro > html-escaper',
          'astro/runtime/client/dev-toolbar/entrypoint.js',
          'react',
          'react/jsx-runtime',
          'react/jsx-dev-runtime',
          'react-dom',
          'react-dom/client',
          '@astrojs/react/client.js'
        ],
        exclude: [
          'astro:*',
          'virtual:astro:*',
          'astro/virtual-modules/prefetch.js',
          '@astrojs/react/server.js'
        ],
        needsInterop: [],
        rolldownOptions: {
          transform: { jsx: { runtime: 'automatic' } },
          resolve: { symlinks: true },
          output: { topLevelVar: true }
        },
        extensions: [],
        disabled: undefined,
        holdUntilCrawlEnd: true,
        force: false,
        ignoreOutdatedRequests: false,
        noDiscovery: true,
        entries: [
          'D:/kitchenandall/kitchenandall/src/**/*.{jsx,tsx,vue,svelte,html}'
        ],
        rollupOptions: [Getter/Setter],
        esbuildOptions: { preserveSymlinks: false }
      },
      dev: {
        warmup: [],
        sourcemap: { js: true },
        sourcemapIgnoreList: [Function: isInNodeModules],
        preTransformRequests: true,
        createEnvironment: [Function: defaultCreateClientDevEnvironment],
        recoverable: true,
        moduleRunnerTransform: false
      },
      build: {
        target: [
          'chrome111',
          'edge111',
          'firefox114',
          'safari16.4',
          'ios16.4'
        ],
        polyfillModulePreload: true,
        modulePreload: { polyfill: true },
        outDir: 'dist',
        assetsDir: '_astro',
        assetsInlineLimit: 4096,
        sourcemap: false,
        terserOptions: {},
        chunkImportMap: false,
        rolldownOptions: { platform: 'browser', onwarn: [Function: onwarn] },
        commonjsOptions: { include: [ /node_modules/ ], extensions: [ '.js', '.cjs' ] },
        dynamicImportVarsOptions: { exclude: [ /node_modules/ ] },
        write: true,
        emptyOutDir: null,
        copyPublicDir: true,
        license: false,
        manifest: false,
        lib: false,
        ssrManifest: false,
        ssrEmitAssets: false,
        reportCompressedSize: true,
        chunkSizeWarningLimit: 500,
        watch: null,
        cssCodeSplit: true,
        minify: 'oxc',
        rollupOptions: [Getter/Setter],
        ssr: false,
        emitAssets: true,
        createEnvironment: [Function: createEnvironment],
        cssTarget: [
          'chrome111',
          'edge111',
          'firefox114',
          'safari16.4',
          'ios16.4'
        ],
        cssMinify: true
      },
      isBundled: false,
      plugins: [
        {
          name: 'vite:optimized-deps',
          applyToEnvironment: [Function: applyToEnvironment],
          resolveId: [Function: resolveId],
          load: [AsyncFunction: load]
        },
        {
          name: 'vite:watch-package-data',
          buildStart: [Function: buildStart],
          buildEnd: [Function: buildEnd],
          watchChange: [Function: watchChange]
        },
        {
          name: 'vite:pre-alias',
          applyToEnvironment: [Function: applyToEnvironment],
          resolveId: [AsyncFunction: resolveId]
        },
        {
          name: 'alias',
          buildStart: [AsyncFunction: buildStart],
          resolveId: [Function: resolveId],
          applyToEnvironment: [Function: applyToEnvironment]
        },
        {
          name: 'astro:plugin-renderers',
          enforce: 'pre',
          resolveId: {
            filter: { id: /^virtual:astro:renderers$/ },
            handler: [Function: handler]
          },
          load: {
            filter: { id: /^ virtual:astro:renderers$/ },
            handler: [Function: handler]
          }
        },
        {
          name: 'astro:static-paths',
          enforce: 'pre',
          resolveId: {
            filter: { id: /^astro:static-paths$/ },
            handler: [Function: handler]
          },
          load: {
            filter: { id: /^ astro:static-paths$/ },
            handler: [Function: handler]
          }
        },
        {
          name: 'astro:build:css-hmr',
          enforce: 'pre',
          applyToEnvironment: [Function: applyToEnvironment],
          transform: {
            filter: {
              id: {
                include: [ /(?:\?|&)astro(?:&|=|$)/ ],
                exclude: [ /(?:\?|&)(?:url|raw|direct)(?:&|$)/ ]
              }
            },
            handler: [AsyncFunction: handler]
          }
        },
        {
          name: 'astro:build',
          enforce: 'pre',
          configEnvironment: [AsyncFunction: configEnvironment],
          configResolved: [AsyncFunction: configResolved],
          configureServer: [Function: configureServer],
          buildStart: [Function: buildStart],
          load: {
            filter: { id: /(?:\?|&)astro(?:&|=|$)/ },
            handler: [AsyncFunction: handler]
          },
          transform: {
            filter: {
              id: {
                include: [ /\.astro$/, /\.astro\?/ ],
                exclude: [
                  /(?:\?|&)(?:url|raw|direct)(?:&|$)/,
                  /(?:\?|&)astro(?:&|=|$)/
                ]
              }
            },
            handler: [AsyncFunction: handler]
          },
          handleHotUpdate: [AsyncFunction: handleHotUpdate]
        },
        {
          name: 'astro-env-plugin',
          enforce: 'pre',
          config: [Function: config],
          buildStart: [Function: buildStart],
          resolveId: {
            filter: {
              id: /^(astro:env\/client|astro:env\/server|virtual:astro:env\/internal)$/
            },
            handler: [Function: handler]
          },
          load: {
            filter: {
              id: /^( astro:env\/client| astro:env\/server| virtual:astro:env\/internal)$/
            },
            handler: [Function: handler]
          }
        },
        {
          enforce: 'pre',
          name: 'astro:markdown',
          buildEnd: [Function: buildEnd],
          resolveId: {
            filter: { id: /^[^/]/ },
            handler: [AsyncFunction: handler]
          },
          load: {
            filter: {
              id: {
                include: /\.(markdown|mdown|mkdn|mkd|mdwn|md)(\?|$)/,
                exclude: /(?:\?|&)(?:url|raw|direct)(?:&|$)/
              }
            },
            handler: [AsyncFunction: handler]
          }
        },
        {
          name: 'astro:head-metadata',
          enforce: 'pre',
          apply: 'serve',
          configureServer: [Function: configureServer],
          load: [Function: load],
          resolveId: [Function: resolveId],
          transform: [Function: transform]
        },
        {
          name: 'astro-content-virtual-mod-plugin',
          enforce: 'pre',
          config: [Function: config],
          buildStart: [Function: buildStart],
          resolveId: {
            filter: {
              id: /^(astro:content|astro:data-layer-content|astro:content-module-imports|astro:asset-imports)$|(?:\?|&)astroContentModuleFlag(?:&|=|$)/
            },
            handler: [AsyncFunction: handler]
          },
          load: {
            filter: {
              id: /^( astro:content| astro:data-layer-content| astro:asset-imports| astro:content-module-imports)$/
            },
            handler: [AsyncFunction: handler]
          },
          configureServer: [Function: configureServer]
        },
        {
          name: 'astro:content-asset-propagation',
          enforce: 'pre',
          resolveId: {
            filter: {
              id: /(?:\?|&)(?:astroContentImageFlag|astroRenderContent)(?:&|=|$)/
            },
            handler: [AsyncFunction: handler]
          },
          configureServer: [Function: configureServer],
          transform: {
            filter: { id: /(?:\?|&)astroPropagatedAssets(?:&|=|$)/ },
            handler: [AsyncFunction: handler]
          }
        },
        {
          name: 'astro:assets:esm',
          enforce: 'pre',
          config: [Function: config],
          configResolved: [Function: configResolved],
          load: {
            filter: { id: /\.(jpeg|jpg|png|tiff|webp|gif|svg|avif)/i },
            handler: [AsyncFunction: handler]
          }
        },
        {
          name: 'astro:vite-plugin-file-url',
          enforce: 'pre',
          resolveId: {
            filter: { id: /^file:\/\// },
            handler: [Function: handler]
          }
        },
        {
          name: 'astro:i18n',
          enforce: 'pre',
          resolveId: {
            filter: { id: /^astro:i18n$/ },
            handler: [Function: handler]
          }
        },
        {
          name: 'astro:actions',
          enforce: 'pre',
          resolveId: {
            filter: {
              id: /^(astro:actions|virtual:astro:actions\/options|virtual:astro:actions\/entrypoint)$/
            },
            handler: [AsyncFunction: handler]
          },
          configureServer: [AsyncFunction: configureServer],
          load: {
            filter: {
              id: /^( astro:actions| virtual:astro:actions\/noop-entrypoint| virtual:astro:actions\/entrypoint| virtual:astro:actions\/options)$/
            },
            handler: [AsyncFunction: handler]
          }
        },
        {
          name: 'virtual:astro:session-driver',
          enforce: 'pre',
          resolveId: {
            filter: { id: /^virtual:astro:session-driver$/ },
            handler: [Function: handler]
          },
          load: {
            filter: { id: /^ virtual:astro:session-driver$/ },
            handler: [AsyncFunction: handler]
          }
        },
        {
          name: 'astro:container',
          enforce: 'pre',
          resolveId: {
            filter: { id: /^(astro:container)$/ },
            handler: [Function: handler]
          }
        },
        {
          name: '@tailwindcss/vite:scan',
          enforce: 'pre',
          configureServer: [Function: configureServer],
          configResolved: [AsyncFunction: configResolved]
        },
        {
          name: 'vite:react-babel',
          enforce: 'pre',
          config: [Function: config],
          configResolved: [Function: configResolved],
          options: [Function: options]
        },
        {
          name: 'vite:react-refresh-fbm',
          enforce: 'pre',
          transformIndexHtml: { handler: [Function: handler], order: 'pre' }
        },
        {
          name: 'vite:react-refresh',
          enforce: 'pre',
          config: [Function: config],
          resolveId: {
            filter: { id: /^\/@react\-refresh$/ },
            handler: [Function: handler]
          },
          load: {
            filter: { id: /^\/@react\-refresh$/ },
            handler: [Function: handler]
          },
          transformIndexHtml: [Function: transformIndexHtml]
        },
        {
          name: 'vite:modulepreload-polyfill',
          applyToEnvironment: [Function: applyToEnvironment],
          resolveId: {
            filter: { id: /^vite\/modulepreload\-polyfill$/ },
            handler: [Function: handler]
          },
          load: {
            filter: { id: /^ vite\/modulepreload\-polyfill\.js$/ },
            handler: [Function: handler]
          }
        },
        {
          name: 'vite:resolve-dev',
          applyToEnvironment: [Function: applyToEnvironment],
          resolveId: {
            filter: {
              id: {
                exclude: [ /^\0/, /^virtual:/, /^\/virtual:/, /^__vite-/ ]
              }
            },
            handler: [AsyncFunction: handler]
          }
        },
        {
          name: 'vite:resolve-builtin:get-environment',
          buildStart: [Function: buildStart],
          perEnvironmentStartEndDuringDev: true
        },
        BuiltinPlugin {
          name: 'builtin:vite-resolve',
          _options: {
            resolveOptions: {
              isBuild: false,
              isProduction: true,
              asSrc: true,
              preferRelative: false,
              isRequire: undefined,
              root: 'D:/kitchenandall/kitchenandall',
              scan: false,
              mainFields: [ 'browser', 'module', 'jsnext:main', 'jsnext', 'main' ],
              conditions: [
                'module',
                'browser',
                'development|production',
                'astro'
              ],
              externalConditions: [ 'node', 'module-sync' ],
              extensions: [
                '.mjs',  '.js',
                '.mts',  '.ts',
                '.jsx',  '.tsx',
                '.json'
              ],
              tryIndex: true,
              tryPrefix: undefined,
              preserveSymlinks: false,
              tsconfigPaths: true
            },
            environmentConsumer: 'client',
            environmentName: 'client',
            builtins: [],
            external: [],
            noExternal: [
              'astro',
              'astro/components',
              '@nanostores/preact',
              '@fontsource/*',
              '@astrojs/internal-helpers',
              '@astrojs/react'
            ],
            dedupe: [ 'astro', 'react', 'react-dom' ],
            disableCache: false,
            legacyInconsistentCjsInterop: undefined,
            finalizeBareSpecifier: [Function (anonymous)],
            finalizeOtherSpecifiers: [Function (anonymous)],
            resolveSubpathImports: [Function: resolveSubpathImports],
            onWarn: [AsyncFunction: onWarn],
            yarnPnp: false
          },
          enforce: undefined,
          getOrder: [AsyncFunction: wrappedHook],
          load: [AsyncFunction: wrappedHook],
          resolveId: [AsyncFunction: wrappedHook],
          transform: [AsyncFunction: wrappedHook],
          watchChange: [AsyncFunction: wrappedHook],
          perEnvironmentWatchChangeDuringDev: true
        },
        {
          name: 'vite:html-inline-proxy',
          resolveId: {
            filter: { id: /[?&]html-proxy\b/ },
            handler: [Function: handler]
          },
          load: {
            filter: { id: /[?&]html-proxy\b/ },
            handler: [Function: handler]
          }
        },
        {
          name: 'vite:css',
          buildStart: [Function: buildStart],
          buildEnd: [AsyncFunction: buildEnd],
          load: {
            filter: {
              id: /\.(css|less|sass|scss|styl|stylus|pcss|postcss|sss)(?:$|\?)/
            },
            handler: [Function: handler]
          },
          transform: {
            filter: {
              id: {
                include: /\.(css|less|sass|scss|styl|stylus|pcss|postcss|sss)(?:$|\?)/,
                exclude: [
                  /[?&]commonjs-proxy/,
                  /[?&](?:worker|sharedworker|raw|url)\b/
                ]
              }
            },
            handler: [AsyncFunction: handler]
          }
        },
        {
          name: 'builtin:oxc-runtime',
          _options: undefined,
          enforce: undefined,
          getOrder: [AsyncFunction: wrappedHook],
          load: { handler: [AsyncFunction: wrappedHook], order: 'pre' },
          resolveId: { handler: [AsyncFunction: wrappedHook], order: 'pre' },
          transform: [AsyncFunction: wrappedHook],
          watchChange: [AsyncFunction: wrappedHook],
          applyToEnvironment: [Function: applyToEnvironment]
        },
        {
          name: 'vite:oxc',
          applyToEnvironment: [Function: applyToEnvironment],
          configureServer: [Function: configureServer],
          transform: [AsyncFunction: transform]
        },
        BuiltinPlugin {
          name: 'builtin:vite-json',
          _options: { namedExports: true, stringify: 'auto', minify: false },
          enforce: undefined,
          getOrder: [AsyncFunction: wrappedHook],
          load: [AsyncFunction: wrappedHook],
          resolveId: [AsyncFunction: wrappedHook],
          transform: [AsyncFunction: wrappedHook],
          watchChange: [AsyncFunction: wrappedHook]
        },
        {
          name: 'vite:wasm-helper',
          resolveId: {
            filter: { id: /^ vite\/wasm\-helper\.js$/ },
            handler: [Function: handler]
          },
          load: {
            filter: {
              id: [
                /^ vite\/wasm\-helper\.js$/,
                /(?<![?#].*)\.wasm\?init/,
                /(?<![?#].*)\.wasm$/
              ]
            },
            handler: [AsyncFunction: handler]
          },
          renderChunk: undefined
        },
        {
          name: 'vite:worker',
          buildStart: [Function: buildStart],
          load: {
            filter: { id: /(?:\?|&)(worker|sharedworker)(?:&|$)/ },
            handler: [AsyncFunction: handler]
          },
          transform: {
            filter: { id: /(?:\?|&)worker_file&type=(\w+)(?:&|$)/ },
            handler: [Function: handler]
          },
          generateBundle: [Function: generateBundle],
          watchChange: [Function: watchChange]
        },
        {
          name: 'vite:asset',
          perEnvironmentStartEndDuringDev: true,
          buildStart: [Function: buildStart],
          resolveId: {
            filter: {
              id: [
                /(\?|&)url(?:&|$)/,
                /\.(apng|bmp|png|jpe?g|jfif|pjpeg|pjp|gif|svg|ico|webp|avif|cur|jxl|mp4|webm|ogg|mp3|wav|flac|aac|opus|mov|m4a|vtt|woff2?|eot|ttf|otf|webmanifest|pdf|txt)(\?.*)?$/i
              ]
            },
            handler: [Function: handler]
          },
          load: {
            filter: {
              id: {
                include: [
                  /(\?|&)raw(?:&|$)/,
                  /(\?|&)url(?:&|$)/,
                  /\.(apng|bmp|png|jpe?g|jfif|pjpeg|pjp|gif|svg|ico|webp|avif|cur|jxl|mp4|webm|ogg|mp3|wav|flac|aac|opus|mov|m4a|vtt|woff2?|eot|ttf|otf|webmanifest|pdf|txt)(\?.*)?$/i
                ],
                exclude: /^\0/
              }
            },
            handler: [AsyncFunction: handler]
          },
          generateBundle: [Function: generateBundle],
          watchChange: [Function: watchChange]
        },
        {
          name: 'vite:forward-console',
          apply: 'serve',
          configureServer: [Function: configureServer]
        },
        {
          name: 'astro:watcher-max-listeners',
          configureServer: [Function: configureServer]
        },
        {
          name: 'astro-manifest-plugin',
          resolveId: {
            filter: { id: /^(astro:config\/server|astro:config\/client)$/ },
            handler: [Function: handler]
          },
          load: {
            filter: { id: /^( astro:config\/server| astro:config\/client)$/ },
            handler: [Function: handler]
          }
        },
        {
          name: 'astro:environment',
          configEnvironment: [Function: configEnvironment]
        },
        {
          name: 'astro:build:normal',
          resolveId: {
            filter: { id: /(?:\?|&)astro(?:&|=|$)/ },
            handler: [Function: handler]
          }
        },
        {
          name: 'astro:scripts',
          config: [Function: config],
          resolveId: {
            filter: { id: /^astro:scripts\// },
            handler: [Function: handler]
          },
          load: {
            filter: {
              id: /^(astro:scripts\/before-hydration.js|astro:scripts\/page.js|astro:scripts\/page-ssr.js)$/
            },
            handler: [Function: handler]
          },
          buildStart: [Function: buildStart]
        },
        {
          name: 'astro:app',
          configResolved: [Function: configResolved],
          resolveId: {
            filter: { id: /^virtual:astro:app$/ },
            handler: [Function: handler]
          },
          load: {
            filter: { id: /^ virtual:astro:app$/ },
            handler: [Function: handler]
          }
        },
        {
          name: 'astro:server-app',
          resolveId: {
            filter: { id: /^astro:server-app$/ },
            handler: [Function: handler]
          }
        },
        {
          name: 'virtual:astro:dev-css',
          configureServer: [AsyncFunction: configureServer],
          applyToEnvironment: [Function: applyToEnvironment],
          resolveId: {
            filter: {
              id: /^(virtual:astro:dev-css|virtual:astro:dev-css:.*)$/
            },
            handler: [Function: handler]
          },
          load: {
            filter: {
              id: /^( virtual:astro:dev-css| virtual:astro:dev-css:.*)$/
            },
            handler: [AsyncFunction: handler]
          },
          transform: {
            filter: {
              id: {
                include: [
                  /\.(css|less|sass|scss|styl|stylus|pcss|postcss|sss)(?:$|\?)/
                ],
                exclude: [ /(?:\?|&)raw(?:&|$)/, /(?:\?|&)inline\b/ ]
              }
            },
            handler: [Function: handler]
          }
        },
        {
          name: 'virtual:astro:dev-css-all',
          applyToEnvironment: [Function: applyToEnvironment],
          resolveId: {
            filter: { id: /^virtual:astro:dev-css-all$/ },
            handler: [Function: handler]
          },
          load: {
            filter: { id: /^ virtual:astro:dev-css-all$/ },
            handler: [Function: handler]
          }
        },
        {
          name: 'astro:adapter-config',
          config: [Function: config],
          resolveId: {
            filter: { id: /^virtual:astro:adapter-config\/client$/ },
            handler: [Function: handler]
          },
          load: {
            filter: { id: /^ virtual:astro:adapter-config\/client$/ },
            handler: [Function: handler]
          }
        },
        {
          name: 'astro:html',
          options: [Function: options],
          transform: {
            filter: { id: /\.html$/ },
            handler: [AsyncFunction: transform]
          }
        },
        {
          name: 'astro:integration-container',
          configureServer: [AsyncFunction: configureServer],
          buildStart: [AsyncFunction: buildStart]
        },
        {
          name: 'astro:content-imports',
          config: [Function: config],
          buildStart: [AsyncFunction: buildStart],
          transform: {
            filter: {
              id: /(?:\?|&)(?:astroDataCollectionEntry|astroContentCollectionEntry)(?:&|=|$)/
            },
            handler: [AsyncFunction: handler]
          },
          configureServer: [Function: configureServer]
        },
        {
          name: 'astro:assets',
          config: [Function: config],
          resolveId: {
            filter: {
              id: /^(virtual:image-service|astro:assets|virtual:astro:get-image)$/
            },
            handler: [AsyncFunction: handler]
          },
          load: {
            filter: { id: /^( astro:assets| virtual:astro:get-image)$/ },
            handler: [Function: handler]
          },
          buildStart: [Function: buildStart],
          renderChunk: [AsyncFunction: renderChunk]
        },
        {
          name: 'astro:fonts',
          buildStart: [AsyncFunction: buildStart],
          configureServer: [AsyncFunction: configureServer],
          resolveId: {
            filter: {
              id: /^(virtual:astro:assets\/fonts\/internal|virtual:astro:assets\/fonts\/runtime|virtual:astro:assets\/fonts\/runtime\/font-file-url-resolver)$/
            },
            handler: [Function: handler]
          },
          load: {
            filter: {
              id: /^( virtual:astro:assets\/fonts\/internal| virtual:astro:assets\/fonts\/runtime| virtual:astro:assets\/fonts\/runtime\/font-file-url-resolver)$/
            },
            handler: [AsyncFunction: handler]
          },
          buildEnd: [AsyncFunction: buildEnd]
        },
        {
          name: 'astro:image-styles',
          resolveId: {
            filter: { id: /^virtual:astro:image-styles.css$/ },
            handler: [Function: handler]
          },
          load: {
            filter: { id: /^ virtual:astro:image-styles.css$/ },
            handler: [AsyncFunction: handler]
          }
        },
        {
          name: 'astro:prefetch',
          resolveId: {
            filter: { id: /^astro:prefetch$/ },
            handler: [Function: handler]
          },
          load: {
            filter: { id: /^ astro:prefetch$/ },
            handler: [Function: handler]
          },
          transform: {
            filter: { id: /astro\/dist\/prefetch\/index.js/ },
            handler: [Function: handler]
          }
        },
        {
          name: 'astro:transitions',
          resolveId: {
            filter: { id: /^(astro:transitions|astro:transitions\/client)$/ },
            handler: [Function: handler]
          },
          load: {
            filter: { id: /^( astro:transitions| astro:transitions\/client)$/ },
            handler: [Function: handler]
          },
          transform: {
            filter: { id: /ClientRouter\.astro.*\.ts$/ },
            handler: [Function: handler]
          }
        },
        {
          name: 'astro:dev-toolbar',
          config: [Function: config],
          resolveId: {
            filter: { id: /^astro:toolbar:internal$/ },
            handler: [Function: handler]
          },
          configureServer: [Function: configureServer],
          load: {
            filter: { id: /^ astro:toolbar:internal$/ },
            handler: [Function: handler]
          }
        },
        {
          name: 'astro:chromedevtools',
          configureServer: [Function: configureServer]
        },
        {
          name: 'vite:react-virtual-preamble',
          resolveId: {
            order: 'pre',
            filter: { id: /^@vitejs\/plugin\-react\/preamble$/ },
            handler: [Function: handler]
          },
          load: {
            filter: { id: /^ @vitejs\/plugin\-react\/preamble$/ },
            handler: [Function: handler]
          }
        },
        {
          name: '@astrojs/react:opts',
          resolveId: {
            filter: { id: /^astro:react:opts$/ },
            handler: [Function: handler]
          },
          load: {
            filter: { id: /^ astro:react:opts$/ },
            handler: [Function: handler]
          }
        },
        {
          name: '@astrojs/react:environment',
          configEnvironment: [Function: configEnvironment]
        },
        {
          name: 'astro:vite-plugin-env',
          config: [Function: config],
          configResolved: [Function: configResolved],
          transform: {
            filter: {
              id: {
                exclude: [
                  /.*\.(html|htm|json)$/,
                  /\.(css|less|sass|scss|styl|stylus|pcss|postcss|sss)(?:$|\?)/
                ]
              },
              code: /import\.meta\.env/
            },
            handler: [Function: handler]
          }
        },
        {
          name: 'vite:define',
          applyToEnvironment: [Function: applyToEnvironment],
          transform: { handler: [Function: handler] }
        },
        {
          name: 'vite:css-post',
          renderStart: [Function: renderStart],
          transform: {
            filter: {
              id: {
                include: /\.(css|less|sass|scss|styl|stylus|pcss|postcss|sss)(?:$|\?)/,
                exclude: [
                  /[?&]commonjs-proxy/,
                  /[?&](?:worker|sharedworker|raw|url)\b/
                ]
              }
            },
            handler: [AsyncFunction: handler]
          },
          generateBundle: [AsyncFunction: generateBundle]
        },
        {
          name: 'vite:worker-import-meta-url',
          applyToEnvironment: [Function: applyToEnvironment],
          transform: {
            filter: {
              code: /\bnew\s+(?:Worker|SharedWorker)\s*\(\s*(new\s+URL\s*\(\s*('[^']+'|"[^"]+"|`[^`]+`)\s*,\s*import\.meta\.url\s*(?:,\s*)?\))/dg
            },
            handler: [AsyncFunction: handler]
          }
        },
        {
          name: 'vite:asset-import-meta-url',
          applyToEnvironment: [Function: applyToEnvironment],
          transform: {
            filter: {
              id: {
                exclude: [
                  /^ vite\/preload\-helper\.js$/,
                  /^d:\\kitchenandall\\kitchenandall\\node_modules\\vite\\dist\\client\\client\.mjs$/
                ]
              },
              code: /\bnew\s+URL\s*\(\s*('[^']+'|"[^"]+"|`[^`]+`)\s*,\s*import\.meta\.url\s*(?:,\s*)?\)/dg
            },
            handler: [AsyncFunction: handler]
          }
        },
        {
          name: 'vite:dynamic-import-vars',
          applyToEnvironment: [Function: applyToEnvironment],
          resolveId: {
            filter: { id: /^ vite\/dynamic\-import\-helper\.js$/ },
            handler: [Function: handler]
          },
          load: {
            filter: { id: /^ vite\/dynamic\-import\-helper\.js$/ },
            handler: [Function: handler]
          },
          transform: {
            filter: {
              id: {
                exclude: /^d:\\kitchenandall\\kitchenandall\\node_modules\\vite\\dist\\client\\client\.mjs$/
              },
              code: /\bimport\s*[(/]/
            },
            handler: [AsyncFunction: handler]
          }
        },
        {
          name: 'vite:import-glob',
          applyToEnvironment: [Function: applyToEnvironment],
          buildStart: [Function: buildStart],
          transform: {
            filter: { code: 'import.meta.glob' },
            handler: [AsyncFunction: handler]
          },
          hotUpdate: [Function: hotUpdate]
        },
        {
          name: 'astro:scripts:page-ssr',
          enforce: 'post',
          transform: [Function: transform]
        },
        {
          name: 'astro:server-islands',
          enforce: 'post',
          api: { hasServerIslands: [Function: hasServerIslands] },
          config: [Function: config],
          buildStart: [Function: buildStart],
          configureServer: [Function: configureServer],
          resolveId: {
            filter: { id: /^virtual:astro:server-island-manifest$/ },
            handler: [Function: handler]
          },
          load: {
            filter: { id: /^ virtual:astro:server-island-manifest$/ },
            handler: [Function: handler]
          },
          transform: {
            filter: {
              id: {
                include: [
                  /\.(astro|mdx)$/,
                  /^ virtual:astro:server-island-manifest$/
                ]
              }
            },
            handler: [AsyncFunction: handler]
          },
          renderChunk: [Function: renderChunk]
        },
        {
          name: 'astro:hmr-reload',
          enforce: 'post',
          hotUpdate: { order: 'post', handler: [Function: handler] }
        },
        {
          name: 'vite:react:config-post',
          enforce: 'post',
          config: [Function: config]
        },
        {
          name: 'vite:client-inject',
          applyToEnvironment: [Function: applyToEnvironment],
          buildStart: [AsyncFunction: buildStart],
          transform: [Function: transform]
        },
        {
          name: 'vite:css-analysis',
          applyToEnvironment: [Function: applyToEnvironment],
          transform: {
            filter: {
              id: {
                include: /\.(css|less|sass|scss|styl|stylus|pcss|postcss|sss)(?:$|\?)/,
                exclude: [
                  /[?&]commonjs-proxy/,
                  /[?&](?:worker|sharedworker|raw|url)\b/
                ]
              }
            },
            handler: [Function: handler]
          }
        },
        {
          name: 'vite:import-analysis',
          applyToEnvironment: [Function: applyToEnvironment],
          transform: [AsyncFunction: transform]
        }
      ],
      optimizeDepsPluginNames: []
    },
    ssr: {
      define: {
        'import.meta.env.SITE': 'undefined',
        'import.meta.env.BASE_URL': '"/"',
        'import.meta.env.ASSETS_PREFIX': 'undefined'
      },
      resolve: {
        externalConditions: [ 'node', 'module-sync' ],
        extensions: [
          '.mjs',  '.js',
          '.mts',  '.ts',
          '.jsx',  '.tsx',
          '.json'
        ],
        dedupe: [ 'astro', 'react', 'react-dom' ],
        noExternal: [
          '@mui/material',
          '@mui/base',
          '@babel/runtime',
          'use-immer',
          '@material-tailwind/react',
          'astro',
          'astro/components',
          '@nanostores/preact',
          '@fontsource/*',
          '@astrojs/internal-helpers',
          '@astrojs/react'
        ],
        external: [],
        preserveSymlinks: false,
        tsconfigPaths: true,
        alias: [
          { find: 'randombytes', replacement: 'randombytes/browser' },
          {
            find: /^astro$/,
            replacement: 'd:\\kitchenandall\\kitchenandall\\node_modules\\astro\\dist\\types\\public\\index.js'
          },
          {
            find: 'astro:middleware',
            replacement: 'astro/virtual-modules/middleware.js'
          },
          { find: 'astro:schema', replacement: 'astro/zod' },
          { find: 'astro:components', replacement: 'astro/components' },
          {
            find: /^\/?@vite\/env/,
            replacement: '/@fs/d:/kitchenandall/kitchenandall/node_modules/vite/dist/client/env.mjs'
          },
          {
            find: /^\/?@vite\/client/,
            replacement: '/@fs/d:/kitchenandall/kitchenandall/node_modules/vite/dist/client/client.mjs'
          }
        ],
        mainFields: [ 'module', 'jsnext:main', 'jsnext' ],
        conditions: [ 'module', 'node', 'development|production', 'astro' ],
        builtins: [
          '_http_agent',         '_http_client',        '_http_common',
          '_http_incoming',      '_http_outgoing',      '_http_server',
          '_stream_duplex',      '_stream_passthrough', '_stream_readable',
          '_stream_transform',   '_stream_wrap',        '_stream_writable',
          '_tls_common',         '_tls_wrap',           'assert',
          'assert/strict',       'async_hooks',         'buffer',
          'child_process',       'cluster',             'console',
          'constants',           'crypto',              'dgram',
          'diagnostics_channel', 'dns',                 'dns/promises',
          'domain',              'events',              'fs',
          'fs/promises',         'http',                'http2',
          'https',               'inspector',           'inspector/promises',
          'module',              'net',                 'os',
          'path',                'path/posix',          'path/win32',
          'perf_hooks',          'process',             'punycode',
          'querystring',         'readline',            'readline/promises',
          'repl',                'stream',              'stream/consumers',
          'stream/promises',     'stream/web',          'string_decoder',
          'sys',                 'timers',              'timers/promises',
          'tls',                 'trace_events',        'tty',
          'url',                 'util',                'util/types',
          'v8',                  'vm',                  'wasi',
          'worker_threads',      'zlib',                /^node:/,
          /^bun:/
        ]
      },
      keepProcessEnv: true,
      consumer: 'server',
      optimizeDeps: {
        include: [],
        exclude: [],
        needsInterop: [],
        rolldownOptions: { resolve: { symlinks: true }, output: { topLevelVar: true } },
        extensions: [],
        disabled: undefined,
        holdUntilCrawlEnd: true,
        force: false,
        ignoreOutdatedRequests: false,
        noDiscovery: true,
        rollupOptions: [Getter/Setter],
        esbuildOptions: { preserveSymlinks: false }
      },
      dev: {
        warmup: [],
        sourcemap: { js: true },
        sourcemapIgnoreList: [Function: isInNodeModules],
        preTransformRequests: false,
        createEnvironment: [Function: defaultCreateDevEnvironment],
        recoverable: false,
        moduleRunnerTransform: true
      },
      build: {
        target: [
          'chrome111',
          'edge111',
          'firefox114',
          'safari16.4',
          'ios16.4'
        ],
        polyfillModulePreload: true,
        modulePreload: { polyfill: true },
        outDir: 'dist',
        assetsDir: '_astro',
        assetsInlineLimit: 4096,
        sourcemap: false,
        terserOptions: {},
        chunkImportMap: false,
        rolldownOptions: { platform: 'node', onwarn: [Function: onwarn] },
        commonjsOptions: { include: [ /node_modules/ ], extensions: [ '.js', '.cjs' ] },
        dynamicImportVarsOptions: { exclude: [ /node_modules/ ] },
        write: true,
        emptyOutDir: null,
        copyPublicDir: true,
        license: false,
        manifest: false,
        lib: false,
        ssrManifest: false,
        ssrEmitAssets: false,
        reportCompressedSize: true,
        chunkSizeWarningLimit: 500,
        watch: null,
        cssCodeSplit: true,
        minify: false,
        rollupOptions: [Getter/Setter],
        ssr: true,
        emitAssets: false,
        createEnvironment: [Function: createEnvironment],
        cssTarget: [
          'chrome111',
          'edge111',
          'firefox114',
          'safari16.4',
          'ios16.4'
        ],
        cssMinify: 'lightningcss'
      },
      isBundled: false,
      plugins: [
        {
          name: 'vite:watch-package-data',
          buildStart: [Function: buildStart],
          buildEnd: [Function: buildEnd],
          watchChange: [Function: watchChange]
        },
        {
          name: 'alias',
          buildStart: [AsyncFunction: buildStart],
          resolveId: [Function: resolveId],
          applyToEnvironment: [Function: applyToEnvironment]
        },
        {
          name: 'virtual:astro:manifest',
          enforce: 'pre',
          configureServer: [Function: configureServer],
          applyToEnvironment: [Function: applyToEnvironment],
          resolveId: {
            filter: { id: /^virtual:astro:manifest$/ },
            handler: [Function: handler]
          },
          load: {
            filter: { id: /^ virtual:astro:manifest$/ },
            handler: [AsyncFunction: handler]
          }
        },
        {
          name: 'astro:plugin-renderers',
          enforce: 'pre',
          resolveId: {
            filter: { id: /^virtual:astro:renderers$/ },
            handler: [Function: handler]
          },
          load: {
            filter: { id: /^ virtual:astro:renderers$/ },
            handler: [Function: handler]
          }
        },
        {
          name: 'astro:static-paths',
          enforce: 'pre',
          resolveId: {
            filter: { id: /^astro:static-paths$/ },
            handler: [Function: handler]
          },
          load: {
            filter: { id: /^ astro:static-paths$/ },
            handler: [Function: handler]
          }
        },
        {
          name: 'astro:build',
          enforce: 'pre',
          configEnvironment: [AsyncFunction: configEnvironment],
          configResolved: [AsyncFunction: configResolved],
          configureServer: [Function: configureServer],
          buildStart: [Function: buildStart],
          load: {
            filter: { id: /(?:\?|&)astro(?:&|=|$)/ },
            handler: [AsyncFunction: handler]
          },
          transform: {
            filter: {
              id: {
                include: [ /\.astro$/, /\.astro\?/ ],
                exclude: [
                  /(?:\?|&)(?:url|raw|direct)(?:&|$)/,
                  /(?:\?|&)astro(?:&|=|$)/
                ]
              }
            },
            handler: [AsyncFunction: handler]
          },
          handleHotUpdate: [AsyncFunction: handleHotUpdate]
        },
        {
          name: 'astro-env-plugin',
          enforce: 'pre',
          config: [Function: config],
          buildStart: [Function: buildStart],
          resolveId: {
            filter: {
              id: /^(astro:env\/client|astro:env\/server|virtual:astro:env\/internal)$/
            },
            handler: [Function: handler]
          },
          load: {
            filter: {
              id: /^( astro:env\/client| astro:env\/server| virtual:astro:env\/internal)$/
            },
            handler: [Function: handler]
          }
        },
        {
          enforce: 'pre',
          name: 'astro:markdown',
          buildEnd: [Function: buildEnd],
          resolveId: {
            filter: { id: /^[^/]/ },
            handler: [AsyncFunction: handler]
          },
          load: {
            filter: {
              id: {
                include: /\.(markdown|mdown|mkdn|mkd|mdwn|md)(\?|$)/,
                exclude: /(?:\?|&)(?:url|raw|direct)(?:&|$)/
              }
            },
            handler: [AsyncFunction: handler]
          }
        },
        {
          name: 'astro:head-metadata',
          enforce: 'pre',
          apply: 'serve',
          configureServer: [Function: configureServer],
          load: [Function: load],
          resolveId: [Function: resolveId],
          transform: [Function: transform]
        },
        {
          name: 'astro-content-virtual-mod-plugin',
          enforce: 'pre',
          config: [Function: config],
          buildStart: [Function: buildStart],
          resolveId: {
            filter: {
              id: /^(astro:content|astro:data-layer-content|astro:content-module-imports|astro:asset-imports)$|(?:\?|&)astroContentModuleFlag(?:&|=|$)/
            },
            handler: [AsyncFunction: handler]
          },
          load: {
            filter: {
              id: /^( astro:content| astro:data-layer-content| astro:asset-imports| astro:content-module-imports)$/
            },
            handler: [AsyncFunction: handler]
          },
          configureServer: [Function: configureServer]
        },
        {
          name: 'astro:content-asset-propagation',
          enforce: 'pre',
          resolveId: {
            filter: {
              id: /(?:\?|&)(?:astroContentImageFlag|astroRenderContent)(?:&|=|$)/
            },
            handler: [AsyncFunction: handler]
          },
          configureServer: [Function: configureServer],
          transform: {
            filter: { id: /(?:\?|&)astroPropagatedAssets(?:&|=|$)/ },
            handler: [AsyncFunction: handler]
          }
        },
        {
          name: 'astro:assets:esm',
          enforce: 'pre',
          config: [Function: config],
          configResolved: [Function: configResolved],
          load: {
            filter: { id: /\.(jpeg|jpg|png|tiff|webp|gif|svg|avif)/i },
            handler: [AsyncFunction: handler]
          }
        },
        {
          name: 'astro:vite-plugin-file-url',
          enforce: 'pre',
          resolveId: {
            filter: { id: /^file:\/\// },
            handler: [Function: handler]
          }
        },
        {
          name: 'astro:i18n',
          enforce: 'pre',
          resolveId: {
            filter: { id: /^astro:i18n$/ },
            handler: [Function: handler]
          }
        },
        {
          name: 'astro:actions',
          enforce: 'pre',
          resolveId: {
            filter: {
              id: /^(astro:actions|virtual:astro:actions\/options|virtual:astro:actions\/entrypoint)$/
            },
            handler: [AsyncFunction: handler]
          },
          configureServer: [AsyncFunction: configureServer],
          load: {
            filter: {
              id: /^( astro:actions| virtual:astro:actions\/noop-entrypoint| virtual:astro:actions\/entrypoint| virtual:astro:actions\/options)$/
            },
            handler: [AsyncFunction: handler]
          }
        },
        {
          name: 'virtual:astro:session-driver',
          enforce: 'pre',
          resolveId: {
            filter: { id: /^virtual:astro:session-driver$/ },
            handler: [Function: handler]
          },
          load: {
            filter: { id: /^ virtual:astro:session-driver$/ },
            handler: [AsyncFunction: handler]
          }
        },
        {
          name: 'astro:container',
          enforce: 'pre',
          resolveId: {
            filter: { id: /^(astro:container)$/ },
            handler: [Function: handler]
          }
        },
        {
          name: '@tailwindcss/vite:scan',
          enforce: 'pre',
          configureServer: [Function: configureServer],
          configResolved: [AsyncFunction: configResolved]
        },
        {
          name: 'vite:react-babel',
          enforce: 'pre',
          config: [Function: config],
          configResolved: [Function: configResolved],
          options: [Function: options]
        },
        {
          name: 'vite:react-refresh-fbm',
          enforce: 'pre',
          transformIndexHtml: { handler: [Function: handler], order: 'pre' }
        },
        {
          name: 'vite:react-refresh',
          enforce: 'pre',
          config: [Function: config],
          resolveId: {
            filter: { id: /^\/@react\-refresh$/ },
            handler: [Function: handler]
          },
          load: {
            filter: { id: /^\/@react\-refresh$/ },
            handler: [Function: handler]
          },
          transformIndexHtml: [Function: transformIndexHtml]
        },
        {
          name: 'vite:modulepreload-polyfill',
          applyToEnvironment: [Function: applyToEnvironment],
          resolveId: {
            filter: { id: /^vite\/modulepreload\-polyfill$/ },
            handler: [Function: handler]
          },
          load: {
            filter: { id: /^ vite\/modulepreload\-polyfill\.js$/ },
            handler: [Function: handler]
          }
        },
        {
          name: 'vite:resolve-builtin:get-environment',
          buildStart: [Function: buildStart],
          perEnvironmentStartEndDuringDev: true
        },
        BuiltinPlugin {
          name: 'builtin:vite-resolve',
          _options: {
            resolveOptions: {
              isBuild: false,
              isProduction: true,
              asSrc: true,
              preferRelative: false,
              isRequire: undefined,
              root: 'D:/kitchenandall/kitchenandall',
              scan: false,
              mainFields: [ 'module', 'jsnext:main', 'jsnext', 'main' ],
              conditions: [ 'module', 'node', 'development|production', 'astro' ],
              externalConditions: [ 'node', 'module-sync' ],
              extensions: [
                '.mjs',  '.js',
                '.mts',  '.ts',
                '.jsx',  '.tsx',
                '.json'
              ],
              tryIndex: true,
              tryPrefix: undefined,
              preserveSymlinks: false,
              tsconfigPaths: true
            },
            environmentConsumer: 'server',
            environmentName: 'ssr',
            builtins: [
              '_http_agent',
              '_http_client',
              '_http_common',
              '_http_incoming',
              '_http_outgoing',
              '_http_server',
              '_stream_duplex',
              '_stream_passthrough',
              '_stream_readable',
              '_stream_transform',
              '_stream_wrap',
              '_stream_writable',
              '_tls_common',
              '_tls_wrap',
              'assert',
              'assert/strict',
              'async_hooks',
              'buffer',
              'child_process',
              'cluster',
              'console',
              'constants',
              'crypto',
              'dgram',
              'diagnostics_channel',
              'dns',
              'dns/promises',
              'domain',
              'events',
              'fs',
              'fs/promises',
              'http',
              'http2',
              'https',
              'inspector',
              'inspector/promises',
              'module',
              'net',
              'os',
              'path',
              'path/posix',
              'path/win32',
              'perf_hooks',
              'process',
              'punycode',
              'querystring',
              'readline',
              'readline/promises',
              'repl',
              'stream',
              'stream/consumers',
              'stream/promises',
              'stream/web',
              'string_decoder',
              'sys',
              'timers',
              'timers/promises',
              'tls',
              'trace_events',
              'tty',
              'url',
              'util',
              'util/types',
              'v8',
              'vm',
              'wasi',
              'worker_threads',
              'zlib',
              /^node:/,
              /^bun:/
            ],
            external: [],
            noExternal: [
              '@mui/material',
              '@mui/base',
              '@babel/runtime',
              'use-immer',
              '@material-tailwind/react',
              'astro',
              'astro/components',
              '@nanostores/preact',
              '@fontsource/*',
              '@astrojs/internal-helpers',
              '@astrojs/react'
            ],
            dedupe: [ 'astro', 'react', 'react-dom' ],
            disableCache: false,
            legacyInconsistentCjsInterop: undefined,
            finalizeBareSpecifier: undefined,
            finalizeOtherSpecifiers: undefined,
            resolveSubpathImports: [Function: resolveSubpathImports],
            onWarn: [AsyncFunction: onWarn],
            yarnPnp: false
          },
          enforce: undefined,
          getOrder: [AsyncFunction: wrappedHook],
          load: [AsyncFunction: wrappedHook],
          resolveId: [AsyncFunction: wrappedHook],
          transform: [AsyncFunction: wrappedHook],
          watchChange: [AsyncFunction: wrappedHook],
          perEnvironmentWatchChangeDuringDev: true
        },
        {
          name: 'vite:html-inline-proxy',
          resolveId: {
            filter: { id: /[?&]html-proxy\b/ },
            handler: [Function: handler]
          },
          load: {
            filter: { id: /[?&]html-proxy\b/ },
            handler: [Function: handler]
          }
        },
        {
          name: 'vite:css',
          buildStart: [Function: buildStart],
          buildEnd: [AsyncFunction: buildEnd],
          load: {
            filter: {
              id: /\.(css|less|sass|scss|styl|stylus|pcss|postcss|sss)(?:$|\?)/
            },
            handler: [Function: handler]
          },
          transform: {
            filter: {
              id: {
                include: /\.(css|less|sass|scss|styl|stylus|pcss|postcss|sss)(?:$|\?)/,
                exclude: [
                  /[?&]commonjs-proxy/,
                  /[?&](?:worker|sharedworker|raw|url)\b/
                ]
              }
            },
            handler: [AsyncFunction: handler]
          }
        },
        {
          name: 'builtin:oxc-runtime',
          _options: undefined,
          enforce: undefined,
          getOrder: [AsyncFunction: wrappedHook],
          load: { handler: [AsyncFunction: wrappedHook], order: 'pre' },
          resolveId: { handler: [AsyncFunction: wrappedHook], order: 'pre' },
          transform: [AsyncFunction: wrappedHook],
          watchChange: [AsyncFunction: wrappedHook],
          applyToEnvironment: [Function: applyToEnvironment]
        },
        {
          name: 'vite:oxc',
          applyToEnvironment: [Function: applyToEnvironment],
          configureServer: [Function: configureServer],
          transform: [AsyncFunction: transform]
        },
        BuiltinPlugin {
          name: 'builtin:vite-json',
          _options: { namedExports: true, stringify: 'auto', minify: false },
          enforce: undefined,
          getOrder: [AsyncFunction: wrappedHook],
          load: [AsyncFunction: wrappedHook],
          resolveId: [AsyncFunction: wrappedHook],
          transform: [AsyncFunction: wrappedHook],
          watchChange: [AsyncFunction: wrappedHook]
        },
        {
          name: 'vite:wasm-helper',
          resolveId: {
            filter: { id: /^ vite\/wasm\-helper\.js$/ },
            handler: [Function: handler]
          },
          load: {
            filter: {
              id: [
                /^ vite\/wasm\-helper\.js$/,
                /(?<![?#].*)\.wasm\?init/,
                /(?<![?#].*)\.wasm$/
              ]
            },
            handler: [AsyncFunction: handler]
          },
          renderChunk: {
            filter: { code: /__VITE_WASM_INIT__([\w$]+)__/g },
            handler: [Function: handler]
          }
        },
        {
          name: 'vite:worker',
          buildStart: [Function: buildStart],
          load: {
            filter: { id: /(?:\?|&)(worker|sharedworker)(?:&|$)/ },
            handler: [AsyncFunction: handler]
          },
          transform: {
            filter: { id: /(?:\?|&)worker_file&type=(\w+)(?:&|$)/ },
            handler: [Function: handler]
          },
          generateBundle: [Function: generateBundle],
          watchChange: [Function: watchChange]
        },
        {
          name: 'vite:asset',
          perEnvironmentStartEndDuringDev: true,
          buildStart: [Function: buildStart],
          resolveId: {
            filter: {
              id: [
                /(\?|&)url(?:&|$)/,
                /\.(apng|bmp|png|jpe?g|jfif|pjpeg|pjp|gif|svg|ico|webp|avif|cur|jxl|mp4|webm|ogg|mp3|wav|flac|aac|opus|mov|m4a|vtt|woff2?|eot|ttf|otf|webmanifest|pdf|txt)(\?.*)?$/i
              ]
            },
            handler: [Function: handler]
          },
          load: {
            filter: {
              id: {
                include: [
                  /(\?|&)raw(?:&|$)/,
                  /(\?|&)url(?:&|$)/,
                  /\.(apng|bmp|png|jpe?g|jfif|pjpeg|pjp|gif|svg|ico|webp|avif|cur|jxl|mp4|webm|ogg|mp3|wav|flac|aac|opus|mov|m4a|vtt|woff2?|eot|ttf|otf|webmanifest|pdf|txt)(\?.*)?$/i
                ],
                exclude: /^\0/
              }
            },
            handler: [AsyncFunction: handler]
          },
          generateBundle: [Function: generateBundle],
          watchChange: [Function: watchChange]
        },
        {
          name: 'vite:forward-console',
          apply: 'serve',
          configureServer: [Function: configureServer]
        },
        {
          name: 'astro:watcher-max-listeners',
          configureServer: [Function: configureServer]
        },
        {
          name: 'astro:routes',
          configureServer: [Function: configureServer],
          applyToEnvironment: [Function: applyToEnvironment],
          resolveId: {
            filter: { id: /^virtual:astro:routes$/ },
            handler: [Function: handler]
          },
          load: {
            filter: { id: /^ virtual:astro:routes$/ },
            handler: [Function: handler]
          },
          transform: [AsyncFunction: transform],
          handleHotUpdate: [AsyncFunction: handleHotUpdate]
        },
        {
          name: 'astro-manifest-plugin',
          resolveId: {
            filter: { id: /^(astro:config\/server|astro:config\/client)$/ },
            handler: [Function: handler]
          },
          load: {
            filter: { id: /^( astro:config\/server| astro:config\/client)$/ },
            handler: [Function: handler]
          }
        },
        {
          name: 'astro:environment',
          configEnvironment: [Function: configEnvironment]
        },
        {
          name: '@astro/plugin-page',
          applyToEnvironment: [Function: applyToEnvironment],
          resolveId: {
            filter: { id: /^virtual:astro:page:/ },
            handler: [Function: handler]
          },
          load: {
            filter: { id: /^ virtual:astro:page:/ },
            handler: [Function: handler]
          }
        },
        {
          name: 'astro:build:normal',
          resolveId: {
            filter: { id: /(?:\?|&)astro(?:&|=|$)/ },
            handler: [Function: handler]
          }
        },
        {
          name: 'astro:scripts',
          config: [Function: config],
          resolveId: {
            filter: { id: /^astro:scripts\// },
            handler: [Function: handler]
          },
          load: {
            filter: {
              id: /^(astro:scripts\/before-hydration.js|astro:scripts\/page.js|astro:scripts\/page-ssr.js)$/
            },
            handler: [Function: handler]
          },
          buildStart: [Function: buildStart]
        },
        {
          name: 'astro:app',
          configResolved: [Function: configResolved],
          resolveId: {
            filter: { id: /^virtual:astro:app$/ },
            handler: [Function: handler]
          },
          load: {
            filter: { id: /^ virtual:astro:app$/ },
            handler: [Function: handler]
          }
        },
        {
          name: 'astro:server-app',
          resolveId: {
            filter: { id: /^astro:server-app$/ },
            handler: [Function: handler]
          }
        },
        {
          name: '@astro/plugin-fetchable',
          applyToEnvironment: [Function: applyToEnvironment],
          configureServer: [Function: configureServer],
          resolveId: {
            filter: { id: /^virtual:astro:fetchable$/ },
            handler: [AsyncFunction: handler]
          },
          load: {
            filter: { id: /^ virtual:astro:fetchable$/ },
            handler: [Function: handler]
          }
        },
        {
          name: 'virtual:astro:dev-css',
          configureServer: [AsyncFunction: configureServer],
          applyToEnvironment: [Function: applyToEnvironment],
          resolveId: {
            filter: {
              id: /^(virtual:astro:dev-css|virtual:astro:dev-css:.*)$/
            },
            handler: [Function: handler]
          },
          load: {
            filter: {
              id: /^( virtual:astro:dev-css| virtual:astro:dev-css:.*)$/
            },
            handler: [AsyncFunction: handler]
          },
          transform: {
            filter: {
              id: {
                include: [
                  /\.(css|less|sass|scss|styl|stylus|pcss|postcss|sss)(?:$|\?)/
                ],
                exclude: [ /(?:\?|&)raw(?:&|$)/, /(?:\?|&)inline\b/ ]
              }
            },
            handler: [Function: handler]
          }
        },
        {
          name: 'virtual:astro:dev-css-all',
          applyToEnvironment: [Function: applyToEnvironment],
          resolveId: {
            filter: { id: /^virtual:astro:dev-css-all$/ },
            handler: [Function: handler]
          },
          load: {
            filter: { id: /^ virtual:astro:dev-css-all$/ },
            handler: [Function: handler]
          }
        },
        {
          name: 'astro:adapter-config',
          config: [Function: config],
          resolveId: {
            filter: { id: /^virtual:astro:adapter-config\/client$/ },
            handler: [Function: handler]
          },
          load: {
            filter: { id: /^ virtual:astro:adapter-config\/client$/ },
            handler: [Function: handler]
          }
        },
        {
          name: 'astro:html',
          options: [Function: options],
          transform: {
            filter: { id: /\.html$/ },
            handler: [AsyncFunction: transform]
          }
        },
        {
          name: 'astro:integration-container',
          configureServer: [AsyncFunction: configureServer],
          buildStart: [AsyncFunction: buildStart]
        },
        {
          name: 'astro:content-imports',
          config: [Function: config],
          buildStart: [AsyncFunction: buildStart],
          transform: {
            filter: {
              id: /(?:\?|&)(?:astroDataCollectionEntry|astroContentCollectionEntry)(?:&|=|$)/
            },
            handler: [AsyncFunction: handler]
          },
          configureServer: [Function: configureServer]
        },
        {
          name: '@astro/plugin-middleware',
          applyToEnvironment: [Function: applyToEnvironment],
          configureServer: [Function: configureServer],
          resolveId: {
            filter: { id: /^virtual:astro:middleware$/ },
            handler: [AsyncFunction: handler]
          },
          load: {
            filter: { id: /^( noop-middleware| virtual:astro:middleware)$/ },
            handler: [AsyncFunction: handler]
          }
        },
        {
          name: 'astro:assets',
          config: [Function: config],
          resolveId: {
            filter: {
              id: /^(virtual:image-service|astro:assets|virtual:astro:get-image)$/
            },
            handler: [AsyncFunction: handler]
          },
          load: {
            filter: { id: /^( astro:assets| virtual:astro:get-image)$/ },
            handler: [Function: handler]
          },
          buildStart: [Function: buildStart],
          renderChunk: [AsyncFunction: renderChunk]
        },
        {
          name: 'astro:fonts',
          buildStart: [AsyncFunction: buildStart],
          configureServer: [AsyncFunction: configureServer],
          resolveId: {
            filter: {
              id: /^(virtual:astro:assets\/fonts\/internal|virtual:astro:assets\/fonts\/runtime|virtual:astro:assets\/fonts\/runtime\/font-file-url-resolver)$/
            },
            handler: [Function: handler]
          },
          load: {
            filter: {
              id: /^( virtual:astro:assets\/fonts\/internal| virtual:astro:assets\/fonts\/runtime| virtual:astro:assets\/fonts\/runtime\/font-file-url-resolver)$/
            },
            handler: [AsyncFunction: handler]
          },
          buildEnd: [AsyncFunction: buildEnd]
        },
        {
          name: 'astro:image-styles',
          resolveId: {
            filter: { id: /^virtual:astro:image-styles.css$/ },
            handler: [Function: handler]
          },
          load: {
            filter: { id: /^ virtual:astro:image-styles.css$/ },
            handler: [AsyncFunction: handler]
          }
        },
        {
          name: 'astro:prefetch',
          resolveId: {
            filter: { id: /^astro:prefetch$/ },
            handler: [Function: handler]
          },
          load: {
            filter: { id: /^ astro:prefetch$/ },
            handler: [Function: handler]
          },
          transform: {
            filter: { id: /astro\/dist\/prefetch\/index.js/ },
            handler: [Function: handler]
          }
        },
        {
          name: 'astro:transitions',
          resolveId: {
            filter: { id: /^(astro:transitions|astro:transitions\/client)$/ },
            handler: [Function: handler]
          },
          load: {
            filter: { id: /^( astro:transitions| astro:transitions\/client)$/ },
            handler: [Function: handler]
          },
          transform: {
            filter: { id: /ClientRouter\.astro.*\.ts$/ },
            handler: [Function: handler]
          }
        },
        {
          name: 'astro:dev-toolbar',
          config: [Function: config],
          resolveId: {
            filter: { id: /^astro:toolbar:internal$/ },
            handler: [Function: handler]
          },
          configureServer: [Function: configureServer],
          load: {
            filter: { id: /^ astro:toolbar:internal$/ },
            handler: [Function: handler]
          }
        },
        {
          name: 'astro:chromedevtools',
          configureServer: [Function: configureServer]
        },
        {
          name: 'vite:react-virtual-preamble',
          resolveId: {
            order: 'pre',
            filter: { id: /^@vitejs\/plugin\-react\/preamble$/ },
            handler: [Function: handler]
          },
          load: {
            filter: { id: /^ @vitejs\/plugin\-react\/preamble$/ },
            handler: [Function: handler]
          }
        },
        {
          name: '@astrojs/react:opts',
          resolveId: {
            filter: { id: /^astro:react:opts$/ },
            handler: [Function: handler]
          },
          load: {
            filter: { id: /^ astro:react:opts$/ },
            handler: [Function: handler]
          }
        },
        {
          name: '@astrojs/react:environment',
          configEnvironment: [Function: configEnvironment]
        },
        {
          name: 'astro:vite-plugin-env',
          config: [Function: config],
          configResolved: [Function: configResolved],
          transform: {
            filter: {
              id: {
                exclude: [
                  /.*\.(html|htm|json)$/,
                  /\.(css|less|sass|scss|styl|stylus|pcss|postcss|sss)(?:$|\?)/
                ]
              },
              code: /import\.meta\.env/
            },
            handler: [Function: handler]
          }
        },
        {
          name: 'vite:define',
          applyToEnvironment: [Function: applyToEnvironment],
          transform: { handler: [Function: handler] }
        },
        {
          name: 'vite:css-post',
          renderStart: [Function: renderStart],
          transform: {
            filter: {
              id: {
                include: /\.(css|less|sass|scss|styl|stylus|pcss|postcss|sss)(?:$|\?)/,
                exclude: [
                  /[?&]commonjs-proxy/,
                  /[?&](?:worker|sharedworker|raw|url)\b/
                ]
              }
            },
            handler: [AsyncFunction: handler]
          },
          generateBundle: [AsyncFunction: generateBundle]
        },
        {
          name: 'vite:dynamic-import-vars',
          applyToEnvironment: [Function: applyToEnvironment],
          resolveId: {
            filter: { id: /^ vite\/dynamic\-import\-helper\.js$/ },
            handler: [Function: handler]
          },
          load: {
            filter: { id: /^ vite\/dynamic\-import\-helper\.js$/ },
            handler: [Function: handler]
          },
          transform: {
            filter: {
              id: {
                exclude: /^d:\\kitchenandall\\kitchenandall\\node_modules\\vite\\dist\\client\\client\.mjs$/
              },
              code: /\bimport\s*[(/]/
            },
            handler: [AsyncFunction: handler]
          }
        },
        {
          name: 'vite:import-glob',
          applyToEnvironment: [Function: applyToEnvironment],
          buildStart: [Function: buildStart],
          transform: {
            filter: { code: 'import.meta.glob' },
            handler: [AsyncFunction: handler]
          },
          hotUpdate: [Function: hotUpdate]
        },
        {
          name: '@astro/plugin-pages',
          enforce: 'post',
          applyToEnvironment: [Function: applyToEnvironment],
          resolveId: {
            filter: { id: /^virtual:astro:pages$/ },
            handler: [Function: handler]
          },
          load: {
            filter: { id: /^ virtual:astro:pages$/ },
            handler: [AsyncFunction: handler]
          }
        },
        {
          name: 'astro:scripts:page-ssr',
          enforce: 'post',
          transform: [Function: transform]
        },
        {
          name: 'astro:server-islands',
          enforce: 'post',
          api: { hasServerIslands: [Function: hasServerIslands] },
          config: [Function: config],
          buildStart: [Function: buildStart],
          configureServer: [Function: configureServer],
          resolveId: {
            filter: { id: /^virtual:astro:server-island-manifest$/ },
            handler: [Function: handler]
          },
          load: {
            filter: { id: /^ virtual:astro:server-island-manifest$/ },
            handler: [Function: handler]
          },
          transform: {
            filter: {
              id: {
                include: [
                  /\.(astro|mdx)$/,
                  /^ virtual:astro:server-island-manifest$/
                ]
              }
            },
            handler: [AsyncFunction: handler]
          },
          renderChunk: [Function: renderChunk]
        },
        {
          name: 'astro:hmr-reload',
          enforce: 'post',
          hotUpdate: { order: 'post', handler: [Function: handler] }
        },
        {
          name: 'vite:react:config-post',
          enforce: 'post',
          config: [Function: config]
        },
        {
          name: 'vite:client-inject',
          applyToEnvironment: [Function: applyToEnvironment],
          buildStart: [AsyncFunction: buildStart],
          transform: [Function: transform]
        },
        {
          name: 'vite:css-analysis',
          applyToEnvironment: [Function: applyToEnvironment],
          transform: {
            filter: {
              id: {
                include: /\.(css|less|sass|scss|styl|stylus|pcss|postcss|sss)(?:$|\?)/,
                exclude: [
                  /[?&]commonjs-proxy/,
                  /[?&](?:worker|sharedworker|raw|url)\b/
                ]
              }
            },
            handler: [Function: handler]
          }
        },
        {
          name: 'vite:import-analysis',
          applyToEnvironment: [Function: applyToEnvironment],
          transform: [AsyncFunction: transform]
        }
      ],
      optimizeDepsPluginNames: []
    },
    astro: {
      define: {
        'import.meta.env.SITE': 'undefined',
        'import.meta.env.BASE_URL': '"/"',
        'import.meta.env.ASSETS_PREFIX': 'undefined'
      },
      resolve: {
        externalConditions: [ 'node', 'module-sync' ],
        extensions: [
          '.mjs',  '.js',
          '.mts',  '.ts',
          '.jsx',  '.tsx',
          '.json'
        ],
        dedupe: [ 'astro', 'react', 'react-dom' ],
        noExternal: [
          'astro',
          'astro/components',
          '@nanostores/preact',
          '@fontsource/*',
          '@astrojs/internal-helpers',
          '@astrojs/react'
        ],
        external: [],
        preserveSymlinks: false,
        tsconfigPaths: true,
        alias: [
          { find: 'randombytes', replacement: 'randombytes/browser' },
          {
            find: /^astro$/,
            replacement: 'd:\\kitchenandall\\kitchenandall\\node_modules\\astro\\dist\\types\\public\\index.js'
          },
          {
            find: 'astro:middleware',
            replacement: 'astro/virtual-modules/middleware.js'
          },
          { find: 'astro:schema', replacement: 'astro/zod' },
          { find: 'astro:components', replacement: 'astro/components' },
          {
            find: /^\/?@vite\/env/,
            replacement: '/@fs/d:/kitchenandall/kitchenandall/node_modules/vite/dist/client/env.mjs'
          },
          {
            find: /^\/?@vite\/client/,
            replacement: '/@fs/d:/kitchenandall/kitchenandall/node_modules/vite/dist/client/client.mjs'
          }
        ],
        mainFields: [ 'module', 'jsnext:main', 'jsnext' ],
        conditions: [ 'module', 'node', 'development|production', 'astro' ],
        builtins: [
          '_http_agent',         '_http_client',        '_http_common',
          '_http_incoming',      '_http_outgoing',      '_http_server',
          '_stream_duplex',      '_stream_passthrough', '_stream_readable',
          '_stream_transform',   '_stream_wrap',        '_stream_writable',
          '_tls_common',         '_tls_wrap',           'assert',
          'assert/strict',       'async_hooks',         'buffer',
          'child_process',       'cluster',             'console',
          'constants',           'crypto',              'dgram',
          'diagnostics_channel', 'dns',                 'dns/promises',
          'domain',              'events',              'fs',
          'fs/promises',         'http',                'http2',
          'https',               'inspector',           'inspector/promises',
          'module',              'net',                 'os',
          'path',                'path/posix',          'path/win32',
          'perf_hooks',          'process',             'punycode',
          'querystring',         'readline',            'readline/promises',
          'repl',                'stream',              'stream/consumers',
          'stream/promises',     'stream/web',          'string_decoder',
          'sys',                 'timers',              'timers/promises',
          'tls',                 'trace_events',        'tty',
          'url',                 'util',                'util/types',
          'v8',                  'vm',                  'wasi',
          'worker_threads',      'zlib',                /^node:/,
          /^bun:/
        ]
      },
      keepProcessEnv: true,
      consumer: 'server',
      optimizeDeps: {
        include: [],
        exclude: [],
        needsInterop: [],
        rolldownOptions: { resolve: { symlinks: true }, output: { topLevelVar: true } },
        extensions: [],
        disabled: undefined,
        holdUntilCrawlEnd: true,
        force: false,
        ignoreOutdatedRequests: false,
        noDiscovery: true,
        rollupOptions: [Getter/Setter],
        esbuildOptions: { preserveSymlinks: false }
      },
      dev: {
        warmup: [],
        sourcemap: { js: true },
        sourcemapIgnoreList: [Function: isInNodeModules],
        preTransformRequests: false,
        createEnvironment: [Function: defaultCreateDevEnvironment],
        recoverable: false,
        moduleRunnerTransform: true
      },
      build: {
        target: [
          'chrome111',
          'edge111',
          'firefox114',
          'safari16.4',
          'ios16.4'
        ],
        polyfillModulePreload: true,
        modulePreload: { polyfill: true },
        outDir: 'dist',
        assetsDir: '_astro',
        assetsInlineLimit: 4096,
        sourcemap: false,
        terserOptions: {},
        chunkImportMap: false,
        rolldownOptions: { platform: 'node', onwarn: [Function: onwarn] },
        commonjsOptions: { include: [ /node_modules/ ], extensions: [ '.js', '.cjs' ] },
        dynamicImportVarsOptions: { exclude: [ /node_modules/ ] },
        write: true,
        emptyOutDir: null,
        copyPublicDir: true,
        license: false,
        manifest: false,
        lib: false,
        ssrManifest: false,
        ssrEmitAssets: false,
        reportCompressedSize: true,
        chunkSizeWarningLimit: 500,
        watch: null,
        cssCodeSplit: true,
        minify: false,
        rollupOptions: [Getter/Setter],
        ssr: true,
        emitAssets: false,
        createEnvironment: [Function: createEnvironment],
        cssTarget: [
          'chrome111',
          'edge111',
          'firefox114',
          'safari16.4',
          'ios16.4'
        ],
        cssMinify: 'lightningcss'
      },
      isBundled: false,
      plugins: [
        {
          name: 'vite:watch-package-data',
          buildStart: [Function: buildStart],
          buildEnd: [Function: buildEnd],
          watchChange: [Function: watchChange]
        },
        {
          name: 'alias',
          buildStart: [AsyncFunction: buildStart],
          resolveId: [Function: resolveId],
          applyToEnvironment: [Function: applyToEnvironment]
        },
        {
          name: 'virtual:astro:manifest',
          enforce: 'pre',
          configureServer: [Function: configureServer],
          applyToEnvironment: [Function: applyToEnvironment],
          resolveId: {
            filter: { id: /^virtual:astro:manifest$/ },
            handler: [Function: handler]
          },
          load: {
            filter: { id: /^ virtual:astro:manifest$/ },
            handler: [AsyncFunction: handler]
          }
        },
        {
          name: 'astro:plugin-renderers',
          enforce: 'pre',
          resolveId: {
            filter: { id: /^virtual:astro:renderers$/ },
            handler: [Function: handler]
          },
          load: {
            filter: { id: /^ virtual:astro:renderers$/ },
            handler: [Function: handler]
          }
        },
        {
          name: 'astro:static-paths',
          enforce: 'pre',
          resolveId: {
            filter: { id: /^astro:static-paths$/ },
            handler: [Function: handler]
          },
          load: {
            filter: { id: /^ astro:static-paths$/ },
            handler: [Function: handler]
          }
        },
        {
          name: 'astro:build',
          enforce: 'pre',
          configEnvironment: [AsyncFunction: configEnvironment],
          configResolved: [AsyncFunction: configResolved],
          configureServer: [Function: configureServer],
          buildStart: [Function: buildStart],
          load: {
            filter: { id: /(?:\?|&)astro(?:&|=|$)/ },
            handler: [AsyncFunction: handler]
          },
          transform: {
            filter: {
              id: {
                include: [ /\.astro$/, /\.astro\?/ ],
                exclude: [
                  /(?:\?|&)(?:url|raw|direct)(?:&|$)/,
                  /(?:\?|&)astro(?:&|=|$)/
                ]
              }
            },
            handler: [AsyncFunction: handler]
          },
          handleHotUpdate: [AsyncFunction: handleHotUpdate]
        },
        {
          name: 'astro-env-plugin',
          enforce: 'pre',
          config: [Function: config],
          buildStart: [Function: buildStart],
          resolveId: {
            filter: {
              id: /^(astro:env\/client|astro:env\/server|virtual:astro:env\/internal)$/
            },
            handler: [Function: handler]
          },
          load: {
            filter: {
              id: /^( astro:env\/client| astro:env\/server| virtual:astro:env\/internal)$/
            },
            handler: [Function: handler]
          }
        },
        {
          enforce: 'pre',
          name: 'astro:markdown',
          buildEnd: [Function: buildEnd],
          resolveId: {
            filter: { id: /^[^/]/ },
            handler: [AsyncFunction: handler]
          },
          load: {
            filter: {
              id: {
                include: /\.(markdown|mdown|mkdn|mkd|mdwn|md)(\?|$)/,
                exclude: /(?:\?|&)(?:url|raw|direct)(?:&|$)/
              }
            },
            handler: [AsyncFunction: handler]
          }
        },
        {
          name: 'astro:head-metadata',
          enforce: 'pre',
          apply: 'serve',
          configureServer: [Function: configureServer],
          load: [Function: load],
          resolveId: [Function: resolveId],
          transform: [Function: transform]
        },
        {
          name: 'astro-content-virtual-mod-plugin',
          enforce: 'pre',
          config: [Function: config],
          buildStart: [Function: buildStart],
          resolveId: {
            filter: {
              id: /^(astro:content|astro:data-layer-content|astro:content-module-imports|astro:asset-imports)$|(?:\?|&)astroContentModuleFlag(?:&|=|$)/
            },
            handler: [AsyncFunction: handler]
          },
          load: {
            filter: {
              id: /^( astro:content| astro:data-layer-content| astro:asset-imports| astro:content-module-imports)$/
            },
            handler: [AsyncFunction: handler]
          },
          configureServer: [Function: configureServer]
        },
        {
          name: 'astro:content-asset-propagation',
          enforce: 'pre',
          resolveId: {
            filter: {
              id: /(?:\?|&)(?:astroContentImageFlag|astroRenderContent)(?:&|=|$)/
            },
            handler: [AsyncFunction: handler]
          },
          configureServer: [Function: configureServer],
          transform: {
            filter: { id: /(?:\?|&)astroPropagatedAssets(?:&|=|$)/ },
            handler: [AsyncFunction: handler]
          }
        },
        {
          name: 'astro:assets:esm',
          enforce: 'pre',
          config: [Function: config],
          configResolved: [Function: configResolved],
          load: {
            filter: { id: /\.(jpeg|jpg|png|tiff|webp|gif|svg|avif)/i },
            handler: [AsyncFunction: handler]
          }
        },
        {
          name: 'astro:vite-plugin-file-url',
          enforce: 'pre',
          resolveId: {
            filter: { id: /^file:\/\// },
            handler: [Function: handler]
          }
        },
        {
          name: 'astro:i18n',
          enforce: 'pre',
          resolveId: {
            filter: { id: /^astro:i18n$/ },
            handler: [Function: handler]
          }
        },
        {
          name: 'astro:actions',
          enforce: 'pre',
          resolveId: {
            filter: {
              id: /^(astro:actions|virtual:astro:actions\/options|virtual:astro:actions\/entrypoint)$/
            },
            handler: [AsyncFunction: handler]
          },
          configureServer: [AsyncFunction: configureServer],
          load: {
            filter: {
              id: /^( astro:actions| virtual:astro:actions\/noop-entrypoint| virtual:astro:actions\/entrypoint| virtual:astro:actions\/options)$/
            },
            handler: [AsyncFunction: handler]
          }
        },
        {
          name: 'virtual:astro:session-driver',
          enforce: 'pre',
          resolveId: {
            filter: { id: /^virtual:astro:session-driver$/ },
            handler: [Function: handler]
          },
          load: {
            filter: { id: /^ virtual:astro:session-driver$/ },
            handler: [AsyncFunction: handler]
          }
        },
        {
          name: 'astro:container',
          enforce: 'pre',
          resolveId: {
            filter: { id: /^(astro:container)$/ },
            handler: [Function: handler]
          }
        },
        {
          name: '@tailwindcss/vite:scan',
          enforce: 'pre',
          configureServer: [Function: configureServer],
          configResolved: [AsyncFunction: configResolved]
        },
        {
          name: 'vite:react-babel',
          enforce: 'pre',
          config: [Function: config],
          configResolved: [Function: configResolved],
          options: [Function: options]
        },
        {
          name: 'vite:react-refresh-fbm',
          enforce: 'pre',
          transformIndexHtml: { handler: [Function: handler], order: 'pre' }
        },
        {
          name: 'vite:react-refresh',
          enforce: 'pre',
          config: [Function: config],
          resolveId: {
            filter: { id: /^\/@react\-refresh$/ },
            handler: [Function: handler]
          },
          load: {
            filter: { id: /^\/@react\-refresh$/ },
            handler: [Function: handler]
          },
          transformIndexHtml: [Function: transformIndexHtml]
        },
        {
          name: 'vite:modulepreload-polyfill',
          applyToEnvironment: [Function: applyToEnvironment],
          resolveId: {
            filter: { id: /^vite\/modulepreload\-polyfill$/ },
            handler: [Function: handler]
          },
          load: {
            filter: { id: /^ vite\/modulepreload\-polyfill\.js$/ },
            handler: [Function: handler]
          }
        },
        {
          name: 'vite:resolve-builtin:get-environment',
          buildStart: [Function: buildStart],
          perEnvironmentStartEndDuringDev: true
        },
        BuiltinPlugin {
          name: 'builtin:vite-resolve',
          _options: {
            resolveOptions: {
              isBuild: false,
              isProduction: true,
              asSrc: true,
              preferRelative: false,
              isRequire: undefined,
              root: 'D:/kitchenandall/kitchenandall',
              scan: false,
              mainFields: [ 'module', 'jsnext:main', 'jsnext', 'main' ],
              conditions: [ 'module', 'node', 'development|production', 'astro' ],
              externalConditions: [ 'node', 'module-sync' ],
              extensions: [
                '.mjs',  '.js',
                '.mts',  '.ts',
                '.jsx',  '.tsx',
                '.json'
              ],
              tryIndex: true,
              tryPrefix: undefined,
              preserveSymlinks: false,
              tsconfigPaths: true
            },
            environmentConsumer: 'server',
            environmentName: 'astro',
            builtins: [
              '_http_agent',
              '_http_client',
              '_http_common',
              '_http_incoming',
              '_http_outgoing',
              '_http_server',
              '_stream_duplex',
              '_stream_passthrough',
              '_stream_readable',
              '_stream_transform',
              '_stream_wrap',
              '_stream_writable',
              '_tls_common',
              '_tls_wrap',
              'assert',
              'assert/strict',
              'async_hooks',
              'buffer',
              'child_process',
              'cluster',
              'console',
              'constants',
              'crypto',
              'dgram',
              'diagnostics_channel',
              'dns',
              'dns/promises',
              'domain',
              'events',
              'fs',
              'fs/promises',
              'http',
              'http2',
              'https',
              'inspector',
              'inspector/promises',
              'module',
              'net',
              'os',
              'path',
              'path/posix',
              'path/win32',
              'perf_hooks',
              'process',
              'punycode',
              'querystring',
              'readline',
              'readline/promises',
              'repl',
              'stream',
              'stream/consumers',
              'stream/promises',
              'stream/web',
              'string_decoder',
              'sys',
              'timers',
              'timers/promises',
              'tls',
              'trace_events',
              'tty',
              'url',
              'util',
              'util/types',
              'v8',
              'vm',
              'wasi',
              'worker_threads',
              'zlib',
              /^node:/,
              /^bun:/
            ],
            external: [],
            noExternal: [
              'astro',
              'astro/components',
              '@nanostores/preact',
              '@fontsource/*',
              '@astrojs/internal-helpers',
              '@astrojs/react'
            ],
            dedupe: [ 'astro', 'react', 'react-dom' ],
            disableCache: false,
            legacyInconsistentCjsInterop: undefined,
            finalizeBareSpecifier: undefined,
            finalizeOtherSpecifiers: undefined,
            resolveSubpathImports: [Function: resolveSubpathImports],
            onWarn: [AsyncFunction: onWarn],
            yarnPnp: false
          },
          enforce: undefined,
          getOrder: [AsyncFunction: wrappedHook],
          load: [AsyncFunction: wrappedHook],
          resolveId: [AsyncFunction: wrappedHook],
          transform: [AsyncFunction: wrappedHook],
          watchChange: [AsyncFunction: wrappedHook],
          perEnvironmentWatchChangeDuringDev: true
        },
        {
          name: 'vite:html-inline-proxy',
          resolveId: {
            filter: { id: /[?&]html-proxy\b/ },
            handler: [Function: handler]
          },
          load: {
            filter: { id: /[?&]html-proxy\b/ },
            handler: [Function: handler]
          }
        },
        {
          name: 'vite:css',
          buildStart: [Function: buildStart],
          buildEnd: [AsyncFunction: buildEnd],
          load: {
            filter: {
              id: /\.(css|less|sass|scss|styl|stylus|pcss|postcss|sss)(?:$|\?)/
            },
            handler: [Function: handler]
          },
          transform: {
            filter: {
              id: {
                include: /\.(css|less|sass|scss|styl|stylus|pcss|postcss|sss)(?:$|\?)/,
                exclude: [
                  /[?&]commonjs-proxy/,
                  /[?&](?:worker|sharedworker|raw|url)\b/
                ]
              }
            },
            handler: [AsyncFunction: handler]
          }
        },
        {
          name: 'builtin:oxc-runtime',
          _options: undefined,
          enforce: undefined,
          getOrder: [AsyncFunction: wrappedHook],
          load: { handler: [AsyncFunction: wrappedHook], order: 'pre' },
          resolveId: { handler: [AsyncFunction: wrappedHook], order: 'pre' },
          transform: [AsyncFunction: wrappedHook],
          watchChange: [AsyncFunction: wrappedHook],
          applyToEnvironment: [Function: applyToEnvironment]
        },
        {
          name: 'vite:oxc',
          applyToEnvironment: [Function: applyToEnvironment],
          configureServer: [Function: configureServer],
          transform: [AsyncFunction: transform]
        },
        BuiltinPlugin {
          name: 'builtin:vite-json',
          _options: { namedExports: true, stringify: 'auto', minify: false },
          enforce: undefined,
          getOrder: [AsyncFunction: wrappedHook],
          load: [AsyncFunction: wrappedHook],
          resolveId: [AsyncFunction: wrappedHook],
          transform: [AsyncFunction: wrappedHook],
          watchChange: [AsyncFunction: wrappedHook]
        },
        {
          name: 'vite:wasm-helper',
          resolveId: {
            filter: { id: /^ vite\/wasm\-helper\.js$/ },
            handler: [Function: handler]
          },
          load: {
            filter: {
              id: [
                /^ vite\/wasm\-helper\.js$/,
                /(?<![?#].*)\.wasm\?init/,
                /(?<![?#].*)\.wasm$/
              ]
            },
            handler: [AsyncFunction: handler]
          },
          renderChunk: {
            filter: { code: /__VITE_WASM_INIT__([\w$]+)__/g },
            handler: [Function: handler]
          }
        },
        {
          name: 'vite:worker',
          buildStart: [Function: buildStart],
          load: {
            filter: { id: /(?:\?|&)(worker|sharedworker)(?:&|$)/ },
            handler: [AsyncFunction: handler]
          },
          transform: {
            filter: { id: /(?:\?|&)worker_file&type=(\w+)(?:&|$)/ },
            handler: [Function: handler]
          },
          generateBundle: [Function: generateBundle],
          watchChange: [Function: watchChange]
        },
        {
          name: 'vite:asset',
          perEnvironmentStartEndDuringDev: true,
          buildStart: [Function: buildStart],
          resolveId: {
            filter: {
              id: [
                /(\?|&)url(?:&|$)/,
                /\.(apng|bmp|png|jpe?g|jfif|pjpeg|pjp|gif|svg|ico|webp|avif|cur|jxl|mp4|webm|ogg|mp3|wav|flac|aac|opus|mov|m4a|vtt|woff2?|eot|ttf|otf|webmanifest|pdf|txt)(\?.*)?$/i
              ]
            },
            handler: [Function: handler]
          },
          load: {
            filter: {
              id: {
                include: [
                  /(\?|&)raw(?:&|$)/,
                  /(\?|&)url(?:&|$)/,
                  /\.(apng|bmp|png|jpe?g|jfif|pjpeg|pjp|gif|svg|ico|webp|avif|cur|jxl|mp4|webm|ogg|mp3|wav|flac|aac|opus|mov|m4a|vtt|woff2?|eot|ttf|otf|webmanifest|pdf|txt)(\?.*)?$/i
                ],
                exclude: /^\0/
              }
            },
            handler: [AsyncFunction: handler]
          },
          generateBundle: [Function: generateBundle],
          watchChange: [Function: watchChange]
        },
        {
          name: 'vite:forward-console',
          apply: 'serve',
          configureServer: [Function: configureServer]
        },
        {
          name: 'astro:watcher-max-listeners',
          configureServer: [Function: configureServer]
        },
        {
          name: 'astro:routes',
          configureServer: [Function: configureServer],
          applyToEnvironment: [Function: applyToEnvironment],
          resolveId: {
            filter: { id: /^virtual:astro:routes$/ },
            handler: [Function: handler]
          },
          load: {
            filter: { id: /^ virtual:astro:routes$/ },
            handler: [Function: handler]
          },
          transform: [AsyncFunction: transform],
          handleHotUpdate: [AsyncFunction: handleHotUpdate]
        },
        {
          name: 'astro-manifest-plugin',
          resolveId: {
            filter: { id: /^(astro:config\/server|astro:config\/client)$/ },
            handler: [Function: handler]
          },
          load: {
            filter: { id: /^( astro:config\/server| astro:config\/client)$/ },
            handler: [Function: handler]
          }
        },
        {
          name: 'astro:environment',
          configEnvironment: [Function: configEnvironment]
        },
        {
          name: 'astro:build:normal',
          resolveId: {
            filter: { id: /(?:\?|&)astro(?:&|=|$)/ },
            handler: [Function: handler]
          }
        },
        {
          name: 'astro:scripts',
          config: [Function: config],
          resolveId: {
            filter: { id: /^astro:scripts\// },
            handler: [Function: handler]
          },
          load: {
            filter: {
              id: /^(astro:scripts\/before-hydration.js|astro:scripts\/page.js|astro:scripts\/page-ssr.js)$/
            },
            handler: [Function: handler]
          },
          buildStart: [Function: buildStart]
        },
        {
          name: 'astro:app',
          configResolved: [Function: configResolved],
          resolveId: {
            filter: { id: /^virtual:astro:app$/ },
            handler: [Function: handler]
          },
          load: {
            filter: { id: /^ virtual:astro:app$/ },
            handler: [Function: handler]
          }
        },
        {
          name: 'astro:server-app',
          resolveId: {
            filter: { id: /^astro:server-app$/ },
            handler: [Function: handler]
          }
        },
        {
          name: '@astro/plugin-fetchable',
          applyToEnvironment: [Function: applyToEnvironment],
          configureServer: [Function: configureServer],
          resolveId: {
            filter: { id: /^virtual:astro:fetchable$/ },
            handler: [AsyncFunction: handler]
          },
          load: {
            filter: { id: /^ virtual:astro:fetchable$/ },
            handler: [Function: handler]
          }
        },
        {
          name: 'astro:adapter-config',
          config: [Function: config],
          resolveId: {
            filter: { id: /^virtual:astro:adapter-config\/client$/ },
            handler: [Function: handler]
          },
          load: {
            filter: { id: /^ virtual:astro:adapter-config\/client$/ },
            handler: [Function: handler]
          }
        },
        {
          name: 'astro:html',
          options: [Function: options],
          transform: {
            filter: { id: /\.html$/ },
            handler: [AsyncFunction: transform]
          }
        },
        {
          name: 'astro:integration-container',
          configureServer: [AsyncFunction: configureServer],
          buildStart: [AsyncFunction: buildStart]
        },
        {
          name: 'astro:content-imports',
          config: [Function: config],
          buildStart: [AsyncFunction: buildStart],
          transform: {
            filter: {
              id: /(?:\?|&)(?:astroDataCollectionEntry|astroContentCollectionEntry)(?:&|=|$)/
            },
            handler: [AsyncFunction: handler]
          },
          configureServer: [Function: configureServer]
        },
        {
          name: '@astro/plugin-middleware',
          applyToEnvironment: [Function: applyToEnvironment],
          configureServer: [Function: configureServer],
          resolveId: {
            filter: { id: /^virtual:astro:middleware$/ },
            handler: [AsyncFunction: handler]
          },
          load: {
            filter: { id: /^( noop-middleware| virtual:astro:middleware)$/ },
            handler: [AsyncFunction: handler]
          }
        },
        {
          name: 'astro:assets',
          config: [Function: config],
          resolveId: {
            filter: {
              id: /^(virtual:image-service|astro:assets|virtual:astro:get-image)$/
            },
            handler: [AsyncFunction: handler]
          },
          load: {
            filter: { id: /^( astro:assets| virtual:astro:get-image)$/ },
            handler: [Function: handler]
          },
          buildStart: [Function: buildStart],
          renderChunk: [AsyncFunction: renderChunk]
        },
        {
          name: 'astro:fonts',
          buildStart: [AsyncFunction: buildStart],
          configureServer: [AsyncFunction: configureServer],
          resolveId: {
            filter: {
              id: /^(virtual:astro:assets\/fonts\/internal|virtual:astro:assets\/fonts\/runtime|virtual:astro:assets\/fonts\/runtime\/font-file-url-resolver)$/
            },
            handler: [Function: handler]
          },
          load: {
            filter: {
              id: /^( virtual:astro:assets\/fonts\/internal| virtual:astro:assets\/fonts\/runtime| virtual:astro:assets\/fonts\/runtime\/font-file-url-resolver)$/
            },
            handler: [AsyncFunction: handler]
          },
          buildEnd: [AsyncFunction: buildEnd]
        },
        {
          name: 'astro:image-styles',
          resolveId: {
            filter: { id: /^virtual:astro:image-styles.css$/ },
            handler: [Function: handler]
          },
          load: {
            filter: { id: /^ virtual:astro:image-styles.css$/ },
            handler: [AsyncFunction: handler]
          }
        },
        {
          name: 'astro:prefetch',
          resolveId: {
            filter: { id: /^astro:prefetch$/ },
            handler: [Function: handler]
          },
          load: {
            filter: { id: /^ astro:prefetch$/ },
            handler: [Function: handler]
          },
          transform: {
            filter: { id: /astro\/dist\/prefetch\/index.js/ },
            handler: [Function: handler]
          }
        },
        {
          name: 'astro:transitions',
          resolveId: {
            filter: { id: /^(astro:transitions|astro:transitions\/client)$/ },
            handler: [Function: handler]
          },
          load: {
            filter: { id: /^( astro:transitions| astro:transitions\/client)$/ },
            handler: [Function: handler]
          },
          transform: {
            filter: { id: /ClientRouter\.astro.*\.ts$/ },
            handler: [Function: handler]
          }
        },
        {
          name: 'astro:dev-toolbar',
          config: [Function: config],
          resolveId: {
            filter: { id: /^astro:toolbar:internal$/ },
            handler: [Function: handler]
          },
          configureServer: [Function: configureServer],
          load: {
            filter: { id: /^ astro:toolbar:internal$/ },
            handler: [Function: handler]
          }
        },
        {
          name: 'astro:chromedevtools',
          configureServer: [Function: configureServer]
        },
        {
          name: 'vite:react-virtual-preamble',
          resolveId: {
            order: 'pre',
            filter: { id: /^@vitejs\/plugin\-react\/preamble$/ },
            handler: [Function: handler]
          },
          load: {
            filter: { id: /^ @vitejs\/plugin\-react\/preamble$/ },
            handler: [Function: handler]
          }
        },
        {
          name: '@astrojs/react:opts',
          resolveId: {
            filter: { id: /^astro:react:opts$/ },
            handler: [Function: handler]
          },
          load: {
            filter: { id: /^ astro:react:opts$/ },
            handler: [Function: handler]
          }
        },
        {
          name: '@astrojs/react:environment',
          configEnvironment: [Function: configEnvironment]
        },
        {
          name: 'astro:vite-plugin-env',
          config: [Function: config],
          configResolved: [Function: configResolved],
          transform: {
            filter: {
              id: {
                exclude: [
                  /.*\.(html|htm|json)$/,
                  /\.(css|less|sass|scss|styl|stylus|pcss|postcss|sss)(?:$|\?)/
                ]
              },
              code: /import\.meta\.env/
            },
            handler: [Function: handler]
          }
        },
        {
          name: 'vite:define',
          applyToEnvironment: [Function: applyToEnvironment],
          transform: { handler: [Function: handler] }
        },
        {
          name: 'vite:css-post',
          renderStart: [Function: renderStart],
          transform: {
            filter: {
              id: {
                include: /\.(css|less|sass|scss|styl|stylus|pcss|postcss|sss)(?:$|\?)/,
                exclude: [
                  /[?&]commonjs-proxy/,
                  /[?&](?:worker|sharedworker|raw|url)\b/
                ]
              }
            },
            handler: [AsyncFunction: handler]
          },
          generateBundle: [AsyncFunction: generateBundle]
        },
        {
          name: 'vite:dynamic-import-vars',
          applyToEnvironment: [Function: applyToEnvironment],
          resolveId: {
            filter: { id: /^ vite\/dynamic\-import\-helper\.js$/ },
            handler: [Function: handler]
          },
          load: {
            filter: { id: /^ vite\/dynamic\-import\-helper\.js$/ },
            handler: [Function: handler]
          },
          transform: {
            filter: {
              id: {
                exclude: /^d:\\kitchenandall\\kitchenandall\\node_modules\\vite\\dist\\client\\client\.mjs$/
              },
              code: /\bimport\s*[(/]/
            },
            handler: [AsyncFunction: handler]
          }
        },
        {
          name: 'vite:import-glob',
          applyToEnvironment: [Function: applyToEnvironment],
          buildStart: [Function: buildStart],
          transform: {
            filter: { code: 'import.meta.glob' },
            handler: [AsyncFunction: handler]
          },
          hotUpdate: [Function: hotUpdate]
        },
        {
          name: 'astro:scripts:page-ssr',
          enforce: 'post',
          transform: [Function: transform]
        },
        {
          name: 'astro:server-islands',
          enforce: 'post',
          api: { hasServerIslands: [Function: hasServerIslands] },
          config: [Function: config],
          buildStart: [Function: buildStart],
          configureServer: [Function: configureServer],
          resolveId: {
            filter: { id: /^virtual:astro:server-island-manifest$/ },
            handler: [Function: handler]
          },
          load: {
            filter: { id: /^ virtual:astro:server-island-manifest$/ },
            handler: [Function: handler]
          },
          transform: {
            filter: {
              id: {
                include: [
                  /\.(astro|mdx)$/,
                  /^ virtual:astro:server-island-manifest$/
                ]
              }
            },
            handler: [AsyncFunction: handler]
          },
          renderChunk: [Function: renderChunk]
        },
        {
          name: 'astro:hmr-reload',
          enforce: 'post',
          hotUpdate: { order: 'post', handler: [Function: handler] }
        },
        {
          name: 'vite:react:config-post',
          enforce: 'post',
          config: [Function: config]
        },
        {
          name: 'vite:client-inject',
          applyToEnvironment: [Function: applyToEnvironment],
          buildStart: [AsyncFunction: buildStart],
          transform: [Function: transform]
        },
        {
          name: 'vite:css-analysis',
          applyToEnvironment: [Function: applyToEnvironment],
          transform: {
            filter: {
              id: {
                include: /\.(css|less|sass|scss|styl|stylus|pcss|postcss|sss)(?:$|\?)/,
                exclude: [
                  /[?&]commonjs-proxy/,
                  /[?&](?:worker|sharedworker|raw|url)\b/
                ]
              }
            },
            handler: [Function: handler]
          }
        },
        {
          name: 'vite:import-analysis',
          applyToEnvironment: [Function: applyToEnvironment],
          transform: [AsyncFunction: transform]
        }
      ],
      optimizeDepsPluginNames: []
    }
  },
  ssr: {
    target: 'node',
    optimizeDeps: {
      esbuildOptions: { preserveSymlinks: false },
      include: [],
      exclude: [],
      needsInterop: [],
      rolldownOptions: { resolve: { symlinks: true }, output: { topLevelVar: true } },
      extensions: [],
      holdUntilCrawlEnd: true,
      force: false,
      ignoreOutdatedRequests: false,
      noDiscovery: true,
      rollupOptions: { resolve: { symlinks: true }, output: { topLevelVar: true } }
    },
    noExternal: [
      '@mui/material',
      '@mui/base',
      '@babel/runtime',
      'use-immer',
      '@material-tailwind/react',
      'astro',
      'astro/components',
      '@nanostores/preact',
      '@fontsource/*',
      '@astrojs/internal-helpers',
      '@astrojs/react'
    ],
    external: [],
    resolve: {
      conditions: [ 'module', 'node', 'development|production', 'astro' ],
      externalConditions: [ 'node', 'module-sync' ]
    }
  },
  optimizeDeps: {
    include: [
      'react',
      'react-dom',
      'react/jsx-dev-runtime',
      'react/jsx-runtime',
      'astro > aria-query',
      'astro > axobject-query',
      'astro > html-escaper',
      'astro/runtime/client/dev-toolbar/entrypoint.js',
      'react',
      'react/jsx-runtime',
      'react/jsx-dev-runtime',
      'react-dom',
      'react-dom/client',
      '@astrojs/react/client.js'
    ],
    exclude: [
      'astro:*',
      'virtual:astro:*',
      'astro/virtual-modules/prefetch.js',
      '@astrojs/react/server.js'
    ],
    needsInterop: [],
    rolldownOptions: {
      transform: { jsx: { runtime: 'automatic' } },
      resolve: { symlinks: true },
      output: { topLevelVar: true }
    },
    extensions: [],
    disabled: undefined,
    holdUntilCrawlEnd: true,
    force: false,
    ignoreOutdatedRequests: false,
    noDiscovery: true,
    entries: [
      'D:/kitchenandall/kitchenandall/src/**/*.{jsx,tsx,vue,svelte,html}'
    ],
    rollupOptions: [Getter/Setter],
    esbuildOptions: { preserveSymlinks: false }
  },
  logLevel: 'silent',
  worker: {
    format: 'iife',
    plugins: '() => plugins',
    rollupOptions: {},
    rolldownOptions: {}
  },
  oxc: {
    jsx: {
      development: false,
      runtime: 'automatic',
      importSource: undefined,
      refresh: false
    },
    jsxRefreshInclude: /\.[tj]sx?(?:\?.*)?$/,
    jsxRefreshExclude: /\.astro(?:\?.*)?$/
  },
  configFileDependencies: [],
  inlineConfig: {
    configFile: false,
    mode: 'production',
    cacheDir: 'D:\\kitchenandall\\kitchenandall\\node_modules\\.vite\\',
    clearScreen: false,
    customLogger: {
      hasWarned: false,
      info: [Function: info],
      warn: [Function: warn],
      warnOnce: [Function: warnOnce],
      error: [Function: error],
      clearScreen: [Function: clearScreen],
      hasErrorLogged: [Function: hasErrorLogged]
    },
    appType: 'custom',
    plugins: [
      {
        name: 'astro:watcher-max-listeners',
        configureServer: [Function: configureServer]
      },
      {
        name: 'virtual:astro:manifest',
        enforce: 'pre',
        configureServer: [Function: configureServer],
        applyToEnvironment: [Function: applyToEnvironment],
        resolveId: {
          filter: { id: /^virtual:astro:manifest$/ },
          handler: [Function: handler]
        },
        load: {
          filter: { id: /^ virtual:astro:manifest$/ },
          handler: [AsyncFunction: handler]
        }
      },
      {
        name: 'astro:plugin-renderers',
        enforce: 'pre',
        resolveId: {
          filter: { id: /^virtual:astro:renderers$/ },
          handler: [Function: handler]
        },
        load: {
          filter: { id: /^ virtual:astro:renderers$/ },
          handler: [Function: handler]
        }
      },
      {
        name: 'astro:static-paths',
        enforce: 'pre',
        resolveId: {
          filter: { id: /^astro:static-paths$/ },
          handler: [Function: handler]
        },
        load: {
          filter: { id: /^ astro:static-paths$/ },
          handler: [Function: handler]
        }
      },
      {
        name: 'astro:routes',
        configureServer: [Function: configureServer],
        applyToEnvironment: [Function: applyToEnvironment],
        resolveId: {
          filter: { id: /^virtual:astro:routes$/ },
          handler: [Function: handler]
        },
        load: {
          filter: { id: /^ virtual:astro:routes$/ },
          handler: [Function: handler]
        },
        transform: [AsyncFunction: transform],
        handleHotUpdate: [AsyncFunction: handleHotUpdate]
      },
      {
        name: 'astro-manifest-plugin',
        resolveId: {
          filter: { id: /^(astro:config\/server|astro:config\/client)$/ },
          handler: [Function: handler]
        },
        load: {
          filter: { id: /^( astro:config\/server| astro:config\/client)$/ },
          handler: [Function: handler]
        }
      },
      {
        name: 'astro:environment',
        configEnvironment: [Function: configEnvironment]
      },
      {
        name: '@astro/plugin-page',
        applyToEnvironment: [Function: applyToEnvironment],
        resolveId: {
          filter: { id: /^virtual:astro:page:/ },
          handler: [Function: handler]
        },
        load: {
          filter: { id: /^ virtual:astro:page:/ },
          handler: [Function: handler]
        }
      },
      {
        name: '@astro/plugin-pages',
        enforce: 'post',
        applyToEnvironment: [Function: applyToEnvironment],
        resolveId: {
          filter: { id: /^virtual:astro:pages$/ },
          handler: [Function: handler]
        },
        load: {
          filter: { id: /^ virtual:astro:pages$/ },
          handler: [AsyncFunction: handler]
        }
      },
      null,
      [],
      [
        {
          name: 'astro:build:css-hmr',
          enforce: 'pre',
          applyToEnvironment: [Function: applyToEnvironment],
          transform: {
            filter: {
              id: {
                include: [ /(?:\?|&)astro(?:&|=|$)/ ],
                exclude: [ /(?:\?|&)(?:url|raw|direct)(?:&|$)/ ]
              }
            },
            handler: [AsyncFunction: handler]
          }
        },
        {
          name: 'astro:build',
          enforce: 'pre',
          configEnvironment: [AsyncFunction: configEnvironment],
          configResolved: [AsyncFunction: configResolved],
          configureServer: [Function: configureServer],
          buildStart: [Function: buildStart],
          load: {
            filter: { id: /(?:\?|&)astro(?:&|=|$)/ },
            handler: [AsyncFunction: handler]
          },
          transform: {
            filter: {
              id: {
                include: [ /\.astro$/, /\.astro\?/ ],
                exclude: [
                  /(?:\?|&)(?:url|raw|direct)(?:&|$)/,
                  /(?:\?|&)astro(?:&|=|$)/
                ]
              }
            },
            handler: [AsyncFunction: handler]
          },
          handleHotUpdate: [AsyncFunction: handleHotUpdate]
        },
        {
          name: 'astro:build:normal',
          resolveId: {
            filter: { id: /(?:\?|&)astro(?:&|=|$)/ },
            handler: [Function: handler]
          }
        }
      ],
      {
        name: 'astro:scripts',
        config: [Function: config],
        resolveId: {
          filter: { id: /^astro:scripts\// },
          handler: [Function: handler]
        },
        load: {
          filter: {
            id: /^(astro:scripts\/before-hydration.js|astro:scripts\/page.js|astro:scripts\/page-ssr.js)$/
          },
          handler: [Function: handler]
        },
        buildStart: [Function: buildStart]
      },
      [
        {
          name: 'astro:app',
          configResolved: [Function: configResolved],
          resolveId: {
            filter: { id: /^virtual:astro:app$/ },
            handler: [Function: handler]
          },
          load: {
            filter: { id: /^ virtual:astro:app$/ },
            handler: [Function: handler]
          }
        },
        {
          name: 'astro:server-app',
          resolveId: {
            filter: { id: /^astro:server-app$/ },
            handler: [Function: handler]
          }
        }
      ],
      {
        name: '@astro/plugin-fetchable',
        applyToEnvironment: [Function: applyToEnvironment],
        configureServer: [Function: configureServer],
        resolveId: {
          filter: { id: /^virtual:astro:fetchable$/ },
          handler: [AsyncFunction: handler]
        },
        load: {
          filter: { id: /^ virtual:astro:fetchable$/ },
          handler: [Function: handler]
        }
      },
      false,
      false,
      [
        {
          name: 'virtual:astro:dev-css',
          configureServer: [AsyncFunction: configureServer],
          applyToEnvironment: [Function: applyToEnvironment],
          resolveId: {
            filter: {
              id: /^(virtual:astro:dev-css|virtual:astro:dev-css:.*)$/
            },
            handler: [Function: handler]
          },
          load: {
            filter: {
              id: /^( virtual:astro:dev-css| virtual:astro:dev-css:.*)$/
            },
            handler: [AsyncFunction: handler]
          },
          transform: {
            filter: {
              id: {
                include: [
                  /\.(css|less|sass|scss|styl|stylus|pcss|postcss|sss)(?:$|\?)/
                ],
                exclude: [ /(?:\?|&)raw(?:&|$)/, /(?:\?|&)inline\b/ ]
              }
            },
            handler: [Function: handler]
          }
        },
        {
          name: 'virtual:astro:dev-css-all',
          applyToEnvironment: [Function: applyToEnvironment],
          resolveId: {
            filter: { id: /^virtual:astro:dev-css-all$/ },
            handler: [Function: handler]
          },
          load: {
            filter: { id: /^ virtual:astro:dev-css-all$/ },
            handler: [Function: handler]
          }
        }
      ],
      {
        name: 'astro:vite-plugin-env',
        config: [Function: config],
        configResolved: [Function: configResolved],
        transform: {
          filter: {
            id: {
              exclude: [
                /.*\.(html|htm|json)$/,
                /\.(css|less|sass|scss|styl|stylus|pcss|postcss|sss)(?:$|\?)/
              ]
            },
            code: /import\.meta\.env/
          },
          handler: [Function: handler]
        }
      },
      {
        name: 'astro-env-plugin',
        enforce: 'pre',
        config: [Function: config],
        buildStart: [Function: buildStart],
        resolveId: {
          filter: {
            id: /^(astro:env\/client|astro:env\/server|virtual:astro:env\/internal)$/
          },
          handler: [Function: handler]
        },
        load: {
          filter: {
            id: /^( astro:env\/client| astro:env\/server| virtual:astro:env\/internal)$/
          },
          handler: [Function: handler]
        }
      },
      {
        name: 'astro:adapter-config',
        config: [Function: config],
        resolveId: {
          filter: { id: /^virtual:astro:adapter-config\/client$/ },
          handler: [Function: handler]
        },
        load: {
          filter: { id: /^ virtual:astro:adapter-config\/client$/ },
          handler: [Function: handler]
        }
      },
      {
        enforce: 'pre',
        name: 'astro:markdown',
        buildEnd: [Function: buildEnd],
        resolveId: { filter: { id: /^[^/]/ }, handler: [AsyncFunction: handler] },
        load: {
          filter: {
            id: {
              include: /\.(markdown|mdown|mkdn|mkd|mdwn|md)(\?|$)/,
              exclude: /(?:\?|&)(?:url|raw|direct)(?:&|$)/
            }
          },
          handler: [AsyncFunction: handler]
        }
      },
      {
        name: 'astro:html',
        options: [Function: options],
        transform: {
          filter: { id: /\.html$/ },
          handler: [AsyncFunction: transform]
        }
      },
      {
        name: 'astro:integration-container',
        configureServer: [AsyncFunction: configureServer],
        buildStart: [AsyncFunction: buildStart]
      },
      {
        name: 'astro:scripts:page-ssr',
        enforce: 'post',
        transform: [Function: transform]
      },
      {
        name: 'astro:head-metadata',
        enforce: 'pre',
        apply: 'serve',
        configureServer: [Function: configureServer],
        load: [Function: load],
        resolveId: [Function: resolveId],
        transform: [Function: transform]
      },
      {
        name: 'astro-content-virtual-mod-plugin',
        enforce: 'pre',
        config: [Function: config],
        buildStart: [Function: buildStart],
        resolveId: {
          filter: {
            id: /^(astro:content|astro:data-layer-content|astro:content-module-imports|astro:asset-imports)$|(?:\?|&)astroContentModuleFlag(?:&|=|$)/
          },
          handler: [AsyncFunction: handler]
        },
        load: {
          filter: {
            id: /^( astro:content| astro:data-layer-content| astro:asset-imports| astro:content-module-imports)$/
          },
          handler: [AsyncFunction: handler]
        },
        configureServer: [Function: configureServer]
      },
      [
        {
          name: 'astro:content-imports',
          config: [Function: config],
          buildStart: [AsyncFunction: buildStart],
          transform: {
            filter: {
              id: /(?:\?|&)(?:astroDataCollectionEntry|astroContentCollectionEntry)(?:&|=|$)/
            },
            handler: [AsyncFunction: handler]
          },
          configureServer: [Function: configureServer]
        }
      ],
      {
        name: 'astro:content-asset-propagation',
        enforce: 'pre',
        resolveId: {
          filter: {
            id: /(?:\?|&)(?:astroContentImageFlag|astroRenderContent)(?:&|=|$)/
          },
          handler: [AsyncFunction: handler]
        },
        configureServer: [Function: configureServer],
        transform: {
          filter: { id: /(?:\?|&)astroPropagatedAssets(?:&|=|$)/ },
          handler: [AsyncFunction: handler]
        }
      },
      {
        name: '@astro/plugin-middleware',
        applyToEnvironment: [Function: applyToEnvironment],
        configureServer: [Function: configureServer],
        resolveId: {
          filter: { id: /^virtual:astro:middleware$/ },
          handler: [AsyncFunction: handler]
        },
        load: {
          filter: { id: /^( noop-middleware| virtual:astro:middleware)$/ },
          handler: [AsyncFunction: handler]
        }
      },
      [
        {
          name: 'astro:assets',
          config: [Function: config],
          resolveId: {
            filter: {
              id: /^(virtual:image-service|astro:assets|virtual:astro:get-image)$/
            },
            handler: [AsyncFunction: handler]
          },
          load: {
            filter: { id: /^( astro:assets| virtual:astro:get-image)$/ },
            handler: [Function: handler]
          },
          buildStart: [Function: buildStart],
          renderChunk: [AsyncFunction: renderChunk]
        },
        {
          name: 'astro:assets:esm',
          enforce: 'pre',
          config: [Function: config],
          configResolved: [Function: configResolved],
          load: {
            filter: { id: /\.(jpeg|jpg|png|tiff|webp|gif|svg|avif)/i },
            handler: [AsyncFunction: handler]
          }
        },
        {
          name: 'astro:fonts',
          buildStart: [AsyncFunction: buildStart],
          configureServer: [AsyncFunction: configureServer],
          resolveId: {
            filter: {
              id: /^(virtual:astro:assets\/fonts\/internal|virtual:astro:assets\/fonts\/runtime|virtual:astro:assets\/fonts\/runtime\/font-file-url-resolver)$/
            },
            handler: [Function: handler]
          },
          load: {
            filter: {
              id: /^( virtual:astro:assets\/fonts\/internal| virtual:astro:assets\/fonts\/runtime| virtual:astro:assets\/fonts\/runtime\/font-file-url-resolver)$/
            },
            handler: [AsyncFunction: handler]
          },
          buildEnd: [AsyncFunction: buildEnd]
        },
        {
          name: 'astro:image-styles',
          resolveId: {
            filter: { id: /^virtual:astro:image-styles.css$/ },
            handler: [Function: handler]
          },
          load: {
            filter: { id: /^ virtual:astro:image-styles.css$/ },
            handler: [AsyncFunction: handler]
          }
        }
      ],
      {
        name: 'astro:prefetch',
        resolveId: {
          filter: { id: /^astro:prefetch$/ },
          handler: [Function: handler]
        },
        load: {
          filter: { id: /^ astro:prefetch$/ },
          handler: [Function: handler]
        },
        transform: {
          filter: { id: /astro\/dist\/prefetch\/index.js/ },
          handler: [Function: handler]
        }
      },
      {
        name: 'astro:transitions',
        resolveId: {
          filter: { id: /^(astro:transitions|astro:transitions\/client)$/ },
          handler: [Function: handler]
        },
        load: {
          filter: { id: /^( astro:transitions| astro:transitions\/client)$/ },
          handler: [Function: handler]
        },
        transform: {
          filter: { id: /ClientRouter\.astro.*\.ts$/ },
          handler: [Function: handler]
        }
      },
      {
        name: 'astro:dev-toolbar',
        config: [Function: config],
        resolveId: {
          filter: { id: /^astro:toolbar:internal$/ },
          handler: [Function: handler]
        },
        configureServer: [Function: configureServer],
        load: {
          filter: { id: /^ astro:toolbar:internal$/ },
          handler: [Function: handler]
        }
      },
      {
        name: 'astro:vite-plugin-file-url',
        enforce: 'pre',
        resolveId: { filter: { id: /^file:\/\// }, handler: [Function: handler] }
      },
      {
        name: 'astro:i18n',
        enforce: 'pre',
        resolveId: {
          filter: { id: /^astro:i18n$/ },
          handler: [Function: handler]
        }
      },
      {
        name: 'astro:actions',
        enforce: 'pre',
        resolveId: {
          filter: {
            id: /^(astro:actions|virtual:astro:actions\/options|virtual:astro:actions\/entrypoint)$/
          },
          handler: [AsyncFunction: handler]
        },
        configureServer: [AsyncFunction: configureServer],
        load: {
          filter: {
            id: /^( astro:actions| virtual:astro:actions\/noop-entrypoint| virtual:astro:actions\/entrypoint| virtual:astro:actions\/options)$/
          },
          handler: [AsyncFunction: handler]
        }
      },
      {
        name: 'astro:server-islands',
        enforce: 'post',
        api: { hasServerIslands: [Function: hasServerIslands] },
        config: [Function: config],
        buildStart: [Function: buildStart],
        configureServer: [Function: configureServer],
        resolveId: {
          filter: { id: /^virtual:astro:server-island-manifest$/ },
          handler: [Function: handler]
        },
        load: {
          filter: { id: /^ virtual:astro:server-island-manifest$/ },
          handler: [Function: handler]
        },
        transform: {
          filter: {
            id: {
              include: [
                /\.(astro|mdx)$/,
                /^ virtual:astro:server-island-manifest$/
              ]
            }
          },
          handler: [AsyncFunction: handler]
        },
        renderChunk: [Function: renderChunk]
      },
      {
        name: 'virtual:astro:session-driver',
        enforce: 'pre',
        resolveId: {
          filter: { id: /^virtual:astro:session-driver$/ },
          handler: [Function: handler]
        },
        load: {
          filter: { id: /^ virtual:astro:session-driver$/ },
          handler: [AsyncFunction: handler]
        }
      },
      undefined,
      undefined,
      {
        name: 'astro:container',
        enforce: 'pre',
        resolveId: {
          filter: { id: /^(astro:container)$/ },
          handler: [Function: handler]
        }
      },
      {
        name: 'astro:hmr-reload',
        enforce: 'post',
        hotUpdate: { order: 'post', handler: [Function: handler] }
      },
      {
        name: 'astro:chromedevtools',
        configureServer: [Function: configureServer]
      },
      false,
      {
        name: '@tailwindcss/vite:scan',
        enforce: 'pre',
        configureServer: [Function: configureServer],
        configResolved: [AsyncFunction: configResolved]
      },
      {
        name: '@tailwindcss/vite:generate:build',
        apply: 'build',
        enforce: 'pre',
        transform: {
          filter: {
            id: {
              exclude: [
                /\/\.vite\//,
                /[?&](?:worker|sharedworker|raw|url)\b/,
                /\?commonjs-proxy/
              ],
              include: [
                /\.css(?:\?.*)?$/,
                /&lang\.css/,
                /[?&]index=\d+\.css$/
              ]
            }
          },
          handler: [AsyncFunction: handler]
        }
      },
      {
        name: 'vite:react-babel',
        enforce: 'pre',
        config: [Function: config],
        configResolved: [Function: configResolved],
        options: [Function: options]
      },
      {
        name: 'vite:react:config-post',
        enforce: 'post',
        config: [Function: config]
      },
      {
        name: 'vite:react-refresh-fbm',
        enforce: 'pre',
        transformIndexHtml: { handler: [Function: handler], order: 'pre' }
      },
      {
        name: 'vite:react-refresh',
        enforce: 'pre',
        config: [Function: config],
        resolveId: {
          filter: { id: /^\/@react\-refresh$/ },
          handler: [Function: handler]
        },
        load: {
          filter: { id: /^\/@react\-refresh$/ },
          handler: [Function: handler]
        },
        transformIndexHtml: [Function: transformIndexHtml]
      },
      {
        name: 'vite:react-virtual-preamble',
        resolveId: {
          order: 'pre',
          filter: { id: /^@vitejs\/plugin\-react\/preamble$/ },
          handler: [Function: handler]
        },
        load: {
          filter: { id: /^ @vitejs\/plugin\-react\/preamble$/ },
          handler: [Function: handler]
        }
      },
      {
        name: '@astrojs/react:opts',
        resolveId: {
          filter: { id: /^astro:react:opts$/ },
          handler: [Function: handler]
        },
        load: {
          filter: { id: /^ astro:react:opts$/ },
          handler: [Function: handler]
        }
      },
      {
        name: '@astrojs/react:environment',
        configEnvironment: [Function: configEnvironment]
      }
    ],
    publicDir: 'D:\\kitchenandall\\kitchenandall\\public\\',
    root: 'D:\\kitchenandall\\kitchenandall\\',
    envPrefix: 'PUBLIC_',
    define: {
      'import.meta.env.SITE': 'undefined',
      'import.meta.env.BASE_URL': '"/"',
      'import.meta.env.ASSETS_PREFIX': 'undefined'
    },
    server: {
      hmr: false,
      watch: { ignored: [ '**' ] },
      middlewareMode: true,
      ws: false
    },
    resolve: {
      tsconfigPaths: true,
      alias: [
        { find: 'randombytes', replacement: 'randombytes/browser' },
        {
          find: /^astro$/,
          replacement: 'd:\\kitchenandall\\kitchenandall\\node_modules\\astro\\dist\\types\\public\\index.js'
        },
        {
          find: 'astro:middleware',
          replacement: 'astro/virtual-modules/middleware.js'
        },
        { find: 'astro:schema', replacement: 'astro/zod' },
        { find: 'astro:components', replacement: 'astro/components' }
      ],
      conditions: [ 'module', 'browser', 'development|production', 'astro' ],
      mainFields: undefined
    },
    build: {
      assetsDir: '_astro',
      rolldownOptions: undefined,
      rollupOptions: [Getter/Setter]
    },
    environments: { astro: { dev: {} } },
    ssr: {
      noExternal: [
        '@mui/material',
        '@mui/base',
        '@babel/runtime',
        'use-immer',
        '@material-tailwind/react'
      ],
      external: [],
      optimizeDeps: { rolldownOptions: undefined, rollupOptions: [Getter/Setter] }
    },
    optimizeDeps: {
      noDiscovery: true,
      rolldownOptions: undefined,
      rollupOptions: [Getter/Setter]
    },
    logLevel: 'silent',
    worker: { rolldownOptions: undefined, rollupOptions: [Getter/Setter] }
  },
  base: '/',
  decodedBase: '/',
  rawBase: '/',
  command: 'serve',
  isWorker: false,
  mainConfig: null,
  bundleChain: [],
  isProduction: true,
  css: {
    transformer: 'postcss',
    preprocessorMaxWorkers: true,
    devSourcemap: false
  },
  json: { namedExports: true, stringify: 'auto' },
  esbuild: { jsxDev: false, charset: 'utf8', legalComments: 'none' },
  builder: undefined,
  preview: {
    port: 4173,
    strictPort: false,
    host: undefined,
    allowedHosts: [],
    https: undefined,
    open: false,
    proxy: undefined,
    cors: {
      origin: /^https?:\/\/(?:(?:[^:]+\.)?localhost|127\.0\.0\.1|\[::1\])(?::\d+)?$/
    },
    headers: {}
  },
  envDir: 'D:/kitchenandall/kitchenandall',
  env: { BASE_URL: '/', MODE: 'production', DEV: false, PROD: true },
  assetsInclude: [Function: assetsInclude],
  rawAssetsInclude: [],
  logger: {
    hasWarned: false,
    info: [Function: info],
    warn: [Function: warn],
    warnOnce: [Function: warnOnce],
    error: [Function: error],
    clearScreen: [Function: clearScreen],
    hasErrorLogged: [Function: hasErrorLogged]
  },
  packageCache: Map(1) {
    'fnpd_D:/kitchenandall/kitchenandall' => {
      dir: 'D:/kitchenandall/kitchenandall',
      data: {
        name: 'e-store-astro',
        type: 'module',
        version: '0.0.1',
        engines: { node: '>=22.12.0' },
        scripts: {
          dev: 'astro dev',
          build: 'astro build',
          preview: 'astro preview',
          astro: 'astro'
        },
        dependencies: {
          '@astrojs/react': '^6.0.2',
          '@supabase/supabase-js': '^2.110.9',
          '@tailwindcss/vite': '^4.3.3',
          astro: '^7.1.4',
          'framer-motion': '^12.43.0',
          'lucide-react': '^1.27.0',
          react: '^19.2.8',
          'react-dom': '^19.2.8',
          swiper: '^14.0.6',
          tailwindcss: '^4.3.3'
        },
        devDependencies: { '@types/react': '^19.2.17', '@types/react-dom': '^19.2.3' }
      },
      hasSideEffects: [Function: hasSideEffects],
      setResolvedCache: [Function: setResolvedCache],
      getResolvedCache: [Function: getResolvedCache]
    },
    set: [Function (anonymous)]
  },
  experimental: {
    importGlobRestoreExtension: false,
    renderBuiltUrl: undefined,
    hmrPartialAccept: false,
    bundledDev: false
  },
  future: undefined,
  dev: {
    warmup: [],
    sourcemap: { js: true },
    sourcemapIgnoreList: [Function: isInNodeModules],
    preTransformRequests: false,
    createEnvironment: [Function: defaultCreateDevEnvironment],
    recoverable: false,
    moduleRunnerTransform: false
  },
  devtools: { config: { host: 'localhost' }, enabled: false },
  webSocketToken: 'jmebJVvwWPdK',
  getSortedPlugins: [Function: getSortedPlugins],
  getSortedPluginHooks: [Function: getSortedPluginHooks],
  createResolver: [Function: createResolver],
  fsDenyGlob: [Function: arrayMatcher],
  safeModulePaths: Set(0) {},
  Symbol(vite:resolved-config): true
}
[2m20:01:29[22m [34m[vite][39m Re-optimizing dependencies because vite config has changed
2026-07-30T17:01:29.613Z vite:deps (client) [32mremoving old cache dir D:/kitchenandall/kitchenandall/node_modules/.vite/deps[39m
2026-07-30T17:01:29.961Z vite:resolve [31m298.72ms[39m [36mreact[39m -> [2mD:/kitchenandall/kitchenandall/node_modules/react/index.js[22m
2026-07-30T17:01:29.964Z vite:resolve [32m1.76ms[39m [36mreact-dom[39m -> [2mD:/kitchenandall/kitchenandall/node_modules/react-dom/index.js[22m
2026-07-30T17:01:29.965Z vite:resolve [32m0.79ms[39m [36mreact/jsx-dev-runtime[39m -> [2mD:/kitchenandall/kitchenandall/node_modules/react/jsx-dev-runtime.js[22m
2026-07-30T17:01:29.988Z vite:resolve [33m22.13ms[39m [36mreact/jsx-runtime[39m -> [2mD:/kitchenandall/kitchenandall/node_modules/react/jsx-runtime.js[22m
2026-07-30T17:01:30.094Z vite:resolve [31m80.13ms[39m [36maria-query[39m -> [2mD:/kitchenandall/kitchenandall/node_modules/aria-query/lib/index.js[22m
2026-07-30T17:01:30.130Z vite:resolve [33m35.32ms[39m [36maxobject-query[39m -> [2mD:/kitchenandall/kitchenandall/node_modules/axobject-query/lib/index.js[22m
2026-07-30T17:01:30.156Z vite:resolve [32m7.79ms[39m [36mhtml-escaper[39m -> [2mD:/kitchenandall/kitchenandall/node_modules/html-escaper/esm/index.js[22m
2026-07-30T17:01:30.168Z vite:resolve [33m11.34ms[39m [36mastro/runtime/client/dev-toolbar/entrypoint.js[39m -> [2mD:/kitchenandall/kitchenandall/node_modules/astro/dist/runtime/client/dev-toolbar/entrypoint.js[22m
2026-07-30T17:01:30.169Z vite:resolve [32m0.72ms[39m [36mreact-dom/client[39m -> [2mD:/kitchenandall/kitchenandall/node_modules/react-dom/client.js[22m
2026-07-30T17:01:30.176Z vite:resolve [32m6.74ms[39m [36m@astrojs/react/client.js[39m -> [2mD:/kitchenandall/kitchenandall/node_modules/@astrojs/react/dist/client.js[22m
2026-07-30T17:01:30.183Z vite:deps [32mcreating package.json in D:/kitchenandall/kitchenandall/node_modules/.vite/deps_temp_77c42383[39m
[2m20:01:31[22m [34m[vite][39m [optimizer] bundling dependencies...
2026-07-30T17:01:32.211Z vite:resolve [33m36.10ms[39m [36mreact[39m -> [2mD:/kitchenandall/kitchenandall/node_modules/react/index.js[22m
2026-07-30T17:01:32.250Z vite:resolve [31m74.44ms[39m [36mreact[39m -> [2mD:/kitchenandall/kitchenandall/node_modules/react/index.js[22m
2026-07-30T17:01:32.251Z vite:resolve [31m75.37ms[39m [36mreact-dom/client[39m -> [2mD:/kitchenandall/kitchenandall/node_modules/react-dom/client.js[22m
2026-07-30T17:01:32.286Z vite:resolve [33m21.43ms[39m [36mreact-dom[39m -> [2mD:/kitchenandall/kitchenandall/node_modules/react-dom/index.js[22m
2026-07-30T17:01:32.301Z vite:resolve [33m36.27ms[39m [36mscheduler[39m -> [2mD:/kitchenandall/kitchenandall/node_modules/scheduler/index.js[22m
2026-07-30T17:01:32.324Z vite:resolve [31m148.12ms[39m [36mastro:toolbar:internal[39m -> [2mnull[22m
2026-07-30T17:01:33.073Z vite:resolve [32m5.07ms[39m [36mhtml-escaper[39m -> [2mD:/kitchenandall/kitchenandall/node_modules/html-escaper/esm/index.js[22m
2026-07-30T17:01:33.232Z vite:resolve [32m1.44ms[39m [36maria-query[39m -> [2mD:/kitchenandall/kitchenandall/node_modules/aria-query/lib/index.js[22m
2026-07-30T17:01:33.232Z vite:resolve [32m1.61ms[39m [36maxobject-query[39m -> [2mD:/kitchenandall/kitchenandall/node_modules/axobject-query/lib/index.js[22m
2026-07-30T17:01:34.284Z vite:deps Dependencies bundled in 4095.72ms
2026-07-30T17:01:34.285Z vite:deps [32mcreating _metadata.json in D:/kitchenandall/kitchenandall/node_modules/.vite/deps_temp_77c42383[39m
2026-07-30T17:01:34.290Z vite:deps [32mrenaming D:/kitchenandall/kitchenandall/node_modules/.vite/deps_temp_77c42383 to D:/kitchenandall/kitchenandall/node_modules/.vite/deps[39m
[2m20:01:34[22m [34m[types][39m Generated [2m5.36s[22m
[2m20:01:34[22m [34m[build][39m output: [34m"static"[39m
[2m20:01:34[22m [34m[build][39m mode: [34m"static"[39m
[2m20:01:34[22m [34m[build][39m directory: [34mD:\kitchenandall\kitchenandall\dist\[39m
[2m20:01:34[22m [34m[build][39m Collecting build info...
2026-07-30T17:01:34.349Z astro:build ├── [1m[32m✔[39m[22m src/pages/index.astro → [33m/index.html[39m
2026-07-30T17:01:34.349Z astro:build All pages loaded   [2m1785430874.9s[22m
[2m20:01:34[22m [34m[build][39m [32m✓ Completed in 5.51s.[39m
[2m20:01:34[22m [34m[build][39m Building static entrypoints...
2026-07-30T17:01:34.363Z vite:env loading env files: [
  'D:/kitchenandall/kitchenandall/.env',
  'D:/kitchenandall/kitchenandall/.env.local',
  'D:/kitchenandall/kitchenandall/.env.production',
  'D:/kitchenandall/kitchenandall/.env.production.local'
]
2026-07-30T17:01:34.363Z vite:env env files loaded in 0.51ms
2026-07-30T17:01:34.364Z vite:env using resolved env: {}
2026-07-30T17:01:34.393Z vite:config using resolved config: {
  configFile: undefined,
  mode: 'production',
  cacheDir: 'D:/kitchenandall/kitchenandall/node_modules/.vite',
  clearScreen: false,
  customLogger: {
    hasWarned: false,
    info: [Function: info],
    warn: [Function: warn],
    warnOnce: [Function: warnOnce],
    error: [Function: error],
    clearScreen: [Function: clearScreen],
    hasErrorLogged: [Function: hasErrorLogged]
  },
  appType: 'custom',
  plugins: [
    'vite:optimized-deps',
    'vite:watch-package-data',
    'vite:pre-alias',
    'alias',
    '@astro/plugin-component-entry',
    'virtual:astro:manifest',
    'astro:plugin-renderers',
    'astro:static-paths',
    'astro:build:css-hmr',
    'astro:build',
    'astro-env-plugin',
    'astro:markdown',
    'astro-content-virtual-mod-plugin',
    'astro:content-asset-propagation',
    'astro:assets:esm',
    'astro:vite-plugin-file-url',
    'astro:i18n',
    'astro:actions',
    'virtual:astro:session-driver',
    'astro:container',
    '@tailwindcss/vite:scan',
    '@tailwindcss/vite:generate:build',
    'vite:react-babel',
    'vite:react-refresh-fbm',
    'vite:react-refresh',
    'vite:resolve-builtin:get-environment',
    'vite:resolve-builtin',
    'vite:html-inline-proxy',
    'vite:css',
    'builtin:oxc-runtime',
    'vite:oxc',
    'builtin:vite-json',
    'vite:wasm-helper',
    'vite:worker',
    'vite:asset',
    'vite:forward-console',
    '@astro/rolldown-plugin-astro-analyzer',
    '@astro/plugin-build-internals',
    '@astro/plugin-middleware-build',
    '@astro/plugin-actions-build',
    'astro:rollup-plugin-build-css',
    'astro:head-metadata-build',
    'astro:rolldown-plugin-prerender',
    '@astro/plugin-scripts',
    'plugin-noop',
    'astro:ssr-assets',
    'astro:watcher-max-listeners',
    'astro:routes',
    'astro-manifest-plugin',
    'astro:environment',
    '@astro/plugin-page',
    'astro:build:normal',
    'astro:scripts',
    'astro:app',
    'astro:server-app',
    '@astro/plugin-fetchable',
    'virtual:astro:dev-css',
    'virtual:astro:dev-css-all',
    'astro:adapter-config',
    'astro:html',
    'astro:integration-container',
    'astro:content-imports',
    '@astro/plugin-middleware',
    'astro:assets',
    'astro:fonts',
    'astro:image-styles',
    'astro:prefetch',
    'astro:transitions',
    'astro:dev-toolbar',
    'astro:chromedevtools',
    'vite:react-virtual-preamble',
    '@astrojs/react:opts',
    '@astrojs/react:environment',
    'astro:vite-plugin-env',
    'vite:define',
    'vite:css-post',
    'vite:build-html',
    'vite:worker-import-meta-url',
    'vite:asset-import-meta-url',
    'vite:prepare-out-dir',
    'vite:rollup-options-plugins',
    'vite:dynamic-import-vars',
    'vite:import-glob',
    'astro:css-target-lowering',
    'astro:rollup-plugin-single-css',
    'astro:rollup-plugin-inline-stylesheets',
    '@astro/plugin-pages',
    'astro:scripts:page-ssr',
    'astro:server-islands',
    'astro:hmr-reload',
    'vite:react:config-post',
    'astro:resolve-input',
    'astro:build-generate',
    'vite:build-import-analysis',
    'native:import-analysis-build',
    'vite:terser',
    'vite:license',
    'native:manifest',
    'vite:ssr-manifest',
    'native:reporter',
    ... 4 more items
  ],
  publicDir: 'D:/kitchenandall/kitchenandall/public',
  root: 'D:/kitchenandall/kitchenandall',
  envPrefix: 'PUBLIC_',
  define: {
    'import.meta.env.SITE': 'undefined',
    'import.meta.env.BASE_URL': '"/"',
    'import.meta.env.ASSETS_PREFIX': 'undefined'
  },
  server: {
    port: 5173,
    strictPort: false,
    host: undefined,
    allowedHosts: [],
    https: undefined,
    open: false,
    proxy: undefined,
    cors: {
      origin: /^https?:\/\/(?:(?:[^:]+\.)?localhost|127\.0\.0\.1|\[::1\])(?::\d+)?$/
    },
    headers: {},
    warmup: { clientFiles: [], ssrFiles: [] },
    middlewareMode: true,
    fs: {
      strict: true,
      deny: [
        '.env',
        '.env.*',
        '*.{crt,pem,key,p12,pfx,cer,der}',
        '.npmrc',
        '.yarnrc.yml',
        '**/.git/**'
      ],
      allow: [ 'D:/kitchenandall/kitchenandall' ]
    },
    preTransformRequests: true,
    perEnvironmentStartEndDuringDev: false,
    perEnvironmentWatchChangeDuringDev: false,
    forwardConsole: {
      enabled: true,
      unhandledErrors: true,
      logLevels: [ 'error', 'warn' ]
    },
    sourcemapIgnoreList: [Function: isInNodeModules],
    hmr: false,
    watch: { ignored: [ '**' ] }
  },
  resolve: {
    externalConditions: [ 'node', 'module-sync' ],
    extensions: [
      '.mjs',  '.js',
      '.mts',  '.ts',
      '.jsx',  '.tsx',
      '.json'
    ],
    dedupe: [],
    noExternal: [],
    external: [],
    preserveSymlinks: false,
    tsconfigPaths: true,
    alias: [
      { find: 'randombytes', replacement: 'randombytes/browser' },
      {
        find: /^astro$/,
        replacement: 'd:\\kitchenandall\\kitchenandall\\node_modules\\astro\\dist\\types\\public\\index.js'
      },
      {
        find: 'astro:middleware',
        replacement: 'astro/virtual-modules/middleware.js'
      },
      { find: 'astro:schema', replacement: 'astro/zod' },
      { find: 'astro:components', replacement: 'astro/components' },
      {
        find: /^\/?@vite\/env/,
        replacement: '/@fs/d:/kitchenandall/kitchenandall/node_modules/vite/dist/client/env.mjs'
      },
      {
        find: /^\/?@vite\/client/,
        replacement: '/@fs/d:/kitchenandall/kitchenandall/node_modules/vite/dist/client/client.mjs'
      }
    ],
    mainFields: [ 'browser', 'module', 'jsnext:main', 'jsnext' ],
    conditions: [ 'module', 'browser', 'development|production', 'astro' ],
    builtins: []
  },
  build: {
    target: 'esnext',
    polyfillModulePreload: true,
    modulePreload: { polyfill: false },
    outDir: 'dist',
    assetsDir: '_astro',
    assetsInlineLimit: 4096,
    sourcemap: false,
    terserOptions: {},
    chunkImportMap: false,
    rolldownOptions: {
      platform: 'node',
      preserveEntrySignatures: 'exports-only',
      checks: { pluginTimings: false },
      output: {
        hoistTransitiveImports: false,
        format: 'esm',
        minifyInternalExports: true,
        chunkFileNames: [Function: chunkFileNames],
        assetFileNames: [Function: assetFileNames],
        entryFileNames: [Function: entryFileNames]
      },
      onwarn: [Function: onwarn]
    },
    commonjsOptions: { include: [ /node_modules/ ], extensions: [ '.js', '.cjs' ] },
    dynamicImportVarsOptions: { exclude: [ /node_modules/ ] },
    write: true,
    emptyOutDir: false,
    copyPublicDir: false,
    license: false,
    manifest: false,
    lib: false,
    ssrManifest: false,
    ssrEmitAssets: true,
    reportCompressedSize: false,
    chunkSizeWarningLimit: 500,
    watch: null,
    cssCodeSplit: true,
    minify: false,
    rollupOptions: [Getter/Setter],
    ssr: true,
    emitAssets: false,
    createEnvironment: [Function: createEnvironment],
    cssMinify: true,
    cssTarget: 'esnext'
  },
  environments: {
    astro: {
      define: {
        'import.meta.env.SITE': 'undefined',
        'import.meta.env.BASE_URL': '"/"',
        'import.meta.env.ASSETS_PREFIX': 'undefined'
      },
      resolve: {
        externalConditions: [ 'node', 'module-sync' ],
        extensions: [
          '.mjs',  '.js',
          '.mts',  '.ts',
          '.jsx',  '.tsx',
          '.json'
        ],
        dedupe: [ 'astro', 'react', 'react-dom' ],
        noExternal: [
          'astro',
          'astro/components',
          '@nanostores/preact',
          '@fontsource/*',
          '@astrojs/internal-helpers',
          '@astrojs/react'
        ],
        external: [],
        preserveSymlinks: false,
        tsconfigPaths: true,
        alias: [
          { find: 'randombytes', replacement: 'randombytes/browser' },
          {
            find: /^astro$/,
            replacement: 'd:\\kitchenandall\\kitchenandall\\node_modules\\astro\\dist\\types\\public\\index.js'
          },
          {
            find: 'astro:middleware',
            replacement: 'astro/virtual-modules/middleware.js'
          },
          { find: 'astro:schema', replacement: 'astro/zod' },
          { find: 'astro:components', replacement: 'astro/components' },
          {
            find: /^\/?@vite\/env/,
            replacement: '/@fs/d:/kitchenandall/kitchenandall/node_modules/vite/dist/client/env.mjs'
          },
          {
            find: /^\/?@vite\/client/,
            replacement: '/@fs/d:/kitchenandall/kitchenandall/node_modules/vite/dist/client/client.mjs'
          }
        ],
        mainFields: [ 'module', 'jsnext:main', 'jsnext' ],
        conditions: [ 'module', 'node', 'development|production', 'astro' ],
        builtins: [
          '_http_agent',         '_http_client',        '_http_common',
          '_http_incoming',      '_http_outgoing',      '_http_server',
          '_stream_duplex',      '_stream_passthrough', '_stream_readable',
          '_stream_transform',   '_stream_wrap',        '_stream_writable',
          '_tls_common',         '_tls_wrap',           'assert',
          'assert/strict',       'async_hooks',         'buffer',
          'child_process',       'cluster',             'console',
          'constants',           'crypto',              'dgram',
          'diagnostics_channel', 'dns',                 'dns/promises',
          'domain',              'events',              'fs',
          'fs/promises',         'http',                'http2',
          'https',               'inspector',           'inspector/promises',
          'module',              'net',                 'os',
          'path',                'path/posix',          'path/win32',
          'perf_hooks',          'process',             'punycode',
          'querystring',         'readline',            'readline/promises',
          'repl',                'stream',              'stream/consumers',
          'stream/promises',     'stream/web',          'string_decoder',
          'sys',                 'timers',              'timers/promises',
          'tls',                 'trace_events',        'tty',
          'url',                 'util',                'util/types',
          'v8',                  'vm',                  'wasi',
          'worker_threads',      'zlib',                /^node:/,
          /^bun:/
        ]
      },
      keepProcessEnv: true,
      consumer: 'server',
      optimizeDeps: {
        include: [],
        exclude: [],
        needsInterop: [],
        rolldownOptions: { resolve: { symlinks: true }, output: { topLevelVar: true } },
        extensions: [],
        disabled: undefined,
        holdUntilCrawlEnd: true,
        force: false,
        ignoreOutdatedRequests: false,
        noDiscovery: true,
        rollupOptions: [Getter/Setter],
        esbuildOptions: { preserveSymlinks: false }
      },
      dev: {
        warmup: [],
        sourcemap: { js: true },
        sourcemapIgnoreList: [Function: isInNodeModules],
        preTransformRequests: false,
        createEnvironment: [Function: defaultCreateDevEnvironment],
        recoverable: false,
        moduleRunnerTransform: true
      },
      build: {
        target: 'esnext',
        polyfillModulePreload: true,
        modulePreload: { polyfill: false },
        outDir: 'dist',
        assetsDir: '_astro',
        assetsInlineLimit: 4096,
        sourcemap: false,
        terserOptions: {},
        chunkImportMap: false,
        rolldownOptions: {
          platform: 'node',
          preserveEntrySignatures: 'exports-only',
          checks: { pluginTimings: false },
          output: {
            hoistTransitiveImports: false,
            format: 'esm',
            minifyInternalExports: true,
            chunkFileNames: [Function: chunkFileNames],
            assetFileNames: [Function: assetFileNames],
            entryFileNames: [Function: entryFileNames]
          },
          onwarn: [Function: onwarn]
        },
        commonjsOptions: { include: [ /node_modules/ ], extensions: [ '.js', '.cjs' ] },
        dynamicImportVarsOptions: { exclude: [ /node_modules/ ] },
        write: true,
        emptyOutDir: false,
        copyPublicDir: false,
        license: false,
        manifest: false,
        lib: false,
        ssrManifest: false,
        ssrEmitAssets: true,
        reportCompressedSize: false,
        chunkSizeWarningLimit: 500,
        watch: null,
        cssCodeSplit: true,
        minify: false,
        rollupOptions: [Getter/Setter],
        ssr: true,
        emitAssets: false,
        createEnvironment: [Function: createEnvironment],
        cssMinify: true,
        cssTarget: 'esnext'
      },
      isBundled: true,
      plugins: [
        {
          name: 'vite:watch-package-data',
          buildStart: [Function: buildStart],
          buildEnd: [Function: buildEnd],
          watchChange: [Function: watchChange]
        },
        BuiltinPlugin {
          name: 'builtin:vite-alias',
          _options: {
            entries: [
              {
                find: 'randombytes',
                replacement: 'randombytes/browser'
              },
              {
                find: /^astro$/,
                replacement: 'd:\\kitchenandall\\kitchenandall\\node_modules\\astro\\dist\\types\\public\\index.js'
              },
              {
                find: 'astro:middleware',
                replacement: 'astro/virtual-modules/middleware.js'
              },
              { find: 'astro:schema', replacement: 'astro/zod' },
              {
                find: 'astro:components',
                replacement: 'astro/components'
              },
              {
                find: /^\/?@vite\/env/,
                replacement: '/@fs/d:/kitchenandall/kitchenandall/node_modules/vite/dist/client/env.mjs'
              },
              {
                find: /^\/?@vite\/client/,
                replacement: '/@fs/d:/kitchenandall/kitchenandall/node_modules/vite/dist/client/client.mjs'
              }
            ]
          },
          enforce: undefined
        },
        {
          name: 'virtual:astro:manifest',
          enforce: 'pre',
          configureServer: [Function: configureServer],
          applyToEnvironment: [Function: applyToEnvironment],
          resolveId: {
            filter: { id: /^virtual:astro:manifest$/ },
            handler: [Function: handler]
          },
          load: {
            filter: { id: /^ virtual:astro:manifest$/ },
            handler: [AsyncFunction: handler]
          }
        },
        {
          name: 'astro:plugin-renderers',
          enforce: 'pre',
          resolveId: {
            filter: { id: /^virtual:astro:renderers$/ },
            handler: [Function: handler]
          },
          load: {
            filter: { id: /^ virtual:astro:renderers$/ },
            handler: [Function: handler]
          }
        },
        {
          name: 'astro:static-paths',
          enforce: 'pre',
          resolveId: {
            filter: { id: /^astro:static-paths$/ },
            handler: [Function: handler]
          },
          load: {
            filter: { id: /^ astro:static-paths$/ },
            handler: [Function: handler]
          }
        },
        {
          name: 'astro:build',
          enforce: 'pre',
          configEnvironment: [AsyncFunction: configEnvironment],
          configResolved: [AsyncFunction: configResolved],
          configureServer: [Function: configureServer],
          buildStart: [Function: buildStart],
          load: {
            filter: { id: /(?:\?|&)astro(?:&|=|$)/ },
            handler: [AsyncFunction: handler]
          },
          transform: {
            filter: {
              id: {
                include: [ /\.astro$/, /\.astro\?/ ],
                exclude: [
                  /(?:\?|&)(?:url|raw|direct)(?:&|$)/,
                  /(?:\?|&)astro(?:&|=|$)/
                ]
              }
            },
            handler: [AsyncFunction: handler]
          },
          handleHotUpdate: [AsyncFunction: handleHotUpdate]
        },
        {
          name: 'astro-env-plugin',
          enforce: 'pre',
          config: [Function: config],
          buildStart: [Function: buildStart],
          resolveId: {
            filter: {
              id: /^(astro:env\/client|astro:env\/server|virtual:astro:env\/internal)$/
            },
            handler: [Function: handler]
          },
          load: {
            filter: {
              id: /^( astro:env\/client| astro:env\/server| virtual:astro:env\/internal)$/
            },
            handler: [Function: handler]
          }
        },
        {
          enforce: 'pre',
          name: 'astro:markdown',
          buildEnd: [Function: buildEnd],
          resolveId: {
            filter: { id: /^[^/]/ },
            handler: [AsyncFunction: handler]
          },
          load: {
            filter: {
              id: {
                include: /\.(markdown|mdown|mkdn|mkd|mdwn|md)(\?|$)/,
                exclude: /(?:\?|&)(?:url|raw|direct)(?:&|$)/
              }
            },
            handler: [AsyncFunction: handler]
          }
        },
        {
          name: 'astro-content-virtual-mod-plugin',
          enforce: 'pre',
          config: [Function: config],
          buildStart: [Function: buildStart],
          resolveId: {
            filter: {
              id: /^(astro:content|astro:data-layer-content|astro:content-module-imports|astro:asset-imports)$|(?:\?|&)astroContentModuleFlag(?:&|=|$)/
            },
            handler: [AsyncFunction: handler]
          },
          load: {
            filter: {
              id: /^( astro:content| astro:data-layer-content| astro:asset-imports| astro:content-module-imports)$/
            },
            handler: [AsyncFunction: handler]
          },
          configureServer: [Function: configureServer]
        },
        {
          name: 'astro:content-asset-propagation',
          enforce: 'pre',
          resolveId: {
            filter: {
              id: /(?:\?|&)(?:astroContentImageFlag|astroRenderContent)(?:&|=|$)/
            },
            handler: [AsyncFunction: handler]
          },
          configureServer: [Function: configureServer],
          transform: {
            filter: { id: /(?:\?|&)astroPropagatedAssets(?:&|=|$)/ },
            handler: [AsyncFunction: handler]
          }
        },
        {
          name: 'astro:assets:esm',
          enforce: 'pre',
          config: [Function: config],
          configResolved: [Function: configResolved],
          load: {
            filter: { id: /\.(jpeg|jpg|png|tiff|webp|gif|svg|avif)/i },
            handler: [AsyncFunction: handler]
          }
        },
        {
          name: 'astro:vite-plugin-file-url',
          enforce: 'pre',
          resolveId: {
            filter: { id: /^file:\/\// },
            handler: [Function: handler]
          }
        },
        {
          name: 'astro:i18n',
          enforce: 'pre',
          resolveId: {
            filter: { id: /^astro:i18n$/ },
            handler: [Function: handler]
          }
        },
        {
          name: 'astro:actions',
          enforce: 'pre',
          resolveId: {
            filter: {
              id: /^(astro:actions|virtual:astro:actions\/options|virtual:astro:actions\/entrypoint)$/
            },
            handler: [AsyncFunction: handler]
          },
          configureServer: [AsyncFunction: configureServer],
          load: {
            filter: {
              id: /^( astro:actions| virtual:astro:actions\/noop-entrypoint| virtual:astro:actions\/entrypoint| virtual:astro:actions\/options)$/
            },
            handler: [AsyncFunction: handler]
          }
        },
        {
          name: 'virtual:astro:session-driver',
          enforce: 'pre',
          resolveId: {
            filter: { id: /^virtual:astro:session-driver$/ },
            handler: [Function: handler]
          },
          load: {
            filter: { id: /^ virtual:astro:session-driver$/ },
            handler: [AsyncFunction: handler]
          }
        },
        {
          name: 'astro:container',
          enforce: 'pre',
          resolveId: {
            filter: { id: /^(astro:container)$/ },
            handler: [Function: handler]
          }
        },
        {
          name: '@tailwindcss/vite:scan',
          enforce: 'pre',
          configureServer: [Function: configureServer],
          configResolved: [AsyncFunction: configResolved]
        },
        {
          name: '@tailwindcss/vite:generate:build',
          apply: 'build',
          enforce: 'pre',
          transform: {
            filter: {
              id: {
                exclude: [
                  /\/\.vite\//,
                  /[?&](?:worker|sharedworker|raw|url)\b/,
                  /\?commonjs-proxy/
                ],
                include: [
                  /\.css(?:\?.*)?$/,
                  /&lang\.css/,
                  /[?&]index=\d+\.css$/
                ]
              }
            },
            handler: [AsyncFunction: handler]
          }
        },
        {
          name: 'vite:react-babel',
          enforce: 'pre',
          config: [Function: config],
          configResolved: [Function: configResolved],
          options: [Function: options]
        },
        {
          name: 'vite:react-refresh-fbm',
          enforce: 'pre',
          transformIndexHtml: { handler: [Function: handler], order: 'pre' }
        },
        {
          name: 'vite:react-refresh',
          enforce: 'pre',
          config: [Function: config],
          resolveId: {
            filter: { id: /^\/@react\-refresh$/ },
            handler: [Function: handler]
          },
          load: {
            filter: { id: /^\/@react\-refresh$/ },
            handler: [Function: handler]
          },
          transformIndexHtml: [Function: transformIndexHtml]
        },
        {
          name: 'vite:resolve-builtin:get-environment',
          buildStart: [Function: buildStart],
          perEnvironmentStartEndDuringDev: true
        },
        BuiltinPlugin {
          name: 'builtin:vite-resolve',
          _options: {
            resolveOptions: {
              isBuild: true,
              isProduction: true,
              asSrc: true,
              preferRelative: false,
              isRequire: undefined,
              root: 'D:/kitchenandall/kitchenandall',
              scan: false,
              mainFields: [ 'module', 'jsnext:main', 'jsnext', 'main' ],
              conditions: [ 'module', 'node', 'development|production', 'astro' ],
              externalConditions: [ 'node', 'module-sync' ],
              extensions: [
                '.mjs',  '.js',
                '.mts',  '.ts',
                '.jsx',  '.tsx',
                '.json'
              ],
              tryIndex: true,
              tryPrefix: undefined,
              preserveSymlinks: false,
              tsconfigPaths: true
            },
            environmentConsumer: 'server',
            environmentName: 'astro',
            builtins: [
              '_http_agent',
              '_http_client',
              '_http_common',
              '_http_incoming',
              '_http_outgoing',
              '_http_server',
              '_stream_duplex',
              '_stream_passthrough',
              '_stream_readable',
              '_stream_transform',
              '_stream_wrap',
              '_stream_writable',
              '_tls_common',
              '_tls_wrap',
              'assert',
              'assert/strict',
              'async_hooks',
              'buffer',
              'child_process',
              'cluster',
              'console',
              'constants',
              'crypto',
              'dgram',
              'diagnostics_channel',
              'dns',
              'dns/promises',
              'domain',
              'events',
              'fs',
              'fs/promises',
              'http',
              'http2',
              'https',
              'inspector',
              'inspector/promises',
              'module',
              'net',
              'os',
              'path',
              'path/posix',
              'path/win32',
              'perf_hooks',
              'process',
              'punycode',
              'querystring',
              'readline',
              'readline/promises',
              'repl',
              'stream',
              'stream/consumers',
              'stream/promises',
              'stream/web',
              'string_decoder',
              'sys',
              'timers',
              'timers/promises',
              'tls',
              'trace_events',
              'tty',
              'url',
              'util',
              'util/types',
              'v8',
              'vm',
              'wasi',
              'worker_threads',
              'zlib',
              /^node:/,
              /^bun:/
            ],
            external: [],
            noExternal: [
              'astro',
              'astro/components',
              '@nanostores/preact',
              '@fontsource/*',
              '@astrojs/internal-helpers',
              '@astrojs/react'
            ],
            dedupe: [ 'astro', 'react', 'react-dom' ],
            disableCache: false,
            legacyInconsistentCjsInterop: undefined,
            finalizeBareSpecifier: undefined,
            finalizeOtherSpecifiers: undefined,
            resolveSubpathImports: [Function: resolveSubpathImports],
            yarnPnp: false
          },
          enforce: undefined,
          getOrder: [AsyncFunction: wrappedHook],
          load: [AsyncFunction: wrappedHook],
          resolveId: [AsyncFunction: wrappedHook],
          transform: [AsyncFunction: wrappedHook],
          watchChange: [AsyncFunction: wrappedHook],
          perEnvironmentWatchChangeDuringDev: true
        },
        {
          name: 'vite:html-inline-proxy',
          resolveId: {
            filter: { id: /[?&]html-proxy\b/ },
            handler: [Function: handler]
          },
          load: {
            filter: { id: /[?&]html-proxy\b/ },
            handler: [Function: handler]
          }
        },
        {
          name: 'vite:css',
          buildStart: [Function: buildStart],
          buildEnd: [AsyncFunction: buildEnd],
          load: {
            filter: {
              id: /\.(css|less|sass|scss|styl|stylus|pcss|postcss|sss)(?:$|\?)/
            },
            handler: [Function: handler]
          },
          transform: {
            filter: {
              id: {
                include: /\.(css|less|sass|scss|styl|stylus|pcss|postcss|sss)(?:$|\?)/,
                exclude: [
                  /[?&]commonjs-proxy/,
                  /[?&](?:worker|sharedworker|raw|url)\b/
                ]
              }
            },
            handler: [AsyncFunction: handler]
          }
        },
        BuiltinPlugin {
          name: 'builtin:vite-transform',
          _options: {
            root: 'D:/kitchenandall/kitchenandall',
            include: [ /\.(m?ts|[jt]sx)$/ ],
            exclude: [ /\.js$/ ],
            jsxRefreshInclude: [ /\.[tj]sx?(?:\?.*)?$/ ],
            jsxRefreshExclude: [ /\.astro(?:\?.*)?$/ ],
            isServerConsumer: true,
            jsxInject: undefined,
            transformOptions: {
              jsx: {
                development: false,
                runtime: 'automatic',
                importSource: undefined,
                refresh: false
              },
              sourcemap: true
            },
            yarnPnp: false
          },
          enforce: undefined
        },
        BuiltinPlugin {
          name: 'builtin:vite-json',
          _options: { namedExports: true, stringify: 'auto', minify: true },
          enforce: undefined,
          getOrder: [AsyncFunction: wrappedHook],
          load: [AsyncFunction: wrappedHook],
          resolveId: [AsyncFunction: wrappedHook],
          transform: [AsyncFunction: wrappedHook],
          watchChange: [AsyncFunction: wrappedHook]
        },
        {
          name: 'vite:wasm-helper',
          resolveId: {
            filter: { id: /^ vite\/wasm\-helper\.js$/ },
            handler: [Function: handler]
          },
          load: {
            filter: {
              id: [
                /^ vite\/wasm\-helper\.js$/,
                /(?<![?#].*)\.wasm\?init/,
                /(?<![?#].*)\.wasm$/
              ]
            },
            handler: [AsyncFunction: handler]
          },
          renderChunk: {
            filter: { code: /__VITE_WASM_INIT__([\w$]+)__/g },
            handler: [Function: handler]
          }
        },
        {
          name: 'vite:worker',
          buildStart: [Function: buildStart],
          load: {
            filter: { id: /(?:\?|&)(worker|sharedworker)(?:&|$)/ },
            handler: [AsyncFunction: handler]
          },
          transform: {
            filter: { id: /(?:\?|&)worker_file&type=(\w+)(?:&|$)/ },
            handler: [Function: handler]
          },
          renderChunk: [Function: renderChunk],
          generateBundle: [Function: generateBundle],
          watchChange: [Function: watchChange]
        },
        {
          name: 'vite:asset',
          perEnvironmentStartEndDuringDev: true,
          buildStart: [Function: buildStart],
          resolveId: {
            filter: {
              id: [
                /(\?|&)url(?:&|$)/,
                /\.(apng|bmp|png|jpe?g|jfif|pjpeg|pjp|gif|svg|ico|webp|avif|cur|jxl|mp4|webm|ogg|mp3|wav|flac|aac|opus|mov|m4a|vtt|woff2?|eot|ttf|otf|webmanifest|pdf|txt)(\?.*)?$/i
              ]
            },
            handler: [Function: handler]
          },
          load: {
            filter: {
              id: {
                include: [
                  /(\?|&)raw(?:&|$)/,
                  /(\?|&)url(?:&|$)/,
                  /\.(apng|bmp|png|jpe?g|jfif|pjpeg|pjp|gif|svg|ico|webp|avif|cur|jxl|mp4|webm|ogg|mp3|wav|flac|aac|opus|mov|m4a|vtt|woff2?|eot|ttf|otf|webmanifest|pdf|txt)(\?.*)?$/i
                ],
                exclude: /^\0/
              }
            },
            handler: [AsyncFunction: handler]
          },
          renderChunk: [Function: renderChunk],
          generateBundle: [Function: generateBundle],
          watchChange: [Function: watchChange]
        },
        {
          name: 'vite:forward-console',
          apply: 'serve',
          configureServer: [Function: configureServer]
        },
        {
          name: '@astro/plugin-actions-build',
          applyToEnvironment: [Function: applyToEnvironment],
          writeBundle: [Function: writeBundle]
        },
        {
          name: 'plugin-noop',
          resolveId: {
            filter: { id: /^virtual:astro:noop$/ },
            handler: [Function: handler]
          },
          load: {
            filter: { id: /^ virtual:astro:noop$/ },
            handler: [Function: handler]
          },
          generateBundle: [Function: generateBundle]
        },
        {
          name: 'astro:watcher-max-listeners',
          configureServer: [Function: configureServer]
        },
        {
          name: 'astro:routes',
          configureServer: [Function: configureServer],
          applyToEnvironment: [Function: applyToEnvironment],
          resolveId: {
            filter: { id: /^virtual:astro:routes$/ },
            handler: [Function: handler]
          },
          load: {
            filter: { id: /^ virtual:astro:routes$/ },
            handler: [Function: handler]
          },
          transform: [AsyncFunction: transform],
          handleHotUpdate: [AsyncFunction: handleHotUpdate]
        },
        {
          name: 'astro-manifest-plugin',
          resolveId: {
            filter: { id: /^(astro:config\/server|astro:config\/client)$/ },
            handler: [Function: handler]
          },
          load: {
            filter: { id: /^( astro:config\/server| astro:config\/client)$/ },
            handler: [Function: handler]
          }
        },
        {
          name: 'astro:environment',
          configEnvironment: [Function: configEnvironment]
        },
        {
          name: 'astro:build:normal',
          resolveId: {
            filter: { id: /(?:\?|&)astro(?:&|=|$)/ },
            handler: [Function: handler]
          }
        },
        {
          name: 'astro:scripts',
          config: [Function: config],
          resolveId: {
            filter: { id: /^astro:scripts\// },
            handler: [Function: handler]
          },
          load: {
            filter: {
              id: /^(astro:scripts\/before-hydration.js|astro:scripts\/page.js|astro:scripts\/page-ssr.js)$/
            },
            handler: [Function: handler]
          },
          buildStart: [Function: buildStart]
        },
        {
          name: 'astro:app',
          configResolved: [Function: configResolved],
          resolveId: {
            filter: { id: /^virtual:astro:app$/ },
            handler: [Function: handler]
          },
          load: {
            filter: { id: /^ virtual:astro:app$/ },
            handler: [Function: handler]
          }
        },
        {
          name: 'astro:server-app',
          resolveId: {
            filter: { id: /^astro:server-app$/ },
            handler: [Function: handler]
          }
        },
        {
          name: '@astro/plugin-fetchable',
          applyToEnvironment: [Function: applyToEnvironment],
          configureServer: [Function: configureServer],
          resolveId: {
            filter: { id: /^virtual:astro:fetchable$/ },
            handler: [AsyncFunction: handler]
          },
          load: {
            filter: { id: /^ virtual:astro:fetchable$/ },
            handler: [Function: handler]
          }
        },
        {
          name: 'astro:adapter-config',
          config: [Function: config],
          resolveId: {
            filter: { id: /^virtual:astro:adapter-config\/client$/ },
            handler: [Function: handler]
          },
          load: {
            filter: { id: /^ virtual:astro:adapter-config\/client$/ },
            handler: [Function: handler]
          }
        },
        {
          name: 'astro:html',
          options: [Function: options],
          transform: {
            filter: { id: /\.html$/ },
            handler: [AsyncFunction: transform]
          }
        },
        {
          name: 'astro:integration-container',
          configureServer: [AsyncFunction: configureServer],
          buildStart: [AsyncFunction: buildStart]
        },
        {
          name: 'astro:content-imports',
          config: [Function: config],
          buildStart: [AsyncFunction: buildStart],
          transform: {
            filter: {
              id: /(?:\?|&)(?:astroDataCollectionEntry|astroContentCollectionEntry)(?:&|=|$)/
            },
            handler: [AsyncFunction: handler]
          },
          configureServer: [Function: configureServer]
        },
        {
          name: '@astro/plugin-middleware',
          applyToEnvironment: [Function: applyToEnvironment],
          configureServer: [Function: configureServer],
          resolveId: {
            filter: { id: /^virtual:astro:middleware$/ },
            handler: [AsyncFunction: handler]
          },
          load: {
            filter: { id: /^( noop-middleware| virtual:astro:middleware)$/ },
            handler: [AsyncFunction: handler]
          }
        },
        {
          name: 'astro:assets',
          config: [Function: config],
          resolveId: {
            filter: {
              id: /^(virtual:image-service|astro:assets|virtual:astro:get-image)$/
            },
            handler: [AsyncFunction: handler]
          },
          load: {
            filter: { id: /^( astro:assets| virtual:astro:get-image)$/ },
            handler: [Function: handler]
          },
          buildStart: [Function: buildStart],
          renderChunk: [AsyncFunction: renderChunk]
        },
        {
          name: 'astro:fonts',
          buildStart: [AsyncFunction: buildStart],
          configureServer: [AsyncFunction: configureServer],
          resolveId: {
            filter: {
              id: /^(virtual:astro:assets\/fonts\/internal|virtual:astro:assets\/fonts\/runtime|virtual:astro:assets\/fonts\/runtime\/font-file-url-resolver)$/
            },
            handler: [Function: handler]
          },
          load: {
            filter: {
              id: /^( virtual:astro:assets\/fonts\/internal| virtual:astro:assets\/fonts\/runtime| virtual:astro:assets\/fonts\/runtime\/font-file-url-resolver)$/
            },
            handler: [AsyncFunction: handler]
          },
          buildEnd: [AsyncFunction: buildEnd]
        },
        {
          name: 'astro:image-styles',
          resolveId: {
            filter: { id: /^virtual:astro:image-styles.css$/ },
            handler: [Function: handler]
          },
          load: {
            filter: { id: /^ virtual:astro:image-styles.css$/ },
            handler: [AsyncFunction: handler]
          }
        },
        {
          name: 'astro:prefetch',
          resolveId: {
            filter: { id: /^astro:prefetch$/ },
            handler: [Function: handler]
          },
          load: {
            filter: { id: /^ astro:prefetch$/ },
            handler: [Function: handler]
          },
          transform: {
            filter: { id: /astro\/dist\/prefetch\/index.js/ },
            handler: [Function: handler]
          }
        },
        {
          name: 'astro:transitions',
          resolveId: {
            filter: { id: /^(astro:transitions|astro:transitions\/client)$/ },
            handler: [Function: handler]
          },
          load: {
            filter: { id: /^( astro:transitions| astro:transitions\/client)$/ },
            handler: [Function: handler]
          },
          transform: {
            filter: { id: /ClientRouter\.astro.*\.ts$/ },
            handler: [Function: handler]
          }
        },
        {
          name: 'astro:dev-toolbar',
          config: [Function: config],
          resolveId: {
            filter: { id: /^astro:toolbar:internal$/ },
            handler: [Function: handler]
          },
          configureServer: [Function: configureServer],
          load: {
            filter: { id: /^ astro:toolbar:internal$/ },
            handler: [Function: handler]
          }
        },
        {
          name: 'astro:chromedevtools',
          configureServer: [Function: configureServer]
        },
        {
          name: 'vite:react-virtual-preamble',
          resolveId: {
            order: 'pre',
            filter: { id: /^@vitejs\/plugin\-react\/preamble$/ },
            handler: [Function: handler]
          },
          load: {
            filter: { id: /^ @vitejs\/plugin\-react\/preamble$/ },
            handler: [Function: handler]
          }
        },
        {
          name: '@astrojs/react:opts',
          resolveId: {
            filter: { id: /^astro:react:opts$/ },
            handler: [Function: handler]
          },
          load: {
            filter: { id: /^ astro:react:opts$/ },
            handler: [Function: handler]
          }
        },
        {
          name: '@astrojs/react:environment',
          configEnvironment: [Function: configEnvironment]
        },
        {
          name: 'astro:vite-plugin-env',
          config: [Function: config],
          configResolved: [Function: configResolved],
          transform: {
            filter: {
              id: {
                exclude: [
                  /.*\.(html|htm|json)$/,
                  /\.(css|less|sass|scss|styl|stylus|pcss|postcss|sss)(?:$|\?)/
                ]
              },
              code: /import\.meta\.env/
            },
            handler: [Function: handler]
          }
        },
        { name: 'vite:define', options: [Function: options] },
        {
          name: 'vite:css-post',
          renderStart: [Function: renderStart],
          transform: {
            filter: {
              id: {
                include: /\.(css|less|sass|scss|styl|stylus|pcss|postcss|sss)(?:$|\?)/,
                exclude: [
                  /[?&]commonjs-proxy/,
                  /[?&](?:worker|sharedworker|raw|url)\b/
                ]
              }
            },
            handler: [AsyncFunction: handler]
          },
          renderChunk: [AsyncFunction: renderChunk],
          augmentChunkHash: [Function: augmentChunkHash],
          generateBundle: [AsyncFunction: generateBundle]
        },
        {
          name: 'vite:build-html',
          applyToEnvironment: [Function: applyToEnvironment],
          transform: {
            filter: { id: /\.html$/ },
            handler: [AsyncFunction: handler]
          },
          generateBundle: [AsyncFunction: generateBundle]
        },
        {
          name: 'vite:prepare-out-dir',
          watchChange: [Function: watchChange],
          renderStart: { order: 'pre', handler: [Function: handler] }
        },
        BuiltinPlugin {
          name: 'builtin:vite-dynamic-import-vars',
          _options: {
            include: undefined,
            exclude: [ /node_modules/ ],
            resolver: [Function: resolver],
            sourcemap: false
          },
          enforce: undefined
        },
        BuiltinPlugin {
          name: 'builtin:vite-import-glob',
          _options: {
            root: 'D:/kitchenandall/kitchenandall',
            sourcemap: false,
            restoreQueryExtension: false
          },
          enforce: undefined
        },
        {
          name: 'astro:css-target-lowering',
          enforce: 'post',
          configResolved: [Function: configResolved],
          generateBundle: [AsyncFunction: generateBundle]
        },
        {
          name: 'astro:scripts:page-ssr',
          enforce: 'post',
          transform: [Function: transform]
        },
        {
          name: 'astro:server-islands',
          enforce: 'post',
          api: { hasServerIslands: [Function: hasServerIslands] },
          config: [Function: config],
          buildStart: [Function: buildStart],
          configureServer: [Function: configureServer],
          resolveId: {
            filter: { id: /^virtual:astro:server-island-manifest$/ },
            handler: [Function: handler]
          },
          load: {
            filter: { id: /^ virtual:astro:server-island-manifest$/ },
            handler: [Function: handler]
          },
          transform: {
            filter: {
              id: {
                include: [
                  /\.(astro|mdx)$/,
                  /^ virtual:astro:server-island-manifest$/
                ]
              }
            },
            handler: [AsyncFunction: handler]
          },
          renderChunk: [Function: renderChunk]
        },
        {
          name: 'astro:hmr-reload',
          enforce: 'post',
          hotUpdate: { order: 'post', handler: [Function: handler] }
        },
        {
          name: 'vite:react:config-post',
          enforce: 'post',
          config: [Function: config]
        },
        {
          name: 'astro:resolve-input',
          enforce: 'post',
          config: [Function: config],
          configResolved: [Function: configResolved]
        },
        {
          name: 'astro:build-generate',
          enforce: 'post',
          buildApp: { order: 'post', handler: [AsyncFunction: handler] }
        },
        {
          name: 'vite:build-import-analysis',
          renderChunk: [Function: renderChunk],
          generateBundle: [AsyncFunction: generateBundle]
        },
        BuiltinPlugin {
          name: 'builtin:vite-build-import-analysis',
          _options: {
            preloadCode: 'const scriptRel = /* @__PURE__ */ (function detectScriptRel() {\n' +
              '\tconst relList = typeof document !== "undefined" && document.createElement("link").relList;\n' +
              '\treturn relList && relList.supports && relList.supports("modulepreload") ? "modulepreload" : "preload";\n' +
              '})();const assetsURL = function(dep) { return "/"+dep };const seen = {};export const __vitePreload = function preload(baseModule, deps, importerUrl) {\n' +
              '\tlet promise = Promise.resolve();\n' +
              '\tif (__VITE_IS_MODERN__ && deps && deps.length > 0) {\n' +
              '\t\tconst links = document.getElementsByTagName("link");\n' +
              '\t\tconst cspNonceMeta = document.querySelector("meta[property=csp-nonce]");\n' +
              '\t\tconst cspNonce = cspNonceMeta?.nonce || cspNonceMeta?.getAttribute("nonce");\n' +
              '\t\tfunction allSettled(promises) {\n' +
              '\t\t\treturn Promise.all(promises.map((p) => Promise.resolve(p).then((value) => ({\n' +
              '\t\t\t\tstatus: "fulfilled",\n' +
              '\t\t\t\tvalue\n' +
              '\t\t\t}), (reason) => ({\n' +
              '\t\t\t\tstatus: "rejected",\n' +
              '\t\t\t\treason\n' +
              '\t\t\t}))));\n' +
              '\t\t}\n' +
              '\t\tfunction importMetaResolve(specifier) {\n' +
              '\t\t\tif (import.meta.resolve) return import.meta.resolve(specifier);\n' +
              '\t\t\treturn new URL(\n' +
              '\t\t\t\tspecifier,\n' +
              '\t\t\t\t/** #__KEEP__ */\n' +
              '\t\t\t\timport.meta.url\n' +
              '\t\t\t).href;\n' +
              '\t\t}\n' +
              '\t\tpromise = allSettled(deps.map((dep) => {\n' +
              '\t\t\tdep = assetsURL(dep, importerUrl);\n' +
              '\t\t\tdep = importMetaResolve(dep);\n' +
              '\t\t\tif (dep in seen) return;\n' +
              '\t\t\tseen[dep] = true;\n' +
              '\t\t\tconst isCss = dep.endsWith(".css");\n' +
              '\t\t\tfor (let i = links.length - 1; i >= 0; i--) {\n' +
              '\t\t\t\tconst link = links[i];\n' +
              '\t\t\t\tif (link.href === dep && (!isCss || link.rel === "stylesheet")) return;\n' +
              '\t\t\t}\n' +
              '\t\t\tconst link = document.createElement("link");\n' +
              '\t\t\tlink.rel = isCss ? "stylesheet" : scriptRel;\n' +
              '\t\t\tif (!isCss) link.as = "script";\n' +
              '\t\t\tlink.crossOrigin = "";\n' +
              '\t\t\tlink.href = dep;\n' +
              '\t\t\tif (cspNonce) link.setAttribute("nonce", cspNonce);\n' +
              '\t\t\tdocument.head.appendChild(link);\n' +
              '\t\t\tif (isCss) return new Promise((res, rej) => {\n' +
              '\t\t\t\tlink.addEventListener("load", res);\n' +
              '\t\t\t\tlink.addEventListener("error", () => rej(/* @__PURE__ */ new Error(`Unable to preload CSS for ${dep}`)));\n' +
              '\t\t\t});\n' +
              '\t\t}));\n' +
              '\t}\n' +
              '\tfunction handlePreloadError(err) {\n' +
              '\t\tconst e = new Event("vite:preloadError", { cancelable: true });\n' +
              '\t\te.payload = err;\n' +
              '\t\twindow.dispatchEvent(e);\n' +
              '\t\tif (!e.defaultPrevented) throw err;\n' +
              '\t}\n' +
              '\treturn promise.then((res) => {\n' +
              '\t\tfor (const item of res || []) {\n' +
              '\t\t\tif (item.status !== "rejected") continue;\n' +
              '\t\t\thandlePreloadError(item.reason);\n' +
              '\t\t}\n' +
              '\t\treturn baseModule().catch(handlePreloadError);\n' +
              '\t});\n' +
              '}',
            insertPreload: false,
            optimizeModulePreloadRelativePaths: false,
            renderBuiltUrl: false,
            isRelativeBase: false
          },
          enforce: undefined
        },
        {
          name: 'vite:license',
          generateBundle: [Function: generateBundle]
        },
        BuiltinPlugin {
          name: 'builtin:vite-reporter',
          _options: {
            root: 'D:/kitchenandall/kitchenandall',
            isTty: false,
            isLib: false,
            assetsDir: '_astro\\',
            chunkLimit: 500,
            logInfo: undefined,
            reportCompressedSize: false,
            warnLargeChunks: false
          },
          enforce: undefined
        },
        BuiltinPlugin {
          name: 'builtin:vite-load-fallback',
          _options: undefined,
          enforce: undefined
        }
      ],
      optimizeDepsPluginNames: []
    },
    prerender: {
      define: {
        'import.meta.env.SITE': 'undefined',
        'import.meta.env.BASE_URL': '"/"',
        'import.meta.env.ASSETS_PREFIX': 'undefined'
      },
      resolve: {
        externalConditions: [ 'node', 'module-sync' ],
        extensions: [
          '.mjs',  '.js',
          '.mts',  '.ts',
          '.jsx',  '.tsx',
          '.json'
        ],
        dedupe: [ 'astro', 'react', 'react-dom' ],
        noExternal: [
          'astro',
          '@astrojs/internal-helpers',
          'astro',
          'astro/components',
          '@nanostores/preact',
          '@fontsource/*',
          '@astrojs/internal-helpers',
          '@astrojs/react'
        ],
        external: [],
        preserveSymlinks: false,
        tsconfigPaths: true,
        alias: [
          { find: 'randombytes', replacement: 'randombytes/browser' },
          {
            find: /^astro$/,
            replacement: 'd:\\kitchenandall\\kitchenandall\\node_modules\\astro\\dist\\types\\public\\index.js'
          },
          {
            find: 'astro:middleware',
            replacement: 'astro/virtual-modules/middleware.js'
          },
          { find: 'astro:schema', replacement: 'astro/zod' },
          { find: 'astro:components', replacement: 'astro/components' },
          {
            find: /^\/?@vite\/env/,
            replacement: '/@fs/d:/kitchenandall/kitchenandall/node_modules/vite/dist/client/env.mjs'
          },
          {
            find: /^\/?@vite\/client/,
            replacement: '/@fs/d:/kitchenandall/kitchenandall/node_modules/vite/dist/client/client.mjs'
          }
        ],
        mainFields: [ 'module', 'jsnext:main', 'jsnext' ],
        conditions: [ 'module', 'node', 'development|production', 'astro' ],
        builtins: [
          '_http_agent',         '_http_client',        '_http_common',
          '_http_incoming',      '_http_outgoing',      '_http_server',
          '_stream_duplex',      '_stream_passthrough', '_stream_readable',
          '_stream_transform',   '_stream_wrap',        '_stream_writable',
          '_tls_common',         '_tls_wrap',           'assert',
          'assert/strict',       'async_hooks',         'buffer',
          'child_process',       'cluster',             'console',
          'constants',           'crypto',              'dgram',
          'diagnostics_channel', 'dns',                 'dns/promises',
          'domain',              'events',              'fs',
          'fs/promises',         'http',                'http2',
          'https',               'inspector',           'inspector/promises',
          'module',              'net',                 'os',
          'path',                'path/posix',          'path/win32',
          'perf_hooks',          'process',             'punycode',
          'querystring',         'readline',            'readline/promises',
          'repl',                'stream',              'stream/consumers',
          'stream/promises',     'stream/web',          'string_decoder',
          'sys',                 'timers',              'timers/promises',
          'tls',                 'trace_events',        'tty',
          'url',                 'util',                'util/types',
          'v8',                  'vm',                  'wasi',
          'worker_threads',      'zlib',                /^node:/,
          /^bun:/
        ]
      },
      keepProcessEnv: true,
      consumer: 'server',
      optimizeDeps: {
        include: [],
        exclude: [],
        needsInterop: [],
        rolldownOptions: { resolve: { symlinks: true }, output: { topLevelVar: true } },
        extensions: [],
        disabled: undefined,
        holdUntilCrawlEnd: true,
        force: false,
        ignoreOutdatedRequests: false,
        noDiscovery: true,
        rollupOptions: [Getter/Setter],
        esbuildOptions: { preserveSymlinks: false }
      },
      dev: {
        warmup: [],
        sourcemap: { js: true },
        sourcemapIgnoreList: [Function: isInNodeModules],
        preTransformRequests: false,
        createEnvironment: [Function: defaultCreateDevEnvironment],
        recoverable: false,
        moduleRunnerTransform: true
      },
      build: {
        target: 'esnext',
        polyfillModulePreload: true,
        modulePreload: { polyfill: false },
        outDir: 'D:\\kitchenandall\\kitchenandall\\dist\\.prerender\\',
        assetsDir: '_astro',
        assetsInlineLimit: 4096,
        sourcemap: false,
        terserOptions: {},
        chunkImportMap: false,
        rolldownOptions: {
          platform: 'node',
          preserveEntrySignatures: 'exports-only',
          checks: { pluginTimings: false },
          output: {
            hoistTransitiveImports: false,
            format: 'esm',
            minifyInternalExports: true,
            chunkFileNames: [Function: chunkFileNames],
            assetFileNames: [Function: assetFileNames],
            entryFileNames: 'prerender-entry.[hash].mjs'
          },
          onwarn: [Function: onwarn],
          input: 'astro/entrypoints/prerender',
          external: [ 'sharp' ]
        },
        commonjsOptions: { include: [ /node_modules/ ], extensions: [ '.js', '.cjs' ] },
        dynamicImportVarsOptions: { exclude: [ /node_modules/ ] },
        write: true,
        emptyOutDir: false,
        copyPublicDir: false,
        license: false,
        manifest: true,
        lib: false,
        ssrManifest: false,
        ssrEmitAssets: true,
        reportCompressedSize: false,
        chunkSizeWarningLimit: 500,
        watch: null,
        cssCodeSplit: true,
        minify: false,
        rollupOptions: [Getter/Setter],
        ssr: true,
        emitAssets: true,
        createEnvironment: [Function: createEnvironment],
        cssMinify: true,
        cssTarget: 'esnext'
      },
      isBundled: true,
      plugins: [
        {
          name: 'vite:watch-package-data',
          buildStart: [Function: buildStart],
          buildEnd: [Function: buildEnd],
          watchChange: [Function: watchChange]
        },
        BuiltinPlugin {
          name: 'builtin:vite-alias',
          _options: {
            entries: [
              {
                find: 'randombytes',
                replacement: 'randombytes/browser'
              },
              {
                find: /^astro$/,
                replacement: 'd:\\kitchenandall\\kitchenandall\\node_modules\\astro\\dist\\types\\public\\index.js'
              },
              {
                find: 'astro:middleware',
                replacement: 'astro/virtual-modules/middleware.js'
              },
              { find: 'astro:schema', replacement: 'astro/zod' },
              {
                find: 'astro:components',
                replacement: 'astro/components'
              },
              {
                find: /^\/?@vite\/env/,
                replacement: '/@fs/d:/kitchenandall/kitchenandall/node_modules/vite/dist/client/env.mjs'
              },
              {
                find: /^\/?@vite\/client/,
                replacement: '/@fs/d:/kitchenandall/kitchenandall/node_modules/vite/dist/client/client.mjs'
              }
            ]
          },
          enforce: undefined
        },
        {
          name: 'virtual:astro:manifest',
          enforce: 'pre',
          configureServer: [Function: configureServer],
          applyToEnvironment: [Function: applyToEnvironment],
          resolveId: {
            filter: { id: /^virtual:astro:manifest$/ },
            handler: [Function: handler]
          },
          load: {
            filter: { id: /^ virtual:astro:manifest$/ },
            handler: [AsyncFunction: handler]
          }
        },
        {
          name: 'astro:plugin-renderers',
          enforce: 'pre',
          resolveId: {
            filter: { id: /^virtual:astro:renderers$/ },
            handler: [Function: handler]
          },
          load: {
            filter: { id: /^ virtual:astro:renderers$/ },
            handler: [Function: handler]
          }
        },
        {
          name: 'astro:static-paths',
          enforce: 'pre',
          resolveId: {
            filter: { id: /^astro:static-paths$/ },
            handler: [Function: handler]
          },
          load: {
            filter: { id: /^ astro:static-paths$/ },
            handler: [Function: handler]
          }
        },
        {
          name: 'astro:build',
          enforce: 'pre',
          configEnvironment: [AsyncFunction: configEnvironment],
          configResolved: [AsyncFunction: configResolved],
          configureServer: [Function: configureServer],
          buildStart: [Function: buildStart],
          load: {
            filter: { id: /(?:\?|&)astro(?:&|=|$)/ },
            handler: [AsyncFunction: handler]
          },
          transform: {
            filter: {
              id: {
                include: [ /\.astro$/, /\.astro\?/ ],
                exclude: [
                  /(?:\?|&)(?:url|raw|direct)(?:&|$)/,
                  /(?:\?|&)astro(?:&|=|$)/
                ]
              }
            },
            handler: [AsyncFunction: handler]
          },
          handleHotUpdate: [AsyncFunction: handleHotUpdate]
        },
        {
          name: 'astro-env-plugin',
          enforce: 'pre',
          config: [Function: config],
          buildStart: [Function: buildStart],
          resolveId: {
            filter: {
              id: /^(astro:env\/client|astro:env\/server|virtual:astro:env\/internal)$/
            },
            handler: [Function: handler]
          },
          load: {
            filter: {
              id: /^( astro:env\/client| astro:env\/server| virtual:astro:env\/internal)$/
            },
            handler: [Function: handler]
          }
        },
        {
          enforce: 'pre',
          name: 'astro:markdown',
          buildEnd: [Function: buildEnd],
          resolveId: {
            filter: { id: /^[^/]/ },
            handler: [AsyncFunction: handler]
          },
          load: {
            filter: {
              id: {
                include: /\.(markdown|mdown|mkdn|mkd|mdwn|md)(\?|$)/,
                exclude: /(?:\?|&)(?:url|raw|direct)(?:&|$)/
              }
            },
            handler: [AsyncFunction: handler]
          }
        },
        {
          name: 'astro-content-virtual-mod-plugin',
          enforce: 'pre',
          config: [Function: config],
          buildStart: [Function: buildStart],
          resolveId: {
            filter: {
              id: /^(astro:content|astro:data-layer-content|astro:content-module-imports|astro:asset-imports)$|(?:\?|&)astroContentModuleFlag(?:&|=|$)/
            },
            handler: [AsyncFunction: handler]
          },
          load: {
            filter: {
              id: /^( astro:content| astro:data-layer-content| astro:asset-imports| astro:content-module-imports)$/
            },
            handler: [AsyncFunction: handler]
          },
          configureServer: [Function: configureServer]
        },
        {
          name: 'astro:content-asset-propagation',
          enforce: 'pre',
          resolveId: {
            filter: {
              id: /(?:\?|&)(?:astroContentImageFlag|astroRenderContent)(?:&|=|$)/
            },
            handler: [AsyncFunction: handler]
          },
          configureServer: [Function: configureServer],
          transform: {
            filter: { id: /(?:\?|&)astroPropagatedAssets(?:&|=|$)/ },
            handler: [AsyncFunction: handler]
          }
        },
        {
          name: 'astro:assets:esm',
          enforce: 'pre',
          config: [Function: config],
          configResolved: [Function: configResolved],
          load: {
            filter: { id: /\.(jpeg|jpg|png|tiff|webp|gif|svg|avif)/i },
            handler: [AsyncFunction: handler]
          }
        },
        {
          name: 'astro:vite-plugin-file-url',
          enforce: 'pre',
          resolveId: {
            filter: { id: /^file:\/\// },
            handler: [Function: handler]
          }
        },
        {
          name: 'astro:i18n',
          enforce: 'pre',
          resolveId: {
            filter: { id: /^astro:i18n$/ },
            handler: [Function: handler]
          }
        },
        {
          name: 'astro:actions',
          enforce: 'pre',
          resolveId: {
            filter: {
              id: /^(astro:actions|virtual:astro:actions\/options|virtual:astro:actions\/entrypoint)$/
            },
            handler: [AsyncFunction: handler]
          },
          configureServer: [AsyncFunction: configureServer],
          load: {
            filter: {
              id: /^( astro:actions| virtual:astro:actions\/noop-entrypoint| virtual:astro:actions\/entrypoint| virtual:astro:actions\/options)$/
            },
            handler: [AsyncFunction: handler]
          }
        },
        {
          name: 'virtual:astro:session-driver',
          enforce: 'pre',
          resolveId: {
            filter: { id: /^virtual:astro:session-driver$/ },
            handler: [Function: handler]
          },
          load: {
            filter: { id: /^ virtual:astro:session-driver$/ },
            handler: [AsyncFunction: handler]
          }
        },
        {
          name: 'astro:container',
          enforce: 'pre',
          resolveId: {
            filter: { id: /^(astro:container)$/ },
            handler: [Function: handler]
          }
        },
        {
          name: '@tailwindcss/vite:scan',
          enforce: 'pre',
          configureServer: [Function: configureServer],
          configResolved: [AsyncFunction: configResolved]
        },
        {
          name: '@tailwindcss/vite:generate:build',
          apply: 'build',
          enforce: 'pre',
          transform: {
            filter: {
              id: {
                exclude: [
                  /\/\.vite\//,
                  /[?&](?:worker|sharedworker|raw|url)\b/,
                  /\?commonjs-proxy/
                ],
                include: [
                  /\.css(?:\?.*)?$/,
                  /&lang\.css/,
                  /[?&]index=\d+\.css$/
                ]
              }
            },
            handler: [AsyncFunction: handler]
          }
        },
        {
          name: 'vite:react-babel',
          enforce: 'pre',
          config: [Function: config],
          configResolved: [Function: configResolved],
          options: [Function: options]
        },
        {
          name: 'vite:react-refresh-fbm',
          enforce: 'pre',
          transformIndexHtml: { handler: [Function: handler], order: 'pre' }
        },
        {
          name: 'vite:react-refresh',
          enforce: 'pre',
          config: [Function: config],
          resolveId: {
            filter: { id: /^\/@react\-refresh$/ },
            handler: [Function: handler]
          },
          load: {
            filter: { id: /^\/@react\-refresh$/ },
            handler: [Function: handler]
          },
          transformIndexHtml: [Function: transformIndexHtml]
        },
        {
          name: 'vite:resolve-builtin:get-environment',
          buildStart: [Function: buildStart],
          perEnvironmentStartEndDuringDev: true
        },
        BuiltinPlugin {
          name: 'builtin:vite-resolve',
          _options: {
            resolveOptions: {
              isBuild: true,
              isProduction: true,
              asSrc: true,
              preferRelative: false,
              isRequire: undefined,
              root: 'D:/kitchenandall/kitchenandall',
              scan: false,
              mainFields: [ 'module', 'jsnext:main', 'jsnext', 'main' ],
              conditions: [ 'module', 'node', 'development|production', 'astro' ],
              externalConditions: [ 'node', 'module-sync' ],
              extensions: [
                '.mjs',  '.js',
                '.mts',  '.ts',
                '.jsx',  '.tsx',
                '.json'
              ],
              tryIndex: true,
              tryPrefix: undefined,
              preserveSymlinks: false,
              tsconfigPaths: true
            },
            environmentConsumer: 'server',
            environmentName: 'prerender',
            builtins: [
              '_http_agent',
              '_http_client',
              '_http_common',
              '_http_incoming',
              '_http_outgoing',
              '_http_server',
              '_stream_duplex',
              '_stream_passthrough',
              '_stream_readable',
              '_stream_transform',
              '_stream_wrap',
              '_stream_writable',
              '_tls_common',
              '_tls_wrap',
              'assert',
              'assert/strict',
              'async_hooks',
              'buffer',
              'child_process',
              'cluster',
              'console',
              'constants',
              'crypto',
              'dgram',
              'diagnostics_channel',
              'dns',
              'dns/promises',
              'domain',
              'events',
              'fs',
              'fs/promises',
              'http',
              'http2',
              'https',
              'inspector',
              'inspector/promises',
              'module',
              'net',
              'os',
              'path',
              'path/posix',
              'path/win32',
              'perf_hooks',
              'process',
              'punycode',
              'querystring',
              'readline',
              'readline/promises',
              'repl',
              'stream',
              'stream/consumers',
              'stream/promises',
              'stream/web',
              'string_decoder',
              'sys',
              'timers',
              'timers/promises',
              'tls',
              'trace_events',
              'tty',
              'url',
              'util',
              'util/types',
              'v8',
              'vm',
              'wasi',
              'worker_threads',
              'zlib',
              /^node:/,
              /^bun:/
            ],
            external: [],
            noExternal: [
              'astro',
              '@astrojs/internal-helpers',
              'astro',
              'astro/components',
              '@nanostores/preact',
              '@fontsource/*',
              '@astrojs/internal-helpers',
              '@astrojs/react'
            ],
            dedupe: [ 'astro', 'react', 'react-dom' ],
            disableCache: false,
            legacyInconsistentCjsInterop: undefined,
            finalizeBareSpecifier: undefined,
            finalizeOtherSpecifiers: undefined,
            resolveSubpathImports: [Function: resolveSubpathImports],
            yarnPnp: false
          },
          enforce: undefined,
          getOrder: [AsyncFunction: wrappedHook],
          load: [AsyncFunction: wrappedHook],
          resolveId: [AsyncFunction: wrappedHook],
          transform: [AsyncFunction: wrappedHook],
          watchChange: [AsyncFunction: wrappedHook],
          perEnvironmentWatchChangeDuringDev: true
        },
        {
          name: 'vite:html-inline-proxy',
          resolveId: {
            filter: { id: /[?&]html-proxy\b/ },
            handler: [Function: handler]
          },
          load: {
            filter: { id: /[?&]html-proxy\b/ },
            handler: [Function: handler]
          }
        },
        {
          name: 'vite:css',
          buildStart: [Function: buildStart],
          buildEnd: [AsyncFunction: buildEnd],
          load: {
            filter: {
              id: /\.(css|less|sass|scss|styl|stylus|pcss|postcss|sss)(?:$|\?)/
            },
            handler: [Function: handler]
          },
          transform: {
            filter: {
              id: {
                include: /\.(css|less|sass|scss|styl|stylus|pcss|postcss|sss)(?:$|\?)/,
                exclude: [
                  /[?&]commonjs-proxy/,
                  /[?&](?:worker|sharedworker|raw|url)\b/
                ]
              }
            },
            handler: [AsyncFunction: handler]
          }
        },
        BuiltinPlugin {
          name: 'builtin:vite-transform',
          _options: {
            root: 'D:/kitchenandall/kitchenandall',
            include: [ /\.(m?ts|[jt]sx)$/ ],
            exclude: [ /\.js$/ ],
            jsxRefreshInclude: [ /\.[tj]sx?(?:\?.*)?$/ ],
            jsxRefreshExclude: [ /\.astro(?:\?.*)?$/ ],
            isServerConsumer: true,
            jsxInject: undefined,
            transformOptions: {
              jsx: {
                development: false,
                runtime: 'automatic',
                importSource: undefined,
                refresh: false
              },
              sourcemap: true
            },
            yarnPnp: false
          },
          enforce: undefined
        },
        BuiltinPlugin {
          name: 'builtin:vite-json',
          _options: { namedExports: true, stringify: 'auto', minify: true },
          enforce: undefined,
          getOrder: [AsyncFunction: wrappedHook],
          load: [AsyncFunction: wrappedHook],
          resolveId: [AsyncFunction: wrappedHook],
          transform: [AsyncFunction: wrappedHook],
          watchChange: [AsyncFunction: wrappedHook]
        },
        {
          name: 'vite:wasm-helper',
          resolveId: {
            filter: { id: /^ vite\/wasm\-helper\.js$/ },
            handler: [Function: handler]
          },
          load: {
            filter: {
              id: [
                /^ vite\/wasm\-helper\.js$/,
                /(?<![?#].*)\.wasm\?init/,
                /(?<![?#].*)\.wasm$/
              ]
            },
            handler: [AsyncFunction: handler]
          },
          renderChunk: {
            filter: { code: /__VITE_WASM_INIT__([\w$]+)__/g },
            handler: [Function: handler]
          }
        },
        {
          name: 'vite:worker',
          buildStart: [Function: buildStart],
          load: {
            filter: { id: /(?:\?|&)(worker|sharedworker)(?:&|$)/ },
            handler: [AsyncFunction: handler]
          },
          transform: {
            filter: { id: /(?:\?|&)worker_file&type=(\w+)(?:&|$)/ },
            handler: [Function: handler]
          },
          renderChunk: [Function: renderChunk],
          generateBundle: [Function: generateBundle],
          watchChange: [Function: watchChange]
        },
        {
          name: 'vite:asset',
          perEnvironmentStartEndDuringDev: true,
          buildStart: [Function: buildStart],
          resolveId: {
            filter: {
              id: [
                /(\?|&)url(?:&|$)/,
                /\.(apng|bmp|png|jpe?g|jfif|pjpeg|pjp|gif|svg|ico|webp|avif|cur|jxl|mp4|webm|ogg|mp3|wav|flac|aac|opus|mov|m4a|vtt|woff2?|eot|ttf|otf|webmanifest|pdf|txt)(\?.*)?$/i
              ]
            },
            handler: [Function: handler]
          },
          load: {
            filter: {
              id: {
                include: [
                  /(\?|&)raw(?:&|$)/,
                  /(\?|&)url(?:&|$)/,
                  /\.(apng|bmp|png|jpe?g|jfif|pjpeg|pjp|gif|svg|ico|webp|avif|cur|jxl|mp4|webm|ogg|mp3|wav|flac|aac|opus|mov|m4a|vtt|woff2?|eot|ttf|otf|webmanifest|pdf|txt)(\?.*)?$/i
                ],
                exclude: /^\0/
              }
            },
            handler: [AsyncFunction: handler]
          },
          renderChunk: [Function: renderChunk],
          generateBundle: [Function: generateBundle],
          watchChange: [Function: watchChange]
        },
        {
          name: 'vite:forward-console',
          apply: 'serve',
          configureServer: [Function: configureServer]
        },
        {
          name: '@astro/rolldown-plugin-astro-analyzer',
          applyToEnvironment: [Function: applyToEnvironment],
          generateBundle: [AsyncFunction: generateBundle]
        },
        {
          name: '@astro/plugin-build-internals',
          applyToEnvironment: [Function: applyToEnvironment],
          configEnvironment: [Function: configEnvironment],
          generateBundle: [AsyncFunction: generateBundle]
        },
        {
          name: '@astro/plugin-actions-build',
          applyToEnvironment: [Function: applyToEnvironment],
          writeBundle: [Function: writeBundle]
        },
        {
          name: 'astro:rollup-plugin-build-css',
          applyToEnvironment: [Function: applyToEnvironment],
          generateBundle: [AsyncFunction: generateBundle]
        },
        {
          name: 'astro:head-metadata-build',
          applyToEnvironment: [Function: applyToEnvironment],
          generateBundle: [Function: generateBundle]
        },
        {
          name: 'plugin-noop',
          resolveId: {
            filter: { id: /^virtual:astro:noop$/ },
            handler: [Function: handler]
          },
          load: {
            filter: { id: /^ virtual:astro:noop$/ },
            handler: [Function: handler]
          },
          generateBundle: [Function: generateBundle]
        },
        {
          name: 'astro:ssr-assets',
          applyToEnvironment: [Function: applyToEnvironment],
          configEnvironment: [Function: configEnvironment],
          buildStart: [Function: buildStart],
          generateBundle: [Function: generateBundle],
          writeBundle: {
            sequential: true,
            order: 'post',
            handler: [AsyncFunction: handler]
          }
        },
        {
          name: 'astro:watcher-max-listeners',
          configureServer: [Function: configureServer]
        },
        {
          name: 'astro:routes',
          configureServer: [Function: configureServer],
          applyToEnvironment: [Function: applyToEnvironment],
          resolveId: {
            filter: { id: /^virtual:astro:routes$/ },
            handler: [Function: handler]
          },
          load: {
            filter: { id: /^ virtual:astro:routes$/ },
            handler: [Function: handler]
          },
          transform: [AsyncFunction: transform],
          handleHotUpdate: [AsyncFunction: handleHotUpdate]
        },
        {
          name: 'astro-manifest-plugin',
          resolveId: {
            filter: { id: /^(astro:config\/server|astro:config\/client)$/ },
            handler: [Function: handler]
          },
          load: {
            filter: { id: /^( astro:config\/server| astro:config\/client)$/ },
            handler: [Function: handler]
          }
        },
        {
          name: 'astro:environment',
          configEnvironment: [Function: configEnvironment]
        },
        {
          name: '@astro/plugin-page',
          applyToEnvironment: [Function: applyToEnvironment],
          resolveId: {
            filter: { id: /^virtual:astro:page:/ },
            handler: [Function: handler]
          },
          load: {
            filter: { id: /^ virtual:astro:page:/ },
            handler: [Function: handler]
          }
        },
        {
          name: 'astro:build:normal',
          resolveId: {
            filter: { id: /(?:\?|&)astro(?:&|=|$)/ },
            handler: [Function: handler]
          }
        },
        {
          name: 'astro:scripts',
          config: [Function: config],
          resolveId: {
            filter: { id: /^astro:scripts\// },
            handler: [Function: handler]
          },
          load: {
            filter: {
              id: /^(astro:scripts\/before-hydration.js|astro:scripts\/page.js|astro:scripts\/page-ssr.js)$/
            },
            handler: [Function: handler]
          },
          buildStart: [Function: buildStart]
        },
        {
          name: 'astro:app',
          configResolved: [Function: configResolved],
          resolveId: {
            filter: { id: /^virtual:astro:app$/ },
            handler: [Function: handler]
          },
          load: {
            filter: { id: /^ virtual:astro:app$/ },
            handler: [Function: handler]
          }
        },
        {
          name: 'astro:server-app',
          resolveId: {
            filter: { id: /^astro:server-app$/ },
            handler: [Function: handler]
          }
        },
        {
          name: '@astro/plugin-fetchable',
          applyToEnvironment: [Function: applyToEnvironment],
          configureServer: [Function: configureServer],
          resolveId: {
            filter: { id: /^virtual:astro:fetchable$/ },
            handler: [AsyncFunction: handler]
          },
          load: {
            filter: { id: /^ virtual:astro:fetchable$/ },
            handler: [Function: handler]
          }
        },
        {
          name: 'virtual:astro:dev-css',
          configureServer: [AsyncFunction: configureServer],
          applyToEnvironment: [Function: applyToEnvironment],
          resolveId: {
            filter: {
              id: /^(virtual:astro:dev-css|virtual:astro:dev-css:.*)$/
            },
            handler: [Function: handler]
          },
          load: {
            filter: {
              id: /^( virtual:astro:dev-css| virtual:astro:dev-css:.*)$/
            },
            handler: [AsyncFunction: handler]
          },
          transform: {
            filter: {
              id: {
                include: [
                  /\.(css|less|sass|scss|styl|stylus|pcss|postcss|sss)(?:$|\?)/
                ],
                exclude: [ /(?:\?|&)raw(?:&|$)/, /(?:\?|&)inline\b/ ]
              }
            },
            handler: [Function: handler]
          }
        },
        {
          name: 'virtual:astro:dev-css-all',
          applyToEnvironment: [Function: applyToEnvironment],
          resolveId: {
            filter: { id: /^virtual:astro:dev-css-all$/ },
            handler: [Function: handler]
          },
          load: {
            filter: { id: /^ virtual:astro:dev-css-all$/ },
            handler: [Function: handler]
          }
        },
        {
          name: 'astro:adapter-config',
          config: [Function: config],
          resolveId: {
            filter: { id: /^virtual:astro:adapter-config\/client$/ },
            handler: [Function: handler]
          },
          load: {
            filter: { id: /^ virtual:astro:adapter-config\/client$/ },
            handler: [Function: handler]
          }
        },
        {
          name: 'astro:html',
          options: [Function: options],
          transform: {
            filter: { id: /\.html$/ },
            handler: [AsyncFunction: transform]
          }
        },
        {
          name: 'astro:integration-container',
          configureServer: [AsyncFunction: configureServer],
          buildStart: [AsyncFunction: buildStart]
        },
        {
          name: 'astro:content-imports',
          config: [Function: config],
          buildStart: [AsyncFunction: buildStart],
          transform: {
            filter: {
              id: /(?:\?|&)(?:astroDataCollectionEntry|astroContentCollectionEntry)(?:&|=|$)/
            },
            handler: [AsyncFunction: handler]
          },
          configureServer: [Function: configureServer]
        },
        {
          name: '@astro/plugin-middleware',
          applyToEnvironment: [Function: applyToEnvironment],
          configureServer: [Function: configureServer],
          resolveId: {
            filter: { id: /^virtual:astro:middleware$/ },
            handler: [AsyncFunction: handler]
          },
          load: {
            filter: { id: /^( noop-middleware| virtual:astro:middleware)$/ },
            handler: [AsyncFunction: handler]
          }
        },
        {
          name: 'astro:assets',
          config: [Function: config],
          resolveId: {
            filter: {
              id: /^(virtual:image-service|astro:assets|virtual:astro:get-image)$/
            },
            handler: [AsyncFunction: handler]
          },
          load: {
            filter: { id: /^( astro:assets| virtual:astro:get-image)$/ },
            handler: [Function: handler]
          },
          buildStart: [Function: buildStart],
          renderChunk: [AsyncFunction: renderChunk]
        },
        {
          name: 'astro:fonts',
          buildStart: [AsyncFunction: buildStart],
          configureServer: [AsyncFunction: configureServer],
          resolveId: {
            filter: {
              id: /^(virtual:astro:assets\/fonts\/internal|virtual:astro:assets\/fonts\/runtime|virtual:astro:assets\/fonts\/runtime\/font-file-url-resolver)$/
            },
            handler: [Function: handler]
          },
          load: {
            filter: {
              id: /^( virtual:astro:assets\/fonts\/internal| virtual:astro:assets\/fonts\/runtime| virtual:astro:assets\/fonts\/runtime\/font-file-url-resolver)$/
            },
            handler: [AsyncFunction: handler]
          },
          buildEnd: [AsyncFunction: buildEnd]
        },
        {
          name: 'astro:image-styles',
          resolveId: {
            filter: { id: /^virtual:astro:image-styles.css$/ },
            handler: [Function: handler]
          },
          load: {
            filter: { id: /^ virtual:astro:image-styles.css$/ },
            handler: [AsyncFunction: handler]
          }
        },
        {
          name: 'astro:prefetch',
          resolveId: {
            filter: { id: /^astro:prefetch$/ },
            handler: [Function: handler]
          },
          load: {
            filter: { id: /^ astro:prefetch$/ },
            handler: [Function: handler]
          },
          transform: {
            filter: { id: /astro\/dist\/prefetch\/index.js/ },
            handler: [Function: handler]
          }
        },
        {
          name: 'astro:transitions',
          resolveId: {
            filter: { id: /^(astro:transitions|astro:transitions\/client)$/ },
            handler: [Function: handler]
          },
          load: {
            filter: { id: /^( astro:transitions| astro:transitions\/client)$/ },
            handler: [Function: handler]
          },
          transform: {
            filter: { id: /ClientRouter\.astro.*\.ts$/ },
            handler: [Function: handler]
          }
        },
        {
          name: 'astro:dev-toolbar',
          config: [Function: config],
          resolveId: {
            filter: { id: /^astro:toolbar:internal$/ },
            handler: [Function: handler]
          },
          configureServer: [Function: configureServer],
          load: {
            filter: { id: /^ astro:toolbar:internal$/ },
            handler: [Function: handler]
          }
        },
        {
          name: 'astro:chromedevtools',
          configureServer: [Function: configureServer]
        },
        {
          name: 'vite:react-virtual-preamble',
          resolveId: {
            order: 'pre',
            filter: { id: /^@vitejs\/plugin\-react\/preamble$/ },
            handler: [Function: handler]
          },
          load: {
            filter: { id: /^ @vitejs\/plugin\-react\/preamble$/ },
            handler: [Function: handler]
          }
        },
        {
          name: '@astrojs/react:opts',
          resolveId: {
            filter: { id: /^astro:react:opts$/ },
            handler: [Function: handler]
          },
          load: {
            filter: { id: /^ astro:react:opts$/ },
            handler: [Function: handler]
          }
        },
        {
          name: '@astrojs/react:environment',
          configEnvironment: [Function: configEnvironment]
        },
        {
          name: 'astro:vite-plugin-env',
          config: [Function: config],
          configResolved: [Function: configResolved],
          transform: {
            filter: {
              id: {
                exclude: [
                  /.*\.(html|htm|json)$/,
                  /\.(css|less|sass|scss|styl|stylus|pcss|postcss|sss)(?:$|\?)/
                ]
              },
              code: /import\.meta\.env/
            },
            handler: [Function: handler]
          }
        },
        { name: 'vite:define', options: [Function: options] },
        {
          name: 'vite:css-post',
          renderStart: [Function: renderStart],
          transform: {
            filter: {
              id: {
                include: /\.(css|less|sass|scss|styl|stylus|pcss|postcss|sss)(?:$|\?)/,
                exclude: [
                  /[?&]commonjs-proxy/,
                  /[?&](?:worker|sharedworker|raw|url)\b/
                ]
              }
            },
            handler: [AsyncFunction: handler]
          },
          renderChunk: [AsyncFunction: renderChunk],
          augmentChunkHash: [Function: augmentChunkHash],
          generateBundle: [AsyncFunction: generateBundle]
        },
        {
          name: 'vite:build-html',
          applyToEnvironment: [Function: applyToEnvironment],
          transform: {
            filter: { id: /\.html$/ },
            handler: [AsyncFunction: handler]
          },
          generateBundle: [AsyncFunction: generateBundle]
        },
        {
          name: 'vite:prepare-out-dir',
          watchChange: [Function: watchChange],
          renderStart: { order: 'pre', handler: [Function: handler] }
        },
        BuiltinPlugin {
          name: 'builtin:vite-dynamic-import-vars',
          _options: {
            include: undefined,
            exclude: [ /node_modules/ ],
            resolver: [Function: resolver],
            sourcemap: false
          },
          enforce: undefined
        },
        BuiltinPlugin {
          name: 'builtin:vite-import-glob',
          _options: {
            root: 'D:/kitchenandall/kitchenandall',
            sourcemap: false,
            restoreQueryExtension: false
          },
          enforce: undefined
        },
        {
          name: 'astro:css-target-lowering',
          enforce: 'post',
          configResolved: [Function: configResolved],
          generateBundle: [AsyncFunction: generateBundle]
        },
        {
          name: 'astro:rollup-plugin-single-css',
          enforce: 'post',
          applyToEnvironment: [Function: applyToEnvironment],
          configResolved: [Function: configResolved],
          generateBundle: [Function: generateBundle]
        },
        {
          name: 'astro:rollup-plugin-inline-stylesheets',
          enforce: 'post',
          applyToEnvironment: [Function: applyToEnvironment],
          configResolved: [Function: configResolved],
          generateBundle: [AsyncFunction: generateBundle]
        },
        {
          name: '@astro/plugin-pages',
          enforce: 'post',
          applyToEnvironment: [Function: applyToEnvironment],
          resolveId: {
            filter: { id: /^virtual:astro:pages$/ },
            handler: [Function: handler]
          },
          load: {
            filter: { id: /^ virtual:astro:pages$/ },
            handler: [AsyncFunction: handler]
          }
        },
        {
          name: 'astro:scripts:page-ssr',
          enforce: 'post',
          transform: [Function: transform]
        },
        {
          name: 'astro:server-islands',
          enforce: 'post',
          api: { hasServerIslands: [Function: hasServerIslands] },
          config: [Function: config],
          buildStart: [Function: buildStart],
          configureServer: [Function: configureServer],
          resolveId: {
            filter: { id: /^virtual:astro:server-island-manifest$/ },
            handler: [Function: handler]
          },
          load: {
            filter: { id: /^ virtual:astro:server-island-manifest$/ },
            handler: [Function: handler]
          },
          transform: {
            filter: {
              id: {
                include: [
                  /\.(astro|mdx)$/,
                  /^ virtual:astro:server-island-manifest$/
                ]
              }
            },
            handler: [AsyncFunction: handler]
          },
          renderChunk: [Function: renderChunk]
        },
        {
          name: 'astro:hmr-reload',
          enforce: 'post',
          hotUpdate: { order: 'post', handler: [Function: handler] }
        },
        {
          name: 'vite:react:config-post',
          enforce: 'post',
          config: [Function: config]
        },
        {
          name: 'astro:resolve-input',
          enforce: 'post',
          config: [Function: config],
          configResolved: [Function: configResolved]
        },
        {
          name: 'astro:build-generate',
          enforce: 'post',
          buildApp: { order: 'post', handler: [AsyncFunction: handler] }
        },
        {
          name: 'vite:build-import-analysis',
          renderChunk: [Function: renderChunk],
          generateBundle: [AsyncFunction: generateBundle]
        },
        BuiltinPlugin {
          name: 'builtin:vite-build-import-analysis',
          _options: {
            preloadCode: 'const scriptRel = /* @__PURE__ */ (function detectScriptRel() {\n' +
              '\tconst relList = typeof document !== "undefined" && document.createElement("link").relList;\n' +
              '\treturn relList && relList.supports && relList.supports("modulepreload") ? "modulepreload" : "preload";\n' +
              '})();const assetsURL = function(dep) { return "/"+dep };const seen = {};export const __vitePreload = function preload(baseModule, deps, importerUrl) {\n' +
              '\tlet promise = Promise.resolve();\n' +
              '\tif (__VITE_IS_MODERN__ && deps && deps.length > 0) {\n' +
              '\t\tconst links = document.getElementsByTagName("link");\n' +
              '\t\tconst cspNonceMeta = document.querySelector("meta[property=csp-nonce]");\n' +
              '\t\tconst cspNonce = cspNonceMeta?.nonce || cspNonceMeta?.getAttribute("nonce");\n' +
              '\t\tfunction allSettled(promises) {\n' +
              '\t\t\treturn Promise.all(promises.map((p) => Promise.resolve(p).then((value) => ({\n' +
              '\t\t\t\tstatus: "fulfilled",\n' +
              '\t\t\t\tvalue\n' +
              '\t\t\t}), (reason) => ({\n' +
              '\t\t\t\tstatus: "rejected",\n' +
              '\t\t\t\treason\n' +
              '\t\t\t}))));\n' +
              '\t\t}\n' +
              '\t\tfunction importMetaResolve(specifier) {\n' +
              '\t\t\tif (import.meta.resolve) return import.meta.resolve(specifier);\n' +
              '\t\t\treturn new URL(\n' +
              '\t\t\t\tspecifier,\n' +
              '\t\t\t\t/** #__KEEP__ */\n' +
              '\t\t\t\timport.meta.url\n' +
              '\t\t\t).href;\n' +
              '\t\t}\n' +
              '\t\tpromise = allSettled(deps.map((dep) => {\n' +
              '\t\t\tdep = assetsURL(dep, importerUrl);\n' +
              '\t\t\tdep = importMetaResolve(dep);\n' +
              '\t\t\tif (dep in seen) return;\n' +
              '\t\t\tseen[dep] = true;\n' +
              '\t\t\tconst isCss = dep.endsWith(".css");\n' +
              '\t\t\tfor (let i = links.length - 1; i >= 0; i--) {\n' +
              '\t\t\t\tconst link = links[i];\n' +
              '\t\t\t\tif (link.href === dep && (!isCss || link.rel === "stylesheet")) return;\n' +
              '\t\t\t}\n' +
              '\t\t\tconst link = document.createElement("link");\n' +
              '\t\t\tlink.rel = isCss ? "stylesheet" : scriptRel;\n' +
              '\t\t\tif (!isCss) link.as = "script";\n' +
              '\t\t\tlink.crossOrigin = "";\n' +
              '\t\t\tlink.href = dep;\n' +
              '\t\t\tif (cspNonce) link.setAttribute("nonce", cspNonce);\n' +
              '\t\t\tdocument.head.appendChild(link);\n' +
              '\t\t\tif (isCss) return new Promise((res, rej) => {\n' +
              '\t\t\t\tlink.addEventListener("load", res);\n' +
              '\t\t\t\tlink.addEventListener("error", () => rej(/* @__PURE__ */ new Error(`Unable to preload CSS for ${dep}`)));\n' +
              '\t\t\t});\n' +
              '\t\t}));\n' +
              '\t}\n' +
              '\tfunction handlePreloadError(err) {\n' +
              '\t\tconst e = new Event("vite:preloadError", { cancelable: true });\n' +
              '\t\te.payload = err;\n' +
              '\t\twindow.dispatchEvent(e);\n' +
              '\t\tif (!e.defaultPrevented) throw err;\n' +
              '\t}\n' +
              '\treturn promise.then((res) => {\n' +
              '\t\tfor (const item of res || []) {\n' +
              '\t\t\tif (item.status !== "rejected") continue;\n' +
              '\t\t\thandlePreloadError(item.reason);\n' +
              '\t\t}\n' +
              '\t\treturn baseModule().catch(handlePreloadError);\n' +
              '\t});\n' +
              '}',
            insertPreload: false,
            optimizeModulePreloadRelativePaths: false,
            renderBuiltUrl: false,
            isRelativeBase: false
          },
          enforce: undefined
        },
        {
          name: 'vite:license',
          generateBundle: [Function: generateBundle]
        },
        {
          name: 'native:manifest-envs',
          buildStart: [Function: buildStart]
        },
        BuiltinPlugin {
          name: 'builtin:vite-manifest',
          _options: {
            root: 'D:/kitchenandall/kitchenandall',
            outPath: '.vite/manifest.json',
            isOutputOptionsForLegacyChunks: undefined,
            cssEntries: [Function: cssEntries]
          },
          enforce: undefined
        },
        {
          name: 'native:manifest-compatible',
          generateBundle: [Function: generateBundle]
        },
        BuiltinPlugin {
          name: 'builtin:vite-reporter',
          _options: {
            root: 'D:/kitchenandall/kitchenandall',
            isTty: false,
            isLib: false,
            assetsDir: '_astro\\',
            chunkLimit: 500,
            logInfo: undefined,
            reportCompressedSize: false,
            warnLargeChunks: false
          },
          enforce: undefined
        },
        BuiltinPlugin {
          name: 'builtin:vite-load-fallback',
          _options: undefined,
          enforce: undefined
        }
      ],
      optimizeDepsPluginNames: []
    },
    client: {
      define: {
        'import.meta.env.SITE': 'undefined',
        'import.meta.env.BASE_URL': '"/"',
        'import.meta.env.ASSETS_PREFIX': 'undefined'
      },
      resolve: {
        externalConditions: [ 'node', 'module-sync' ],
        extensions: [
          '.mjs',  '.js',
          '.mts',  '.ts',
          '.jsx',  '.tsx',
          '.json'
        ],
        dedupe: [ 'astro', 'react', 'react-dom' ],
        noExternal: [
          'astro',
          'astro/components',
          '@nanostores/preact',
          '@fontsource/*',
          '@astrojs/internal-helpers',
          '@astrojs/react'
        ],
        external: [],
        preserveSymlinks: false,
        tsconfigPaths: true,
        alias: [
          { find: 'randombytes', replacement: 'randombytes/browser' },
          {
            find: /^astro$/,
            replacement: 'd:\\kitchenandall\\kitchenandall\\node_modules\\astro\\dist\\types\\public\\index.js'
          },
          {
            find: 'astro:middleware',
            replacement: 'astro/virtual-modules/middleware.js'
          },
          { find: 'astro:schema', replacement: 'astro/zod' },
          { find: 'astro:components', replacement: 'astro/components' },
          {
            find: /^\/?@vite\/env/,
            replacement: '/@fs/d:/kitchenandall/kitchenandall/node_modules/vite/dist/client/env.mjs'
          },
          {
            find: /^\/?@vite\/client/,
            replacement: '/@fs/d:/kitchenandall/kitchenandall/node_modules/vite/dist/client/client.mjs'
          }
        ],
        mainFields: [ 'browser', 'module', 'jsnext:main', 'jsnext' ],
        conditions: [ 'module', 'browser', 'development|production', 'astro' ],
        builtins: []
      },
      keepProcessEnv: false,
      consumer: 'client',
      optimizeDeps: {
        include: [
          'react',
          'react-dom',
          'react/jsx-dev-runtime',
          'react/jsx-runtime',
          'astro > aria-query',
          'astro > axobject-query',
          'astro > html-escaper',
          'astro/runtime/client/dev-toolbar/entrypoint.js',
          'react',
          'react/jsx-runtime',
          'react/jsx-dev-runtime',
          'react-dom',
          'react-dom/client',
          '@astrojs/react/client.js'
        ],
        exclude: [
          'astro:*',
          'virtual:astro:*',
          'astro/virtual-modules/prefetch.js',
          '@astrojs/react/server.js'
        ],
        needsInterop: [],
        rolldownOptions: {
          transform: { jsx: { runtime: 'automatic' } },
          resolve: { symlinks: true },
          output: { topLevelVar: true }
        },
        extensions: [],
        disabled: undefined,
        holdUntilCrawlEnd: true,
        force: false,
        ignoreOutdatedRequests: false,
        noDiscovery: false,
        entries: [
          'D:/kitchenandall/kitchenandall/src/**/*.{jsx,tsx,vue,svelte,html}'
        ],
        rollupOptions: [Getter/Setter],
        esbuildOptions: { preserveSymlinks: false }
      },
      dev: {
        warmup: [],
        sourcemap: { js: true },
        sourcemapIgnoreList: [Function: isInNodeModules],
        preTransformRequests: true,
        createEnvironment: [Function: defaultCreateClientDevEnvironment],
        recoverable: true,
        moduleRunnerTransform: false
      },
      build: {
        target: 'esnext',
        polyfillModulePreload: true,
        modulePreload: { polyfill: false },
        outDir: 'D:\\kitchenandall\\kitchenandall\\dist\\',
        assetsDir: '_astro',
        assetsInlineLimit: 4096,
        sourcemap: false,
        terserOptions: {},
        chunkImportMap: false,
        rolldownOptions: {
          platform: 'browser',
          preserveEntrySignatures: 'exports-only',
          checks: { pluginTimings: false },
          output: {
            hoistTransitiveImports: false,
            format: 'esm',
            minifyInternalExports: true,
            chunkFileNames: [Function: chunkFileNames],
            assetFileNames: [Function: assetFileNames],
            entryFileNames: [Function: entryFileNames]
          },
          onwarn: [Function: onwarn]
        },
        commonjsOptions: { include: [ /node_modules/ ], extensions: [ '.js', '.cjs' ] },
        dynamicImportVarsOptions: { exclude: [ /node_modules/ ] },
        write: true,
        emptyOutDir: false,
        copyPublicDir: true,
        license: false,
        manifest: false,
        lib: false,
        ssrManifest: false,
        ssrEmitAssets: true,
        reportCompressedSize: false,
        chunkSizeWarningLimit: 500,
        watch: null,
        cssCodeSplit: true,
        minify: 'oxc',
        rollupOptions: [Getter/Setter],
        ssr: true,
        emitAssets: true,
        createEnvironment: [Function: createEnvironment],
        cssMinify: true,
        cssTarget: 'esnext'
      },
      isBundled: true,
      plugins: [
        {
          name: 'vite:watch-package-data',
          buildStart: [Function: buildStart],
          buildEnd: [Function: buildEnd],
          watchChange: [Function: watchChange]
        },
        BuiltinPlugin {
          name: 'builtin:vite-alias',
          _options: {
            entries: [
              {
                find: 'randombytes',
                replacement: 'randombytes/browser'
              },
              {
                find: /^astro$/,
                replacement: 'd:\\kitchenandall\\kitchenandall\\node_modules\\astro\\dist\\types\\public\\index.js'
              },
              {
                find: 'astro:middleware',
                replacement: 'astro/virtual-modules/middleware.js'
              },
              { find: 'astro:schema', replacement: 'astro/zod' },
              {
                find: 'astro:components',
                replacement: 'astro/components'
              },
              {
                find: /^\/?@vite\/env/,
                replacement: '/@fs/d:/kitchenandall/kitchenandall/node_modules/vite/dist/client/env.mjs'
              },
              {
                find: /^\/?@vite\/client/,
                replacement: '/@fs/d:/kitchenandall/kitchenandall/node_modules/vite/dist/client/client.mjs'
              }
            ]
          },
          enforce: undefined
        },
        {
          name: '@astro/plugin-component-entry',
          enforce: 'pre',
          applyToEnvironment: [Function: applyToEnvironment],
          config: [Function: config],
          resolveId: {
            filter: { id: /^ astro-entry:/ },
            handler: [Function: handler]
          },
          load: {
            filter: { id: /^ astro-entry:/ },
            handler: [AsyncFunction: handler]
          }
        },
        {
          name: 'astro:plugin-renderers',
          enforce: 'pre',
          resolveId: {
            filter: { id: /^virtual:astro:renderers$/ },
            handler: [Function: handler]
          },
          load: {
            filter: { id: /^ virtual:astro:renderers$/ },
            handler: [Function: handler]
          }
        },
        {
          name: 'astro:static-paths',
          enforce: 'pre',
          resolveId: {
            filter: { id: /^astro:static-paths$/ },
            handler: [Function: handler]
          },
          load: {
            filter: { id: /^ astro:static-paths$/ },
            handler: [Function: handler]
          }
        },
        {
          name: 'astro:build:css-hmr',
          enforce: 'pre',
          applyToEnvironment: [Function: applyToEnvironment],
          transform: {
            filter: {
              id: {
                include: [ /(?:\?|&)astro(?:&|=|$)/ ],
                exclude: [ /(?:\?|&)(?:url|raw|direct)(?:&|$)/ ]
              }
            },
            handler: [AsyncFunction: handler]
          }
        },
        {
          name: 'astro:build',
          enforce: 'pre',
          configEnvironment: [AsyncFunction: configEnvironment],
          configResolved: [AsyncFunction: configResolved],
          configureServer: [Function: configureServer],
          buildStart: [Function: buildStart],
          load: {
            filter: { id: /(?:\?|&)astro(?:&|=|$)/ },
            handler: [AsyncFunction: handler]
          },
          transform: {
            filter: {
              id: {
                include: [ /\.astro$/, /\.astro\?/ ],
                exclude: [
                  /(?:\?|&)(?:url|raw|direct)(?:&|$)/,
                  /(?:\?|&)astro(?:&|=|$)/
                ]
              }
            },
            handler: [AsyncFunction: handler]
          },
          handleHotUpdate: [AsyncFunction: handleHotUpdate]
        },
        {
          name: 'astro-env-plugin',
          enforce: 'pre',
          config: [Function: config],
          buildStart: [Function: buildStart],
          resolveId: {
            filter: {
              id: /^(astro:env\/client|astro:env\/server|virtual:astro:env\/internal)$/
            },
            handler: [Function: handler]
          },
          load: {
            filter: {
              id: /^( astro:env\/client| astro:env\/server| virtual:astro:env\/internal)$/
            },
            handler: [Function: handler]
          }
        },
        {
          enforce: 'pre',
          name: 'astro:markdown',
          buildEnd: [Function: buildEnd],
          resolveId: {
            filter: { id: /^[^/]/ },
            handler: [AsyncFunction: handler]
          },
          load: {
            filter: {
              id: {
                include: /\.(markdown|mdown|mkdn|mkd|mdwn|md)(\?|$)/,
                exclude: /(?:\?|&)(?:url|raw|direct)(?:&|$)/
              }
            },
            handler: [AsyncFunction: handler]
          }
        },
        {
          name: 'astro-content-virtual-mod-plugin',
          enforce: 'pre',
          config: [Function: config],
          buildStart: [Function: buildStart],
          resolveId: {
            filter: {
              id: /^(astro:content|astro:data-layer-content|astro:content-module-imports|astro:asset-imports)$|(?:\?|&)astroContentModuleFlag(?:&|=|$)/
            },
            handler: [AsyncFunction: handler]
          },
          load: {
            filter: {
              id: /^( astro:content| astro:data-layer-content| astro:asset-imports| astro:content-module-imports)$/
            },
            handler: [AsyncFunction: handler]
          },
          configureServer: [Function: configureServer]
        },
        {
          name: 'astro:content-asset-propagation',
          enforce: 'pre',
          resolveId: {
            filter: {
              id: /(?:\?|&)(?:astroContentImageFlag|astroRenderContent)(?:&|=|$)/
            },
            handler: [AsyncFunction: handler]
          },
          configureServer: [Function: configureServer],
          transform: {
            filter: { id: /(?:\?|&)astroPropagatedAssets(?:&|=|$)/ },
            handler: [AsyncFunction: handler]
          }
        },
        {
          name: 'astro:assets:esm',
          enforce: 'pre',
          config: [Function: config],
          configResolved: [Function: configResolved],
          load: {
            filter: { id: /\.(jpeg|jpg|png|tiff|webp|gif|svg|avif)/i },
            handler: [AsyncFunction: handler]
          }
        },
        {
          name: 'astro:vite-plugin-file-url',
          enforce: 'pre',
          resolveId: {
            filter: { id: /^file:\/\// },
            handler: [Function: handler]
          }
        },
        {
          name: 'astro:i18n',
          enforce: 'pre',
          resolveId: {
            filter: { id: /^astro:i18n$/ },
            handler: [Function: handler]
          }
        },
        {
          name: 'astro:actions',
          enforce: 'pre',
          resolveId: {
            filter: {
              id: /^(astro:actions|virtual:astro:actions\/options|virtual:astro:actions\/entrypoint)$/
            },
            handler: [AsyncFunction: handler]
          },
          configureServer: [AsyncFunction: configureServer],
          load: {
            filter: {
              id: /^( astro:actions| virtual:astro:actions\/noop-entrypoint| virtual:astro:actions\/entrypoint| virtual:astro:actions\/options)$/
            },
            handler: [AsyncFunction: handler]
          }
        },
        {
          name: 'virtual:astro:session-driver',
          enforce: 'pre',
          resolveId: {
            filter: { id: /^virtual:astro:session-driver$/ },
            handler: [Function: handler]
          },
          load: {
            filter: { id: /^ virtual:astro:session-driver$/ },
            handler: [AsyncFunction: handler]
          }
        },
        {
          name: 'astro:container',
          enforce: 'pre',
          resolveId: {
            filter: { id: /^(astro:container)$/ },
            handler: [Function: handler]
          }
        },
        {
          name: '@tailwindcss/vite:scan',
          enforce: 'pre',
          configureServer: [Function: configureServer],
          configResolved: [AsyncFunction: configResolved]
        },
        {
          name: '@tailwindcss/vite:generate:build',
          apply: 'build',
          enforce: 'pre',
          transform: {
            filter: {
              id: {
                exclude: [
                  /\/\.vite\//,
                  /[?&](?:worker|sharedworker|raw|url)\b/,
                  /\?commonjs-proxy/
                ],
                include: [
                  /\.css(?:\?.*)?$/,
                  /&lang\.css/,
                  /[?&]index=\d+\.css$/
                ]
              }
            },
            handler: [AsyncFunction: handler]
          }
        },
        {
          name: 'vite:react-babel',
          enforce: 'pre',
          config: [Function: config],
          configResolved: [Function: configResolved],
          options: [Function: options]
        },
        {
          name: 'vite:react-refresh-fbm',
          enforce: 'pre',
          transformIndexHtml: { handler: [Function: handler], order: 'pre' }
        },
        {
          name: 'vite:react-refresh',
          enforce: 'pre',
          config: [Function: config],
          resolveId: {
            filter: { id: /^\/@react\-refresh$/ },
            handler: [Function: handler]
          },
          load: {
            filter: { id: /^\/@react\-refresh$/ },
            handler: [Function: handler]
          },
          transformIndexHtml: [Function: transformIndexHtml]
        },
        {
          name: 'vite:resolve-builtin:get-environment',
          buildStart: [Function: buildStart],
          perEnvironmentStartEndDuringDev: true
        },
        BuiltinPlugin {
          name: 'builtin:vite-resolve',
          _options: {
            resolveOptions: {
              isBuild: true,
              isProduction: true,
              asSrc: true,
              preferRelative: false,
              isRequire: undefined,
              root: 'D:/kitchenandall/kitchenandall',
              scan: false,
              mainFields: [ 'browser', 'module', 'jsnext:main', 'jsnext', 'main' ],
              conditions: [
                'module',
                'browser',
                'development|production',
                'astro'
              ],
              externalConditions: [ 'node', 'module-sync' ],
              extensions: [
                '.mjs',  '.js',
                '.mts',  '.ts',
                '.jsx',  '.tsx',
                '.json'
              ],
              tryIndex: true,
              tryPrefix: undefined,
              preserveSymlinks: false,
              tsconfigPaths: true
            },
            environmentConsumer: 'client',
            environmentName: 'client',
            builtins: [],
            external: [],
            noExternal: [
              'astro',
              'astro/components',
              '@nanostores/preact',
              '@fontsource/*',
              '@astrojs/internal-helpers',
              '@astrojs/react'
            ],
            dedupe: [ 'astro', 'react', 'react-dom' ],
            disableCache: false,
            legacyInconsistentCjsInterop: undefined,
            finalizeBareSpecifier: undefined,
            finalizeOtherSpecifiers: undefined,
            resolveSubpathImports: [Function: resolveSubpathImports],
            yarnPnp: false
          },
          enforce: undefined,
          getOrder: [AsyncFunction: wrappedHook],
          load: [AsyncFunction: wrappedHook],
          resolveId: [AsyncFunction: wrappedHook],
          transform: [AsyncFunction: wrappedHook],
          watchChange: [AsyncFunction: wrappedHook],
          perEnvironmentWatchChangeDuringDev: true
        },
        {
          name: 'vite:html-inline-proxy',
          resolveId: {
            filter: { id: /[?&]html-proxy\b/ },
            handler: [Function: handler]
          },
          load: {
            filter: { id: /[?&]html-proxy\b/ },
            handler: [Function: handler]
          }
        },
        {
          name: 'vite:css',
          buildStart: [Function: buildStart],
          buildEnd: [AsyncFunction: buildEnd],
          load: {
            filter: {
              id: /\.(css|less|sass|scss|styl|stylus|pcss|postcss|sss)(?:$|\?)/
            },
            handler: [Function: handler]
          },
          transform: {
            filter: {
              id: {
                include: /\.(css|less|sass|scss|styl|stylus|pcss|postcss|sss)(?:$|\?)/,
                exclude: [
                  /[?&]commonjs-proxy/,
                  /[?&](?:worker|sharedworker|raw|url)\b/
                ]
              }
            },
            handler: [AsyncFunction: handler]
          }
        },
        BuiltinPlugin {
          name: 'builtin:vite-transform',
          _options: {
            root: 'D:/kitchenandall/kitchenandall',
            include: [ /\.(m?ts|[jt]sx)$/ ],
            exclude: [ /\.js$/ ],
            jsxRefreshInclude: [ /\.[tj]sx?(?:\?.*)?$/ ],
            jsxRefreshExclude: [ /\.astro(?:\?.*)?$/ ],
            isServerConsumer: false,
            jsxInject: undefined,
            transformOptions: {
              jsx: {
                development: false,
                runtime: 'automatic',
                importSource: undefined,
                refresh: false
              },
              sourcemap: true
            },
            yarnPnp: false
          },
          enforce: undefined
        },
        BuiltinPlugin {
          name: 'builtin:vite-json',
          _options: { namedExports: true, stringify: 'auto', minify: true },
          enforce: undefined,
          getOrder: [AsyncFunction: wrappedHook],
          load: [AsyncFunction: wrappedHook],
          resolveId: [AsyncFunction: wrappedHook],
          transform: [AsyncFunction: wrappedHook],
          watchChange: [AsyncFunction: wrappedHook]
        },
        {
          name: 'vite:wasm-helper',
          resolveId: {
            filter: { id: /^ vite\/wasm\-helper\.js$/ },
            handler: [Function: handler]
          },
          load: {
            filter: {
              id: [
                /^ vite\/wasm\-helper\.js$/,
                /(?<![?#].*)\.wasm\?init/,
                /(?<![?#].*)\.wasm$/
              ]
            },
            handler: [AsyncFunction: handler]
          },
          renderChunk: undefined
        },
        {
          name: 'vite:worker',
          buildStart: [Function: buildStart],
          load: {
            filter: { id: /(?:\?|&)(worker|sharedworker)(?:&|$)/ },
            handler: [AsyncFunction: handler]
          },
          transform: {
            filter: { id: /(?:\?|&)worker_file&type=(\w+)(?:&|$)/ },
            handler: [Function: handler]
          },
          renderChunk: [Function: renderChunk],
          generateBundle: [Function: generateBundle],
          watchChange: [Function: watchChange]
        },
        {
          name: 'vite:asset',
          perEnvironmentStartEndDuringDev: true,
          buildStart: [Function: buildStart],
          resolveId: {
            filter: {
              id: [
                /(\?|&)url(?:&|$)/,
                /\.(apng|bmp|png|jpe?g|jfif|pjpeg|pjp|gif|svg|ico|webp|avif|cur|jxl|mp4|webm|ogg|mp3|wav|flac|aac|opus|mov|m4a|vtt|woff2?|eot|ttf|otf|webmanifest|pdf|txt)(\?.*)?$/i
              ]
            },
            handler: [Function: handler]
          },
          load: {
            filter: {
              id: {
                include: [
                  /(\?|&)raw(?:&|$)/,
                  /(\?|&)url(?:&|$)/,
                  /\.(apng|bmp|png|jpe?g|jfif|pjpeg|pjp|gif|svg|ico|webp|avif|cur|jxl|mp4|webm|ogg|mp3|wav|flac|aac|opus|mov|m4a|vtt|woff2?|eot|ttf|otf|webmanifest|pdf|txt)(\?.*)?$/i
                ],
                exclude: /^\0/
              }
            },
            handler: [AsyncFunction: handler]
          },
          renderChunk: [Function: renderChunk],
          generateBundle: [Function: generateBundle],
          watchChange: [Function: watchChange]
        },
        {
          name: 'vite:forward-console',
          apply: 'serve',
          configureServer: [Function: configureServer]
        },
        {
          name: '@astro/plugin-build-internals',
          applyToEnvironment: [Function: applyToEnvironment],
          configEnvironment: [Function: configEnvironment],
          generateBundle: [AsyncFunction: generateBundle]
        },
        {
          name: 'astro:rollup-plugin-build-css',
          applyToEnvironment: [Function: applyToEnvironment],
          generateBundle: [AsyncFunction: generateBundle]
        },
        {
          name: '@astro/plugin-scripts',
          applyToEnvironment: [Function: applyToEnvironment],
          configResolved: [Function: configResolved],
          generateBundle: [AsyncFunction: generateBundle]
        },
        {
          name: 'plugin-noop',
          resolveId: {
            filter: { id: /^virtual:astro:noop$/ },
            handler: [Function: handler]
          },
          load: {
            filter: { id: /^ virtual:astro:noop$/ },
            handler: [Function: handler]
          },
          generateBundle: [Function: generateBundle]
        },
        {
          name: 'astro:ssr-assets',
          applyToEnvironment: [Function: applyToEnvironment],
          configEnvironment: [Function: configEnvironment],
          buildStart: [Function: buildStart],
          generateBundle: [Function: generateBundle],
          writeBundle: {
            sequential: true,
            order: 'post',
            handler: [AsyncFunction: handler]
          }
        },
        {
          name: 'astro:watcher-max-listeners',
          configureServer: [Function: configureServer]
        },
        {
          name: 'astro-manifest-plugin',
          resolveId: {
            filter: { id: /^(astro:config\/server|astro:config\/client)$/ },
            handler: [Function: handler]
          },
          load: {
            filter: { id: /^( astro:config\/server| astro:config\/client)$/ },
            handler: [Function: handler]
          }
        },
        {
          name: 'astro:environment',
          configEnvironment: [Function: configEnvironment]
        },
        {
          name: 'astro:build:normal',
          resolveId: {
            filter: { id: /(?:\?|&)astro(?:&|=|$)/ },
            handler: [Function: handler]
          }
        },
        {
          name: 'astro:scripts',
          config: [Function: config],
          resolveId: {
            filter: { id: /^astro:scripts\// },
            handler: [Function: handler]
          },
          load: {
            filter: {
              id: /^(astro:scripts\/before-hydration.js|astro:scripts\/page.js|astro:scripts\/page-ssr.js)$/
            },
            handler: [Function: handler]
          },
          buildStart: [Function: buildStart]
        },
        {
          name: 'astro:app',
          configResolved: [Function: configResolved],
          resolveId: {
            filter: { id: /^virtual:astro:app$/ },
            handler: [Function: handler]
          },
          load: {
            filter: { id: /^ virtual:astro:app$/ },
            handler: [Function: handler]
          }
        },
        {
          name: 'astro:server-app',
          resolveId: {
            filter: { id: /^astro:server-app$/ },
            handler: [Function: handler]
          }
        },
        {
          name: 'virtual:astro:dev-css',
          configureServer: [AsyncFunction: configureServer],
          applyToEnvironment: [Function: applyToEnvironment],
          resolveId: {
            filter: {
              id: /^(virtual:astro:dev-css|virtual:astro:dev-css:.*)$/
            },
            handler: [Function: handler]
          },
          load: {
            filter: {
              id: /^( virtual:astro:dev-css| virtual:astro:dev-css:.*)$/
            },
            handler: [AsyncFunction: handler]
          },
          transform: {
            filter: {
              id: {
                include: [
                  /\.(css|less|sass|scss|styl|stylus|pcss|postcss|sss)(?:$|\?)/
                ],
                exclude: [ /(?:\?|&)raw(?:&|$)/, /(?:\?|&)inline\b/ ]
              }
            },
            handler: [Function: handler]
          }
        },
        {
          name: 'virtual:astro:dev-css-all',
          applyToEnvironment: [Function: applyToEnvironment],
          resolveId: {
            filter: { id: /^virtual:astro:dev-css-all$/ },
            handler: [Function: handler]
          },
          load: {
            filter: { id: /^ virtual:astro:dev-css-all$/ },
            handler: [Function: handler]
          }
        },
        {
          name: 'astro:adapter-config',
          config: [Function: config],
          resolveId: {
            filter: { id: /^virtual:astro:adapter-config\/client$/ },
            handler: [Function: handler]
          },
          load: {
            filter: { id: /^ virtual:astro:adapter-config\/client$/ },
            handler: [Function: handler]
          }
        },
        {
          name: 'astro:html',
          options: [Function: options],
          transform: {
            filter: { id: /\.html$/ },
            handler: [AsyncFunction: transform]
          }
        },
        {
          name: 'astro:integration-container',
          configureServer: [AsyncFunction: configureServer],
          buildStart: [AsyncFunction: buildStart]
        },
        {
          name: 'astro:content-imports',
          config: [Function: config],
          buildStart: [AsyncFunction: buildStart],
          transform: {
            filter: {
              id: /(?:\?|&)(?:astroDataCollectionEntry|astroContentCollectionEntry)(?:&|=|$)/
            },
            handler: [AsyncFunction: handler]
          },
          configureServer: [Function: configureServer]
        },
        {
          name: 'astro:assets',
          config: [Function: config],
          resolveId: {
            filter: {
              id: /^(virtual:image-service|astro:assets|virtual:astro:get-image)$/
            },
            handler: [AsyncFunction: handler]
          },
          load: {
            filter: { id: /^( astro:assets| virtual:astro:get-image)$/ },
            handler: [Function: handler]
          },
          buildStart: [Function: buildStart],
          renderChunk: [AsyncFunction: renderChunk]
        },
        {
          name: 'astro:fonts',
          buildStart: [AsyncFunction: buildStart],
          configureServer: [AsyncFunction: configureServer],
          resolveId: {
            filter: {
              id: /^(virtual:astro:assets\/fonts\/internal|virtual:astro:assets\/fonts\/runtime|virtual:astro:assets\/fonts\/runtime\/font-file-url-resolver)$/
            },
            handler: [Function: handler]
          },
          load: {
            filter: {
              id: /^( virtual:astro:assets\/fonts\/internal| virtual:astro:assets\/fonts\/runtime| virtual:astro:assets\/fonts\/runtime\/font-file-url-resolver)$/
            },
            handler: [AsyncFunction: handler]
          },
          buildEnd: [AsyncFunction: buildEnd]
        },
        {
          name: 'astro:image-styles',
          resolveId: {
            filter: { id: /^virtual:astro:image-styles.css$/ },
            handler: [Function: handler]
          },
          load: {
            filter: { id: /^ virtual:astro:image-styles.css$/ },
            handler: [AsyncFunction: handler]
          }
        },
        {
          name: 'astro:prefetch',
          resolveId: {
            filter: { id: /^astro:prefetch$/ },
            handler: [Function: handler]
          },
          load: {
            filter: { id: /^ astro:prefetch$/ },
            handler: [Function: handler]
          },
          transform: {
            filter: { id: /astro\/dist\/prefetch\/index.js/ },
            handler: [Function: handler]
          }
        },
        {
          name: 'astro:transitions',
          resolveId: {
            filter: { id: /^(astro:transitions|astro:transitions\/client)$/ },
            handler: [Function: handler]
          },
          load: {
            filter: { id: /^( astro:transitions| astro:transitions\/client)$/ },
            handler: [Function: handler]
          },
          transform: {
            filter: { id: /ClientRouter\.astro.*\.ts$/ },
            handler: [Function: handler]
          }
        },
        {
          name: 'astro:dev-toolbar',
          config: [Function: config],
          resolveId: {
            filter: { id: /^astro:toolbar:internal$/ },
            handler: [Function: handler]
          },
          configureServer: [Function: configureServer],
          load: {
            filter: { id: /^ astro:toolbar:internal$/ },
            handler: [Function: handler]
          }
        },
        {
          name: 'astro:chromedevtools',
          configureServer: [Function: configureServer]
        },
        {
          name: 'vite:react-virtual-preamble',
          resolveId: {
            order: 'pre',
            filter: { id: /^@vitejs\/plugin\-react\/preamble$/ },
            handler: [Function: handler]
          },
          load: {
            filter: { id: /^ @vitejs\/plugin\-react\/preamble$/ },
            handler: [Function: handler]
          }
        },
        {
          name: '@astrojs/react:opts',
          resolveId: {
            filter: { id: /^astro:react:opts$/ },
            handler: [Function: handler]
          },
          load: {
            filter: { id: /^ astro:react:opts$/ },
            handler: [Function: handler]
          }
        },
        {
          name: '@astrojs/react:environment',
          configEnvironment: [Function: configEnvironment]
        },
        {
          name: 'astro:vite-plugin-env',
          config: [Function: config],
          configResolved: [Function: configResolved],
          transform: {
            filter: {
              id: {
                exclude: [
                  /.*\.(html|htm|json)$/,
                  /\.(css|less|sass|scss|styl|stylus|pcss|postcss|sss)(?:$|\?)/
                ]
              },
              code: /import\.meta\.env/
            },
            handler: [Function: handler]
          }
        },
        { name: 'vite:define', options: [Function: options] },
        {
          name: 'vite:css-post',
          renderStart: [Function: renderStart],
          transform: {
            filter: {
              id: {
                include: /\.(css|less|sass|scss|styl|stylus|pcss|postcss|sss)(?:$|\?)/,
                exclude: [
                  /[?&]commonjs-proxy/,
                  /[?&](?:worker|sharedworker|raw|url)\b/
                ]
              }
            },
            handler: [AsyncFunction: handler]
          },
          renderChunk: [AsyncFunction: renderChunk],
          augmentChunkHash: [Function: augmentChunkHash],
          generateBundle: [AsyncFunction: generateBundle]
        },
        {
          name: 'vite:build-html',
          applyToEnvironment: [Function: applyToEnvironment],
          transform: {
            filter: { id: /\.html$/ },
            handler: [AsyncFunction: handler]
          },
          generateBundle: [AsyncFunction: generateBundle]
        },
        {
          name: 'vite:worker-import-meta-url',
          applyToEnvironment: [Function: applyToEnvironment],
          transform: {
            filter: {
              code: /\bnew\s+(?:Worker|SharedWorker)\s*\(\s*(new\s+URL\s*\(\s*('[^']+'|"[^"]+"|`[^`]+`)\s*,\s*import\.meta\.url\s*(?:,\s*)?\))/dg
            },
            handler: [AsyncFunction: handler]
          }
        },
        {
          name: 'vite:asset-import-meta-url',
          applyToEnvironment: [Function: applyToEnvironment],
          transform: {
            filter: {
              id: {
                exclude: [
                  /^ vite\/preload\-helper\.js$/,
                  /^d:\\kitchenandall\\kitchenandall\\node_modules\\vite\\dist\\client\\client\.mjs$/
                ]
              },
              code: /\bnew\s+URL\s*\(\s*('[^']+'|"[^"]+"|`[^`]+`)\s*,\s*import\.meta\.url\s*(?:,\s*)?\)/dg
            },
            handler: [AsyncFunction: handler]
          }
        },
        {
          name: 'vite:prepare-out-dir',
          watchChange: [Function: watchChange],
          renderStart: { order: 'pre', handler: [Function: handler] }
        },
        BuiltinPlugin {
          name: 'builtin:vite-dynamic-import-vars',
          _options: {
            include: undefined,
            exclude: [ /node_modules/ ],
            resolver: [Function: resolver],
            sourcemap: false
          },
          enforce: undefined
        },
        BuiltinPlugin {
          name: 'builtin:vite-import-glob',
          _options: {
            root: 'D:/kitchenandall/kitchenandall',
            sourcemap: false,
            restoreQueryExtension: false
          },
          enforce: undefined
        },
        {
          name: 'astro:css-target-lowering',
          enforce: 'post',
          configResolved: [Function: configResolved],
          generateBundle: [AsyncFunction: generateBundle]
        },
        {
          name: 'astro:rollup-plugin-single-css',
          enforce: 'post',
          applyToEnvironment: [Function: applyToEnvironment],
          configResolved: [Function: configResolved],
          generateBundle: [Function: generateBundle]
        },
        {
          name: 'astro:rollup-plugin-inline-stylesheets',
          enforce: 'post',
          applyToEnvironment: [Function: applyToEnvironment],
          configResolved: [Function: configResolved],
          generateBundle: [AsyncFunction: generateBundle]
        },
        {
          name: 'astro:scripts:page-ssr',
          enforce: 'post',
          transform: [Function: transform]
        },
        {
          name: 'astro:server-islands',
          enforce: 'post',
          api: { hasServerIslands: [Function: hasServerIslands] },
          config: [Function: config],
          buildStart: [Function: buildStart],
          configureServer: [Function: configureServer],
          resolveId: {
            filter: { id: /^virtual:astro:server-island-manifest$/ },
            handler: [Function: handler]
          },
          load: {
            filter: { id: /^ virtual:astro:server-island-manifest$/ },
            handler: [Function: handler]
          },
          transform: {
            filter: {
              id: {
                include: [
                  /\.(astro|mdx)$/,
                  /^ virtual:astro:server-island-manifest$/
                ]
              }
            },
            handler: [AsyncFunction: handler]
          },
          renderChunk: [Function: renderChunk]
        },
        {
          name: 'astro:hmr-reload',
          enforce: 'post',
          hotUpdate: { order: 'post', handler: [Function: handler] }
        },
        {
          name: 'vite:react:config-post',
          enforce: 'post',
          config: [Function: config]
        },
        {
          name: 'astro:resolve-input',
          enforce: 'post',
          config: [Function: config],
          configResolved: [Function: configResolved]
        },
        {
          name: 'astro:build-generate',
          enforce: 'post',
          buildApp: { order: 'post', handler: [AsyncFunction: handler] }
        },
        {
          name: 'vite:build-import-analysis',
          renderChunk: [Function: renderChunk],
          generateBundle: [AsyncFunction: generateBundle]
        },
        BuiltinPlugin {
          name: 'builtin:vite-build-import-analysis',
          _options: {
            preloadCode: 'const scriptRel = /* @__PURE__ */ (function detectScriptRel() {\n' +
              '\tconst relList = typeof document !== "undefined" && document.createElement("link").relList;\n' +
              '\treturn relList && relList.supports && relList.supports("modulepreload") ? "modulepreload" : "preload";\n' +
              '})();const assetsURL = function(dep) { return "/"+dep };const seen = {};export const __vitePreload = function preload(baseModule, deps, importerUrl) {\n' +
              '\tlet promise = Promise.resolve();\n' +
              '\tif (__VITE_IS_MODERN__ && deps && deps.length > 0) {\n' +
              '\t\tconst links = document.getElementsByTagName("link");\n' +
              '\t\tconst cspNonceMeta = document.querySelector("meta[property=csp-nonce]");\n' +
              '\t\tconst cspNonce = cspNonceMeta?.nonce || cspNonceMeta?.getAttribute("nonce");\n' +
              '\t\tfunction allSettled(promises) {\n' +
              '\t\t\treturn Promise.all(promises.map((p) => Promise.resolve(p).then((value) => ({\n' +
              '\t\t\t\tstatus: "fulfilled",\n' +
              '\t\t\t\tvalue\n' +
              '\t\t\t}), (reason) => ({\n' +
              '\t\t\t\tstatus: "rejected",\n' +
              '\t\t\t\treason\n' +
              '\t\t\t}))));\n' +
              '\t\t}\n' +
              '\t\tfunction importMetaResolve(specifier) {\n' +
              '\t\t\tif (import.meta.resolve) return import.meta.resolve(specifier);\n' +
              '\t\t\treturn new URL(\n' +
              '\t\t\t\tspecifier,\n' +
              '\t\t\t\t/** #__KEEP__ */\n' +
              '\t\t\t\timport.meta.url\n' +
              '\t\t\t).href;\n' +
              '\t\t}\n' +
              '\t\tpromise = allSettled(deps.map((dep) => {\n' +
              '\t\t\tdep = assetsURL(dep, importerUrl);\n' +
              '\t\t\tdep = importMetaResolve(dep);\n' +
              '\t\t\tif (dep in seen) return;\n' +
              '\t\t\tseen[dep] = true;\n' +
              '\t\t\tconst isCss = dep.endsWith(".css");\n' +
              '\t\t\tfor (let i = links.length - 1; i >= 0; i--) {\n' +
              '\t\t\t\tconst link = links[i];\n' +
              '\t\t\t\tif (link.href === dep && (!isCss || link.rel === "stylesheet")) return;\n' +
              '\t\t\t}\n' +
              '\t\t\tconst link = document.createElement("link");\n' +
              '\t\t\tlink.rel = isCss ? "stylesheet" : scriptRel;\n' +
              '\t\t\tif (!isCss) link.as = "script";\n' +
              '\t\t\tlink.crossOrigin = "";\n' +
              '\t\t\tlink.href = dep;\n' +
              '\t\t\tif (cspNonce) link.setAttribute("nonce", cspNonce);\n' +
              '\t\t\tdocument.head.appendChild(link);\n' +
              '\t\t\tif (isCss) return new Promise((res, rej) => {\n' +
              '\t\t\t\tlink.addEventListener("load", res);\n' +
              '\t\t\t\tlink.addEventListener("error", () => rej(/* @__PURE__ */ new Error(`Unable to preload CSS for ${dep}`)));\n' +
              '\t\t\t});\n' +
              '\t\t}));\n' +
              '\t}\n' +
              '\tfunction handlePreloadError(err) {\n' +
              '\t\tconst e = new Event("vite:preloadError", { cancelable: true });\n' +
              '\t\te.payload = err;\n' +
              '\t\twindow.dispatchEvent(e);\n' +
              '\t\tif (!e.defaultPrevented) throw err;\n' +
              '\t}\n' +
              '\treturn promise.then((res) => {\n' +
              '\t\tfor (const item of res || []) {\n' +
              '\t\t\tif (item.status !== "rejected") continue;\n' +
              '\t\t\thandlePreloadError(item.reason);\n' +
              '\t\t}\n' +
              '\t\treturn baseModule().catch(handlePreloadError);\n' +
              '\t});\n' +
              '}',
            insertPreload: true,
            optimizeModulePreloadRelativePaths: false,
            renderBuiltUrl: false,
            isRelativeBase: false
          },
          enforce: undefined
        },
        {
          name: 'vite:terser',
          applyToEnvironment: [Function: applyToEnvironment],
          renderChunk: [AsyncFunction: renderChunk],
          closeBundle: [Function: closeBundle]
        },
        {
          name: 'vite:license',
          generateBundle: [Function: generateBundle]
        },
        BuiltinPlugin {
          name: 'builtin:vite-reporter',
          _options: {
            root: 'D:/kitchenandall/kitchenandall',
            isTty: false,
            isLib: false,
            assetsDir: '_astro\\',
            chunkLimit: 500,
            logInfo: undefined,
            reportCompressedSize: false,
            warnLargeChunks: true
          },
          enforce: undefined
        },
        BuiltinPlugin {
          name: 'builtin:vite-load-fallback',
          _options: undefined,
          enforce: undefined
        }
      ],
      optimizeDepsPluginNames: []
    },
    ssr: {
      define: {
        'import.meta.env.SITE': 'undefined',
        'import.meta.env.BASE_URL': '"/"',
        'import.meta.env.ASSETS_PREFIX': 'undefined'
      },
      resolve: {
        externalConditions: [ 'node', 'module-sync' ],
        extensions: [
          '.mjs',  '.js',
          '.mts',  '.ts',
          '.jsx',  '.tsx',
          '.json'
        ],
        dedupe: [ 'astro', 'react', 'react-dom' ],
        noExternal: [
          '@mui/material',
          '@mui/base',
          '@babel/runtime',
          'use-immer',
          '@material-tailwind/react',
          'astro',
          'astro/components',
          '@nanostores/preact',
          '@fontsource/*',
          '@astrojs/internal-helpers',
          '@astrojs/react'
        ],
        external: [],
        preserveSymlinks: false,
        tsconfigPaths: true,
        alias: [
          { find: 'randombytes', replacement: 'randombytes/browser' },
          {
            find: /^astro$/,
            replacement: 'd:\\kitchenandall\\kitchenandall\\node_modules\\astro\\dist\\types\\public\\index.js'
          },
          {
            find: 'astro:middleware',
            replacement: 'astro/virtual-modules/middleware.js'
          },
          { find: 'astro:schema', replacement: 'astro/zod' },
          { find: 'astro:components', replacement: 'astro/components' },
          {
            find: /^\/?@vite\/env/,
            replacement: '/@fs/d:/kitchenandall/kitchenandall/node_modules/vite/dist/client/env.mjs'
          },
          {
            find: /^\/?@vite\/client/,
            replacement: '/@fs/d:/kitchenandall/kitchenandall/node_modules/vite/dist/client/client.mjs'
          }
        ],
        mainFields: [ 'module', 'jsnext:main', 'jsnext' ],
        conditions: [ 'module', 'node', 'development|production', 'astro' ],
        builtins: [
          '_http_agent',         '_http_client',        '_http_common',
          '_http_incoming',      '_http_outgoing',      '_http_server',
          '_stream_duplex',      '_stream_passthrough', '_stream_readable',
          '_stream_transform',   '_stream_wrap',        '_stream_writable',
          '_tls_common',         '_tls_wrap',           'assert',
          'assert/strict',       'async_hooks',         'buffer',
          'child_process',       'cluster',             'console',
          'constants',           'crypto',              'dgram',
          'diagnostics_channel', 'dns',                 'dns/promises',
          'domain',              'events',              'fs',
          'fs/promises',         'http',                'http2',
          'https',               'inspector',           'inspector/promises',
          'module',              'net',                 'os',
          'path',                'path/posix',          'path/win32',
          'perf_hooks',          'process',             'punycode',
          'querystring',         'readline',            'readline/promises',
          'repl',                'stream',              'stream/consumers',
          'stream/promises',     'stream/web',          'string_decoder',
          'sys',                 'timers',              'timers/promises',
          'tls',                 'trace_events',        'tty',
          'url',                 'util',                'util/types',
          'v8',                  'vm',                  'wasi',
          'worker_threads',      'zlib',                /^node:/,
          /^bun:/
        ]
      },
      keepProcessEnv: true,
      consumer: 'server',
      optimizeDeps: {
        include: [],
        exclude: [],
        needsInterop: [],
        rolldownOptions: { resolve: { symlinks: true }, output: { topLevelVar: true } },
        extensions: [],
        disabled: undefined,
        holdUntilCrawlEnd: true,
        force: false,
        ignoreOutdatedRequests: false,
        noDiscovery: true,
        rollupOptions: [Getter/Setter],
        esbuildOptions: { preserveSymlinks: false }
      },
      dev: {
        warmup: [],
        sourcemap: { js: true },
        sourcemapIgnoreList: [Function: isInNodeModules],
        preTransformRequests: false,
        createEnvironment: [Function: defaultCreateDevEnvironment],
        recoverable: false,
        moduleRunnerTransform: true
      },
      build: {
        target: 'esnext',
        polyfillModulePreload: true,
        modulePreload: { polyfill: false },
        outDir: 'D:\\kitchenandall\\kitchenandall\\dist\\',
        assetsDir: '_astro',
        assetsInlineLimit: 4096,
        sourcemap: false,
        terserOptions: {},
        chunkImportMap: false,
        rolldownOptions: {
          platform: 'node',
          preserveEntrySignatures: 'exports-only',
          checks: { pluginTimings: false },
          output: {
            hoistTransitiveImports: false,
            format: 'esm',
            minifyInternalExports: true,
            chunkFileNames: [Function: chunkFileNames],
            assetFileNames: [Function: assetFileNames],
            entryFileNames: [Function: entryFileNames]
          },
          onwarn: [Function: onwarn]
        },
        commonjsOptions: { include: [ /node_modules/ ], extensions: [ '.js', '.cjs' ] },
        dynamicImportVarsOptions: { exclude: [ /node_modules/ ] },
        write: true,
        emptyOutDir: false,
        copyPublicDir: false,
        license: false,
        manifest: true,
        lib: false,
        ssrManifest: false,
        ssrEmitAssets: true,
        reportCompressedSize: false,
        chunkSizeWarningLimit: 500,
        watch: null,
        cssCodeSplit: true,
        minify: false,
        rollupOptions: [Getter/Setter],
        ssr: true,
        emitAssets: true,
        createEnvironment: [Function: createEnvironment],
        cssMinify: true,
        cssTarget: 'esnext'
      },
      isBundled: true,
      plugins: [
        {
          name: 'vite:watch-package-data',
          buildStart: [Function: buildStart],
          buildEnd: [Function: buildEnd],
          watchChange: [Function: watchChange]
        },
        BuiltinPlugin {
          name: 'builtin:vite-alias',
          _options: {
            entries: [
              {
                find: 'randombytes',
                replacement: 'randombytes/browser'
              },
              {
                find: /^astro$/,
                replacement: 'd:\\kitchenandall\\kitchenandall\\node_modules\\astro\\dist\\types\\public\\index.js'
              },
              {
                find: 'astro:middleware',
                replacement: 'astro/virtual-modules/middleware.js'
              },
              { find: 'astro:schema', replacement: 'astro/zod' },
              {
                find: 'astro:components',
                replacement: 'astro/components'
              },
              {
                find: /^\/?@vite\/env/,
                replacement: '/@fs/d:/kitchenandall/kitchenandall/node_modules/vite/dist/client/env.mjs'
              },
              {
                find: /^\/?@vite\/client/,
                replacement: '/@fs/d:/kitchenandall/kitchenandall/node_modules/vite/dist/client/client.mjs'
              }
            ]
          },
          enforce: undefined
        },
        {
          name: 'virtual:astro:manifest',
          enforce: 'pre',
          configureServer: [Function: configureServer],
          applyToEnvironment: [Function: applyToEnvironment],
          resolveId: {
            filter: { id: /^virtual:astro:manifest$/ },
            handler: [Function: handler]
          },
          load: {
            filter: { id: /^ virtual:astro:manifest$/ },
            handler: [AsyncFunction: handler]
          }
        },
        {
          name: 'astro:plugin-renderers',
          enforce: 'pre',
          resolveId: {
            filter: { id: /^virtual:astro:renderers$/ },
            handler: [Function: handler]
          },
          load: {
            filter: { id: /^ virtual:astro:renderers$/ },
            handler: [Function: handler]
          }
        },
        {
          name: 'astro:static-paths',
          enforce: 'pre',
          resolveId: {
            filter: { id: /^astro:static-paths$/ },
            handler: [Function: handler]
          },
          load: {
            filter: { id: /^ astro:static-paths$/ },
            handler: [Function: handler]
          }
        },
        {
          name: 'astro:build',
          enforce: 'pre',
          configEnvironment: [AsyncFunction: configEnvironment],
          configResolved: [AsyncFunction: configResolved],
          configureServer: [Function: configureServer],
          buildStart: [Function: buildStart],
          load: {
            filter: { id: /(?:\?|&)astro(?:&|=|$)/ },
            handler: [AsyncFunction: handler]
          },
          transform: {
            filter: {
              id: {
                include: [ /\.astro$/, /\.astro\?/ ],
                exclude: [
                  /(?:\?|&)(?:url|raw|direct)(?:&|$)/,
                  /(?:\?|&)astro(?:&|=|$)/
                ]
              }
            },
            handler: [AsyncFunction: handler]
          },
          handleHotUpdate: [AsyncFunction: handleHotUpdate]
        },
        {
          name: 'astro-env-plugin',
          enforce: 'pre',
          config: [Function: config],
          buildStart: [Function: buildStart],
          resolveId: {
            filter: {
              id: /^(astro:env\/client|astro:env\/server|virtual:astro:env\/internal)$/
            },
            handler: [Function: handler]
          },
          load: {
            filter: {
              id: /^( astro:env\/client| astro:env\/server| virtual:astro:env\/internal)$/
            },
            handler: [Function: handler]
          }
        },
        {
          enforce: 'pre',
          name: 'astro:markdown',
          buildEnd: [Function: buildEnd],
          resolveId: {
            filter: { id: /^[^/]/ },
            handler: [AsyncFunction: handler]
          },
          load: {
            filter: {
              id: {
                include: /\.(markdown|mdown|mkdn|mkd|mdwn|md)(\?|$)/,
                exclude: /(?:\?|&)(?:url|raw|direct)(?:&|$)/
              }
            },
            handler: [AsyncFunction: handler]
          }
        },
        {
          name: 'astro-content-virtual-mod-plugin',
          enforce: 'pre',
          config: [Function: config],
          buildStart: [Function: buildStart],
          resolveId: {
            filter: {
              id: /^(astro:content|astro:data-layer-content|astro:content-module-imports|astro:asset-imports)$|(?:\?|&)astroContentModuleFlag(?:&|=|$)/
            },
            handler: [AsyncFunction: handler]
          },
          load: {
            filter: {
              id: /^( astro:content| astro:data-layer-content| astro:asset-imports| astro:content-module-imports)$/
            },
            handler: [AsyncFunction: handler]
          },
          configureServer: [Function: configureServer]
        },
        {
          name: 'astro:content-asset-propagation',
          enforce: 'pre',
          resolveId: {
            filter: {
              id: /(?:\?|&)(?:astroContentImageFlag|astroRenderContent)(?:&|=|$)/
            },
            handler: [AsyncFunction: handler]
          },
          configureServer: [Function: configureServer],
          transform: {
            filter: { id: /(?:\?|&)astroPropagatedAssets(?:&|=|$)/ },
            handler: [AsyncFunction: handler]
          }
        },
        {
          name: 'astro:assets:esm',
          enforce: 'pre',
          config: [Function: config],
          configResolved: [Function: configResolved],
          load: {
            filter: { id: /\.(jpeg|jpg|png|tiff|webp|gif|svg|avif)/i },
            handler: [AsyncFunction: handler]
          }
        },
        {
          name: 'astro:vite-plugin-file-url',
          enforce: 'pre',
          resolveId: {
            filter: { id: /^file:\/\// },
            handler: [Function: handler]
          }
        },
        {
          name: 'astro:i18n',
          enforce: 'pre',
          resolveId: {
            filter: { id: /^astro:i18n$/ },
            handler: [Function: handler]
          }
        },
        {
          name: 'astro:actions',
          enforce: 'pre',
          resolveId: {
            filter: {
              id: /^(astro:actions|virtual:astro:actions\/options|virtual:astro:actions\/entrypoint)$/
            },
            handler: [AsyncFunction: handler]
          },
          configureServer: [AsyncFunction: configureServer],
          load: {
            filter: {
              id: /^( astro:actions| virtual:astro:actions\/noop-entrypoint| virtual:astro:actions\/entrypoint| virtual:astro:actions\/options)$/
            },
            handler: [AsyncFunction: handler]
          }
        },
        {
          name: 'virtual:astro:session-driver',
          enforce: 'pre',
          resolveId: {
            filter: { id: /^virtual:astro:session-driver$/ },
            handler: [Function: handler]
          },
          load: {
            filter: { id: /^ virtual:astro:session-driver$/ },
            handler: [AsyncFunction: handler]
          }
        },
        {
          name: 'astro:container',
          enforce: 'pre',
          resolveId: {
            filter: { id: /^(astro:container)$/ },
            handler: [Function: handler]
          }
        },
        {
          name: '@tailwindcss/vite:scan',
          enforce: 'pre',
          configureServer: [Function: configureServer],
          configResolved: [AsyncFunction: configResolved]
        },
        {
          name: '@tailwindcss/vite:generate:build',
          apply: 'build',
          enforce: 'pre',
          transform: {
            filter: {
              id: {
                exclude: [
                  /\/\.vite\//,
                  /[?&](?:worker|sharedworker|raw|url)\b/,
                  /\?commonjs-proxy/
                ],
                include: [
                  /\.css(?:\?.*)?$/,
                  /&lang\.css/,
                  /[?&]index=\d+\.css$/
                ]
              }
            },
            handler: [AsyncFunction: handler]
          }
        },
        {
          name: 'vite:react-babel',
          enforce: 'pre',
          config: [Function: config],
          configResolved: [Function: configResolved],
          options: [Function: options]
        },
        {
          name: 'vite:react-refresh-fbm',
          enforce: 'pre',
          transformIndexHtml: { handler: [Function: handler], order: 'pre' }
        },
        {
          name: 'vite:react-refresh',
          enforce: 'pre',
          config: [Function: config],
          resolveId: {
            filter: { id: /^\/@react\-refresh$/ },
            handler: [Function: handler]
          },
          load: {
            filter: { id: /^\/@react\-refresh$/ },
            handler: [Function: handler]
          },
          transformIndexHtml: [Function: transformIndexHtml]
        },
        {
          name: 'vite:resolve-builtin:get-environment',
          buildStart: [Function: buildStart],
          perEnvironmentStartEndDuringDev: true
        },
        BuiltinPlugin {
          name: 'builtin:vite-resolve',
          _options: {
            resolveOptions: {
              isBuild: true,
              isProduction: true,
              asSrc: true,
              preferRelative: false,
              isRequire: undefined,
              root: 'D:/kitchenandall/kitchenandall',
              scan: false,
              mainFields: [ 'module', 'jsnext:main', 'jsnext', 'main' ],
              conditions: [ 'module', 'node', 'development|production', 'astro' ],
              externalConditions: [ 'node', 'module-sync' ],
              extensions: [
                '.mjs',  '.js',
                '.mts',  '.ts',
                '.jsx',  '.tsx',
                '.json'
              ],
              tryIndex: true,
              tryPrefix: undefined,
              preserveSymlinks: false,
              tsconfigPaths: true
            },
            environmentConsumer: 'server',
            environmentName: 'ssr',
            builtins: [
              '_http_agent',
              '_http_client',
              '_http_common',
              '_http_incoming',
              '_http_outgoing',
              '_http_server',
              '_stream_duplex',
              '_stream_passthrough',
              '_stream_readable',
              '_stream_transform',
              '_stream_wrap',
              '_stream_writable',
              '_tls_common',
              '_tls_wrap',
              'assert',
              'assert/strict',
              'async_hooks',
              'buffer',
              'child_process',
              'cluster',
              'console',
              'constants',
              'crypto',
              'dgram',
              'diagnostics_channel',
              'dns',
              'dns/promises',
              'domain',
              'events',
              'fs',
              'fs/promises',
              'http',
              'http2',
              'https',
              'inspector',
              'inspector/promises',
              'module',
              'net',
              'os',
              'path',
              'path/posix',
              'path/win32',
              'perf_hooks',
              'process',
              'punycode',
              'querystring',
              'readline',
              'readline/promises',
              'repl',
              'stream',
              'stream/consumers',
              'stream/promises',
              'stream/web',
              'string_decoder',
              'sys',
              'timers',
              'timers/promises',
              'tls',
              'trace_events',
              'tty',
              'url',
              'util',
              'util/types',
              'v8',
              'vm',
              'wasi',
              'worker_threads',
              'zlib',
              /^node:/,
              /^bun:/
            ],
            external: [],
            noExternal: [
              '@mui/material',
              '@mui/base',
              '@babel/runtime',
              'use-immer',
              '@material-tailwind/react',
              'astro',
              'astro/components',
              '@nanostores/preact',
              '@fontsource/*',
              '@astrojs/internal-helpers',
              '@astrojs/react'
            ],
            dedupe: [ 'astro', 'react', 'react-dom' ],
            disableCache: false,
            legacyInconsistentCjsInterop: undefined,
            finalizeBareSpecifier: undefined,
            finalizeOtherSpecifiers: undefined,
            resolveSubpathImports: [Function: resolveSubpathImports],
            yarnPnp: false
          },
          enforce: undefined,
          getOrder: [AsyncFunction: wrappedHook],
          load: [AsyncFunction: wrappedHook],
          resolveId: [AsyncFunction: wrappedHook],
          transform: [AsyncFunction: wrappedHook],
          watchChange: [AsyncFunction: wrappedHook],
          perEnvironmentWatchChangeDuringDev: true
        },
        {
          name: 'vite:html-inline-proxy',
          resolveId: {
            filter: { id: /[?&]html-proxy\b/ },
            handler: [Function: handler]
          },
          load: {
            filter: { id: /[?&]html-proxy\b/ },
            handler: [Function: handler]
          }
        },
        {
          name: 'vite:css',
          buildStart: [Function: buildStart],
          buildEnd: [AsyncFunction: buildEnd],
          load: {
            filter: {
              id: /\.(css|less|sass|scss|styl|stylus|pcss|postcss|sss)(?:$|\?)/
            },
            handler: [Function: handler]
          },
          transform: {
            filter: {
              id: {
                include: /\.(css|less|sass|scss|styl|stylus|pcss|postcss|sss)(?:$|\?)/,
                exclude: [
                  /[?&]commonjs-proxy/,
                  /[?&](?:worker|sharedworker|raw|url)\b/
                ]
              }
            },
            handler: [AsyncFunction: handler]
          }
        },
        BuiltinPlugin {
          name: 'builtin:vite-transform',
          _options: {
            root: 'D:/kitchenandall/kitchenandall',
            include: [ /\.(m?ts|[jt]sx)$/ ],
            exclude: [ /\.js$/ ],
            jsxRefreshInclude: [ /\.[tj]sx?(?:\?.*)?$/ ],
            jsxRefreshExclude: [ /\.astro(?:\?.*)?$/ ],
            isServerConsumer: true,
            jsxInject: undefined,
            transformOptions: {
              jsx: {
                development: false,
                runtime: 'automatic',
                importSource: undefined,
                refresh: false
              },
              sourcemap: true
            },
            yarnPnp: false
          },
          enforce: undefined
        },
        BuiltinPlugin {
          name: 'builtin:vite-json',
          _options: { namedExports: true, stringify: 'auto', minify: true },
          enforce: undefined,
          getOrder: [AsyncFunction: wrappedHook],
          load: [AsyncFunction: wrappedHook],
          resolveId: [AsyncFunction: wrappedHook],
          transform: [AsyncFunction: wrappedHook],
          watchChange: [AsyncFunction: wrappedHook]
        },
        {
          name: 'vite:wasm-helper',
          resolveId: {
            filter: { id: /^ vite\/wasm\-helper\.js$/ },
            handler: [Function: handler]
          },
          load: {
            filter: {
              id: [
                /^ vite\/wasm\-helper\.js$/,
                /(?<![?#].*)\.wasm\?init/,
                /(?<![?#].*)\.wasm$/
              ]
            },
            handler: [AsyncFunction: handler]
          },
          renderChunk: {
            filter: { code: /__VITE_WASM_INIT__([\w$]+)__/g },
            handler: [Function: handler]
          }
        },
        {
          name: 'vite:worker',
          buildStart: [Function: buildStart],
          load: {
            filter: { id: /(?:\?|&)(worker|sharedworker)(?:&|$)/ },
            handler: [AsyncFunction: handler]
          },
          transform: {
            filter: { id: /(?:\?|&)worker_file&type=(\w+)(?:&|$)/ },
            handler: [Function: handler]
          },
          renderChunk: [Function: renderChunk],
          generateBundle: [Function: generateBundle],
          watchChange: [Function: watchChange]
        },
        {
          name: 'vite:asset',
          perEnvironmentStartEndDuringDev: true,
          buildStart: [Function: buildStart],
          resolveId: {
            filter: {
              id: [
                /(\?|&)url(?:&|$)/,
                /\.(apng|bmp|png|jpe?g|jfif|pjpeg|pjp|gif|svg|ico|webp|avif|cur|jxl|mp4|webm|ogg|mp3|wav|flac|aac|opus|mov|m4a|vtt|woff2?|eot|ttf|otf|webmanifest|pdf|txt)(\?.*)?$/i
              ]
            },
            handler: [Function: handler]
          },
          load: {
            filter: {
              id: {
                include: [
                  /(\?|&)raw(?:&|$)/,
                  /(\?|&)url(?:&|$)/,
                  /\.(apng|bmp|png|jpe?g|jfif|pjpeg|pjp|gif|svg|ico|webp|avif|cur|jxl|mp4|webm|ogg|mp3|wav|flac|aac|opus|mov|m4a|vtt|woff2?|eot|ttf|otf|webmanifest|pdf|txt)(\?.*)?$/i
                ],
                exclude: /^\0/
              }
            },
            handler: [AsyncFunction: handler]
          },
          renderChunk: [Function: renderChunk],
          generateBundle: [Function: generateBundle],
          watchChange: [Function: watchChange]
        },
        {
          name: 'vite:forward-console',
          apply: 'serve',
          configureServer: [Function: configureServer]
        },
        {
          name: '@astro/rolldown-plugin-astro-analyzer',
          applyToEnvironment: [Function: applyToEnvironment],
          generateBundle: [AsyncFunction: generateBundle]
        },
        {
          name: '@astro/plugin-build-internals',
          applyToEnvironment: [Function: applyToEnvironment],
          configEnvironment: [Function: configEnvironment],
          generateBundle: [AsyncFunction: generateBundle]
        },
        {
          name: '@astro/plugin-middleware-build',
          configResolved: [Function: configResolved],
          options: [Function: options],
          writeBundle: [Function: writeBundle],
          applyToEnvironment: [Function: applyToEnvironment]
        },
        {
          name: '@astro/plugin-actions-build',
          applyToEnvironment: [Function: applyToEnvironment],
          writeBundle: [Function: writeBundle]
        },
        {
          name: 'astro:rollup-plugin-build-css',
          applyToEnvironment: [Function: applyToEnvironment],
          generateBundle: [AsyncFunction: generateBundle]
        },
        {
          name: 'astro:head-metadata-build',
          applyToEnvironment: [Function: applyToEnvironment],
          generateBundle: [Function: generateBundle]
        },
        {
          name: 'astro:rolldown-plugin-prerender',
          applyToEnvironment: [Function: applyToEnvironment],
          generateBundle: [Function: generateBundle]
        },
        {
          name: 'plugin-noop',
          resolveId: {
            filter: { id: /^virtual:astro:noop$/ },
            handler: [Function: handler]
          },
          load: {
            filter: { id: /^ virtual:astro:noop$/ },
            handler: [Function: handler]
          },
          generateBundle: [Function: generateBundle]
        },
        {
          name: 'astro:ssr-assets',
          applyToEnvironment: [Function: applyToEnvironment],
          configEnvironment: [Function: configEnvironment],
          buildStart: [Function: buildStart],
          generateBundle: [Function: generateBundle],
          writeBundle: {
            sequential: true,
            order: 'post',
            handler: [AsyncFunction: handler]
          }
        },
        {
          name: 'astro:watcher-max-listeners',
          configureServer: [Function: configureServer]
        },
        {
          name: 'astro:routes',
          configureServer: [Function: configureServer],
          applyToEnvironment: [Function: applyToEnvironment],
          resolveId: {
            filter: { id: /^virtual:astro:routes$/ },
            handler: [Function: handler]
          },
          load: {
            filter: { id: /^ virtual:astro:routes$/ },
            handler: [Function: handler]
          },
          transform: [AsyncFunction: transform],
          handleHotUpdate: [AsyncFunction: handleHotUpdate]
        },
        {
          name: 'astro-manifest-plugin',
          resolveId: {
            filter: { id: /^(astro:config\/server|astro:config\/client)$/ },
            handler: [Function: handler]
          },
          load: {
            filter: { id: /^( astro:config\/server| astro:config\/client)$/ },
            handler: [Function: handler]
          }
        },
        {
          name: 'astro:environment',
          configEnvironment: [Function: configEnvironment]
        },
        {
          name: '@astro/plugin-page',
          applyToEnvironment: [Function: applyToEnvironment],
          resolveId: {
            filter: { id: /^virtual:astro:page:/ },
            handler: [Function: handler]
          },
          load: {
            filter: { id: /^ virtual:astro:page:/ },
            handler: [Function: handler]
          }
        },
        {
          name: 'astro:build:normal',
          resolveId: {
            filter: { id: /(?:\?|&)astro(?:&|=|$)/ },
            handler: [Function: handler]
          }
        },
        {
          name: 'astro:scripts',
          config: [Function: config],
          resolveId: {
            filter: { id: /^astro:scripts\// },
            handler: [Function: handler]
          },
          load: {
            filter: {
              id: /^(astro:scripts\/before-hydration.js|astro:scripts\/page.js|astro:scripts\/page-ssr.js)$/
            },
            handler: [Function: handler]
          },
          buildStart: [Function: buildStart]
        },
        {
          name: 'astro:app',
          configResolved: [Function: configResolved],
          resolveId: {
            filter: { id: /^virtual:astro:app$/ },
            handler: [Function: handler]
          },
          load: {
            filter: { id: /^ virtual:astro:app$/ },
            handler: [Function: handler]
          }
        },
        {
          name: 'astro:server-app',
          resolveId: {
            filter: { id: /^astro:server-app$/ },
            handler: [Function: handler]
          }
        },
        {
          name: '@astro/plugin-fetchable',
          applyToEnvironment: [Function: applyToEnvironment],
          configureServer: [Function: configureServer],
          resolveId: {
            filter: { id: /^virtual:astro:fetchable$/ },
            handler: [AsyncFunction: handler]
          },
          load: {
            filter: { id: /^ virtual:astro:fetchable$/ },
            handler: [Function: handler]
          }
        },
        {
          name: 'virtual:astro:dev-css',
          configureServer: [AsyncFunction: configureServer],
          applyToEnvironment: [Function: applyToEnvironment],
          resolveId: {
            filter: {
              id: /^(virtual:astro:dev-css|virtual:astro:dev-css:.*)$/
            },
            handler: [Function: handler]
          },
          load: {
            filter: {
              id: /^( virtual:astro:dev-css| virtual:astro:dev-css:.*)$/
            },
            handler: [AsyncFunction: handler]
          },
          transform: {
            filter: {
              id: {
                include: [
                  /\.(css|less|sass|scss|styl|stylus|pcss|postcss|sss)(?:$|\?)/
                ],
                exclude: [ /(?:\?|&)raw(?:&|$)/, /(?:\?|&)inline\b/ ]
              }
            },
            handler: [Function: handler]
          }
        },
        {
          name: 'virtual:astro:dev-css-all',
          applyToEnvironment: [Function: applyToEnvironment],
          resolveId: {
            filter: { id: /^virtual:astro:dev-css-all$/ },
            handler: [Function: handler]
          },
          load: {
            filter: { id: /^ virtual:astro:dev-css-all$/ },
            handler: [Function: handler]
          }
        },
        {
          name: 'astro:adapter-config',
          config: [Function: config],
          resolveId: {
            filter: { id: /^virtual:astro:adapter-config\/client$/ },
            handler: [Function: handler]
          },
          load: {
            filter: { id: /^ virtual:astro:adapter-config\/client$/ },
            handler: [Function: handler]
          }
        },
        {
          name: 'astro:html',
          options: [Function: options],
          transform: {
            filter: { id: /\.html$/ },
            handler: [AsyncFunction: transform]
          }
        },
        {
          name: 'astro:integration-container',
          configureServer: [AsyncFunction: configureServer],
          buildStart: [AsyncFunction: buildStart]
        },
        {
          name: 'astro:content-imports',
          config: [Function: config],
          buildStart: [AsyncFunction: buildStart],
          transform: {
            filter: {
              id: /(?:\?|&)(?:astroDataCollectionEntry|astroContentCollectionEntry)(?:&|=|$)/
            },
            handler: [AsyncFunction: handler]
          },
          configureServer: [Function: configureServer]
        },
        {
          name: '@astro/plugin-middleware',
          applyToEnvironment: [Function: applyToEnvironment],
          configureServer: [Function: configureServer],
          resolveId: {
            filter: { id: /^virtual:astro:middleware$/ },
            handler: [AsyncFunction: handler]
          },
          load: {
            filter: { id: /^( noop-middleware| virtual:astro:middleware)$/ },
            handler: [AsyncFunction: handler]
          }
        },
        {
          name: 'astro:assets',
          config: [Function: config],
          resolveId: {
            filter: {
              id: /^(virtual:image-service|astro:assets|virtual:astro:get-image)$/
            },
            handler: [AsyncFunction: handler]
          },
          load: {
            filter: { id: /^( astro:assets| virtual:astro:get-image)$/ },
            handler: [Function: handler]
          },
          buildStart: [Function: buildStart],
          renderChunk: [AsyncFunction: renderChunk]
        },
        {
          name: 'astro:fonts',
          buildStart: [AsyncFunction: buildStart],
          configureServer: [AsyncFunction: configureServer],
          resolveId: {
            filter: {
              id: /^(virtual:astro:assets\/fonts\/internal|virtual:astro:assets\/fonts\/runtime|virtual:astro:assets\/fonts\/runtime\/font-file-url-resolver)$/
            },
            handler: [Function: handler]
          },
          load: {
            filter: {
              id: /^( virtual:astro:assets\/fonts\/internal| virtual:astro:assets\/fonts\/runtime| virtual:astro:assets\/fonts\/runtime\/font-file-url-resolver)$/
            },
            handler: [AsyncFunction: handler]
          },
          buildEnd: [AsyncFunction: buildEnd]
        },
        {
          name: 'astro:image-styles',
          resolveId: {
            filter: { id: /^virtual:astro:image-styles.css$/ },
            handler: [Function: handler]
          },
          load: {
            filter: { id: /^ virtual:astro:image-styles.css$/ },
            handler: [AsyncFunction: handler]
          }
        },
        {
          name: 'astro:prefetch',
          resolveId: {
            filter: { id: /^astro:prefetch$/ },
            handler: [Function: handler]
          },
          load: {
            filter: { id: /^ astro:prefetch$/ },
            handler: [Function: handler]
          },
          transform: {
            filter: { id: /astro\/dist\/prefetch\/index.js/ },
            handler: [Function: handler]
          }
        },
        {
          name: 'astro:transitions',
          resolveId: {
            filter: { id: /^(astro:transitions|astro:transitions\/client)$/ },
            handler: [Function: handler]
          },
          load: {
            filter: { id: /^( astro:transitions| astro:transitions\/client)$/ },
            handler: [Function: handler]
          },
          transform: {
            filter: { id: /ClientRouter\.astro.*\.ts$/ },
            handler: [Function: handler]
          }
        },
        {
          name: 'astro:dev-toolbar',
          config: [Function: config],
          resolveId: {
            filter: { id: /^astro:toolbar:internal$/ },
            handler: [Function: handler]
          },
          configureServer: [Function: configureServer],
          load: {
            filter: { id: /^ astro:toolbar:internal$/ },
            handler: [Function: handler]
          }
        },
        {
          name: 'astro:chromedevtools',
          configureServer: [Function: configureServer]
        },
        {
          name: 'vite:react-virtual-preamble',
          resolveId: {
            order: 'pre',
            filter: { id: /^@vitejs\/plugin\-react\/preamble$/ },
            handler: [Function: handler]
          },
          load: {
            filter: { id: /^ @vitejs\/plugin\-react\/preamble$/ },
            handler: [Function: handler]
          }
        },
        {
          name: '@astrojs/react:opts',
          resolveId: {
            filter: { id: /^astro:react:opts$/ },
            handler: [Function: handler]
          },
          load: {
            filter: { id: /^ astro:react:opts$/ },
            handler: [Function: handler]
          }
        },
        {
          name: '@astrojs/react:environment',
          configEnvironment: [Function: configEnvironment]
        },
        {
          name: 'astro:vite-plugin-env',
          config: [Function: config],
          configResolved: [Function: configResolved],
          transform: {
            filter: {
              id: {
                exclude: [
                  /.*\.(html|htm|json)$/,
                  /\.(css|less|sass|scss|styl|stylus|pcss|postcss|sss)(?:$|\?)/
                ]
              },
              code: /import\.meta\.env/
            },
            handler: [Function: handler]
          }
        },
        { name: 'vite:define', options: [Function: options] },
        {
          name: 'vite:css-post',
          renderStart: [Function: renderStart],
          transform: {
            filter: {
              id: {
                include: /\.(css|less|sass|scss|styl|stylus|pcss|postcss|sss)(?:$|\?)/,
                exclude: [
                  /[?&]commonjs-proxy/,
                  /[?&](?:worker|sharedworker|raw|url)\b/
                ]
              }
            },
            handler: [AsyncFunction: handler]
          },
          renderChunk: [AsyncFunction: renderChunk],
          augmentChunkHash: [Function: augmentChunkHash],
          generateBundle: [AsyncFunction: generateBundle]
        },
        {
          name: 'vite:build-html',
          applyToEnvironment: [Function: applyToEnvironment],
          transform: {
            filter: { id: /\.html$/ },
            handler: [AsyncFunction: handler]
          },
          generateBundle: [AsyncFunction: generateBundle]
        },
        {
          name: 'vite:prepare-out-dir',
          watchChange: [Function: watchChange],
          renderStart: { order: 'pre', handler: [Function: handler] }
        },
        BuiltinPlugin {
          name: 'builtin:vite-dynamic-import-vars',
          _options: {
            include: undefined,
            exclude: [ /node_modules/ ],
            resolver: [Function: resolver],
            sourcemap: false
          },
          enforce: undefined
        },
        BuiltinPlugin {
          name: 'builtin:vite-import-glob',
          _options: {
            root: 'D:/kitchenandall/kitchenandall',
            sourcemap: false,
            restoreQueryExtension: false
          },
          enforce: undefined
        },
        {
          name: 'astro:css-target-lowering',
          enforce: 'post',
          configResolved: [Function: configResolved],
          generateBundle: [AsyncFunction: generateBundle]
        },
        {
          name: 'astro:rollup-plugin-single-css',
          enforce: 'post',
          applyToEnvironment: [Function: applyToEnvironment],
          configResolved: [Function: configResolved],
          generateBundle: [Function: generateBundle]
        },
        {
          name: 'astro:rollup-plugin-inline-stylesheets',
          enforce: 'post',
          applyToEnvironment: [Function: applyToEnvironment],
          configResolved: [Function: configResolved],
          generateBundle: [AsyncFunction: generateBundle]
        },
        {
          name: '@astro/plugin-pages',
          enforce: 'post',
          applyToEnvironment: [Function: applyToEnvironment],
          resolveId: {
            filter: { id: /^virtual:astro:pages$/ },
            handler: [Function: handler]
          },
          load: {
            filter: { id: /^ virtual:astro:pages$/ },
            handler: [AsyncFunction: handler]
          }
        },
        {
          name: 'astro:scripts:page-ssr',
          enforce: 'post',
          transform: [Function: transform]
        },
        {
          name: 'astro:server-islands',
          enforce: 'post',
          api: { hasServerIslands: [Function: hasServerIslands] },
          config: [Function: config],
          buildStart: [Function: buildStart],
          configureServer: [Function: configureServer],
          resolveId: {
            filter: { id: /^virtual:astro:server-island-manifest$/ },
            handler: [Function: handler]
          },
          load: {
            filter: { id: /^ virtual:astro:server-island-manifest$/ },
            handler: [Function: handler]
          },
          transform: {
            filter: {
              id: {
                include: [
                  /\.(astro|mdx)$/,
                  /^ virtual:astro:server-island-manifest$/
                ]
              }
            },
            handler: [AsyncFunction: handler]
          },
          renderChunk: [Function: renderChunk]
        },
        {
          name: 'astro:hmr-reload',
          enforce: 'post',
          hotUpdate: { order: 'post', handler: [Function: handler] }
        },
        {
          name: 'vite:react:config-post',
          enforce: 'post',
          config: [Function: config]
        },
        {
          name: 'astro:resolve-input',
          enforce: 'post',
          config: [Function: config],
          configResolved: [Function: configResolved]
        },
        {
          name: 'astro:build-generate',
          enforce: 'post',
          buildApp: { order: 'post', handler: [AsyncFunction: handler] }
        },
        {
          name: 'vite:build-import-analysis',
          renderChunk: [Function: renderChunk],
          generateBundle: [AsyncFunction: generateBundle]
        },
        BuiltinPlugin {
          name: 'builtin:vite-build-import-analysis',
          _options: {
            preloadCode: 'const scriptRel = /* @__PURE__ */ (function detectScriptRel() {\n' +
              '\tconst relList = typeof document !== "undefined" && document.createElement("link").relList;\n' +
              '\treturn relList && relList.supports && relList.supports("modulepreload") ? "modulepreload" : "preload";\n' +
              '})();const assetsURL = function(dep) { return "/"+dep };const seen = {};export const __vitePreload = function preload(baseModule, deps, importerUrl) {\n' +
              '\tlet promise = Promise.resolve();\n' +
              '\tif (__VITE_IS_MODERN__ && deps && deps.length > 0) {\n' +
              '\t\tconst links = document.getElementsByTagName("link");\n' +
              '\t\tconst cspNonceMeta = document.querySelector("meta[property=csp-nonce]");\n' +
              '\t\tconst cspNonce = cspNonceMeta?.nonce || cspNonceMeta?.getAttribute("nonce");\n' +
              '\t\tfunction allSettled(promises) {\n' +
              '\t\t\treturn Promise.all(promises.map((p) => Promise.resolve(p).then((value) => ({\n' +
              '\t\t\t\tstatus: "fulfilled",\n' +
              '\t\t\t\tvalue\n' +
              '\t\t\t}), (reason) => ({\n' +
              '\t\t\t\tstatus: "rejected",\n' +
              '\t\t\t\treason\n' +
              '\t\t\t}))));\n' +
              '\t\t}\n' +
              '\t\tfunction importMetaResolve(specifier) {\n' +
              '\t\t\tif (import.meta.resolve) return import.meta.resolve(specifier);\n' +
              '\t\t\treturn new URL(\n' +
              '\t\t\t\tspecifier,\n' +
              '\t\t\t\t/** #__KEEP__ */\n' +
              '\t\t\t\timport.meta.url\n' +
              '\t\t\t).href;\n' +
              '\t\t}\n' +
              '\t\tpromise = allSettled(deps.map((dep) => {\n' +
              '\t\t\tdep = assetsURL(dep, importerUrl);\n' +
              '\t\t\tdep = importMetaResolve(dep);\n' +
              '\t\t\tif (dep in seen) return;\n' +
              '\t\t\tseen[dep] = true;\n' +
              '\t\t\tconst isCss = dep.endsWith(".css");\n' +
              '\t\t\tfor (let i = links.length - 1; i >= 0; i--) {\n' +
              '\t\t\t\tconst link = links[i];\n' +
              '\t\t\t\tif (link.href === dep && (!isCss || link.rel === "stylesheet")) return;\n' +
              '\t\t\t}\n' +
              '\t\t\tconst link = document.createElement("link");\n' +
              '\t\t\tlink.rel = isCss ? "stylesheet" : scriptRel;\n' +
              '\t\t\tif (!isCss) link.as = "script";\n' +
              '\t\t\tlink.crossOrigin = "";\n' +
              '\t\t\tlink.href = dep;\n' +
              '\t\t\tif (cspNonce) link.setAttribute("nonce", cspNonce);\n' +
              '\t\t\tdocument.head.appendChild(link);\n' +
              '\t\t\tif (isCss) return new Promise((res, rej) => {\n' +
              '\t\t\t\tlink.addEventListener("load", res);\n' +
              '\t\t\t\tlink.addEventListener("error", () => rej(/* @__PURE__ */ new Error(`Unable to preload CSS for ${dep}`)));\n' +
              '\t\t\t});\n' +
              '\t\t}));\n' +
              '\t}\n' +
              '\tfunction handlePreloadError(err) {\n' +
              '\t\tconst e = new Event("vite:preloadError", { cancelable: true });\n' +
              '\t\te.payload = err;\n' +
              '\t\twindow.dispatchEvent(e);\n' +
              '\t\tif (!e.defaultPrevented) throw err;\n' +
              '\t}\n' +
              '\treturn promise.then((res) => {\n' +
              '\t\tfor (const item of res || []) {\n' +
              '\t\t\tif (item.status !== "rejected") continue;\n' +
              '\t\t\thandlePreloadError(item.reason);\n' +
              '\t\t}\n' +
              '\t\treturn baseModule().catch(handlePreloadError);\n' +
              '\t});\n' +
              '}',
            insertPreload: false,
            optimizeModulePreloadRelativePaths: false,
            renderBuiltUrl: false,
            isRelativeBase: false
          },
          enforce: undefined
        },
        {
          name: 'vite:license',
          generateBundle: [Function: generateBundle]
        },
        {
          name: 'native:manifest-envs',
          buildStart: [Function: buildStart]
        },
        BuiltinPlugin {
          name: 'builtin:vite-manifest',
          _options: {
            root: 'D:/kitchenandall/kitchenandall',
            outPath: '.vite/manifest.json',
            isOutputOptionsForLegacyChunks: undefined,
            cssEntries: [Function: cssEntries]
          },
          enforce: undefined
        },
        {
          name: 'native:manifest-compatible',
          generateBundle: [Function: generateBundle]
        },
        BuiltinPlugin {
          name: 'builtin:vite-reporter',
          _options: {
            root: 'D:/kitchenandall/kitchenandall',
            isTty: false,
            isLib: false,
            assetsDir: '_astro\\',
            chunkLimit: 500,
            logInfo: undefined,
            reportCompressedSize: false,
            warnLargeChunks: false
          },
          enforce: undefined
        },
        BuiltinPlugin {
          name: 'builtin:vite-load-fallback',
          _options: undefined,
          enforce: undefined
        }
      ],
      optimizeDepsPluginNames: []
    }
  },
  ssr: {
    target: 'node',
    optimizeDeps: {
      esbuildOptions: { preserveSymlinks: false },
      include: [],
      exclude: [],
      needsInterop: [],
      rolldownOptions: { resolve: { symlinks: true }, output: { topLevelVar: true } },
      extensions: [],
      holdUntilCrawlEnd: true,
      force: false,
      ignoreOutdatedRequests: false,
      noDiscovery: true,
      rollupOptions: { resolve: { symlinks: true }, output: { topLevelVar: true } }
    },
    noExternal: [
      '@mui/material',
      '@mui/base',
      '@babel/runtime',
      'use-immer',
      '@material-tailwind/react',
      'astro',
      'astro/components',
      '@nanostores/preact',
      '@fontsource/*',
      '@astrojs/internal-helpers',
      '@astrojs/react'
    ],
    external: [],
    resolve: {
      conditions: [ 'module', 'node', 'development|production', 'astro' ],
      externalConditions: [ 'node', 'module-sync' ]
    }
  },
  logLevel: 'error',
  builder: {
    sharedConfigBuild: false,
    sharedPlugins: false,
    buildApp: [AsyncFunction: buildApp]
  },
  base: '/',
  worker: {
    format: 'iife',
    plugins: '() => plugins',
    rollupOptions: {},
    rolldownOptions: {}
  },
  optimizeDeps: {
    include: [
      'react',
      'react-dom',
      'react/jsx-dev-runtime',
      'react/jsx-runtime',
      'astro > aria-query',
      'astro > axobject-query',
      'astro > html-escaper',
      'astro/runtime/client/dev-toolbar/entrypoint.js',
      'react',
      'react/jsx-runtime',
      'react/jsx-dev-runtime',
      'react-dom',
      'react-dom/client',
      '@astrojs/react/client.js'
    ],
    exclude: [
      'astro:*',
      'virtual:astro:*',
      'astro/virtual-modules/prefetch.js',
      '@astrojs/react/server.js'
    ],
    needsInterop: [],
    rolldownOptions: {
      transform: { jsx: { runtime: 'automatic' } },
      resolve: { symlinks: true },
      output: { topLevelVar: true }
    },
    extensions: [],
    disabled: undefined,
    holdUntilCrawlEnd: true,
    force: false,
    ignoreOutdatedRequests: false,
    noDiscovery: false,
    entries: [
      'D:/kitchenandall/kitchenandall/src/**/*.{jsx,tsx,vue,svelte,html}'
    ],
    rollupOptions: [Getter/Setter],
    esbuildOptions: { preserveSymlinks: false }
  },
  oxc: {
    jsx: {
      development: false,
      runtime: 'automatic',
      importSource: undefined,
      refresh: false
    },
    jsxRefreshInclude: /\.[tj]sx?(?:\?.*)?$/,
    jsxRefreshExclude: /\.astro(?:\?.*)?$/
  },
  configFileDependencies: [],
  inlineConfig: {
    configFile: false,
    mode: 'production',
    cacheDir: 'D:\\kitchenandall\\kitchenandall\\node_modules\\.vite\\',
    clearScreen: false,
    customLogger: {
      hasWarned: false,
      info: [Function: info],
      warn: [Function: warn],
      warnOnce: [Function: warnOnce],
      error: [Function: error],
      clearScreen: [Function: clearScreen],
      hasErrorLogged: [Function: hasErrorLogged]
    },
    appType: 'custom',
    plugins: [
      {
        name: '@astro/plugin-component-entry',
        enforce: 'pre',
        applyToEnvironment: [Function: applyToEnvironment],
        config: [Function: config],
        resolveId: {
          filter: { id: /^ astro-entry:/ },
          handler: [Function: handler]
        },
        load: {
          filter: { id: /^ astro-entry:/ },
          handler: [AsyncFunction: handler]
        }
      },
      {
        name: '@astro/rolldown-plugin-astro-analyzer',
        applyToEnvironment: [Function: applyToEnvironment],
        generateBundle: [AsyncFunction: generateBundle]
      },
      {
        name: '@astro/plugin-build-internals',
        applyToEnvironment: [Function: applyToEnvironment],
        configEnvironment: [Function: configEnvironment],
        generateBundle: [AsyncFunction: generateBundle]
      },
      {
        name: '@astro/plugin-middleware-build',
        configResolved: [Function: configResolved],
        options: [Function: options],
        writeBundle: [Function: writeBundle],
        applyToEnvironment: [Function: applyToEnvironment]
      },
      {
        name: '@astro/plugin-actions-build',
        applyToEnvironment: [Function: applyToEnvironment],
        writeBundle: [Function: writeBundle]
      },
      {
        name: 'astro:css-target-lowering',
        enforce: 'post',
        configResolved: [Function: configResolved],
        generateBundle: [AsyncFunction: generateBundle]
      },
      {
        name: 'astro:rollup-plugin-build-css',
        applyToEnvironment: [Function: applyToEnvironment],
        generateBundle: [AsyncFunction: generateBundle]
      },
      {
        name: 'astro:rollup-plugin-single-css',
        enforce: 'post',
        applyToEnvironment: [Function: applyToEnvironment],
        configResolved: [Function: configResolved],
        generateBundle: [Function: generateBundle]
      },
      {
        name: 'astro:rollup-plugin-inline-stylesheets',
        enforce: 'post',
        applyToEnvironment: [Function: applyToEnvironment],
        configResolved: [Function: configResolved],
        generateBundle: [AsyncFunction: generateBundle]
      },
      {
        name: 'astro:head-metadata-build',
        applyToEnvironment: [Function: applyToEnvironment],
        generateBundle: [Function: generateBundle]
      },
      {
        name: 'astro:rolldown-plugin-prerender',
        applyToEnvironment: [Function: applyToEnvironment],
        generateBundle: [Function: generateBundle]
      },
      {
        name: '@astro/plugin-scripts',
        applyToEnvironment: [Function: applyToEnvironment],
        configResolved: [Function: configResolved],
        generateBundle: [AsyncFunction: generateBundle]
      },
      {
        name: 'plugin-noop',
        resolveId: {
          filter: { id: /^virtual:astro:noop$/ },
          handler: [Function: handler]
        },
        load: {
          filter: { id: /^ virtual:astro:noop$/ },
          handler: [Function: handler]
        },
        generateBundle: [Function: generateBundle]
      },
      {
        name: 'astro:ssr-assets',
        applyToEnvironment: [Function: applyToEnvironment],
        configEnvironment: [Function: configEnvironment],
        buildStart: [Function: buildStart],
        generateBundle: [Function: generateBundle],
        writeBundle: {
          sequential: true,
          order: 'post',
          handler: [AsyncFunction: handler]
        }
      },
      {
        name: 'astro:watcher-max-listeners',
        configureServer: [Function: configureServer]
      },
      {
        name: 'virtual:astro:manifest',
        enforce: 'pre',
        configureServer: [Function: configureServer],
        applyToEnvironment: [Function: applyToEnvironment],
        resolveId: {
          filter: { id: /^virtual:astro:manifest$/ },
          handler: [Function: handler]
        },
        load: {
          filter: { id: /^ virtual:astro:manifest$/ },
          handler: [AsyncFunction: handler]
        }
      },
      {
        name: 'astro:plugin-renderers',
        enforce: 'pre',
        resolveId: {
          filter: { id: /^virtual:astro:renderers$/ },
          handler: [Function: handler]
        },
        load: {
          filter: { id: /^ virtual:astro:renderers$/ },
          handler: [Function: handler]
        }
      },
      {
        name: 'astro:static-paths',
        enforce: 'pre',
        resolveId: {
          filter: { id: /^astro:static-paths$/ },
          handler: [Function: handler]
        },
        load: {
          filter: { id: /^ astro:static-paths$/ },
          handler: [Function: handler]
        }
      },
      {
        name: 'astro:routes',
        configureServer: [Function: configureServer],
        applyToEnvironment: [Function: applyToEnvironment],
        resolveId: {
          filter: { id: /^virtual:astro:routes$/ },
          handler: [Function: handler]
        },
        load: {
          filter: { id: /^ virtual:astro:routes$/ },
          handler: [Function: handler]
        },
        transform: [AsyncFunction: transform],
        handleHotUpdate: [AsyncFunction: handleHotUpdate]
      },
      {
        name: 'astro-manifest-plugin',
        resolveId: {
          filter: { id: /^(astro:config\/server|astro:config\/client)$/ },
          handler: [Function: handler]
        },
        load: {
          filter: { id: /^( astro:config\/server| astro:config\/client)$/ },
          handler: [Function: handler]
        }
      },
      {
        name: 'astro:environment',
        configEnvironment: [Function: configEnvironment]
      },
      {
        name: '@astro/plugin-page',
        applyToEnvironment: [Function: applyToEnvironment],
        resolveId: {
          filter: { id: /^virtual:astro:page:/ },
          handler: [Function: handler]
        },
        load: {
          filter: { id: /^ virtual:astro:page:/ },
          handler: [Function: handler]
        }
      },
      {
        name: '@astro/plugin-pages',
        enforce: 'post',
        applyToEnvironment: [Function: applyToEnvironment],
        resolveId: {
          filter: { id: /^virtual:astro:pages$/ },
          handler: [Function: handler]
        },
        load: {
          filter: { id: /^ virtual:astro:pages$/ },
          handler: [AsyncFunction: handler]
        }
      },
      null,
      [],
      [
        {
          name: 'astro:build:css-hmr',
          enforce: 'pre',
          applyToEnvironment: [Function: applyToEnvironment],
          transform: {
            filter: {
              id: {
                include: [ /(?:\?|&)astro(?:&|=|$)/ ],
                exclude: [ /(?:\?|&)(?:url|raw|direct)(?:&|$)/ ]
              }
            },
            handler: [AsyncFunction: handler]
          }
        },
        {
          name: 'astro:build',
          enforce: 'pre',
          configEnvironment: [AsyncFunction: configEnvironment],
          configResolved: [AsyncFunction: configResolved],
          configureServer: [Function: configureServer],
          buildStart: [Function: buildStart],
          load: {
            filter: { id: /(?:\?|&)astro(?:&|=|$)/ },
            handler: [AsyncFunction: handler]
          },
          transform: {
            filter: {
              id: {
                include: [ /\.astro$/, /\.astro\?/ ],
                exclude: [
                  /(?:\?|&)(?:url|raw|direct)(?:&|$)/,
                  /(?:\?|&)astro(?:&|=|$)/
                ]
              }
            },
            handler: [AsyncFunction: handler]
          },
          handleHotUpdate: [AsyncFunction: handleHotUpdate]
        },
        {
          name: 'astro:build:normal',
          resolveId: {
            filter: { id: /(?:\?|&)astro(?:&|=|$)/ },
            handler: [Function: handler]
          }
        }
      ],
      {
        name: 'astro:scripts',
        config: [Function: config],
        resolveId: {
          filter: { id: /^astro:scripts\// },
          handler: [Function: handler]
        },
        load: {
          filter: {
            id: /^(astro:scripts\/before-hydration.js|astro:scripts\/page.js|astro:scripts\/page-ssr.js)$/
          },
          handler: [Function: handler]
        },
        buildStart: [Function: buildStart]
      },
      [
        {
          name: 'astro:app',
          configResolved: [Function: configResolved],
          resolveId: {
            filter: { id: /^virtual:astro:app$/ },
            handler: [Function: handler]
          },
          load: {
            filter: { id: /^ virtual:astro:app$/ },
            handler: [Function: handler]
          }
        },
        {
          name: 'astro:server-app',
          resolveId: {
            filter: { id: /^astro:server-app$/ },
            handler: [Function: handler]
          }
        }
      ],
      {
        name: '@astro/plugin-fetchable',
        applyToEnvironment: [Function: applyToEnvironment],
        configureServer: [Function: configureServer],
        resolveId: {
          filter: { id: /^virtual:astro:fetchable$/ },
          handler: [AsyncFunction: handler]
        },
        load: {
          filter: { id: /^ virtual:astro:fetchable$/ },
          handler: [Function: handler]
        }
      },
      false,
      false,
      [
        {
          name: 'virtual:astro:dev-css',
          configureServer: [AsyncFunction: configureServer],
          applyToEnvironment: [Function: applyToEnvironment],
          resolveId: {
            filter: {
              id: /^(virtual:astro:dev-css|virtual:astro:dev-css:.*)$/
            },
            handler: [Function: handler]
          },
          load: {
            filter: {
              id: /^( virtual:astro:dev-css| virtual:astro:dev-css:.*)$/
            },
            handler: [AsyncFunction: handler]
          },
          transform: {
            filter: {
              id: {
                include: [
                  /\.(css|less|sass|scss|styl|stylus|pcss|postcss|sss)(?:$|\?)/
                ],
                exclude: [ /(?:\?|&)raw(?:&|$)/, /(?:\?|&)inline\b/ ]
              }
            },
            handler: [Function: handler]
          }
        },
        {
          name: 'virtual:astro:dev-css-all',
          applyToEnvironment: [Function: applyToEnvironment],
          resolveId: {
            filter: { id: /^virtual:astro:dev-css-all$/ },
            handler: [Function: handler]
          },
          load: {
            filter: { id: /^ virtual:astro:dev-css-all$/ },
            handler: [Function: handler]
          }
        }
      ],
      {
        name: 'astro:vite-plugin-env',
        config: [Function: config],
        configResolved: [Function: configResolved],
        transform: {
          filter: {
            id: {
              exclude: [
                /.*\.(html|htm|json)$/,
                /\.(css|less|sass|scss|styl|stylus|pcss|postcss|sss)(?:$|\?)/
              ]
            },
            code: /import\.meta\.env/
          },
          handler: [Function: handler]
        }
      },
      {
        name: 'astro-env-plugin',
        enforce: 'pre',
        config: [Function: config],
        buildStart: [Function: buildStart],
        resolveId: {
          filter: {
            id: /^(astro:env\/client|astro:env\/server|virtual:astro:env\/internal)$/
          },
          handler: [Function: handler]
        },
        load: {
          filter: {
            id: /^( astro:env\/client| astro:env\/server| virtual:astro:env\/internal)$/
          },
          handler: [Function: handler]
        }
      },
      {
        name: 'astro:adapter-config',
        config: [Function: config],
        resolveId: {
          filter: { id: /^virtual:astro:adapter-config\/client$/ },
          handler: [Function: handler]
        },
        load: {
          filter: { id: /^ virtual:astro:adapter-config\/client$/ },
          handler: [Function: handler]
        }
      },
      {
        enforce: 'pre',
        name: 'astro:markdown',
        buildEnd: [Function: buildEnd],
        resolveId: { filter: { id: /^[^/]/ }, handler: [AsyncFunction: handler] },
        load: {
          filter: {
            id: {
              include: /\.(markdown|mdown|mkdn|mkd|mdwn|md)(\?|$)/,
              exclude: /(?:\?|&)(?:url|raw|direct)(?:&|$)/
            }
          },
          handler: [AsyncFunction: handler]
        }
      },
      {
        name: 'astro:html',
        options: [Function: options],
        transform: {
          filter: { id: /\.html$/ },
          handler: [AsyncFunction: transform]
        }
      },
      {
        name: 'astro:integration-container',
        configureServer: [AsyncFunction: configureServer],
        buildStart: [AsyncFunction: buildStart]
      },
      {
        name: 'astro:scripts:page-ssr',
        enforce: 'post',
        transform: [Function: transform]
      },
      {
        name: 'astro:head-metadata',
        enforce: 'pre',
        apply: 'serve',
        configureServer: [Function: configureServer],
        load: [Function: load],
        resolveId: [Function: resolveId],
        transform: [Function: transform]
      },
      {
        name: 'astro-content-virtual-mod-plugin',
        enforce: 'pre',
        config: [Function: config],
        buildStart: [Function: buildStart],
        resolveId: {
          filter: {
            id: /^(astro:content|astro:data-layer-content|astro:content-module-imports|astro:asset-imports)$|(?:\?|&)astroContentModuleFlag(?:&|=|$)/
          },
          handler: [AsyncFunction: handler]
        },
        load: {
          filter: {
            id: /^( astro:content| astro:data-layer-content| astro:asset-imports| astro:content-module-imports)$/
          },
          handler: [AsyncFunction: handler]
        },
        configureServer: [Function: configureServer]
      },
      [
        {
          name: 'astro:content-imports',
          config: [Function: config],
          buildStart: [AsyncFunction: buildStart],
          transform: {
            filter: {
              id: /(?:\?|&)(?:astroDataCollectionEntry|astroContentCollectionEntry)(?:&|=|$)/
            },
            handler: [AsyncFunction: handler]
          },
          configureServer: [Function: configureServer]
        }
      ],
      {
        name: 'astro:content-asset-propagation',
        enforce: 'pre',
        resolveId: {
          filter: {
            id: /(?:\?|&)(?:astroContentImageFlag|astroRenderContent)(?:&|=|$)/
          },
          handler: [AsyncFunction: handler]
        },
        configureServer: [Function: configureServer],
        transform: {
          filter: { id: /(?:\?|&)astroPropagatedAssets(?:&|=|$)/ },
          handler: [AsyncFunction: handler]
        }
      },
      {
        name: '@astro/plugin-middleware',
        applyToEnvironment: [Function: applyToEnvironment],
        configureServer: [Function: configureServer],
        resolveId: {
          filter: { id: /^virtual:astro:middleware$/ },
          handler: [AsyncFunction: handler]
        },
        load: {
          filter: { id: /^( noop-middleware| virtual:astro:middleware)$/ },
          handler: [AsyncFunction: handler]
        }
      },
      [
        {
          name: 'astro:assets',
          config: [Function: config],
          resolveId: {
            filter: {
              id: /^(virtual:image-service|astro:assets|virtual:astro:get-image)$/
            },
            handler: [AsyncFunction: handler]
          },
          load: {
            filter: { id: /^( astro:assets| virtual:astro:get-image)$/ },
            handler: [Function: handler]
          },
          buildStart: [Function: buildStart],
          renderChunk: [AsyncFunction: renderChunk]
        },
        {
          name: 'astro:assets:esm',
          enforce: 'pre',
          config: [Function: config],
          configResolved: [Function: configResolved],
          load: {
            filter: { id: /\.(jpeg|jpg|png|tiff|webp|gif|svg|avif)/i },
            handler: [AsyncFunction: handler]
          }
        },
        {
          name: 'astro:fonts',
          buildStart: [AsyncFunction: buildStart],
          configureServer: [AsyncFunction: configureServer],
          resolveId: {
            filter: {
              id: /^(virtual:astro:assets\/fonts\/internal|virtual:astro:assets\/fonts\/runtime|virtual:astro:assets\/fonts\/runtime\/font-file-url-resolver)$/
            },
            handler: [Function: handler]
          },
          load: {
            filter: {
              id: /^( virtual:astro:assets\/fonts\/internal| virtual:astro:assets\/fonts\/runtime| virtual:astro:assets\/fonts\/runtime\/font-file-url-resolver)$/
            },
            handler: [AsyncFunction: handler]
          },
          buildEnd: [AsyncFunction: buildEnd]
        },
        {
          name: 'astro:image-styles',
          resolveId: {
            filter: { id: /^virtual:astro:image-styles.css$/ },
            handler: [Function: handler]
          },
          load: {
            filter: { id: /^ virtual:astro:image-styles.css$/ },
            handler: [AsyncFunction: handler]
          }
        }
      ],
      {
        name: 'astro:prefetch',
        resolveId: {
          filter: { id: /^astro:prefetch$/ },
          handler: [Function: handler]
        },
        load: {
          filter: { id: /^ astro:prefetch$/ },
          handler: [Function: handler]
        },
        transform: {
          filter: { id: /astro\/dist\/prefetch\/index.js/ },
          handler: [Function: handler]
        }
      },
      {
        name: 'astro:transitions',
        resolveId: {
          filter: { id: /^(astro:transitions|astro:transitions\/client)$/ },
          handler: [Function: handler]
        },
        load: {
          filter: { id: /^( astro:transitions| astro:transitions\/client)$/ },
          handler: [Function: handler]
        },
        transform: {
          filter: { id: /ClientRouter\.astro.*\.ts$/ },
          handler: [Function: handler]
        }
      },
      {
        name: 'astro:dev-toolbar',
        config: [Function: config],
        resolveId: {
          filter: { id: /^astro:toolbar:internal$/ },
          handler: [Function: handler]
        },
        configureServer: [Function: configureServer],
        load: {
          filter: { id: /^ astro:toolbar:internal$/ },
          handler: [Function: handler]
        }
      },
      {
        name: 'astro:vite-plugin-file-url',
        enforce: 'pre',
        resolveId: { filter: { id: /^file:\/\// }, handler: [Function: handler] }
      },
      {
        name: 'astro:i18n',
        enforce: 'pre',
        resolveId: {
          filter: { id: /^astro:i18n$/ },
          handler: [Function: handler]
        }
      },
      {
        name: 'astro:actions',
        enforce: 'pre',
        resolveId: {
          filter: {
            id: /^(astro:actions|virtual:astro:actions\/options|virtual:astro:actions\/entrypoint)$/
          },
          handler: [AsyncFunction: handler]
        },
        configureServer: [AsyncFunction: configureServer],
        load: {
          filter: {
            id: /^( astro:actions| virtual:astro:actions\/noop-entrypoint| virtual:astro:actions\/entrypoint| virtual:astro:actions\/options)$/
          },
          handler: [AsyncFunction: handler]
        }
      },
      {
        name: 'astro:server-islands',
        enforce: 'post',
        api: { hasServerIslands: [Function: hasServerIslands] },
        config: [Function: config],
        buildStart: [Function: buildStart],
        configureServer: [Function: configureServer],
        resolveId: {
          filter: { id: /^virtual:astro:server-island-manifest$/ },
          handler: [Function: handler]
        },
        load: {
          filter: { id: /^ virtual:astro:server-island-manifest$/ },
          handler: [Function: handler]
        },
        transform: {
          filter: {
            id: {
              include: [
                /\.(astro|mdx)$/,
                /^ virtual:astro:server-island-manifest$/
              ]
            }
          },
          handler: [AsyncFunction: handler]
        },
        renderChunk: [Function: renderChunk]
      },
      {
        name: 'virtual:astro:session-driver',
        enforce: 'pre',
        resolveId: {
          filter: { id: /^virtual:astro:session-driver$/ },
          handler: [Function: handler]
        },
        load: {
          filter: { id: /^ virtual:astro:session-driver$/ },
          handler: [AsyncFunction: handler]
        }
      },
      undefined,
      undefined,
      {
        name: 'astro:container',
        enforce: 'pre',
        resolveId: {
          filter: { id: /^(astro:container)$/ },
          handler: [Function: handler]
        }
      },
      {
        name: 'astro:hmr-reload',
        enforce: 'post',
        hotUpdate: { order: 'post', handler: [Function: handler] }
      },
      {
        name: 'astro:chromedevtools',
        configureServer: [Function: configureServer]
      },
      false,
      {
        name: '@tailwindcss/vite:scan',
        enforce: 'pre',
        configureServer: [Function: configureServer],
        configResolved: [AsyncFunction: configResolved]
      },
      {
        name: '@tailwindcss/vite:generate:build',
        apply: 'build',
        enforce: 'pre',
        transform: {
          filter: {
            id: {
              exclude: [
                /\/\.vite\//,
                /[?&](?:worker|sharedworker|raw|url)\b/,
                /\?commonjs-proxy/
              ],
              include: [
                /\.css(?:\?.*)?$/,
                /&lang\.css/,
                /[?&]index=\d+\.css$/
              ]
            }
          },
          handler: [AsyncFunction: handler]
        }
      },
      {
        name: 'vite:react-babel',
        enforce: 'pre',
        config: [Function: config],
        configResolved: [Function: configResolved],
        options: [Function: options]
      },
      {
        name: 'vite:react:config-post',
        enforce: 'post',
        config: [Function: config]
      },
      {
        name: 'vite:react-refresh-fbm',
        enforce: 'pre',
        transformIndexHtml: { handler: [Function: handler], order: 'pre' }
      },
      {
        name: 'vite:react-refresh',
        enforce: 'pre',
        config: [Function: config],
        resolveId: {
          filter: { id: /^\/@react\-refresh$/ },
          handler: [Function: handler]
        },
        load: {
          filter: { id: /^\/@react\-refresh$/ },
          handler: [Function: handler]
        },
        transformIndexHtml: [Function: transformIndexHtml]
      },
      {
        name: 'vite:react-virtual-preamble',
        resolveId: {
          order: 'pre',
          filter: { id: /^@vitejs\/plugin\-react\/preamble$/ },
          handler: [Function: handler]
        },
        load: {
          filter: { id: /^ @vitejs\/plugin\-react\/preamble$/ },
          handler: [Function: handler]
        }
      },
      {
        name: '@astrojs/react:opts',
        resolveId: {
          filter: { id: /^astro:react:opts$/ },
          handler: [Function: handler]
        },
        load: {
          filter: { id: /^ astro:react:opts$/ },
          handler: [Function: handler]
        }
      },
      {
        name: '@astrojs/react:environment',
        configEnvironment: [Function: configEnvironment]
      },
      {
        name: 'astro:resolve-input',
        enforce: 'post',
        config: [Function: config],
        configResolved: [Function: configResolved]
      },
      {
        name: 'astro:build-generate',
        enforce: 'post',
        buildApp: { order: 'post', handler: [AsyncFunction: handler] }
      }
    ],
    publicDir: 'D:\\kitchenandall\\kitchenandall\\public\\',
    root: 'D:\\kitchenandall\\kitchenandall\\',
    envPrefix: 'PUBLIC_',
    define: {
      'import.meta.env.SITE': 'undefined',
      'import.meta.env.BASE_URL': '"/"',
      'import.meta.env.ASSETS_PREFIX': 'undefined'
    },
    server: { hmr: false, watch: { ignored: [ '**' ] }, middlewareMode: true },
    resolve: {
      tsconfigPaths: true,
      alias: [
        { find: 'randombytes', replacement: 'randombytes/browser' },
        {
          find: /^astro$/,
          replacement: 'd:\\kitchenandall\\kitchenandall\\node_modules\\astro\\dist\\types\\public\\index.js'
        },
        {
          find: 'astro:middleware',
          replacement: 'astro/virtual-modules/middleware.js'
        },
        { find: 'astro:schema', replacement: 'astro/zod' },
        { find: 'astro:components', replacement: 'astro/components' }
      ],
      conditions: [ 'module', 'browser', 'development|production', 'astro' ],
      mainFields: undefined
    },
    build: {
      target: 'esnext',
      cssMinify: true,
      assetsDir: '_astro',
      emptyOutDir: false,
      copyPublicDir: false,
      manifest: false,
      rolldownOptions: {
        preserveEntrySignatures: 'exports-only',
        checks: { pluginTimings: false },
        output: {
          hoistTransitiveImports: false,
          format: 'esm',
          minifyInternalExports: true,
          chunkFileNames: [Function: chunkFileNames],
          assetFileNames: [Function: assetFileNames],
          entryFileNames: [Function: entryFileNames]
        }
      },
      ssr: true,
      ssrEmitAssets: true,
      minify: false,
      modulePreload: { polyfill: false },
      reportCompressedSize: false,
      rollupOptions: [Getter/Setter]
    },
    environments: {
      astro: {
        define: {
          'import.meta.env.SITE': 'undefined',
          'import.meta.env.BASE_URL': '"/"',
          'import.meta.env.ASSETS_PREFIX': 'undefined'
        },
        resolve: {
          tsconfigPaths: true,
          alias: [
            { find: 'randombytes', replacement: 'randombytes/browser' },
            {
              find: /^astro$/,
              replacement: 'd:\\kitchenandall\\kitchenandall\\node_modules\\astro\\dist\\types\\public\\index.js'
            },
            {
              find: 'astro:middleware',
              replacement: 'astro/virtual-modules/middleware.js'
            },
            { find: 'astro:schema', replacement: 'astro/zod' },
            {
              find: 'astro:components',
              replacement: 'astro/components'
            }
          ],
          mainFields: undefined,
          conditions: [ 'module', 'node', 'development|production', 'astro' ],
          dedupe: [ 'astro', 'react', 'react-dom' ],
          noExternal: [
            'astro',
            'astro/components',
            '@nanostores/preact',
            '@fontsource/*',
            '@astrojs/internal-helpers',
            '@astrojs/react'
          ],
          external: []
        },
        dev: { createEnvironment: undefined, warmup: undefined },
        build: {
          target: 'esnext',
          cssMinify: true,
          assetsDir: '_astro',
          emptyOutDir: false,
          copyPublicDir: false,
          manifest: false,
          rolldownOptions: {
            preserveEntrySignatures: 'exports-only',
            checks: { pluginTimings: false },
            output: {
              hoistTransitiveImports: false,
              format: 'esm',
              minifyInternalExports: true,
              chunkFileNames: [Function: chunkFileNames],
              assetFileNames: [Function: assetFileNames],
              entryFileNames: [Function: entryFileNames]
            },
            onwarn: [Function: onwarn]
          },
          ssr: true,
          ssrEmitAssets: true,
          minify: false,
          modulePreload: { polyfill: false },
          reportCompressedSize: false,
          rollupOptions: {
            preserveEntrySignatures: 'exports-only',
            checks: { pluginTimings: false },
            output: {
              hoistTransitiveImports: false,
              format: 'esm',
              minifyInternalExports: true,
              chunkFileNames: [Function: chunkFileNames],
              assetFileNames: [Function: assetFileNames],
              entryFileNames: [Function: entryFileNames]
            },
            onwarn: [Function: onwarn]
          },
          createEnvironment: undefined
        },
        optimizeDeps: {
          include: [],
          exclude: [],
          rolldownOptions: undefined,
          rollupOptions: [Getter/Setter]
        }
      },
      prerender: {
        define: {
          'import.meta.env.SITE': 'undefined',
          'import.meta.env.BASE_URL': '"/"',
          'import.meta.env.ASSETS_PREFIX': 'undefined'
        },
        resolve: {
          tsconfigPaths: true,
          alias: [
            { find: 'randombytes', replacement: 'randombytes/browser' },
            {
              find: /^astro$/,
              replacement: 'd:\\kitchenandall\\kitchenandall\\node_modules\\astro\\dist\\types\\public\\index.js'
            },
            {
              find: 'astro:middleware',
              replacement: 'astro/virtual-modules/middleware.js'
            },
            { find: 'astro:schema', replacement: 'astro/zod' },
            {
              find: 'astro:components',
              replacement: 'astro/components'
            }
          ],
          mainFields: undefined,
          conditions: [ 'module', 'node', 'development|production', 'astro' ],
          noExternal: [
            'astro',
            '@astrojs/internal-helpers',
            'astro',
            'astro/components',
            '@nanostores/preact',
            '@fontsource/*',
            '@astrojs/internal-helpers',
            '@astrojs/react'
          ],
          dedupe: [ 'astro', 'react', 'react-dom' ],
          external: []
        },
        dev: { createEnvironment: undefined, warmup: undefined },
        build: {
          target: 'esnext',
          cssMinify: true,
          assetsDir: '_astro',
          emptyOutDir: false,
          copyPublicDir: false,
          manifest: true,
          rolldownOptions: {
            preserveEntrySignatures: 'exports-only',
            checks: { pluginTimings: false },
            output: {
              hoistTransitiveImports: false,
              format: 'esm',
              minifyInternalExports: true,
              chunkFileNames: [Function: chunkFileNames],
              assetFileNames: [Function: assetFileNames],
              entryFileNames: 'prerender-entry.[hash].mjs'
            },
            onwarn: [Function: onwarn],
            input: 'astro/entrypoints/prerender',
            external: [ 'sharp' ]
          },
          ssr: true,
          ssrEmitAssets: true,
          minify: false,
          modulePreload: { polyfill: false },
          reportCompressedSize: false,
          rollupOptions: [Getter/Setter],
          createEnvironment: undefined,
          emitAssets: true,
          outDir: 'D:\\kitchenandall\\kitchenandall\\dist\\.prerender\\'
        },
        optimizeDeps: {
          include: [],
          exclude: [],
          rolldownOptions: undefined,
          rollupOptions: [Getter/Setter]
        }
      },
      client: {
        define: {
          'import.meta.env.SITE': 'undefined',
          'import.meta.env.BASE_URL': '"/"',
          'import.meta.env.ASSETS_PREFIX': 'undefined'
        },
        resolve: {
          tsconfigPaths: true,
          alias: [
            { find: 'randombytes', replacement: 'randombytes/browser' },
            {
              find: /^astro$/,
              replacement: 'd:\\kitchenandall\\kitchenandall\\node_modules\\astro\\dist\\types\\public\\index.js'
            },
            {
              find: 'astro:middleware',
              replacement: 'astro/virtual-modules/middleware.js'
            },
            { find: 'astro:schema', replacement: 'astro/zod' },
            {
              find: 'astro:components',
              replacement: 'astro/components'
            }
          ],
          conditions: [ 'module', 'browser', 'development|production', 'astro' ],
          dedupe: [ 'astro', 'react', 'react-dom' ],
          noExternal: [
            'astro',
            'astro/components',
            '@nanostores/preact',
            '@fontsource/*',
            '@astrojs/internal-helpers',
            '@astrojs/react'
          ],
          external: []
        },
        dev: {},
        build: {
          target: 'esnext',
          cssMinify: true,
          assetsDir: '_astro',
          emptyOutDir: false,
          copyPublicDir: true,
          manifest: false,
          rolldownOptions: {
            preserveEntrySignatures: 'exports-only',
            checks: { pluginTimings: false },
            output: {
              hoistTransitiveImports: false,
              format: 'esm',
              minifyInternalExports: true,
              chunkFileNames: [Function: chunkFileNames],
              assetFileNames: [Function: assetFileNames],
              entryFileNames: [Function: entryFileNames]
            },
            onwarn: [Function: onwarn]
          },
          ssr: true,
          ssrEmitAssets: true,
          minify: true,
          modulePreload: { polyfill: false },
          reportCompressedSize: false,
          rollupOptions: [Getter/Setter],
          emitAssets: true,
          outDir: 'D:\\kitchenandall\\kitchenandall\\dist\\',
          sourcemap: false
        },
        optimizeDeps: {
          rolldownOptions: { transform: { jsx: { runtime: 'automatic' } } },
          include: [
            'react',
            'react-dom',
            'react/jsx-dev-runtime',
            'react/jsx-runtime',
            'astro > aria-query',
            'astro > axobject-query',
            'astro > html-escaper',
            'astro/runtime/client/dev-toolbar/entrypoint.js',
            'react',
            'react/jsx-runtime',
            'react/jsx-dev-runtime',
            'react-dom',
            'react-dom/client',
            '@astrojs/react/client.js'
          ],
          exclude: [
            'astro:*',
            'virtual:astro:*',
            'astro/virtual-modules/prefetch.js',
            '@astrojs/react/server.js'
          ],
          entries: [
            'D:/kitchenandall/kitchenandall/src/**/*.{jsx,tsx,vue,svelte,html}'
          ]
        }
      },
      ssr: {
        define: {
          'import.meta.env.SITE': 'undefined',
          'import.meta.env.BASE_URL': '"/"',
          'import.meta.env.ASSETS_PREFIX': 'undefined'
        },
        resolve: {
          tsconfigPaths: true,
          alias: [
            { find: 'randombytes', replacement: 'randombytes/browser' },
            {
              find: /^astro$/,
              replacement: 'd:\\kitchenandall\\kitchenandall\\node_modules\\astro\\dist\\types\\public\\index.js'
            },
            {
              find: 'astro:middleware',
              replacement: 'astro/virtual-modules/middleware.js'
            },
            { find: 'astro:schema', replacement: 'astro/zod' },
            {
              find: 'astro:components',
              replacement: 'astro/components'
            }
          ],
          mainFields: undefined,
          conditions: [ 'module', 'node', 'development|production', 'astro' ],
          noExternal: [
            '@mui/material',
            '@mui/base',
            '@babel/runtime',
            'use-immer',
            '@material-tailwind/react',
            'astro',
            'astro/components',
            '@nanostores/preact',
            '@fontsource/*',
            '@astrojs/internal-helpers',
            '@astrojs/react'
          ],
          dedupe: [ 'astro', 'react', 'react-dom' ],
          external: []
        },
        dev: { createEnvironment: undefined, warmup: undefined },
        build: {
          target: 'esnext',
          cssMinify: true,
          assetsDir: '_astro',
          emptyOutDir: false,
          copyPublicDir: false,
          manifest: true,
          rolldownOptions: {
            preserveEntrySignatures: 'exports-only',
            checks: { pluginTimings: false },
            output: {
              hoistTransitiveImports: false,
              format: 'esm',
              minifyInternalExports: true,
              chunkFileNames: [Function: chunkFileNames],
              assetFileNames: [Function: assetFileNames],
              entryFileNames: [Function: entryFileNames]
            },
            onwarn: [Function: onwarn]
          },
          ssr: true,
          ssrEmitAssets: true,
          minify: false,
          modulePreload: { polyfill: false },
          reportCompressedSize: false,
          rollupOptions: [Getter/Setter],
          createEnvironment: undefined,
          outDir: 'D:\\kitchenandall\\kitchenandall\\dist\\',
          emitAssets: true
        },
        optimizeDeps: {
          rolldownOptions: undefined,
          rollupOptions: [Getter/Setter],
          include: [],
          exclude: []
        }
      }
    },
    ssr: {
      noExternal: [
        '@mui/material',
        '@mui/base',
        '@babel/runtime',
        'use-immer',
        '@material-tailwind/react'
      ],
      optimizeDeps: { rolldownOptions: undefined, rollupOptions: [Getter/Setter] }
    },
    logLevel: 'error',
    builder: { buildApp: [AsyncFunction: buildApp] },
    base: '/',
    worker: { rolldownOptions: undefined, rollupOptions: [Getter/Setter] },
    optimizeDeps: { rolldownOptions: undefined, rollupOptions: [Getter/Setter] }
  },
  decodedBase: '/',
  rawBase: '/',
  command: 'build',
  isWorker: false,
  mainConfig: null,
  bundleChain: [],
  isProduction: true,
  css: {
    transformer: 'postcss',
    preprocessorMaxWorkers: true,
    devSourcemap: false
  },
  json: { namedExports: true, stringify: 'auto' },
  esbuild: { jsxDev: false, charset: 'utf8', legalComments: 'none' },
  preview: {
    port: 4173,
    strictPort: false,
    host: undefined,
    allowedHosts: [],
    https: undefined,
    open: false,
    proxy: undefined,
    cors: {
      origin: /^https?:\/\/(?:(?:[^:]+\.)?localhost|127\.0\.0\.1|\[::1\])(?::\d+)?$/
    },
    headers: {}
  },
  envDir: 'D:/kitchenandall/kitchenandall',
  env: { BASE_URL: '/', MODE: 'production', DEV: false, PROD: true },
  assetsInclude: [Function: assetsInclude],
  rawAssetsInclude: [],
  logger: {
    hasWarned: false,
    info: [Function: info],
    warn: [Function: warn],
    warnOnce: [Function: warnOnce],
    error: [Function: error],
    clearScreen: [Function: clearScreen],
    hasErrorLogged: [Function: hasErrorLogged]
  },
  packageCache: Map(1) {
    'fnpd_D:/kitchenandall/kitchenandall' => {
      dir: 'D:/kitchenandall/kitchenandall',
      data: {
        name: 'e-store-astro',
        type: 'module',
        version: '0.0.1',
        engines: { node: '>=22.12.0' },
        scripts: {
          dev: 'astro dev',
          build: 'astro build',
          preview: 'astro preview',
          astro: 'astro'
        },
        dependencies: {
          '@astrojs/react': '^6.0.2',
          '@supabase/supabase-js': '^2.110.9',
          '@tailwindcss/vite': '^4.3.3',
          astro: '^7.1.4',
          'framer-motion': '^12.43.0',
          'lucide-react': '^1.27.0',
          react: '^19.2.8',
          'react-dom': '^19.2.8',
          swiper: '^14.0.6',
          tailwindcss: '^4.3.3'
        },
        devDependencies: { '@types/react': '^19.2.17', '@types/react-dom': '^19.2.3' }
      },
      hasSideEffects: [Function: hasSideEffects],
      setResolvedCache: [Function: setResolvedCache],
      getResolvedCache: [Function: getResolvedCache]
    },
    set: [Function (anonymous)]
  },
  experimental: {
    importGlobRestoreExtension: false,
    renderBuiltUrl: undefined,
    hmrPartialAccept: false,
    bundledDev: false
  },
  future: undefined,
  dev: {
    warmup: [],
    sourcemap: { js: true },
    sourcemapIgnoreList: [Function: isInNodeModules],
    preTransformRequests: false,
    createEnvironment: [Function: defaultCreateDevEnvironment],
    recoverable: false,
    moduleRunnerTransform: false
  },
  devtools: { config: { host: 'localhost' }, enabled: false },
  webSocketToken: '9xEkD0ZFUXbV',
  getSortedPlugins: [Function: getSortedPlugins],
  getSortedPluginHooks: [Function: getSortedPluginHooks],
  createResolver: [Function: createResolver],
  fsDenyGlob: [Function: arrayMatcher],
  safeModulePaths: Set(0) {},
  Symbol(vite:resolved-config): true
}
2026-07-30T17:01:34.397Z vite:env loading env files: [
  'D:/kitchenandall/kitchenandall/.env',
  'D:/kitchenandall/kitchenandall/.env.local',
  'D:/kitchenandall/kitchenandall/.env.production',
  'D:/kitchenandall/kitchenandall/.env.production.local'
]
2026-07-30T17:01:34.397Z vite:env env files loaded in 0.54ms
2026-07-30T17:01:34.398Z vite:env using resolved env: {}
2026-07-30T17:01:34.423Z vite:config using resolved config: {
  configFile: undefined,
  mode: 'production',
  cacheDir: 'D:/kitchenandall/kitchenandall/node_modules/.vite',
  clearScreen: false,
  customLogger: {
    hasWarned: false,
    info: [Function: info],
    warn: [Function: warn],
    warnOnce: [Function: warnOnce],
    error: [Function: error],
    clearScreen: [Function: clearScreen],
    hasErrorLogged: [Function: hasErrorLogged]
  },
  appType: 'custom',
  plugins: [
    'vite:optimized-deps',
    'vite:watch-package-data',
    'vite:pre-alias',
    'alias',
    '@astro/plugin-component-entry',
    'virtual:astro:manifest',
    'astro:plugin-renderers',
    'astro:static-paths',
    'astro:build:css-hmr',
    'astro:build',
    'astro-env-plugin',
    'astro:markdown',
    'astro-content-virtual-mod-plugin',
    'astro:content-asset-propagation',
    'astro:assets:esm',
    'astro:vite-plugin-file-url',
    'astro:i18n',
    'astro:actions',
    'virtual:astro:session-driver',
    'astro:container',
    '@tailwindcss/vite:scan',
    '@tailwindcss/vite:generate:build',
    'vite:react-babel',
    'vite:react-refresh-fbm',
    'vite:react-refresh',
    'vite:resolve-builtin:get-environment',
    'vite:resolve-builtin',
    'vite:html-inline-proxy',
    'vite:css',
    'builtin:oxc-runtime',
    'vite:oxc',
    'builtin:vite-json',
    'vite:wasm-helper',
    'vite:worker',
    'vite:asset',
    'vite:forward-console',
    '@astro/rolldown-plugin-astro-analyzer',
    '@astro/plugin-build-internals',
    '@astro/plugin-middleware-build',
    '@astro/plugin-actions-build',
    'astro:rollup-plugin-build-css',
    'astro:head-metadata-build',
    'astro:rolldown-plugin-prerender',
    '@astro/plugin-scripts',
    'plugin-noop',
    'astro:ssr-assets',
    'astro:watcher-max-listeners',
    'astro:routes',
    'astro-manifest-plugin',
    'astro:environment',
    '@astro/plugin-page',
    'astro:build:normal',
    'astro:scripts',
    'astro:app',
    'astro:server-app',
    '@astro/plugin-fetchable',
    'virtual:astro:dev-css',
    'virtual:astro:dev-css-all',
    'astro:adapter-config',
    'astro:html',
    'astro:integration-container',
    'astro:content-imports',
    '@astro/plugin-middleware',
    'astro:assets',
    'astro:fonts',
    'astro:image-styles',
    'astro:prefetch',
    'astro:transitions',
    'astro:dev-toolbar',
    'astro:chromedevtools',
    'vite:react-virtual-preamble',
    '@astrojs/react:opts',
    '@astrojs/react:environment',
    'astro:vite-plugin-env',
    'vite:define',
    'vite:css-post',
    'vite:build-html',
    'vite:worker-import-meta-url',
    'vite:asset-import-meta-url',
    'vite:prepare-out-dir',
    'vite:rollup-options-plugins',
    'vite:dynamic-import-vars',
    'vite:import-glob',
    'astro:css-target-lowering',
    'astro:rollup-plugin-single-css',
    'astro:rollup-plugin-inline-stylesheets',
    '@astro/plugin-pages',
    'astro:scripts:page-ssr',
    'astro:server-islands',
    'astro:hmr-reload',
    'vite:react:config-post',
    'astro:resolve-input',
    'astro:build-generate',
    'vite:build-import-analysis',
    'native:import-analysis-build',
    'vite:terser',
    'vite:license',
    'native:manifest',
    'vite:ssr-manifest',
    'native:reporter',
    ... 4 more items
  ],
  publicDir: 'D:/kitchenandall/kitchenandall/public',
  root: 'D:/kitchenandall/kitchenandall',
  envPrefix: 'PUBLIC_',
  define: {
    'import.meta.env.SITE': 'undefined',
    'import.meta.env.BASE_URL': '"/"',
    'import.meta.env.ASSETS_PREFIX': 'undefined'
  },
  server: {
    port: 5173,
    strictPort: false,
    host: undefined,
    allowedHosts: [],
    https: undefined,
    open: false,
    proxy: undefined,
    cors: {
      origin: /^https?:\/\/(?:(?:[^:]+\.)?localhost|127\.0\.0\.1|\[::1\])(?::\d+)?$/
    },
    headers: {},
    warmup: { clientFiles: [], ssrFiles: [] },
    middlewareMode: true,
    fs: {
      strict: true,
      deny: [
        '.env',
        '.env.*',
        '*.{crt,pem,key,p12,pfx,cer,der}',
        '.npmrc',
        '.yarnrc.yml',
        '**/.git/**'
      ],
      allow: [ 'D:/kitchenandall/kitchenandall' ]
    },
    preTransformRequests: true,
    perEnvironmentStartEndDuringDev: false,
    perEnvironmentWatchChangeDuringDev: false,
    forwardConsole: {
      enabled: true,
      unhandledErrors: true,
      logLevels: [ 'error', 'warn' ]
    },
    sourcemapIgnoreList: [Function: isInNodeModules],
    hmr: false,
    watch: { ignored: [ '**' ] }
  },
  resolve: {
    externalConditions: [ 'node', 'module-sync' ],
    extensions: [
      '.mjs',  '.js',
      '.mts',  '.ts',
      '.jsx',  '.tsx',
      '.json'
    ],
    dedupe: [],
    noExternal: [],
    external: [],
    preserveSymlinks: false,
    tsconfigPaths: true,
    alias: [
      { find: 'randombytes', replacement: 'randombytes/browser' },
      {
        find: /^astro$/,
        replacement: 'd:\\kitchenandall\\kitchenandall\\node_modules\\astro\\dist\\types\\public\\index.js'
      },
      {
        find: 'astro:middleware',
        replacement: 'astro/virtual-modules/middleware.js'
      },
      { find: 'astro:schema', replacement: 'astro/zod' },
      { find: 'astro:components', replacement: 'astro/components' },
      {
        find: /^\/?@vite\/env/,
        replacement: '/@fs/d:/kitchenandall/kitchenandall/node_modules/vite/dist/client/env.mjs'
      },
      {
        find: /^\/?@vite\/client/,
        replacement: '/@fs/d:/kitchenandall/kitchenandall/node_modules/vite/dist/client/client.mjs'
      }
    ],
    mainFields: [ 'browser', 'module', 'jsnext:main', 'jsnext' ],
    conditions: [
      'module',
      'browser',
      'development|production',
      'astro',
      'module',
      'browser',
      'development|production',
      'astro'
    ],
    builtins: []
  },
  build: {
    target: 'esnext',
    polyfillModulePreload: true,
    modulePreload: { polyfill: false },
    outDir: 'dist',
    assetsDir: '_astro',
    assetsInlineLimit: 4096,
    sourcemap: false,
    terserOptions: {},
    chunkImportMap: false,
    rolldownOptions: {
      platform: 'node',
      preserveEntrySignatures: 'exports-only',
      checks: { pluginTimings: false },
      output: {
        hoistTransitiveImports: false,
        format: 'esm',
        minifyInternalExports: true,
        chunkFileNames: [Function: chunkFileNames],
        assetFileNames: [Function: assetFileNames],
        entryFileNames: [Function: entryFileNames]
      },
      onwarn: [Function: onwarn]
    },
    commonjsOptions: { include: [ /node_modules/ ], extensions: [ '.js', '.cjs' ] },
    dynamicImportVarsOptions: { exclude: [ /node_modules/ ] },
    write: true,
    emptyOutDir: false,
    copyPublicDir: false,
    license: false,
    manifest: false,
    lib: false,
    ssrManifest: false,
    ssrEmitAssets: true,
    reportCompressedSize: false,
    chunkSizeWarningLimit: 500,
    watch: null,
    cssCodeSplit: true,
    minify: false,
    rollupOptions: {
      platform: 'node',
      preserveEntrySignatures: 'exports-only',
      checks: { pluginTimings: false },
      output: {
        hoistTransitiveImports: false,
        format: 'esm',
        minifyInternalExports: true,
        chunkFileNames: [Function: chunkFileNames],
        assetFileNames: [Function: assetFileNames],
        entryFileNames: [Function: entryFileNames]
      },
      onwarn: [Function: onwarn]
    },
    ssr: true,
    emitAssets: false,
    createEnvironment: [Function: createEnvironment],
    cssMinify: true,
    cssTarget: 'esnext'
  },
  environments: {
    astro: {
      define: {
        'import.meta.env.SITE': 'undefined',
        'import.meta.env.BASE_URL': '"/"',
        'import.meta.env.ASSETS_PREFIX': 'undefined'
      },
      resolve: {
        externalConditions: [ 'node', 'module-sync' ],
        extensions: [
          '.mjs',  '.js',
          '.mts',  '.ts',
          '.jsx',  '.tsx',
          '.json'
        ],
        dedupe: [
          'astro',
          'react',
          'react-dom',
          'astro',
          'react',
          'react-dom'
        ],
        noExternal: [
          'astro',
          'astro/components',
          '@nanostores/preact',
          '@fontsource/*',
          '@astrojs/internal-helpers',
          '@astrojs/react',
          'astro',
          'astro/components',
          '@nanostores/preact',
          '@fontsource/*',
          '@astrojs/internal-helpers',
          '@astrojs/react'
        ],
        external: [],
        preserveSymlinks: false,
        tsconfigPaths: true,
        alias: [
          { find: 'randombytes', replacement: 'randombytes/browser' },
          {
            find: /^astro$/,
            replacement: 'd:\\kitchenandall\\kitchenandall\\node_modules\\astro\\dist\\types\\public\\index.js'
          },
          {
            find: 'astro:middleware',
            replacement: 'astro/virtual-modules/middleware.js'
          },
          { find: 'astro:schema', replacement: 'astro/zod' },
          { find: 'astro:components', replacement: 'astro/components' },
          {
            find: /^\/?@vite\/env/,
            replacement: '/@fs/d:/kitchenandall/kitchenandall/node_modules/vite/dist/client/env.mjs'
          },
          {
            find: /^\/?@vite\/client/,
            replacement: '/@fs/d:/kitchenandall/kitchenandall/node_modules/vite/dist/client/client.mjs'
          }
        ],
        mainFields: [ 'module', 'jsnext:main', 'jsnext' ],
        conditions: [ 'module', 'node', 'development|production', 'astro' ],
        builtins: [
          '_http_agent',         '_http_client',        '_http_common',
          '_http_incoming',      '_http_outgoing',      '_http_server',
          '_stream_duplex',      '_stream_passthrough', '_stream_readable',
          '_stream_transform',   '_stream_wrap',        '_stream_writable',
          '_tls_common',         '_tls_wrap',           'assert',
          'assert/strict',       'async_hooks',         'buffer',
          'child_process',       'cluster',             'console',
          'constants',           'crypto',              'dgram',
          'diagnostics_channel', 'dns',                 'dns/promises',
          'domain',              'events',              'fs',
          'fs/promises',         'http',                'http2',
          'https',               'inspector',           'inspector/promises',
          'module',              'net',                 'os',
          'path',                'path/posix',          'path/win32',
          'perf_hooks',          'process',             'punycode',
          'querystring',         'readline',            'readline/promises',
          'repl',                'stream',              'stream/consumers',
          'stream/promises',     'stream/web',          'string_decoder',
          'sys',                 'timers',              'timers/promises',
          'tls',                 'trace_events',        'tty',
          'url',                 'util',                'util/types',
          'v8',                  'vm',                  'wasi',
          'worker_threads',      'zlib',                /^node:/,
          /^bun:/
        ]
      },
      keepProcessEnv: true,
      consumer: 'server',
      optimizeDeps: {
        include: [],
        exclude: [],
        needsInterop: [],
        rolldownOptions: { resolve: { symlinks: true }, output: { topLevelVar: true } },
        extensions: [],
        disabled: undefined,
        holdUntilCrawlEnd: true,
        force: false,
        ignoreOutdatedRequests: false,
        noDiscovery: true,
        rollupOptions: [Getter/Setter],
        esbuildOptions: { preserveSymlinks: false }
      },
      dev: {
        warmup: [],
        sourcemap: { js: true },
        sourcemapIgnoreList: [Function: isInNodeModules],
        preTransformRequests: false,
        createEnvironment: [Function: defaultCreateDevEnvironment],
        recoverable: false,
        moduleRunnerTransform: true
      },
      build: {
        target: 'esnext',
        polyfillModulePreload: true,
        modulePreload: { polyfill: false },
        outDir: 'dist',
        assetsDir: '_astro',
        assetsInlineLimit: 4096,
        sourcemap: false,
        terserOptions: {},
        chunkImportMap: false,
        rolldownOptions: {
          platform: 'node',
          preserveEntrySignatures: 'exports-only',
          checks: { pluginTimings: false },
          output: {
            hoistTransitiveImports: false,
            format: 'esm',
            minifyInternalExports: true,
            chunkFileNames: [Function: chunkFileNames],
            assetFileNames: [Function: assetFileNames],
            entryFileNames: [Function: entryFileNames]
          },
          onwarn: [Function: onwarn]
        },
        commonjsOptions: { include: [ /node_modules/ ], extensions: [ '.js', '.cjs' ] },
        dynamicImportVarsOptions: { exclude: [ /node_modules/ ] },
        write: true,
        emptyOutDir: false,
        copyPublicDir: false,
        license: false,
        manifest: false,
        lib: false,
        ssrManifest: false,
        ssrEmitAssets: true,
        reportCompressedSize: false,
        chunkSizeWarningLimit: 500,
        watch: null,
        cssCodeSplit: true,
        minify: false,
        rollupOptions: [Getter/Setter],
        ssr: true,
        emitAssets: false,
        createEnvironment: [Function: createEnvironment],
        cssMinify: true,
        cssTarget: 'esnext'
      },
      isBundled: true,
      plugins: [
        {
          name: 'vite:watch-package-data',
          buildStart: [Function: buildStart],
          buildEnd: [Function: buildEnd],
          watchChange: [Function: watchChange]
        },
        BuiltinPlugin {
          name: 'builtin:vite-alias',
          _options: {
            entries: [
              {
                find: 'randombytes',
                replacement: 'randombytes/browser'
              },
              {
                find: /^astro$/,
                replacement: 'd:\\kitchenandall\\kitchenandall\\node_modules\\astro\\dist\\types\\public\\index.js'
              },
              {
                find: 'astro:middleware',
                replacement: 'astro/virtual-modules/middleware.js'
              },
              { find: 'astro:schema', replacement: 'astro/zod' },
              {
                find: 'astro:components',
                replacement: 'astro/components'
              },
              {
                find: /^\/?@vite\/env/,
                replacement: '/@fs/d:/kitchenandall/kitchenandall/node_modules/vite/dist/client/env.mjs'
              },
              {
                find: /^\/?@vite\/client/,
                replacement: '/@fs/d:/kitchenandall/kitchenandall/node_modules/vite/dist/client/client.mjs'
              }
            ]
          },
          enforce: undefined
        },
        {
          name: 'virtual:astro:manifest',
          enforce: 'pre',
          configureServer: [Function: configureServer],
          applyToEnvironment: [Function: applyToEnvironment],
          resolveId: {
            filter: { id: /^virtual:astro:manifest$/ },
            handler: [Function: handler]
          },
          load: {
            filter: { id: /^ virtual:astro:manifest$/ },
            handler: [AsyncFunction: handler]
          }
        },
        {
          name: 'astro:plugin-renderers',
          enforce: 'pre',
          resolveId: {
            filter: { id: /^virtual:astro:renderers$/ },
            handler: [Function: handler]
          },
          load: {
            filter: { id: /^ virtual:astro:renderers$/ },
            handler: [Function: handler]
          }
        },
        {
          name: 'astro:static-paths',
          enforce: 'pre',
          resolveId: {
            filter: { id: /^astro:static-paths$/ },
            handler: [Function: handler]
          },
          load: {
            filter: { id: /^ astro:static-paths$/ },
            handler: [Function: handler]
          }
        },
        {
          name: 'astro:build',
          enforce: 'pre',
          configEnvironment: [AsyncFunction: configEnvironment],
          configResolved: [AsyncFunction: configResolved],
          configureServer: [Function: configureServer],
          buildStart: [Function: buildStart],
          load: {
            filter: { id: /(?:\?|&)astro(?:&|=|$)/ },
            handler: [AsyncFunction: handler]
          },
          transform: {
            filter: {
              id: {
                include: [ /\.astro$/, /\.astro\?/ ],
                exclude: [
                  /(?:\?|&)(?:url|raw|direct)(?:&|$)/,
                  /(?:\?|&)astro(?:&|=|$)/
                ]
              }
            },
            handler: [AsyncFunction: handler]
          },
          handleHotUpdate: [AsyncFunction: handleHotUpdate]
        },
        {
          name: 'astro-env-plugin',
          enforce: 'pre',
          config: [Function: config],
          buildStart: [Function: buildStart],
          resolveId: {
            filter: {
              id: /^(astro:env\/client|astro:env\/server|virtual:astro:env\/internal)$/
            },
            handler: [Function: handler]
          },
          load: {
            filter: {
              id: /^( astro:env\/client| astro:env\/server| virtual:astro:env\/internal)$/
            },
            handler: [Function: handler]
          }
        },
        {
          enforce: 'pre',
          name: 'astro:markdown',
          buildEnd: [Function: buildEnd],
          resolveId: {
            filter: { id: /^[^/]/ },
            handler: [AsyncFunction: handler]
          },
          load: {
            filter: {
              id: {
                include: /\.(markdown|mdown|mkdn|mkd|mdwn|md)(\?|$)/,
                exclude: /(?:\?|&)(?:url|raw|direct)(?:&|$)/
              }
            },
            handler: [AsyncFunction: handler]
          }
        },
        {
          name: 'astro-content-virtual-mod-plugin',
          enforce: 'pre',
          config: [Function: config],
          buildStart: [Function: buildStart],
          resolveId: {
            filter: {
              id: /^(astro:content|astro:data-layer-content|astro:content-module-imports|astro:asset-imports)$|(?:\?|&)astroContentModuleFlag(?:&|=|$)/
            },
            handler: [AsyncFunction: handler]
          },
          load: {
            filter: {
              id: /^( astro:content| astro:data-layer-content| astro:asset-imports| astro:content-module-imports)$/
            },
            handler: [AsyncFunction: handler]
          },
          configureServer: [Function: configureServer]
        },
        {
          name: 'astro:content-asset-propagation',
          enforce: 'pre',
          resolveId: {
            filter: {
              id: /(?:\?|&)(?:astroContentImageFlag|astroRenderContent)(?:&|=|$)/
            },
            handler: [AsyncFunction: handler]
          },
          configureServer: [Function: configureServer],
          transform: {
            filter: { id: /(?:\?|&)astroPropagatedAssets(?:&|=|$)/ },
            handler: [AsyncFunction: handler]
          }
        },
        {
          name: 'astro:assets:esm',
          enforce: 'pre',
          config: [Function: config],
          configResolved: [Function: configResolved],
          load: {
            filter: { id: /\.(jpeg|jpg|png|tiff|webp|gif|svg|avif)/i },
            handler: [AsyncFunction: handler]
          }
        },
        {
          name: 'astro:vite-plugin-file-url',
          enforce: 'pre',
          resolveId: {
            filter: { id: /^file:\/\// },
            handler: [Function: handler]
          }
        },
        {
          name: 'astro:i18n',
          enforce: 'pre',
          resolveId: {
            filter: { id: /^astro:i18n$/ },
            handler: [Function: handler]
          }
        },
        {
          name: 'astro:actions',
          enforce: 'pre',
          resolveId: {
            filter: {
              id: /^(astro:actions|virtual:astro:actions\/options|virtual:astro:actions\/entrypoint)$/
            },
            handler: [AsyncFunction: handler]
          },
          configureServer: [AsyncFunction: configureServer],
          load: {
            filter: {
              id: /^( astro:actions| virtual:astro:actions\/noop-entrypoint| virtual:astro:actions\/entrypoint| virtual:astro:actions\/options)$/
            },
            handler: [AsyncFunction: handler]
          }
        },
        {
          name: 'virtual:astro:session-driver',
          enforce: 'pre',
          resolveId: {
            filter: { id: /^virtual:astro:session-driver$/ },
            handler: [Function: handler]
          },
          load: {
            filter: { id: /^ virtual:astro:session-driver$/ },
            handler: [AsyncFunction: handler]
          }
        },
        {
          name: 'astro:container',
          enforce: 'pre',
          resolveId: {
            filter: { id: /^(astro:container)$/ },
            handler: [Function: handler]
          }
        },
        {
          name: '@tailwindcss/vite:scan',
          enforce: 'pre',
          configureServer: [Function: configureServer],
          configResolved: [AsyncFunction: configResolved]
        },
        {
          name: '@tailwindcss/vite:generate:build',
          apply: 'build',
          enforce: 'pre',
          transform: {
            filter: {
              id: {
                exclude: [
                  /\/\.vite\//,
                  /[?&](?:worker|sharedworker|raw|url)\b/,
                  /\?commonjs-proxy/
                ],
                include: [
                  /\.css(?:\?.*)?$/,
                  /&lang\.css/,
                  /[?&]index=\d+\.css$/
                ]
              }
            },
            handler: [AsyncFunction: handler]
          }
        },
        {
          name: 'vite:react-babel',
          enforce: 'pre',
          config: [Function: config],
          configResolved: [Function: configResolved],
          options: [Function: options]
        },
        {
          name: 'vite:react-refresh-fbm',
          enforce: 'pre',
          transformIndexHtml: { handler: [Function: handler], order: 'pre' }
        },
        {
          name: 'vite:react-refresh',
          enforce: 'pre',
          config: [Function: config],
          resolveId: {
            filter: { id: /^\/@react\-refresh$/ },
            handler: [Function: handler]
          },
          load: {
            filter: { id: /^\/@react\-refresh$/ },
            handler: [Function: handler]
          },
          transformIndexHtml: [Function: transformIndexHtml]
        },
        {
          name: 'vite:resolve-builtin:get-environment',
          buildStart: [Function: buildStart],
          perEnvironmentStartEndDuringDev: true
        },
        BuiltinPlugin {
          name: 'builtin:vite-resolve',
          _options: {
            resolveOptions: {
              isBuild: true,
              isProduction: true,
              asSrc: true,
              preferRelative: false,
              isRequire: undefined,
              root: 'D:/kitchenandall/kitchenandall',
              scan: false,
              mainFields: [ 'module', 'jsnext:main', 'jsnext', 'main' ],
              conditions: [ 'module', 'node', 'development|production', 'astro' ],
              externalConditions: [ 'node', 'module-sync' ],
              extensions: [
                '.mjs',  '.js',
                '.mts',  '.ts',
                '.jsx',  '.tsx',
                '.json'
              ],
              tryIndex: true,
              tryPrefix: undefined,
              preserveSymlinks: false,
              tsconfigPaths: true
            },
            environmentConsumer: 'server',
            environmentName: 'astro',
            builtins: [
              '_http_agent',
              '_http_client',
              '_http_common',
              '_http_incoming',
              '_http_outgoing',
              '_http_server',
              '_stream_duplex',
              '_stream_passthrough',
              '_stream_readable',
              '_stream_transform',
              '_stream_wrap',
              '_stream_writable',
              '_tls_common',
              '_tls_wrap',
              'assert',
              'assert/strict',
              'async_hooks',
              'buffer',
              'child_process',
              'cluster',
              'console',
              'constants',
              'crypto',
              'dgram',
              'diagnostics_channel',
              'dns',
              'dns/promises',
              'domain',
              'events',
              'fs',
              'fs/promises',
              'http',
              'http2',
              'https',
              'inspector',
              'inspector/promises',
              'module',
              'net',
              'os',
              'path',
              'path/posix',
              'path/win32',
              'perf_hooks',
              'process',
              'punycode',
              'querystring',
              'readline',
              'readline/promises',
              'repl',
              'stream',
              'stream/consumers',
              'stream/promises',
              'stream/web',
              'string_decoder',
              'sys',
              'timers',
              'timers/promises',
              'tls',
              'trace_events',
              'tty',
              'url',
              'util',
              'util/types',
              'v8',
              'vm',
              'wasi',
              'worker_threads',
              'zlib',
              /^node:/,
              /^bun:/
            ],
            external: [],
            noExternal: [
              'astro',
              'astro/components',
              '@nanostores/preact',
              '@fontsource/*',
              '@astrojs/internal-helpers',
              '@astrojs/react',
              'astro',
              'astro/components',
              '@nanostores/preact',
              '@fontsource/*',
              '@astrojs/internal-helpers',
              '@astrojs/react'
            ],
            dedupe: [
              'astro',
              'react',
              'react-dom',
              'astro',
              'react',
              'react-dom'
            ],
            disableCache: false,
            legacyInconsistentCjsInterop: undefined,
            finalizeBareSpecifier: undefined,
            finalizeOtherSpecifiers: undefined,
            resolveSubpathImports: [Function: resolveSubpathImports],
            yarnPnp: false
          },
          enforce: undefined,
          getOrder: [AsyncFunction: wrappedHook],
          load: [AsyncFunction: wrappedHook],
          resolveId: [AsyncFunction: wrappedHook],
          transform: [AsyncFunction: wrappedHook],
          watchChange: [AsyncFunction: wrappedHook],
          perEnvironmentWatchChangeDuringDev: true
        },
        {
          name: 'vite:html-inline-proxy',
          resolveId: {
            filter: { id: /[?&]html-proxy\b/ },
            handler: [Function: handler]
          },
          load: {
            filter: { id: /[?&]html-proxy\b/ },
            handler: [Function: handler]
          }
        },
        {
          name: 'vite:css',
          buildStart: [Function: buildStart],
          buildEnd: [AsyncFunction: buildEnd],
          load: {
            filter: {
              id: /\.(css|less|sass|scss|styl|stylus|pcss|postcss|sss)(?:$|\?)/
            },
            handler: [Function: handler]
          },
          transform: {
            filter: {
              id: {
                include: /\.(css|less|sass|scss|styl|stylus|pcss|postcss|sss)(?:$|\?)/,
                exclude: [
                  /[?&]commonjs-proxy/,
                  /[?&](?:worker|sharedworker|raw|url)\b/
                ]
              }
            },
            handler: [AsyncFunction: handler]
          }
        },
        BuiltinPlugin {
          name: 'builtin:vite-transform',
          _options: {
            root: 'D:/kitchenandall/kitchenandall',
            include: [ /\.(m?ts|[jt]sx)$/ ],
            exclude: [ /\.js$/ ],
            jsxRefreshInclude: [ /\.[tj]sx?(?:\?.*)?$/ ],
            jsxRefreshExclude: [ /\.astro(?:\?.*)?$/ ],
            isServerConsumer: true,
            jsxInject: undefined,
            transformOptions: {
              jsx: {
                development: false,
                runtime: 'automatic',
                importSource: undefined,
                refresh: false
              },
              sourcemap: true
            },
            yarnPnp: false
          },
          enforce: undefined
        },
        BuiltinPlugin {
          name: 'builtin:vite-json',
          _options: { namedExports: true, stringify: 'auto', minify: true },
          enforce: undefined,
          getOrder: [AsyncFunction: wrappedHook],
          load: [AsyncFunction: wrappedHook],
          resolveId: [AsyncFunction: wrappedHook],
          transform: [AsyncFunction: wrappedHook],
          watchChange: [AsyncFunction: wrappedHook]
        },
        {
          name: 'vite:wasm-helper',
          resolveId: {
            filter: { id: /^ vite\/wasm\-helper\.js$/ },
            handler: [Function: handler]
          },
          load: {
            filter: {
              id: [
                /^ vite\/wasm\-helper\.js$/,
                /(?<![?#].*)\.wasm\?init/,
                /(?<![?#].*)\.wasm$/
              ]
            },
            handler: [AsyncFunction: handler]
          },
          renderChunk: {
            filter: { code: /__VITE_WASM_INIT__([\w$]+)__/g },
            handler: [Function: handler]
          }
        },
        {
          name: 'vite:worker',
          buildStart: [Function: buildStart],
          load: {
            filter: { id: /(?:\?|&)(worker|sharedworker)(?:&|$)/ },
            handler: [AsyncFunction: handler]
          },
          transform: {
            filter: { id: /(?:\?|&)worker_file&type=(\w+)(?:&|$)/ },
            handler: [Function: handler]
          },
          renderChunk: [Function: renderChunk],
          generateBundle: [Function: generateBundle],
          watchChange: [Function: watchChange]
        },
        {
          name: 'vite:asset',
          perEnvironmentStartEndDuringDev: true,
          buildStart: [Function: buildStart],
          resolveId: {
            filter: {
              id: [
                /(\?|&)url(?:&|$)/,
                /\.(apng|bmp|png|jpe?g|jfif|pjpeg|pjp|gif|svg|ico|webp|avif|cur|jxl|mp4|webm|ogg|mp3|wav|flac|aac|opus|mov|m4a|vtt|woff2?|eot|ttf|otf|webmanifest|pdf|txt)(\?.*)?$/i
              ]
            },
            handler: [Function: handler]
          },
          load: {
            filter: {
              id: {
                include: [
                  /(\?|&)raw(?:&|$)/,
                  /(\?|&)url(?:&|$)/,
                  /\.(apng|bmp|png|jpe?g|jfif|pjpeg|pjp|gif|svg|ico|webp|avif|cur|jxl|mp4|webm|ogg|mp3|wav|flac|aac|opus|mov|m4a|vtt|woff2?|eot|ttf|otf|webmanifest|pdf|txt)(\?.*)?$/i
                ],
                exclude: /^\0/
              }
            },
            handler: [AsyncFunction: handler]
          },
          renderChunk: [Function: renderChunk],
          generateBundle: [Function: generateBundle],
          watchChange: [Function: watchChange]
        },
        {
          name: 'vite:forward-console',
          apply: 'serve',
          configureServer: [Function: configureServer]
        },
        {
          name: '@astro/plugin-actions-build',
          applyToEnvironment: [Function: applyToEnvironment],
          writeBundle: [Function: writeBundle]
        },
        {
          name: 'plugin-noop',
          resolveId: {
            filter: { id: /^virtual:astro:noop$/ },
            handler: [Function: handler]
          },
          load: {
            filter: { id: /^ virtual:astro:noop$/ },
            handler: [Function: handler]
          },
          generateBundle: [Function: generateBundle]
        },
        {
          name: 'astro:watcher-max-listeners',
          configureServer: [Function: configureServer]
        },
        {
          name: 'astro:routes',
          configureServer: [Function: configureServer],
          applyToEnvironment: [Function: applyToEnvironment],
          resolveId: {
            filter: { id: /^virtual:astro:routes$/ },
            handler: [Function: handler]
          },
          load: {
            filter: { id: /^ virtual:astro:routes$/ },
            handler: [Function: handler]
          },
          transform: [AsyncFunction: transform],
          handleHotUpdate: [AsyncFunction: handleHotUpdate]
        },
        {
          name: 'astro-manifest-plugin',
          resolveId: {
            filter: { id: /^(astro:config\/server|astro:config\/client)$/ },
            handler: [Function: handler]
          },
          load: {
            filter: { id: /^( astro:config\/server| astro:config\/client)$/ },
            handler: [Function: handler]
          }
        },
        {
          name: 'astro:environment',
          configEnvironment: [Function: configEnvironment]
        },
        {
          name: 'astro:build:normal',
          resolveId: {
            filter: { id: /(?:\?|&)astro(?:&|=|$)/ },
            handler: [Function: handler]
          }
        },
        {
          name: 'astro:scripts',
          config: [Function: config],
          resolveId: {
            filter: { id: /^astro:scripts\// },
            handler: [Function: handler]
          },
          load: {
            filter: {
              id: /^(astro:scripts\/before-hydration.js|astro:scripts\/page.js|astro:scripts\/page-ssr.js)$/
            },
            handler: [Function: handler]
          },
          buildStart: [Function: buildStart]
        },
        {
          name: 'astro:app',
          configResolved: [Function: configResolved],
          resolveId: {
            filter: { id: /^virtual:astro:app$/ },
            handler: [Function: handler]
          },
          load: {
            filter: { id: /^ virtual:astro:app$/ },
            handler: [Function: handler]
          }
        },
        {
          name: 'astro:server-app',
          resolveId: {
            filter: { id: /^astro:server-app$/ },
            handler: [Function: handler]
          }
        },
        {
          name: '@astro/plugin-fetchable',
          applyToEnvironment: [Function: applyToEnvironment],
          configureServer: [Function: configureServer],
          resolveId: {
            filter: { id: /^virtual:astro:fetchable$/ },
            handler: [AsyncFunction: handler]
          },
          load: {
            filter: { id: /^ virtual:astro:fetchable$/ },
            handler: [Function: handler]
          }
        },
        {
          name: 'astro:adapter-config',
          config: [Function: config],
          resolveId: {
            filter: { id: /^virtual:astro:adapter-config\/client$/ },
            handler: [Function: handler]
          },
          load: {
            filter: { id: /^ virtual:astro:adapter-config\/client$/ },
            handler: [Function: handler]
          }
        },
        {
          name: 'astro:html',
          options: [Function: options],
          transform: {
            filter: { id: /\.html$/ },
            handler: [AsyncFunction: transform]
          }
        },
        {
          name: 'astro:integration-container',
          configureServer: [AsyncFunction: configureServer],
          buildStart: [AsyncFunction: buildStart]
        },
        {
          name: 'astro:content-imports',
          config: [Function: config],
          buildStart: [AsyncFunction: buildStart],
          transform: {
            filter: {
              id: /(?:\?|&)(?:astroDataCollectionEntry|astroContentCollectionEntry)(?:&|=|$)/
            },
            handler: [AsyncFunction: handler]
          },
          configureServer: [Function: configureServer]
        },
        {
          name: '@astro/plugin-middleware',
          applyToEnvironment: [Function: applyToEnvironment],
          configureServer: [Function: configureServer],
          resolveId: {
            filter: { id: /^virtual:astro:middleware$/ },
            handler: [AsyncFunction: handler]
          },
          load: {
            filter: { id: /^( noop-middleware| virtual:astro:middleware)$/ },
            handler: [AsyncFunction: handler]
          }
        },
        {
          name: 'astro:assets',
          config: [Function: config],
          resolveId: {
            filter: {
              id: /^(virtual:image-service|astro:assets|virtual:astro:get-image)$/
            },
            handler: [AsyncFunction: handler]
          },
          load: {
            filter: { id: /^( astro:assets| virtual:astro:get-image)$/ },
            handler: [Function: handler]
          },
          buildStart: [Function: buildStart],
          renderChunk: [AsyncFunction: renderChunk]
        },
        {
          name: 'astro:fonts',
          buildStart: [AsyncFunction: buildStart],
          configureServer: [AsyncFunction: configureServer],
          resolveId: {
            filter: {
              id: /^(virtual:astro:assets\/fonts\/internal|virtual:astro:assets\/fonts\/runtime|virtual:astro:assets\/fonts\/runtime\/font-file-url-resolver)$/
            },
            handler: [Function: handler]
          },
          load: {
            filter: {
              id: /^( virtual:astro:assets\/fonts\/internal| virtual:astro:assets\/fonts\/runtime| virtual:astro:assets\/fonts\/runtime\/font-file-url-resolver)$/
            },
            handler: [AsyncFunction: handler]
          },
          buildEnd: [AsyncFunction: buildEnd]
        },
        {
          name: 'astro:image-styles',
          resolveId: {
            filter: { id: /^virtual:astro:image-styles.css$/ },
            handler: [Function: handler]
          },
          load: {
            filter: { id: /^ virtual:astro:image-styles.css$/ },
            handler: [AsyncFunction: handler]
          }
        },
        {
          name: 'astro:prefetch',
          resolveId: {
            filter: { id: /^astro:prefetch$/ },
            handler: [Function: handler]
          },
          load: {
            filter: { id: /^ astro:prefetch$/ },
            handler: [Function: handler]
          },
          transform: {
            filter: { id: /astro\/dist\/prefetch\/index.js/ },
            handler: [Function: handler]
          }
        },
        {
          name: 'astro:transitions',
          resolveId: {
            filter: { id: /^(astro:transitions|astro:transitions\/client)$/ },
            handler: [Function: handler]
          },
          load: {
            filter: { id: /^( astro:transitions| astro:transitions\/client)$/ },
            handler: [Function: handler]
          },
          transform: {
            filter: { id: /ClientRouter\.astro.*\.ts$/ },
            handler: [Function: handler]
          }
        },
        {
          name: 'astro:dev-toolbar',
          config: [Function: config],
          resolveId: {
            filter: { id: /^astro:toolbar:internal$/ },
            handler: [Function: handler]
          },
          configureServer: [Function: configureServer],
          load: {
            filter: { id: /^ astro:toolbar:internal$/ },
            handler: [Function: handler]
          }
        },
        {
          name: 'astro:chromedevtools',
          configureServer: [Function: configureServer]
        },
        {
          name: 'vite:react-virtual-preamble',
          resolveId: {
            order: 'pre',
            filter: { id: /^@vitejs\/plugin\-react\/preamble$/ },
            handler: [Function: handler]
          },
          load: {
            filter: { id: /^ @vitejs\/plugin\-react\/preamble$/ },
            handler: [Function: handler]
          }
        },
        {
          name: '@astrojs/react:opts',
          resolveId: {
            filter: { id: /^astro:react:opts$/ },
            handler: [Function: handler]
          },
          load: {
            filter: { id: /^ astro:react:opts$/ },
            handler: [Function: handler]
          }
        },
        {
          name: '@astrojs/react:environment',
          configEnvironment: [Function: configEnvironment]
        },
        {
          name: 'astro:vite-plugin-env',
          config: [Function: config],
          configResolved: [Function: configResolved],
          transform: {
            filter: {
              id: {
                exclude: [
                  /.*\.(html|htm|json)$/,
                  /\.(css|less|sass|scss|styl|stylus|pcss|postcss|sss)(?:$|\?)/
                ]
              },
              code: /import\.meta\.env/
            },
            handler: [Function: handler]
          }
        },
        { name: 'vite:define', options: [Function: options] },
        {
          name: 'vite:css-post',
          renderStart: [Function: renderStart],
          transform: {
            filter: {
              id: {
                include: /\.(css|less|sass|scss|styl|stylus|pcss|postcss|sss)(?:$|\?)/,
                exclude: [
                  /[?&]commonjs-proxy/,
                  /[?&](?:worker|sharedworker|raw|url)\b/
                ]
              }
            },
            handler: [AsyncFunction: handler]
          },
          renderChunk: [AsyncFunction: renderChunk],
          augmentChunkHash: [Function: augmentChunkHash],
          generateBundle: [AsyncFunction: generateBundle]
        },
        {
          name: 'vite:build-html',
          applyToEnvironment: [Function: applyToEnvironment],
          transform: {
            filter: { id: /\.html$/ },
            handler: [AsyncFunction: handler]
          },
          generateBundle: [AsyncFunction: generateBundle]
        },
        {
          name: 'vite:prepare-out-dir',
          watchChange: [Function: watchChange],
          renderStart: { order: 'pre', handler: [Function: handler] }
        },
        BuiltinPlugin {
          name: 'builtin:vite-dynamic-import-vars',
          _options: {
            include: undefined,
            exclude: [ /node_modules/ ],
            resolver: [Function: resolver],
            sourcemap: false
          },
          enforce: undefined
        },
        BuiltinPlugin {
          name: 'builtin:vite-import-glob',
          _options: {
            root: 'D:/kitchenandall/kitchenandall',
            sourcemap: false,
            restoreQueryExtension: false
          },
          enforce: undefined
        },
        {
          name: 'astro:css-target-lowering',
          enforce: 'post',
          configResolved: [Function: configResolved],
          generateBundle: [AsyncFunction: generateBundle]
        },
        {
          name: 'astro:scripts:page-ssr',
          enforce: 'post',
          transform: [Function: transform]
        },
        {
          name: 'astro:server-islands',
          enforce: 'post',
          api: { hasServerIslands: [Function: hasServerIslands] },
          config: [Function: config],
          buildStart: [Function: buildStart],
          configureServer: [Function: configureServer],
          resolveId: {
            filter: { id: /^virtual:astro:server-island-manifest$/ },
            handler: [Function: handler]
          },
          load: {
            filter: { id: /^ virtual:astro:server-island-manifest$/ },
            handler: [Function: handler]
          },
          transform: {
            filter: {
              id: {
                include: [
                  /\.(astro|mdx)$/,
                  /^ virtual:astro:server-island-manifest$/
                ]
              }
            },
            handler: [AsyncFunction: handler]
          },
          renderChunk: [Function: renderChunk]
        },
        {
          name: 'astro:hmr-reload',
          enforce: 'post',
          hotUpdate: { order: 'post', handler: [Function: handler] }
        },
        {
          name: 'vite:react:config-post',
          enforce: 'post',
          config: [Function: config]
        },
        {
          name: 'astro:resolve-input',
          enforce: 'post',
          config: [Function: config],
          configResolved: [Function: configResolved]
        },
        {
          name: 'astro:build-generate',
          enforce: 'post',
          buildApp: { order: 'post', handler: [AsyncFunction: handler] }
        },
        {
          name: 'vite:build-import-analysis',
          renderChunk: [Function: renderChunk],
          generateBundle: [AsyncFunction: generateBundle]
        },
        BuiltinPlugin {
          name: 'builtin:vite-build-import-analysis',
          _options: {
            preloadCode: 'const scriptRel = /* @__PURE__ */ (function detectScriptRel() {\n' +
              '\tconst relList = typeof document !== "undefined" && document.createElement("link").relList;\n' +
              '\treturn relList && relList.supports && relList.supports("modulepreload") ? "modulepreload" : "preload";\n' +
              '})();const assetsURL = function(dep) { return "/"+dep };const seen = {};export const __vitePreload = function preload(baseModule, deps, importerUrl) {\n' +
              '\tlet promise = Promise.resolve();\n' +
              '\tif (__VITE_IS_MODERN__ && deps && deps.length > 0) {\n' +
              '\t\tconst links = document.getElementsByTagName("link");\n' +
              '\t\tconst cspNonceMeta = document.querySelector("meta[property=csp-nonce]");\n' +
              '\t\tconst cspNonce = cspNonceMeta?.nonce || cspNonceMeta?.getAttribute("nonce");\n' +
              '\t\tfunction allSettled(promises) {\n' +
              '\t\t\treturn Promise.all(promises.map((p) => Promise.resolve(p).then((value) => ({\n' +
              '\t\t\t\tstatus: "fulfilled",\n' +
              '\t\t\t\tvalue\n' +
              '\t\t\t}), (reason) => ({\n' +
              '\t\t\t\tstatus: "rejected",\n' +
              '\t\t\t\treason\n' +
              '\t\t\t}))));\n' +
              '\t\t}\n' +
              '\t\tfunction importMetaResolve(specifier) {\n' +
              '\t\t\tif (import.meta.resolve) return import.meta.resolve(specifier);\n' +
              '\t\t\treturn new URL(\n' +
              '\t\t\t\tspecifier,\n' +
              '\t\t\t\t/** #__KEEP__ */\n' +
              '\t\t\t\timport.meta.url\n' +
              '\t\t\t).href;\n' +
              '\t\t}\n' +
              '\t\tpromise = allSettled(deps.map((dep) => {\n' +
              '\t\t\tdep = assetsURL(dep, importerUrl);\n' +
              '\t\t\tdep = importMetaResolve(dep);\n' +
              '\t\t\tif (dep in seen) return;\n' +
              '\t\t\tseen[dep] = true;\n' +
              '\t\t\tconst isCss = dep.endsWith(".css");\n' +
              '\t\t\tfor (let i = links.length - 1; i >= 0; i--) {\n' +
              '\t\t\t\tconst link = links[i];\n' +
              '\t\t\t\tif (link.href === dep && (!isCss || link.rel === "stylesheet")) return;\n' +
              '\t\t\t}\n' +
              '\t\t\tconst link = document.createElement("link");\n' +
              '\t\t\tlink.rel = isCss ? "stylesheet" : scriptRel;\n' +
              '\t\t\tif (!isCss) link.as = "script";\n' +
              '\t\t\tlink.crossOrigin = "";\n' +
              '\t\t\tlink.href = dep;\n' +
              '\t\t\tif (cspNonce) link.setAttribute("nonce", cspNonce);\n' +
              '\t\t\tdocument.head.appendChild(link);\n' +
              '\t\t\tif (isCss) return new Promise((res, rej) => {\n' +
              '\t\t\t\tlink.addEventListener("load", res);\n' +
              '\t\t\t\tlink.addEventListener("error", () => rej(/* @__PURE__ */ new Error(`Unable to preload CSS for ${dep}`)));\n' +
              '\t\t\t});\n' +
              '\t\t}));\n' +
              '\t}\n' +
              '\tfunction handlePreloadError(err) {\n' +
              '\t\tconst e = new Event("vite:preloadError", { cancelable: true });\n' +
              '\t\te.payload = err;\n' +
              '\t\twindow.dispatchEvent(e);\n' +
              '\t\tif (!e.defaultPrevented) throw err;\n' +
              '\t}\n' +
              '\treturn promise.then((res) => {\n' +
              '\t\tfor (const item of res || []) {\n' +
              '\t\t\tif (item.status !== "rejected") continue;\n' +
              '\t\t\thandlePreloadError(item.reason);\n' +
              '\t\t}\n' +
              '\t\treturn baseModule().catch(handlePreloadError);\n' +
              '\t});\n' +
              '}',
            insertPreload: false,
            optimizeModulePreloadRelativePaths: false,
            renderBuiltUrl: false,
            isRelativeBase: false
          },
          enforce: undefined
        },
        {
          name: 'vite:license',
          generateBundle: [Function: generateBundle]
        },
        BuiltinPlugin {
          name: 'builtin:vite-reporter',
          _options: {
            root: 'D:/kitchenandall/kitchenandall',
            isTty: false,
            isLib: false,
            assetsDir: '_astro\\',
            chunkLimit: 500,
            logInfo: undefined,
            reportCompressedSize: false,
            warnLargeChunks: false
          },
          enforce: undefined
        },
        BuiltinPlugin {
          name: 'builtin:vite-load-fallback',
          _options: undefined,
          enforce: undefined
        }
      ],
      optimizeDepsPluginNames: []
    },
    prerender: {
      define: {
        'import.meta.env.SITE': 'undefined',
        'import.meta.env.BASE_URL': '"/"',
        'import.meta.env.ASSETS_PREFIX': 'undefined'
      },
      resolve: {
        externalConditions: [ 'node', 'module-sync' ],
        extensions: [
          '.mjs',  '.js',
          '.mts',  '.ts',
          '.jsx',  '.tsx',
          '.json'
        ],
        dedupe: [
          'astro',
          'react',
          'react-dom',
          'astro',
          'react',
          'react-dom'
        ],
        noExternal: [
          'astro',
          '@astrojs/internal-helpers',
          'astro',
          'astro/components',
          '@nanostores/preact',
          '@fontsource/*',
          '@astrojs/internal-helpers',
          '@astrojs/react',
          'astro',
          '@astrojs/internal-helpers',
          'astro',
          'astro/components',
          '@nanostores/preact',
          '@fontsource/*',
          '@astrojs/internal-helpers',
          '@astrojs/react'
        ],
        external: [],
        preserveSymlinks: false,
        tsconfigPaths: true,
        alias: [
          { find: 'randombytes', replacement: 'randombytes/browser' },
          {
            find: /^astro$/,
            replacement: 'd:\\kitchenandall\\kitchenandall\\node_modules\\astro\\dist\\types\\public\\index.js'
          },
          {
            find: 'astro:middleware',
            replacement: 'astro/virtual-modules/middleware.js'
          },
          { find: 'astro:schema', replacement: 'astro/zod' },
          { find: 'astro:components', replacement: 'astro/components' },
          {
            find: /^\/?@vite\/env/,
            replacement: '/@fs/d:/kitchenandall/kitchenandall/node_modules/vite/dist/client/env.mjs'
          },
          {
            find: /^\/?@vite\/client/,
            replacement: '/@fs/d:/kitchenandall/kitchenandall/node_modules/vite/dist/client/client.mjs'
          }
        ],
        mainFields: [ 'module', 'jsnext:main', 'jsnext' ],
        conditions: [ 'module', 'node', 'development|production', 'astro' ],
        builtins: [
          '_http_agent',         '_http_client',        '_http_common',
          '_http_incoming',      '_http_outgoing',      '_http_server',
          '_stream_duplex',      '_stream_passthrough', '_stream_readable',
          '_stream_transform',   '_stream_wrap',        '_stream_writable',
          '_tls_common',         '_tls_wrap',           'assert',
          'assert/strict',       'async_hooks',         'buffer',
          'child_process',       'cluster',             'console',
          'constants',           'crypto',              'dgram',
          'diagnostics_channel', 'dns',                 'dns/promises',
          'domain',              'events',              'fs',
          'fs/promises',         'http',                'http2',
          'https',               'inspector',           'inspector/promises',
          'module',              'net',                 'os',
          'path',                'path/posix',          'path/win32',
          'perf_hooks',          'process',             'punycode',
          'querystring',         'readline',            'readline/promises',
          'repl',                'stream',              'stream/consumers',
          'stream/promises',     'stream/web',          'string_decoder',
          'sys',                 'timers',              'timers/promises',
          'tls',                 'trace_events',        'tty',
          'url',                 'util',                'util/types',
          'v8',                  'vm',                  'wasi',
          'worker_threads',      'zlib',                /^node:/,
          /^bun:/
        ]
      },
      keepProcessEnv: true,
      consumer: 'server',
      optimizeDeps: {
        include: [],
        exclude: [],
        needsInterop: [],
        rolldownOptions: { resolve: { symlinks: true }, output: { topLevelVar: true } },
        extensions: [],
        disabled: undefined,
        holdUntilCrawlEnd: true,
        force: false,
        ignoreOutdatedRequests: false,
        noDiscovery: true,
        rollupOptions: [Getter/Setter],
        esbuildOptions: { preserveSymlinks: false }
      },
      dev: {
        warmup: [],
        sourcemap: { js: true },
        sourcemapIgnoreList: [Function: isInNodeModules],
        preTransformRequests: false,
        createEnvironment: [Function: defaultCreateDevEnvironment],
        recoverable: false,
        moduleRunnerTransform: true
      },
      build: {
        target: 'esnext',
        polyfillModulePreload: true,
        modulePreload: { polyfill: false },
        outDir: 'D:\\kitchenandall\\kitchenandall\\dist\\.prerender\\',
        assetsDir: '_astro',
        assetsInlineLimit: 4096,
        sourcemap: false,
        terserOptions: {},
        chunkImportMap: false,
        rolldownOptions: {
          platform: 'node',
          preserveEntrySignatures: 'exports-only',
          checks: { pluginTimings: false },
          output: {
            hoistTransitiveImports: false,
            format: 'esm',
            minifyInternalExports: true,
            chunkFileNames: [Function: chunkFileNames],
            assetFileNames: [Function: assetFileNames],
            entryFileNames: 'prerender-entry.[hash].mjs'
          },
          onwarn: [Function: onwarn],
          input: 'astro/entrypoints/prerender',
          external: [ 'sharp', 'sharp' ]
        },
        commonjsOptions: { include: [ /node_modules/ ], extensions: [ '.js', '.cjs' ] },
        dynamicImportVarsOptions: { exclude: [ /node_modules/ ] },
        write: true,
        emptyOutDir: false,
        copyPublicDir: false,
        license: false,
        manifest: true,
        lib: false,
        ssrManifest: false,
        ssrEmitAssets: true,
        reportCompressedSize: false,
        chunkSizeWarningLimit: 500,
        watch: null,
        cssCodeSplit: true,
        minify: false,
        rollupOptions: [Getter/Setter],
        ssr: true,
        emitAssets: true,
        createEnvironment: [Function: createEnvironment],
        cssMinify: true,
        cssTarget: 'esnext'
      },
      isBundled: true,
      plugins: [
        {
          name: 'vite:watch-package-data',
          buildStart: [Function: buildStart],
          buildEnd: [Function: buildEnd],
          watchChange: [Function: watchChange]
        },
        BuiltinPlugin {
          name: 'builtin:vite-alias',
          _options: {
            entries: [
              {
                find: 'randombytes',
                replacement: 'randombytes/browser'
              },
              {
                find: /^astro$/,
                replacement: 'd:\\kitchenandall\\kitchenandall\\node_modules\\astro\\dist\\types\\public\\index.js'
              },
              {
                find: 'astro:middleware',
                replacement: 'astro/virtual-modules/middleware.js'
              },
              { find: 'astro:schema', replacement: 'astro/zod' },
              {
                find: 'astro:components',
                replacement: 'astro/components'
              },
              {
                find: /^\/?@vite\/env/,
                replacement: '/@fs/d:/kitchenandall/kitchenandall/node_modules/vite/dist/client/env.mjs'
              },
              {
                find: /^\/?@vite\/client/,
                replacement: '/@fs/d:/kitchenandall/kitchenandall/node_modules/vite/dist/client/client.mjs'
              }
            ]
          },
          enforce: undefined
        },
        {
          name: 'virtual:astro:manifest',
          enforce: 'pre',
          configureServer: [Function: configureServer],
          applyToEnvironment: [Function: applyToEnvironment],
          resolveId: {
            filter: { id: /^virtual:astro:manifest$/ },
            handler: [Function: handler]
          },
          load: {
            filter: { id: /^ virtual:astro:manifest$/ },
            handler: [AsyncFunction: handler]
          }
        },
        {
          name: 'astro:plugin-renderers',
          enforce: 'pre',
          resolveId: {
            filter: { id: /^virtual:astro:renderers$/ },
            handler: [Function: handler]
          },
          load: {
            filter: { id: /^ virtual:astro:renderers$/ },
            handler: [Function: handler]
          }
        },
        {
          name: 'astro:static-paths',
          enforce: 'pre',
          resolveId: {
            filter: { id: /^astro:static-paths$/ },
            handler: [Function: handler]
          },
          load: {
            filter: { id: /^ astro:static-paths$/ },
            handler: [Function: handler]
          }
        },
        {
          name: 'astro:build',
          enforce: 'pre',
          configEnvironment: [AsyncFunction: configEnvironment],
          configResolved: [AsyncFunction: configResolved],
          configureServer: [Function: configureServer],
          buildStart: [Function: buildStart],
          load: {
            filter: { id: /(?:\?|&)astro(?:&|=|$)/ },
            handler: [AsyncFunction: handler]
          },
          transform: {
            filter: {
              id: {
                include: [ /\.astro$/, /\.astro\?/ ],
                exclude: [
                  /(?:\?|&)(?:url|raw|direct)(?:&|$)/,
                  /(?:\?|&)astro(?:&|=|$)/
                ]
              }
            },
            handler: [AsyncFunction: handler]
          },
          handleHotUpdate: [AsyncFunction: handleHotUpdate]
        },
        {
          name: 'astro-env-plugin',
          enforce: 'pre',
          config: [Function: config],
          buildStart: [Function: buildStart],
          resolveId: {
            filter: {
              id: /^(astro:env\/client|astro:env\/server|virtual:astro:env\/internal)$/
            },
            handler: [Function: handler]
          },
          load: {
            filter: {
              id: /^( astro:env\/client| astro:env\/server| virtual:astro:env\/internal)$/
            },
            handler: [Function: handler]
          }
        },
        {
          enforce: 'pre',
          name: 'astro:markdown',
          buildEnd: [Function: buildEnd],
          resolveId: {
            filter: { id: /^[^/]/ },
            handler: [AsyncFunction: handler]
          },
          load: {
            filter: {
              id: {
                include: /\.(markdown|mdown|mkdn|mkd|mdwn|md)(\?|$)/,
                exclude: /(?:\?|&)(?:url|raw|direct)(?:&|$)/
              }
            },
            handler: [AsyncFunction: handler]
          }
        },
        {
          name: 'astro-content-virtual-mod-plugin',
          enforce: 'pre',
          config: [Function: config],
          buildStart: [Function: buildStart],
          resolveId: {
            filter: {
              id: /^(astro:content|astro:data-layer-content|astro:content-module-imports|astro:asset-imports)$|(?:\?|&)astroContentModuleFlag(?:&|=|$)/
            },
            handler: [AsyncFunction: handler]
          },
          load: {
            filter: {
              id: /^( astro:content| astro:data-layer-content| astro:asset-imports| astro:content-module-imports)$/
            },
            handler: [AsyncFunction: handler]
          },
          configureServer: [Function: configureServer]
        },
        {
          name: 'astro:content-asset-propagation',
          enforce: 'pre',
          resolveId: {
            filter: {
              id: /(?:\?|&)(?:astroContentImageFlag|astroRenderContent)(?:&|=|$)/
            },
            handler: [AsyncFunction: handler]
          },
          configureServer: [Function: configureServer],
          transform: {
            filter: { id: /(?:\?|&)astroPropagatedAssets(?:&|=|$)/ },
            handler: [AsyncFunction: handler]
          }
        },
        {
          name: 'astro:assets:esm',
          enforce: 'pre',
          config: [Function: config],
          configResolved: [Function: configResolved],
          load: {
            filter: { id: /\.(jpeg|jpg|png|tiff|webp|gif|svg|avif)/i },
            handler: [AsyncFunction: handler]
          }
        },
        {
          name: 'astro:vite-plugin-file-url',
          enforce: 'pre',
          resolveId: {
            filter: { id: /^file:\/\// },
            handler: [Function: handler]
          }
        },
        {
          name: 'astro:i18n',
          enforce: 'pre',
          resolveId: {
            filter: { id: /^astro:i18n$/ },
            handler: [Function: handler]
          }
        },
        {
          name: 'astro:actions',
          enforce: 'pre',
          resolveId: {
            filter: {
              id: /^(astro:actions|virtual:astro:actions\/options|virtual:astro:actions\/entrypoint)$/
            },
            handler: [AsyncFunction: handler]
          },
          configureServer: [AsyncFunction: configureServer],
          load: {
            filter: {
              id: /^( astro:actions| virtual:astro:actions\/noop-entrypoint| virtual:astro:actions\/entrypoint| virtual:astro:actions\/options)$/
            },
            handler: [AsyncFunction: handler]
          }
        },
        {
          name: 'virtual:astro:session-driver',
          enforce: 'pre',
          resolveId: {
            filter: { id: /^virtual:astro:session-driver$/ },
            handler: [Function: handler]
          },
          load: {
            filter: { id: /^ virtual:astro:session-driver$/ },
            handler: [AsyncFunction: handler]
          }
        },
        {
          name: 'astro:container',
          enforce: 'pre',
          resolveId: {
            filter: { id: /^(astro:container)$/ },
            handler: [Function: handler]
          }
        },
        {
          name: '@tailwindcss/vite:scan',
          enforce: 'pre',
          configureServer: [Function: configureServer],
          configResolved: [AsyncFunction: configResolved]
        },
        {
          name: '@tailwindcss/vite:generate:build',
          apply: 'build',
          enforce: 'pre',
          transform: {
            filter: {
              id: {
                exclude: [
                  /\/\.vite\//,
                  /[?&](?:worker|sharedworker|raw|url)\b/,
                  /\?commonjs-proxy/
                ],
                include: [
                  /\.css(?:\?.*)?$/,
                  /&lang\.css/,
                  /[?&]index=\d+\.css$/
                ]
              }
            },
            handler: [AsyncFunction: handler]
          }
        },
        {
          name: 'vite:react-babel',
          enforce: 'pre',
          config: [Function: config],
          configResolved: [Function: configResolved],
          options: [Function: options]
        },
        {
          name: 'vite:react-refresh-fbm',
          enforce: 'pre',
          transformIndexHtml: { handler: [Function: handler], order: 'pre' }
        },
        {
          name: 'vite:react-refresh',
          enforce: 'pre',
          config: [Function: config],
          resolveId: {
            filter: { id: /^\/@react\-refresh$/ },
            handler: [Function: handler]
          },
          load: {
            filter: { id: /^\/@react\-refresh$/ },
            handler: [Function: handler]
          },
          transformIndexHtml: [Function: transformIndexHtml]
        },
        {
          name: 'vite:resolve-builtin:get-environment',
          buildStart: [Function: buildStart],
          perEnvironmentStartEndDuringDev: true
        },
        BuiltinPlugin {
          name: 'builtin:vite-resolve',
          _options: {
            resolveOptions: {
              isBuild: true,
              isProduction: true,
              asSrc: true,
              preferRelative: false,
              isRequire: undefined,
              root: 'D:/kitchenandall/kitchenandall',
              scan: false,
              mainFields: [ 'module', 'jsnext:main', 'jsnext', 'main' ],
              conditions: [ 'module', 'node', 'development|production', 'astro' ],
              externalConditions: [ 'node', 'module-sync' ],
              extensions: [
                '.mjs',  '.js',
                '.mts',  '.ts',
                '.jsx',  '.tsx',
                '.json'
              ],
              tryIndex: true,
              tryPrefix: undefined,
              preserveSymlinks: false,
              tsconfigPaths: true
            },
            environmentConsumer: 'server',
            environmentName: 'prerender',
            builtins: [
              '_http_agent',
              '_http_client',
              '_http_common',
              '_http_incoming',
              '_http_outgoing',
              '_http_server',
              '_stream_duplex',
              '_stream_passthrough',
              '_stream_readable',
              '_stream_transform',
              '_stream_wrap',
              '_stream_writable',
              '_tls_common',
              '_tls_wrap',
              'assert',
              'assert/strict',
              'async_hooks',
              'buffer',
              'child_process',
              'cluster',
              'console',
              'constants',
              'crypto',
              'dgram',
              'diagnostics_channel',
              'dns',
              'dns/promises',
              'domain',
              'events',
              'fs',
              'fs/promises',
              'http',
              'http2',
              'https',
              'inspector',
              'inspector/promises',
              'module',
              'net',
              'os',
              'path',
              'path/posix',
              'path/win32',
              'perf_hooks',
              'process',
              'punycode',
              'querystring',
              'readline',
              'readline/promises',
              'repl',
              'stream',
              'stream/consumers',
              'stream/promises',
              'stream/web',
              'string_decoder',
              'sys',
              'timers',
              'timers/promises',
              'tls',
              'trace_events',
              'tty',
              'url',
              'util',
              'util/types',
              'v8',
              'vm',
              'wasi',
              'worker_threads',
              'zlib',
              /^node:/,
              /^bun:/
            ],
            external: [],
            noExternal: [
              'astro',
              '@astrojs/internal-helpers',
              'astro',
              'astro/components',
              '@nanostores/preact',
              '@fontsource/*',
              '@astrojs/internal-helpers',
              '@astrojs/react',
              'astro',
              '@astrojs/internal-helpers',
              'astro',
              'astro/components',
              '@nanostores/preact',
              '@fontsource/*',
              '@astrojs/internal-helpers',
              '@astrojs/react'
            ],
            dedupe: [
              'astro',
              'react',
              'react-dom',
              'astro',
              'react',
              'react-dom'
            ],
            disableCache: false,
            legacyInconsistentCjsInterop: undefined,
            finalizeBareSpecifier: undefined,
            finalizeOtherSpecifiers: undefined,
            resolveSubpathImports: [Function: resolveSubpathImports],
            yarnPnp: false
          },
          enforce: undefined,
          getOrder: [AsyncFunction: wrappedHook],
          load: [AsyncFunction: wrappedHook],
          resolveId: [AsyncFunction: wrappedHook],
          transform: [AsyncFunction: wrappedHook],
          watchChange: [AsyncFunction: wrappedHook],
          perEnvironmentWatchChangeDuringDev: true
        },
        {
          name: 'vite:html-inline-proxy',
          resolveId: {
            filter: { id: /[?&]html-proxy\b/ },
            handler: [Function: handler]
          },
          load: {
            filter: { id: /[?&]html-proxy\b/ },
            handler: [Function: handler]
          }
        },
        {
          name: 'vite:css',
          buildStart: [Function: buildStart],
          buildEnd: [AsyncFunction: buildEnd],
          load: {
            filter: {
              id: /\.(css|less|sass|scss|styl|stylus|pcss|postcss|sss)(?:$|\?)/
            },
            handler: [Function: handler]
          },
          transform: {
            filter: {
              id: {
                include: /\.(css|less|sass|scss|styl|stylus|pcss|postcss|sss)(?:$|\?)/,
                exclude: [
                  /[?&]commonjs-proxy/,
                  /[?&](?:worker|sharedworker|raw|url)\b/
                ]
              }
            },
            handler: [AsyncFunction: handler]
          }
        },
        BuiltinPlugin {
          name: 'builtin:vite-transform',
          _options: {
            root: 'D:/kitchenandall/kitchenandall',
            include: [ /\.(m?ts|[jt]sx)$/ ],
            exclude: [ /\.js$/ ],
            jsxRefreshInclude: [ /\.[tj]sx?(?:\?.*)?$/ ],
            jsxRefreshExclude: [ /\.astro(?:\?.*)?$/ ],
            isServerConsumer: true,
            jsxInject: undefined,
            transformOptions: {
              jsx: {
                development: false,
                runtime: 'automatic',
                importSource: undefined,
                refresh: false
              },
              sourcemap: true
            },
            yarnPnp: false
          },
          enforce: undefined
        },
        BuiltinPlugin {
          name: 'builtin:vite-json',
          _options: { namedExports: true, stringify: 'auto', minify: true },
          enforce: undefined,
          getOrder: [AsyncFunction: wrappedHook],
          load: [AsyncFunction: wrappedHook],
          resolveId: [AsyncFunction: wrappedHook],
          transform: [AsyncFunction: wrappedHook],
          watchChange: [AsyncFunction: wrappedHook]
        },
        {
          name: 'vite:wasm-helper',
          resolveId: {
            filter: { id: /^ vite\/wasm\-helper\.js$/ },
            handler: [Function: handler]
          },
          load: {
            filter: {
              id: [
                /^ vite\/wasm\-helper\.js$/,
                /(?<![?#].*)\.wasm\?init/,
                /(?<![?#].*)\.wasm$/
              ]
            },
            handler: [AsyncFunction: handler]
          },
          renderChunk: {
            filter: { code: /__VITE_WASM_INIT__([\w$]+)__/g },
            handler: [Function: handler]
          }
        },
        {
          name: 'vite:worker',
          buildStart: [Function: buildStart],
          load: {
            filter: { id: /(?:\?|&)(worker|sharedworker)(?:&|$)/ },
            handler: [AsyncFunction: handler]
          },
          transform: {
            filter: { id: /(?:\?|&)worker_file&type=(\w+)(?:&|$)/ },
            handler: [Function: handler]
          },
          renderChunk: [Function: renderChunk],
          generateBundle: [Function: generateBundle],
          watchChange: [Function: watchChange]
        },
        {
          name: 'vite:asset',
          perEnvironmentStartEndDuringDev: true,
          buildStart: [Function: buildStart],
          resolveId: {
            filter: {
              id: [
                /(\?|&)url(?:&|$)/,
                /\.(apng|bmp|png|jpe?g|jfif|pjpeg|pjp|gif|svg|ico|webp|avif|cur|jxl|mp4|webm|ogg|mp3|wav|flac|aac|opus|mov|m4a|vtt|woff2?|eot|ttf|otf|webmanifest|pdf|txt)(\?.*)?$/i
              ]
            },
            handler: [Function: handler]
          },
          load: {
            filter: {
              id: {
                include: [
                  /(\?|&)raw(?:&|$)/,
                  /(\?|&)url(?:&|$)/,
                  /\.(apng|bmp|png|jpe?g|jfif|pjpeg|pjp|gif|svg|ico|webp|avif|cur|jxl|mp4|webm|ogg|mp3|wav|flac|aac|opus|mov|m4a|vtt|woff2?|eot|ttf|otf|webmanifest|pdf|txt)(\?.*)?$/i
                ],
                exclude: /^\0/
              }
            },
            handler: [AsyncFunction: handler]
          },
          renderChunk: [Function: renderChunk],
          generateBundle: [Function: generateBundle],
          watchChange: [Function: watchChange]
        },
        {
          name: 'vite:forward-console',
          apply: 'serve',
          configureServer: [Function: configureServer]
        },
        {
          name: '@astro/rolldown-plugin-astro-analyzer',
          applyToEnvironment: [Function: applyToEnvironment],
          generateBundle: [AsyncFunction: generateBundle]
        },
        {
          name: '@astro/plugin-build-internals',
          applyToEnvironment: [Function: applyToEnvironment],
          configEnvironment: [Function: configEnvironment],
          generateBundle: [AsyncFunction: generateBundle]
        },
        {
          name: '@astro/plugin-actions-build',
          applyToEnvironment: [Function: applyToEnvironment],
          writeBundle: [Function: writeBundle]
        },
        {
          name: 'astro:rollup-plugin-build-css',
          applyToEnvironment: [Function: applyToEnvironment],
          generateBundle: [AsyncFunction: generateBundle]
        },
        {
          name: 'astro:head-metadata-build',
          applyToEnvironment: [Function: applyToEnvironment],
          generateBundle: [Function: generateBundle]
        },
        {
          name: 'plugin-noop',
          resolveId: {
            filter: { id: /^virtual:astro:noop$/ },
            handler: [Function: handler]
          },
          load: {
            filter: { id: /^ virtual:astro:noop$/ },
            handler: [Function: handler]
          },
          generateBundle: [Function: generateBundle]
        },
        {
          name: 'astro:ssr-assets',
          applyToEnvironment: [Function: applyToEnvironment],
          configEnvironment: [Function: configEnvironment],
          buildStart: [Function: buildStart],
          generateBundle: [Function: generateBundle],
          writeBundle: {
            sequential: true,
            order: 'post',
            handler: [AsyncFunction: handler]
          }
        },
        {
          name: 'astro:watcher-max-listeners',
          configureServer: [Function: configureServer]
        },
        {
          name: 'astro:routes',
          configureServer: [Function: configureServer],
          applyToEnvironment: [Function: applyToEnvironment],
          resolveId: {
            filter: { id: /^virtual:astro:routes$/ },
            handler: [Function: handler]
          },
          load: {
            filter: { id: /^ virtual:astro:routes$/ },
            handler: [Function: handler]
          },
          transform: [AsyncFunction: transform],
          handleHotUpdate: [AsyncFunction: handleHotUpdate]
        },
        {
          name: 'astro-manifest-plugin',
          resolveId: {
            filter: { id: /^(astro:config\/server|astro:config\/client)$/ },
            handler: [Function: handler]
          },
          load: {
            filter: { id: /^( astro:config\/server| astro:config\/client)$/ },
            handler: [Function: handler]
          }
        },
        {
          name: 'astro:environment',
          configEnvironment: [Function: configEnvironment]
        },
        {
          name: '@astro/plugin-page',
          applyToEnvironment: [Function: applyToEnvironment],
          resolveId: {
            filter: { id: /^virtual:astro:page:/ },
            handler: [Function: handler]
          },
          load: {
            filter: { id: /^ virtual:astro:page:/ },
            handler: [Function: handler]
          }
        },
        {
          name: 'astro:build:normal',
          resolveId: {
            filter: { id: /(?:\?|&)astro(?:&|=|$)/ },
            handler: [Function: handler]
          }
        },
        {
          name: 'astro:scripts',
          config: [Function: config],
          resolveId: {
            filter: { id: /^astro:scripts\// },
            handler: [Function: handler]
          },
          load: {
            filter: {
              id: /^(astro:scripts\/before-hydration.js|astro:scripts\/page.js|astro:scripts\/page-ssr.js)$/
            },
            handler: [Function: handler]
          },
          buildStart: [Function: buildStart]
        },
        {
          name: 'astro:app',
          configResolved: [Function: configResolved],
          resolveId: {
            filter: { id: /^virtual:astro:app$/ },
            handler: [Function: handler]
          },
          load: {
            filter: { id: /^ virtual:astro:app$/ },
            handler: [Function: handler]
          }
        },
        {
          name: 'astro:server-app',
          resolveId: {
            filter: { id: /^astro:server-app$/ },
            handler: [Function: handler]
          }
        },
        {
          name: '@astro/plugin-fetchable',
          applyToEnvironment: [Function: applyToEnvironment],
          configureServer: [Function: configureServer],
          resolveId: {
            filter: { id: /^virtual:astro:fetchable$/ },
            handler: [AsyncFunction: handler]
          },
          load: {
            filter: { id: /^ virtual:astro:fetchable$/ },
            handler: [Function: handler]
          }
        },
        {
          name: 'virtual:astro:dev-css',
          configureServer: [AsyncFunction: configureServer],
          applyToEnvironment: [Function: applyToEnvironment],
          resolveId: {
            filter: {
              id: /^(virtual:astro:dev-css|virtual:astro:dev-css:.*)$/
            },
            handler: [Function: handler]
          },
          load: {
            filter: {
              id: /^( virtual:astro:dev-css| virtual:astro:dev-css:.*)$/
            },
            handler: [AsyncFunction: handler]
          },
          transform: {
            filter: {
              id: {
                include: [
                  /\.(css|less|sass|scss|styl|stylus|pcss|postcss|sss)(?:$|\?)/
                ],
                exclude: [ /(?:\?|&)raw(?:&|$)/, /(?:\?|&)inline\b/ ]
              }
            },
            handler: [Function: handler]
          }
        },
        {
          name: 'virtual:astro:dev-css-all',
          applyToEnvironment: [Function: applyToEnvironment],
          resolveId: {
            filter: { id: /^virtual:astro:dev-css-all$/ },
            handler: [Function: handler]
          },
          load: {
            filter: { id: /^ virtual:astro:dev-css-all$/ },
            handler: [Function: handler]
          }
        },
        {
          name: 'astro:adapter-config',
          config: [Function: config],
          resolveId: {
            filter: { id: /^virtual:astro:adapter-config\/client$/ },
            handler: [Function: handler]
          },
          load: {
            filter: { id: /^ virtual:astro:adapter-config\/client$/ },
            handler: [Function: handler]
          }
        },
        {
          name: 'astro:html',
          options: [Function: options],
          transform: {
            filter: { id: /\.html$/ },
            handler: [AsyncFunction: transform]
          }
        },
        {
          name: 'astro:integration-container',
          configureServer: [AsyncFunction: configureServer],
          buildStart: [AsyncFunction: buildStart]
        },
        {
          name: 'astro:content-imports',
          config: [Function: config],
          buildStart: [AsyncFunction: buildStart],
          transform: {
            filter: {
              id: /(?:\?|&)(?:astroDataCollectionEntry|astroContentCollectionEntry)(?:&|=|$)/
            },
            handler: [AsyncFunction: handler]
          },
          configureServer: [Function: configureServer]
        },
        {
          name: '@astro/plugin-middleware',
          applyToEnvironment: [Function: applyToEnvironment],
          configureServer: [Function: configureServer],
          resolveId: {
            filter: { id: /^virtual:astro:middleware$/ },
            handler: [AsyncFunction: handler]
          },
          load: {
            filter: { id: /^( noop-middleware| virtual:astro:middleware)$/ },
            handler: [AsyncFunction: handler]
          }
        },
        {
          name: 'astro:assets',
          config: [Function: config],
          resolveId: {
            filter: {
              id: /^(virtual:image-service|astro:assets|virtual:astro:get-image)$/
            },
            handler: [AsyncFunction: handler]
          },
          load: {
            filter: { id: /^( astro:assets| virtual:astro:get-image)$/ },
            handler: [Function: handler]
          },
          buildStart: [Function: buildStart],
          renderChunk: [AsyncFunction: renderChunk]
        },
        {
          name: 'astro:fonts',
          buildStart: [AsyncFunction: buildStart],
          configureServer: [AsyncFunction: configureServer],
          resolveId: {
            filter: {
              id: /^(virtual:astro:assets\/fonts\/internal|virtual:astro:assets\/fonts\/runtime|virtual:astro:assets\/fonts\/runtime\/font-file-url-resolver)$/
            },
            handler: [Function: handler]
          },
          load: {
            filter: {
              id: /^( virtual:astro:assets\/fonts\/internal| virtual:astro:assets\/fonts\/runtime| virtual:astro:assets\/fonts\/runtime\/font-file-url-resolver)$/
            },
            handler: [AsyncFunction: handler]
          },
          buildEnd: [AsyncFunction: buildEnd]
        },
        {
          name: 'astro:image-styles',
          resolveId: {
            filter: { id: /^virtual:astro:image-styles.css$/ },
            handler: [Function: handler]
          },
          load: {
            filter: { id: /^ virtual:astro:image-styles.css$/ },
            handler: [AsyncFunction: handler]
          }
        },
        {
          name: 'astro:prefetch',
          resolveId: {
            filter: { id: /^astro:prefetch$/ },
            handler: [Function: handler]
          },
          load: {
            filter: { id: /^ astro:prefetch$/ },
            handler: [Function: handler]
          },
          transform: {
            filter: { id: /astro\/dist\/prefetch\/index.js/ },
            handler: [Function: handler]
          }
        },
        {
          name: 'astro:transitions',
          resolveId: {
            filter: { id: /^(astro:transitions|astro:transitions\/client)$/ },
            handler: [Function: handler]
          },
          load: {
            filter: { id: /^( astro:transitions| astro:transitions\/client)$/ },
            handler: [Function: handler]
          },
          transform: {
            filter: { id: /ClientRouter\.astro.*\.ts$/ },
            handler: [Function: handler]
          }
        },
        {
          name: 'astro:dev-toolbar',
          config: [Function: config],
          resolveId: {
            filter: { id: /^astro:toolbar:internal$/ },
            handler: [Function: handler]
          },
          configureServer: [Function: configureServer],
          load: {
            filter: { id: /^ astro:toolbar:internal$/ },
            handler: [Function: handler]
          }
        },
        {
          name: 'astro:chromedevtools',
          configureServer: [Function: configureServer]
        },
        {
          name: 'vite:react-virtual-preamble',
          resolveId: {
            order: 'pre',
            filter: { id: /^@vitejs\/plugin\-react\/preamble$/ },
            handler: [Function: handler]
          },
          load: {
            filter: { id: /^ @vitejs\/plugin\-react\/preamble$/ },
            handler: [Function: handler]
          }
        },
        {
          name: '@astrojs/react:opts',
          resolveId: {
            filter: { id: /^astro:react:opts$/ },
            handler: [Function: handler]
          },
          load: {
            filter: { id: /^ astro:react:opts$/ },
            handler: [Function: handler]
          }
        },
        {
          name: '@astrojs/react:environment',
          configEnvironment: [Function: configEnvironment]
        },
        {
          name: 'astro:vite-plugin-env',
          config: [Function: config],
          configResolved: [Function: configResolved],
          transform: {
            filter: {
              id: {
                exclude: [
                  /.*\.(html|htm|json)$/,
                  /\.(css|less|sass|scss|styl|stylus|pcss|postcss|sss)(?:$|\?)/
                ]
              },
              code: /import\.meta\.env/
            },
            handler: [Function: handler]
          }
        },
        { name: 'vite:define', options: [Function: options] },
        {
          name: 'vite:css-post',
          renderStart: [Function: renderStart],
          transform: {
            filter: {
              id: {
                include: /\.(css|less|sass|scss|styl|stylus|pcss|postcss|sss)(?:$|\?)/,
                exclude: [
                  /[?&]commonjs-proxy/,
                  /[?&](?:worker|sharedworker|raw|url)\b/
                ]
              }
            },
            handler: [AsyncFunction: handler]
          },
          renderChunk: [AsyncFunction: renderChunk],
          augmentChunkHash: [Function: augmentChunkHash],
          generateBundle: [AsyncFunction: generateBundle]
        },
        {
          name: 'vite:build-html',
          applyToEnvironment: [Function: applyToEnvironment],
          transform: {
            filter: { id: /\.html$/ },
            handler: [AsyncFunction: handler]
          },
          generateBundle: [AsyncFunction: generateBundle]
        },
        {
          name: 'vite:prepare-out-dir',
          watchChange: [Function: watchChange],
          renderStart: { order: 'pre', handler: [Function: handler] }
        },
        BuiltinPlugin {
          name: 'builtin:vite-dynamic-import-vars',
          _options: {
            include: undefined,
            exclude: [ /node_modules/ ],
            resolver: [Function: resolver],
            sourcemap: false
          },
          enforce: undefined
        },
        BuiltinPlugin {
          name: 'builtin:vite-import-glob',
          _options: {
            root: 'D:/kitchenandall/kitchenandall',
            sourcemap: false,
            restoreQueryExtension: false
          },
          enforce: undefined
        },
        {
          name: 'astro:css-target-lowering',
          enforce: 'post',
          configResolved: [Function: configResolved],
          generateBundle: [AsyncFunction: generateBundle]
        },
        {
          name: 'astro:rollup-plugin-single-css',
          enforce: 'post',
          applyToEnvironment: [Function: applyToEnvironment],
          configResolved: [Function: configResolved],
          generateBundle: [Function: generateBundle]
        },
        {
          name: 'astro:rollup-plugin-inline-stylesheets',
          enforce: 'post',
          applyToEnvironment: [Function: applyToEnvironment],
          configResolved: [Function: configResolved],
          generateBundle: [AsyncFunction: generateBundle]
        },
        {
          name: '@astro/plugin-pages',
          enforce: 'post',
          applyToEnvironment: [Function: applyToEnvironment],
          resolveId: {
            filter: { id: /^virtual:astro:pages$/ },
            handler: [Function: handler]
          },
          load: {
            filter: { id: /^ virtual:astro:pages$/ },
            handler: [AsyncFunction: handler]
          }
        },
        {
          name: 'astro:scripts:page-ssr',
          enforce: 'post',
          transform: [Function: transform]
        },
        {
          name: 'astro:server-islands',
          enforce: 'post',
          api: { hasServerIslands: [Function: hasServerIslands] },
          config: [Function: config],
          buildStart: [Function: buildStart],
          configureServer: [Function: configureServer],
          resolveId: {
            filter: { id: /^virtual:astro:server-island-manifest$/ },
            handler: [Function: handler]
          },
          load: {
            filter: { id: /^ virtual:astro:server-island-manifest$/ },
            handler: [Function: handler]
          },
          transform: {
            filter: {
              id: {
                include: [
                  /\.(astro|mdx)$/,
                  /^ virtual:astro:server-island-manifest$/
                ]
              }
            },
            handler: [AsyncFunction: handler]
          },
          renderChunk: [Function: renderChunk]
        },
        {
          name: 'astro:hmr-reload',
          enforce: 'post',
          hotUpdate: { order: 'post', handler: [Function: handler] }
        },
        {
          name: 'vite:react:config-post',
          enforce: 'post',
          config: [Function: config]
        },
        {
          name: 'astro:resolve-input',
          enforce: 'post',
          config: [Function: config],
          configResolved: [Function: configResolved]
        },
        {
          name: 'astro:build-generate',
          enforce: 'post',
          buildApp: { order: 'post', handler: [AsyncFunction: handler] }
        },
        {
          name: 'vite:build-import-analysis',
          renderChunk: [Function: renderChunk],
          generateBundle: [AsyncFunction: generateBundle]
        },
        BuiltinPlugin {
          name: 'builtin:vite-build-import-analysis',
          _options: {
            preloadCode: 'const scriptRel = /* @__PURE__ */ (function detectScriptRel() {\n' +
              '\tconst relList = typeof document !== "undefined" && document.createElement("link").relList;\n' +
              '\treturn relList && relList.supports && relList.supports("modulepreload") ? "modulepreload" : "preload";\n' +
              '})();const assetsURL = function(dep) { return "/"+dep };const seen = {};export const __vitePreload = function preload(baseModule, deps, importerUrl) {\n' +
              '\tlet promise = Promise.resolve();\n' +
              '\tif (__VITE_IS_MODERN__ && deps && deps.length > 0) {\n' +
              '\t\tconst links = document.getElementsByTagName("link");\n' +
              '\t\tconst cspNonceMeta = document.querySelector("meta[property=csp-nonce]");\n' +
              '\t\tconst cspNonce = cspNonceMeta?.nonce || cspNonceMeta?.getAttribute("nonce");\n' +
              '\t\tfunction allSettled(promises) {\n' +
              '\t\t\treturn Promise.all(promises.map((p) => Promise.resolve(p).then((value) => ({\n' +
              '\t\t\t\tstatus: "fulfilled",\n' +
              '\t\t\t\tvalue\n' +
              '\t\t\t}), (reason) => ({\n' +
              '\t\t\t\tstatus: "rejected",\n' +
              '\t\t\t\treason\n' +
              '\t\t\t}))));\n' +
              '\t\t}\n' +
              '\t\tfunction importMetaResolve(specifier) {\n' +
              '\t\t\tif (import.meta.resolve) return import.meta.resolve(specifier);\n' +
              '\t\t\treturn new URL(\n' +
              '\t\t\t\tspecifier,\n' +
              '\t\t\t\t/** #__KEEP__ */\n' +
              '\t\t\t\timport.meta.url\n' +
              '\t\t\t).href;\n' +
              '\t\t}\n' +
              '\t\tpromise = allSettled(deps.map((dep) => {\n' +
              '\t\t\tdep = assetsURL(dep, importerUrl);\n' +
              '\t\t\tdep = importMetaResolve(dep);\n' +
              '\t\t\tif (dep in seen) return;\n' +
              '\t\t\tseen[dep] = true;\n' +
              '\t\t\tconst isCss = dep.endsWith(".css");\n' +
              '\t\t\tfor (let i = links.length - 1; i >= 0; i--) {\n' +
              '\t\t\t\tconst link = links[i];\n' +
              '\t\t\t\tif (link.href === dep && (!isCss || link.rel === "stylesheet")) return;\n' +
              '\t\t\t}\n' +
              '\t\t\tconst link = document.createElement("link");\n' +
              '\t\t\tlink.rel = isCss ? "stylesheet" : scriptRel;\n' +
              '\t\t\tif (!isCss) link.as = "script";\n' +
              '\t\t\tlink.crossOrigin = "";\n' +
              '\t\t\tlink.href = dep;\n' +
              '\t\t\tif (cspNonce) link.setAttribute("nonce", cspNonce);\n' +
              '\t\t\tdocument.head.appendChild(link);\n' +
              '\t\t\tif (isCss) return new Promise((res, rej) => {\n' +
              '\t\t\t\tlink.addEventListener("load", res);\n' +
              '\t\t\t\tlink.addEventListener("error", () => rej(/* @__PURE__ */ new Error(`Unable to preload CSS for ${dep}`)));\n' +
              '\t\t\t});\n' +
              '\t\t}));\n' +
              '\t}\n' +
              '\tfunction handlePreloadError(err) {\n' +
              '\t\tconst e = new Event("vite:preloadError", { cancelable: true });\n' +
              '\t\te.payload = err;\n' +
              '\t\twindow.dispatchEvent(e);\n' +
              '\t\tif (!e.defaultPrevented) throw err;\n' +
              '\t}\n' +
              '\treturn promise.then((res) => {\n' +
              '\t\tfor (const item of res || []) {\n' +
              '\t\t\tif (item.status !== "rejected") continue;\n' +
              '\t\t\thandlePreloadError(item.reason);\n' +
              '\t\t}\n' +
              '\t\treturn baseModule().catch(handlePreloadError);\n' +
              '\t});\n' +
              '}',
            insertPreload: false,
            optimizeModulePreloadRelativePaths: false,
            renderBuiltUrl: false,
            isRelativeBase: false
          },
          enforce: undefined
        },
        {
          name: 'vite:license',
          generateBundle: [Function: generateBundle]
        },
        {
          name: 'native:manifest-envs',
          buildStart: [Function: buildStart]
        },
        BuiltinPlugin {
          name: 'builtin:vite-manifest',
          _options: {
            root: 'D:/kitchenandall/kitchenandall',
            outPath: '.vite/manifest.json',
            isOutputOptionsForLegacyChunks: undefined,
            cssEntries: [Function: cssEntries]
          },
          enforce: undefined
        },
        {
          name: 'native:manifest-compatible',
          generateBundle: [Function: generateBundle]
        },
        BuiltinPlugin {
          name: 'builtin:vite-reporter',
          _options: {
            root: 'D:/kitchenandall/kitchenandall',
            isTty: false,
            isLib: false,
            assetsDir: '_astro\\',
            chunkLimit: 500,
            logInfo: undefined,
            reportCompressedSize: false,
            warnLargeChunks: false
          },
          enforce: undefined
        },
        BuiltinPlugin {
          name: 'builtin:vite-load-fallback',
          _options: undefined,
          enforce: undefined
        }
      ],
      optimizeDepsPluginNames: []
    },
    client: {
      define: {
        'import.meta.env.SITE': 'undefined',
        'import.meta.env.BASE_URL': '"/"',
        'import.meta.env.ASSETS_PREFIX': 'undefined'
      },
      resolve: {
        externalConditions: [ 'node', 'module-sync' ],
        extensions: [
          '.mjs',  '.js',
          '.mts',  '.ts',
          '.jsx',  '.tsx',
          '.json'
        ],
        dedupe: [
          'astro',
          'react',
          'react-dom',
          'astro',
          'react',
          'react-dom'
        ],
        noExternal: [
          'astro',
          'astro/components',
          '@nanostores/preact',
          '@fontsource/*',
          '@astrojs/internal-helpers',
          '@astrojs/react',
          'astro',
          'astro/components',
          '@nanostores/preact',
          '@fontsource/*',
          '@astrojs/internal-helpers',
          '@astrojs/react'
        ],
        external: [],
        preserveSymlinks: false,
        tsconfigPaths: true,
        alias: [
          { find: 'randombytes', replacement: 'randombytes/browser' },
          {
            find: /^astro$/,
            replacement: 'd:\\kitchenandall\\kitchenandall\\node_modules\\astro\\dist\\types\\public\\index.js'
          },
          {
            find: 'astro:middleware',
            replacement: 'astro/virtual-modules/middleware.js'
          },
          { find: 'astro:schema', replacement: 'astro/zod' },
          { find: 'astro:components', replacement: 'astro/components' },
          {
            find: /^\/?@vite\/env/,
            replacement: '/@fs/d:/kitchenandall/kitchenandall/node_modules/vite/dist/client/env.mjs'
          },
          {
            find: /^\/?@vite\/client/,
            replacement: '/@fs/d:/kitchenandall/kitchenandall/node_modules/vite/dist/client/client.mjs'
          }
        ],
        mainFields: [ 'browser', 'module', 'jsnext:main', 'jsnext' ],
        conditions: [
          'module',
          'browser',
          'development|production',
          'astro',
          'module',
          'browser',
          'development|production',
          'astro'
        ],
        builtins: []
      },
      keepProcessEnv: false,
      consumer: 'client',
      optimizeDeps: {
        include: [
          'react',
          'react-dom',
          'react/jsx-dev-runtime',
          'react/jsx-runtime',
          'astro > aria-query',
          'astro > axobject-query',
          'react',
          'react-dom',
          'react/jsx-dev-runtime',
          'react/jsx-runtime',
          'astro > aria-query',
          'astro > axobject-query',
          'astro > html-escaper',
          'astro/runtime/client/dev-toolbar/entrypoint.js',
          'react',
          'react/jsx-runtime',
          'react/jsx-dev-runtime',
          'react-dom',
          'react-dom/client',
          '@astrojs/react/client.js',
          'astro > html-escaper',
          'astro/runtime/client/dev-toolbar/entrypoint.js',
          'react',
          'react/jsx-runtime',
          'react/jsx-dev-runtime',
          'react-dom',
          'react-dom/client',
          '@astrojs/react/client.js'
        ],
        exclude: [
          'astro:*',
          'virtual:astro:*',
          'astro/virtual-modules/prefetch.js',
          '@astrojs/react/server.js',
          'astro:*',
          'virtual:astro:*',
          'astro/virtual-modules/prefetch.js',
          '@astrojs/react/server.js'
        ],
        needsInterop: [],
        rolldownOptions: {
          transform: { jsx: { runtime: 'automatic' } },
          resolve: { symlinks: true },
          output: { topLevelVar: true }
        },
        extensions: [],
        disabled: undefined,
        holdUntilCrawlEnd: true,
        force: false,
        ignoreOutdatedRequests: false,
        noDiscovery: false,
        entries: [
          'D:/kitchenandall/kitchenandall/src/**/*.{jsx,tsx,vue,svelte,html}',
          'D:/kitchenandall/kitchenandall/src/**/*.{jsx,tsx,vue,svelte,html}'
        ],
        rollupOptions: [Getter/Setter],
        esbuildOptions: { preserveSymlinks: false }
      },
      dev: {
        warmup: [],
        sourcemap: { js: true },
        sourcemapIgnoreList: [Function: isInNodeModules],
        preTransformRequests: true,
        createEnvironment: [Function: defaultCreateClientDevEnvironment],
        recoverable: true,
        moduleRunnerTransform: false
      },
      build: {
        target: 'esnext',
        polyfillModulePreload: true,
        modulePreload: { polyfill: false },
        outDir: 'D:\\kitchenandall\\kitchenandall\\dist\\',
        assetsDir: '_astro',
        assetsInlineLimit: 4096,
        sourcemap: false,
        terserOptions: {},
        chunkImportMap: false,
        rolldownOptions: {
          platform: 'browser',
          preserveEntrySignatures: 'exports-only',
          checks: { pluginTimings: false },
          output: {
            hoistTransitiveImports: false,
            format: 'esm',
            minifyInternalExports: true,
            chunkFileNames: [Function: chunkFileNames],
            assetFileNames: [Function: assetFileNames],
            entryFileNames: [Function: entryFileNames]
          },
          onwarn: [Function: onwarn]
        },
        commonjsOptions: { include: [ /node_modules/ ], extensions: [ '.js', '.cjs' ] },
        dynamicImportVarsOptions: { exclude: [ /node_modules/ ] },
        write: true,
        emptyOutDir: false,
        copyPublicDir: true,
        license: false,
        manifest: false,
        lib: false,
        ssrManifest: false,
        ssrEmitAssets: true,
        reportCompressedSize: false,
        chunkSizeWarningLimit: 500,
        watch: null,
        cssCodeSplit: true,
        minify: 'oxc',
        rollupOptions: [Getter/Setter],
        ssr: true,
        emitAssets: true,
        createEnvironment: [Function: createEnvironment],
        cssMinify: true,
        cssTarget: 'esnext'
      },
      isBundled: true,
      plugins: [
        {
          name: 'vite:watch-package-data',
          buildStart: [Function: buildStart],
          buildEnd: [Function: buildEnd],
          watchChange: [Function: watchChange]
        },
        BuiltinPlugin {
          name: 'builtin:vite-alias',
          _options: {
            entries: [
              {
                find: 'randombytes',
                replacement: 'randombytes/browser'
              },
              {
                find: /^astro$/,
                replacement: 'd:\\kitchenandall\\kitchenandall\\node_modules\\astro\\dist\\types\\public\\index.js'
              },
              {
                find: 'astro:middleware',
                replacement: 'astro/virtual-modules/middleware.js'
              },
              { find: 'astro:schema', replacement: 'astro/zod' },
              {
                find: 'astro:components',
                replacement: 'astro/components'
              },
              {
                find: /^\/?@vite\/env/,
                replacement: '/@fs/d:/kitchenandall/kitchenandall/node_modules/vite/dist/client/env.mjs'
              },
              {
                find: /^\/?@vite\/client/,
                replacement: '/@fs/d:/kitchenandall/kitchenandall/node_modules/vite/dist/client/client.mjs'
              }
            ]
          },
          enforce: undefined
        },
        {
          name: '@astro/plugin-component-entry',
          enforce: 'pre',
          applyToEnvironment: [Function: applyToEnvironment],
          config: [Function: config],
          resolveId: {
            filter: { id: /^ astro-entry:/ },
            handler: [Function: handler]
          },
          load: {
            filter: { id: /^ astro-entry:/ },
            handler: [AsyncFunction: handler]
          }
        },
        {
          name: 'astro:plugin-renderers',
          enforce: 'pre',
          resolveId: {
            filter: { id: /^virtual:astro:renderers$/ },
            handler: [Function: handler]
          },
          load: {
            filter: { id: /^ virtual:astro:renderers$/ },
            handler: [Function: handler]
          }
        },
        {
          name: 'astro:static-paths',
          enforce: 'pre',
          resolveId: {
            filter: { id: /^astro:static-paths$/ },
            handler: [Function: handler]
          },
          load: {
            filter: { id: /^ astro:static-paths$/ },
            handler: [Function: handler]
          }
        },
        {
          name: 'astro:build:css-hmr',
          enforce: 'pre',
          applyToEnvironment: [Function: applyToEnvironment],
          transform: {
            filter: {
              id: {
                include: [ /(?:\?|&)astro(?:&|=|$)/ ],
                exclude: [ /(?:\?|&)(?:url|raw|direct)(?:&|$)/ ]
              }
            },
            handler: [AsyncFunction: handler]
          }
        },
        {
          name: 'astro:build',
          enforce: 'pre',
          configEnvironment: [AsyncFunction: configEnvironment],
          configResolved: [AsyncFunction: configResolved],
          configureServer: [Function: configureServer],
          buildStart: [Function: buildStart],
          load: {
            filter: { id: /(?:\?|&)astro(?:&|=|$)/ },
            handler: [AsyncFunction: handler]
          },
          transform: {
            filter: {
              id: {
                include: [ /\.astro$/, /\.astro\?/ ],
                exclude: [
                  /(?:\?|&)(?:url|raw|direct)(?:&|$)/,
                  /(?:\?|&)astro(?:&|=|$)/
                ]
              }
            },
            handler: [AsyncFunction: handler]
          },
          handleHotUpdate: [AsyncFunction: handleHotUpdate]
        },
        {
          name: 'astro-env-plugin',
          enforce: 'pre',
          config: [Function: config],
          buildStart: [Function: buildStart],
          resolveId: {
            filter: {
              id: /^(astro:env\/client|astro:env\/server|virtual:astro:env\/internal)$/
            },
            handler: [Function: handler]
          },
          load: {
            filter: {
              id: /^( astro:env\/client| astro:env\/server| virtual:astro:env\/internal)$/
            },
            handler: [Function: handler]
          }
        },
        {
          enforce: 'pre',
          name: 'astro:markdown',
          buildEnd: [Function: buildEnd],
          resolveId: {
            filter: { id: /^[^/]/ },
            handler: [AsyncFunction: handler]
          },
          load: {
            filter: {
              id: {
                include: /\.(markdown|mdown|mkdn|mkd|mdwn|md)(\?|$)/,
                exclude: /(?:\?|&)(?:url|raw|direct)(?:&|$)/
              }
            },
            handler: [AsyncFunction: handler]
          }
        },
        {
          name: 'astro-content-virtual-mod-plugin',
          enforce: 'pre',
          config: [Function: config],
          buildStart: [Function: buildStart],
          resolveId: {
            filter: {
              id: /^(astro:content|astro:data-layer-content|astro:content-module-imports|astro:asset-imports)$|(?:\?|&)astroContentModuleFlag(?:&|=|$)/
            },
            handler: [AsyncFunction: handler]
          },
          load: {
            filter: {
              id: /^( astro:content| astro:data-layer-content| astro:asset-imports| astro:content-module-imports)$/
            },
            handler: [AsyncFunction: handler]
          },
          configureServer: [Function: configureServer]
        },
        {
          name: 'astro:content-asset-propagation',
          enforce: 'pre',
          resolveId: {
            filter: {
              id: /(?:\?|&)(?:astroContentImageFlag|astroRenderContent)(?:&|=|$)/
            },
            handler: [AsyncFunction: handler]
          },
          configureServer: [Function: configureServer],
          transform: {
            filter: { id: /(?:\?|&)astroPropagatedAssets(?:&|=|$)/ },
            handler: [AsyncFunction: handler]
          }
        },
        {
          name: 'astro:assets:esm',
          enforce: 'pre',
          config: [Function: config],
          configResolved: [Function: configResolved],
          load: {
            filter: { id: /\.(jpeg|jpg|png|tiff|webp|gif|svg|avif)/i },
            handler: [AsyncFunction: handler]
          }
        },
        {
          name: 'astro:vite-plugin-file-url',
          enforce: 'pre',
          resolveId: {
            filter: { id: /^file:\/\// },
            handler: [Function: handler]
          }
        },
        {
          name: 'astro:i18n',
          enforce: 'pre',
          resolveId: {
            filter: { id: /^astro:i18n$/ },
            handler: [Function: handler]
          }
        },
        {
          name: 'astro:actions',
          enforce: 'pre',
          resolveId: {
            filter: {
              id: /^(astro:actions|virtual:astro:actions\/options|virtual:astro:actions\/entrypoint)$/
            },
            handler: [AsyncFunction: handler]
          },
          configureServer: [AsyncFunction: configureServer],
          load: {
            filter: {
              id: /^( astro:actions| virtual:astro:actions\/noop-entrypoint| virtual:astro:actions\/entrypoint| virtual:astro:actions\/options)$/
            },
            handler: [AsyncFunction: handler]
          }
        },
        {
          name: 'virtual:astro:session-driver',
          enforce: 'pre',
          resolveId: {
            filter: { id: /^virtual:astro:session-driver$/ },
            handler: [Function: handler]
          },
          load: {
            filter: { id: /^ virtual:astro:session-driver$/ },
            handler: [AsyncFunction: handler]
          }
        },
        {
          name: 'astro:container',
          enforce: 'pre',
          resolveId: {
            filter: { id: /^(astro:container)$/ },
            handler: [Function: handler]
          }
        },
        {
          name: '@tailwindcss/vite:scan',
          enforce: 'pre',
          configureServer: [Function: configureServer],
          configResolved: [AsyncFunction: configResolved]
        },
        {
          name: '@tailwindcss/vite:generate:build',
          apply: 'build',
          enforce: 'pre',
          transform: {
            filter: {
              id: {
                exclude: [
                  /\/\.vite\//,
                  /[?&](?:worker|sharedworker|raw|url)\b/,
                  /\?commonjs-proxy/
                ],
                include: [
                  /\.css(?:\?.*)?$/,
                  /&lang\.css/,
                  /[?&]index=\d+\.css$/
                ]
              }
            },
            handler: [AsyncFunction: handler]
          }
        },
        {
          name: 'vite:react-babel',
          enforce: 'pre',
          config: [Function: config],
          configResolved: [Function: configResolved],
          options: [Function: options]
        },
        {
          name: 'vite:react-refresh-fbm',
          enforce: 'pre',
          transformIndexHtml: { handler: [Function: handler], order: 'pre' }
        },
        {
          name: 'vite:react-refresh',
          enforce: 'pre',
          config: [Function: config],
          resolveId: {
            filter: { id: /^\/@react\-refresh$/ },
            handler: [Function: handler]
          },
          load: {
            filter: { id: /^\/@react\-refresh$/ },
            handler: [Function: handler]
          },
          transformIndexHtml: [Function: transformIndexHtml]
        },
        {
          name: 'vite:resolve-builtin:get-environment',
          buildStart: [Function: buildStart],
          perEnvironmentStartEndDuringDev: true
        },
        BuiltinPlugin {
          name: 'builtin:vite-resolve',
          _options: {
            resolveOptions: {
              isBuild: true,
              isProduction: true,
              asSrc: true,
              preferRelative: false,
              isRequire: undefined,
              root: 'D:/kitchenandall/kitchenandall',
              scan: false,
              mainFields: [ 'browser', 'module', 'jsnext:main', 'jsnext', 'main' ],
              conditions: [
                'module',
                'browser',
                'development|production',
                'astro',
                'module',
                'browser',
                'development|production',
                'astro'
              ],
              externalConditions: [ 'node', 'module-sync' ],
              extensions: [
                '.mjs',  '.js',
                '.mts',  '.ts',
                '.jsx',  '.tsx',
                '.json'
              ],
              tryIndex: true,
              tryPrefix: undefined,
              preserveSymlinks: false,
              tsconfigPaths: true
            },
            environmentConsumer: 'client',
            environmentName: 'client',
            builtins: [],
            external: [],
            noExternal: [
              'astro',
              'astro/components',
              '@nanostores/preact',
              '@fontsource/*',
              '@astrojs/internal-helpers',
              '@astrojs/react',
              'astro',
              'astro/components',
              '@nanostores/preact',
              '@fontsource/*',
              '@astrojs/internal-helpers',
              '@astrojs/react'
            ],
            dedupe: [
              'astro',
              'react',
              'react-dom',
              'astro',
              'react',
              'react-dom'
            ],
            disableCache: false,
            legacyInconsistentCjsInterop: undefined,
            finalizeBareSpecifier: undefined,
            finalizeOtherSpecifiers: undefined,
            resolveSubpathImports: [Function: resolveSubpathImports],
            yarnPnp: false
          },
          enforce: undefined,
          getOrder: [AsyncFunction: wrappedHook],
          load: [AsyncFunction: wrappedHook],
          resolveId: [AsyncFunction: wrappedHook],
          transform: [AsyncFunction: wrappedHook],
          watchChange: [AsyncFunction: wrappedHook],
          perEnvironmentWatchChangeDuringDev: true
        },
        {
          name: 'vite:html-inline-proxy',
          resolveId: {
            filter: { id: /[?&]html-proxy\b/ },
            handler: [Function: handler]
          },
          load: {
            filter: { id: /[?&]html-proxy\b/ },
            handler: [Function: handler]
          }
        },
        {
          name: 'vite:css',
          buildStart: [Function: buildStart],
          buildEnd: [AsyncFunction: buildEnd],
          load: {
            filter: {
              id: /\.(css|less|sass|scss|styl|stylus|pcss|postcss|sss)(?:$|\?)/
            },
            handler: [Function: handler]
          },
          transform: {
            filter: {
              id: {
                include: /\.(css|less|sass|scss|styl|stylus|pcss|postcss|sss)(?:$|\?)/,
                exclude: [
                  /[?&]commonjs-proxy/,
                  /[?&](?:worker|sharedworker|raw|url)\b/
                ]
              }
            },
            handler: [AsyncFunction: handler]
          }
        },
        BuiltinPlugin {
          name: 'builtin:vite-transform',
          _options: {
            root: 'D:/kitchenandall/kitchenandall',
            include: [ /\.(m?ts|[jt]sx)$/ ],
            exclude: [ /\.js$/ ],
            jsxRefreshInclude: [ /\.[tj]sx?(?:\?.*)?$/ ],
            jsxRefreshExclude: [ /\.astro(?:\?.*)?$/ ],
            isServerConsumer: false,
            jsxInject: undefined,
            transformOptions: {
              jsx: {
                development: false,
                runtime: 'automatic',
                importSource: undefined,
                refresh: false
              },
              sourcemap: true
            },
            yarnPnp: false
          },
          enforce: undefined
        },
        BuiltinPlugin {
          name: 'builtin:vite-json',
          _options: { namedExports: true, stringify: 'auto', minify: true },
          enforce: undefined,
          getOrder: [AsyncFunction: wrappedHook],
          load: [AsyncFunction: wrappedHook],
          resolveId: [AsyncFunction: wrappedHook],
          transform: [AsyncFunction: wrappedHook],
          watchChange: [AsyncFunction: wrappedHook]
        },
        {
          name: 'vite:wasm-helper',
          resolveId: {
            filter: { id: /^ vite\/wasm\-helper\.js$/ },
            handler: [Function: handler]
          },
          load: {
            filter: {
              id: [
                /^ vite\/wasm\-helper\.js$/,
                /(?<![?#].*)\.wasm\?init/,
                /(?<![?#].*)\.wasm$/
              ]
            },
            handler: [AsyncFunction: handler]
          },
          renderChunk: undefined
        },
        {
          name: 'vite:worker',
          buildStart: [Function: buildStart],
          load: {
            filter: { id: /(?:\?|&)(worker|sharedworker)(?:&|$)/ },
            handler: [AsyncFunction: handler]
          },
          transform: {
            filter: { id: /(?:\?|&)worker_file&type=(\w+)(?:&|$)/ },
            handler: [Function: handler]
          },
          renderChunk: [Function: renderChunk],
          generateBundle: [Function: generateBundle],
          watchChange: [Function: watchChange]
        },
        {
          name: 'vite:asset',
          perEnvironmentStartEndDuringDev: true,
          buildStart: [Function: buildStart],
          resolveId: {
            filter: {
              id: [
                /(\?|&)url(?:&|$)/,
                /\.(apng|bmp|png|jpe?g|jfif|pjpeg|pjp|gif|svg|ico|webp|avif|cur|jxl|mp4|webm|ogg|mp3|wav|flac|aac|opus|mov|m4a|vtt|woff2?|eot|ttf|otf|webmanifest|pdf|txt)(\?.*)?$/i
              ]
            },
            handler: [Function: handler]
          },
          load: {
            filter: {
              id: {
                include: [
                  /(\?|&)raw(?:&|$)/,
                  /(\?|&)url(?:&|$)/,
                  /\.(apng|bmp|png|jpe?g|jfif|pjpeg|pjp|gif|svg|ico|webp|avif|cur|jxl|mp4|webm|ogg|mp3|wav|flac|aac|opus|mov|m4a|vtt|woff2?|eot|ttf|otf|webmanifest|pdf|txt)(\?.*)?$/i
                ],
                exclude: /^\0/
              }
            },
            handler: [AsyncFunction: handler]
          },
          renderChunk: [Function: renderChunk],
          generateBundle: [Function: generateBundle],
          watchChange: [Function: watchChange]
        },
        {
          name: 'vite:forward-console',
          apply: 'serve',
          configureServer: [Function: configureServer]
        },
        {
          name: '@astro/plugin-build-internals',
          applyToEnvironment: [Function: applyToEnvironment],
          configEnvironment: [Function: configEnvironment],
          generateBundle: [AsyncFunction: generateBundle]
        },
        {
          name: 'astro:rollup-plugin-build-css',
          applyToEnvironment: [Function: applyToEnvironment],
          generateBundle: [AsyncFunction: generateBundle]
        },
        {
          name: '@astro/plugin-scripts',
          applyToEnvironment: [Function: applyToEnvironment],
          configResolved: [Function: configResolved],
          generateBundle: [AsyncFunction: generateBundle]
        },
        {
          name: 'plugin-noop',
          resolveId: {
            filter: { id: /^virtual:astro:noop$/ },
            handler: [Function: handler]
          },
          load: {
            filter: { id: /^ virtual:astro:noop$/ },
            handler: [Function: handler]
          },
          generateBundle: [Function: generateBundle]
        },
        {
          name: 'astro:ssr-assets',
          applyToEnvironment: [Function: applyToEnvironment],
          configEnvironment: [Function: configEnvironment],
          buildStart: [Function: buildStart],
          generateBundle: [Function: generateBundle],
          writeBundle: {
            sequential: true,
            order: 'post',
            handler: [AsyncFunction: handler]
          }
        },
        {
          name: 'astro:watcher-max-listeners',
          configureServer: [Function: configureServer]
        },
        {
          name: 'astro-manifest-plugin',
          resolveId: {
            filter: { id: /^(astro:config\/server|astro:config\/client)$/ },
            handler: [Function: handler]
          },
          load: {
            filter: { id: /^( astro:config\/server| astro:config\/client)$/ },
            handler: [Function: handler]
          }
        },
        {
          name: 'astro:environment',
          configEnvironment: [Function: configEnvironment]
        },
        {
          name: 'astro:build:normal',
          resolveId: {
            filter: { id: /(?:\?|&)astro(?:&|=|$)/ },
            handler: [Function: handler]
          }
        },
        {
          name: 'astro:scripts',
          config: [Function: config],
          resolveId: {
            filter: { id: /^astro:scripts\// },
            handler: [Function: handler]
          },
          load: {
            filter: {
              id: /^(astro:scripts\/before-hydration.js|astro:scripts\/page.js|astro:scripts\/page-ssr.js)$/
            },
            handler: [Function: handler]
          },
          buildStart: [Function: buildStart]
        },
        {
          name: 'astro:app',
          configResolved: [Function: configResolved],
          resolveId: {
            filter: { id: /^virtual:astro:app$/ },
            handler: [Function: handler]
          },
          load: {
            filter: { id: /^ virtual:astro:app$/ },
            handler: [Function: handler]
          }
        },
        {
          name: 'astro:server-app',
          resolveId: {
            filter: { id: /^astro:server-app$/ },
            handler: [Function: handler]
          }
        },
        {
          name: 'virtual:astro:dev-css',
          configureServer: [AsyncFunction: configureServer],
          applyToEnvironment: [Function: applyToEnvironment],
          resolveId: {
            filter: {
              id: /^(virtual:astro:dev-css|virtual:astro:dev-css:.*)$/
            },
            handler: [Function: handler]
          },
          load: {
            filter: {
              id: /^( virtual:astro:dev-css| virtual:astro:dev-css:.*)$/
            },
            handler: [AsyncFunction: handler]
          },
          transform: {
            filter: {
              id: {
                include: [
                  /\.(css|less|sass|scss|styl|stylus|pcss|postcss|sss)(?:$|\?)/
                ],
                exclude: [ /(?:\?|&)raw(?:&|$)/, /(?:\?|&)inline\b/ ]
              }
            },
            handler: [Function: handler]
          }
        },
        {
          name: 'virtual:astro:dev-css-all',
          applyToEnvironment: [Function: applyToEnvironment],
          resolveId: {
            filter: { id: /^virtual:astro:dev-css-all$/ },
            handler: [Function: handler]
          },
          load: {
            filter: { id: /^ virtual:astro:dev-css-all$/ },
            handler: [Function: handler]
          }
        },
        {
          name: 'astro:adapter-config',
          config: [Function: config],
          resolveId: {
            filter: { id: /^virtual:astro:adapter-config\/client$/ },
            handler: [Function: handler]
          },
          load: {
            filter: { id: /^ virtual:astro:adapter-config\/client$/ },
            handler: [Function: handler]
          }
        },
        {
          name: 'astro:html',
          options: [Function: options],
          transform: {
            filter: { id: /\.html$/ },
            handler: [AsyncFunction: transform]
          }
        },
        {
          name: 'astro:integration-container',
          configureServer: [AsyncFunction: configureServer],
          buildStart: [AsyncFunction: buildStart]
        },
        {
          name: 'astro:content-imports',
          config: [Function: config],
          buildStart: [AsyncFunction: buildStart],
          transform: {
            filter: {
              id: /(?:\?|&)(?:astroDataCollectionEntry|astroContentCollectionEntry)(?:&|=|$)/
            },
            handler: [AsyncFunction: handler]
          },
          configureServer: [Function: configureServer]
        },
        {
          name: 'astro:assets',
          config: [Function: config],
          resolveId: {
            filter: {
              id: /^(virtual:image-service|astro:assets|virtual:astro:get-image)$/
            },
            handler: [AsyncFunction: handler]
          },
          load: {
            filter: { id: /^( astro:assets| virtual:astro:get-image)$/ },
            handler: [Function: handler]
          },
          buildStart: [Function: buildStart],
          renderChunk: [AsyncFunction: renderChunk]
        },
        {
          name: 'astro:fonts',
          buildStart: [AsyncFunction: buildStart],
          configureServer: [AsyncFunction: configureServer],
          resolveId: {
            filter: {
              id: /^(virtual:astro:assets\/fonts\/internal|virtual:astro:assets\/fonts\/runtime|virtual:astro:assets\/fonts\/runtime\/font-file-url-resolver)$/
            },
            handler: [Function: handler]
          },
          load: {
            filter: {
              id: /^( virtual:astro:assets\/fonts\/internal| virtual:astro:assets\/fonts\/runtime| virtual:astro:assets\/fonts\/runtime\/font-file-url-resolver)$/
            },
            handler: [AsyncFunction: handler]
          },
          buildEnd: [AsyncFunction: buildEnd]
        },
        {
          name: 'astro:image-styles',
          resolveId: {
            filter: { id: /^virtual:astro:image-styles.css$/ },
            handler: [Function: handler]
          },
          load: {
            filter: { id: /^ virtual:astro:image-styles.css$/ },
            handler: [AsyncFunction: handler]
          }
        },
        {
          name: 'astro:prefetch',
          resolveId: {
            filter: { id: /^astro:prefetch$/ },
            handler: [Function: handler]
          },
          load: {
            filter: { id: /^ astro:prefetch$/ },
            handler: [Function: handler]
          },
          transform: {
            filter: { id: /astro\/dist\/prefetch\/index.js/ },
            handler: [Function: handler]
          }
        },
        {
          name: 'astro:transitions',
          resolveId: {
            filter: { id: /^(astro:transitions|astro:transitions\/client)$/ },
            handler: [Function: handler]
          },
          load: {
            filter: { id: /^( astro:transitions| astro:transitions\/client)$/ },
            handler: [Function: handler]
          },
          transform: {
            filter: { id: /ClientRouter\.astro.*\.ts$/ },
            handler: [Function: handler]
          }
        },
        {
          name: 'astro:dev-toolbar',
          config: [Function: config],
          resolveId: {
            filter: { id: /^astro:toolbar:internal$/ },
            handler: [Function: handler]
          },
          configureServer: [Function: configureServer],
          load: {
            filter: { id: /^ astro:toolbar:internal$/ },
            handler: [Function: handler]
          }
        },
        {
          name: 'astro:chromedevtools',
          configureServer: [Function: configureServer]
        },
        {
          name: 'vite:react-virtual-preamble',
          resolveId: {
            order: 'pre',
            filter: { id: /^@vitejs\/plugin\-react\/preamble$/ },
            handler: [Function: handler]
          },
          load: {
            filter: { id: /^ @vitejs\/plugin\-react\/preamble$/ },
            handler: [Function: handler]
          }
        },
        {
          name: '@astrojs/react:opts',
          resolveId: {
            filter: { id: /^astro:react:opts$/ },
            handler: [Function: handler]
          },
          load: {
            filter: { id: /^ astro:react:opts$/ },
            handler: [Function: handler]
          }
        },
        {
          name: '@astrojs/react:environment',
          configEnvironment: [Function: configEnvironment]
        },
        {
          name: 'astro:vite-plugin-env',
          config: [Function: config],
          configResolved: [Function: configResolved],
          transform: {
            filter: {
              id: {
                exclude: [
                  /.*\.(html|htm|json)$/,
                  /\.(css|less|sass|scss|styl|stylus|pcss|postcss|sss)(?:$|\?)/
                ]
              },
              code: /import\.meta\.env/
            },
            handler: [Function: handler]
          }
        },
        { name: 'vite:define', options: [Function: options] },
        {
          name: 'vite:css-post',
          renderStart: [Function: renderStart],
          transform: {
            filter: {
              id: {
                include: /\.(css|less|sass|scss|styl|stylus|pcss|postcss|sss)(?:$|\?)/,
                exclude: [
                  /[?&]commonjs-proxy/,
                  /[?&](?:worker|sharedworker|raw|url)\b/
                ]
              }
            },
            handler: [AsyncFunction: handler]
          },
          renderChunk: [AsyncFunction: renderChunk],
          augmentChunkHash: [Function: augmentChunkHash],
          generateBundle: [AsyncFunction: generateBundle]
        },
        {
          name: 'vite:build-html',
          applyToEnvironment: [Function: applyToEnvironment],
          transform: {
            filter: { id: /\.html$/ },
            handler: [AsyncFunction: handler]
          },
          generateBundle: [AsyncFunction: generateBundle]
        },
        {
          name: 'vite:worker-import-meta-url',
          applyToEnvironment: [Function: applyToEnvironment],
          transform: {
            filter: {
              code: /\bnew\s+(?:Worker|SharedWorker)\s*\(\s*(new\s+URL\s*\(\s*('[^']+'|"[^"]+"|`[^`]+`)\s*,\s*import\.meta\.url\s*(?:,\s*)?\))/dg
            },
            handler: [AsyncFunction: handler]
          }
        },
        {
          name: 'vite:asset-import-meta-url',
          applyToEnvironment: [Function: applyToEnvironment],
          transform: {
            filter: {
              id: {
                exclude: [
                  /^ vite\/preload\-helper\.js$/,
                  /^d:\\kitchenandall\\kitchenandall\\node_modules\\vite\\dist\\client\\client\.mjs$/
                ]
              },
              code: /\bnew\s+URL\s*\(\s*('[^']+'|"[^"]+"|`[^`]+`)\s*,\s*import\.meta\.url\s*(?:,\s*)?\)/dg
            },
            handler: [AsyncFunction: handler]
          }
        },
        {
          name: 'vite:prepare-out-dir',
          watchChange: [Function: watchChange],
          renderStart: { order: 'pre', handler: [Function: handler] }
        },
        BuiltinPlugin {
          name: 'builtin:vite-dynamic-import-vars',
          _options: {
            include: undefined,
            exclude: [ /node_modules/ ],
            resolver: [Function: resolver],
            sourcemap: false
          },
          enforce: undefined
        },
        BuiltinPlugin {
          name: 'builtin:vite-import-glob',
          _options: {
            root: 'D:/kitchenandall/kitchenandall',
            sourcemap: false,
            restoreQueryExtension: false
          },
          enforce: undefined
        },
        {
          name: 'astro:css-target-lowering',
          enforce: 'post',
          configResolved: [Function: configResolved],
          generateBundle: [AsyncFunction: generateBundle]
        },
        {
          name: 'astro:rollup-plugin-single-css',
          enforce: 'post',
          applyToEnvironment: [Function: applyToEnvironment],
          configResolved: [Function: configResolved],
          generateBundle: [Function: generateBundle]
        },
        {
          name: 'astro:rollup-plugin-inline-stylesheets',
          enforce: 'post',
          applyToEnvironment: [Function: applyToEnvironment],
          configResolved: [Function: configResolved],
          generateBundle: [AsyncFunction: generateBundle]
        },
        {
          name: 'astro:scripts:page-ssr',
          enforce: 'post',
          transform: [Function: transform]
        },
        {
          name: 'astro:server-islands',
          enforce: 'post',
          api: { hasServerIslands: [Function: hasServerIslands] },
          config: [Function: config],
          buildStart: [Function: buildStart],
          configureServer: [Function: configureServer],
          resolveId: {
            filter: { id: /^virtual:astro:server-island-manifest$/ },
            handler: [Function: handler]
          },
          load: {
            filter: { id: /^ virtual:astro:server-island-manifest$/ },
            handler: [Function: handler]
          },
          transform: {
            filter: {
              id: {
                include: [
                  /\.(astro|mdx)$/,
                  /^ virtual:astro:server-island-manifest$/
                ]
              }
            },
            handler: [AsyncFunction: handler]
          },
          renderChunk: [Function: renderChunk]
        },
        {
          name: 'astro:hmr-reload',
          enforce: 'post',
          hotUpdate: { order: 'post', handler: [Function: handler] }
        },
        {
          name: 'vite:react:config-post',
          enforce: 'post',
          config: [Function: config]
        },
        {
          name: 'astro:resolve-input',
          enforce: 'post',
          config: [Function: config],
          configResolved: [Function: configResolved]
        },
        {
          name: 'astro:build-generate',
          enforce: 'post',
          buildApp: { order: 'post', handler: [AsyncFunction: handler] }
        },
        {
          name: 'vite:build-import-analysis',
          renderChunk: [Function: renderChunk],
          generateBundle: [AsyncFunction: generateBundle]
        },
        BuiltinPlugin {
          name: 'builtin:vite-build-import-analysis',
          _options: {
            preloadCode: 'const scriptRel = /* @__PURE__ */ (function detectScriptRel() {\n' +
              '\tconst relList = typeof document !== "undefined" && document.createElement("link").relList;\n' +
              '\treturn relList && relList.supports && relList.supports("modulepreload") ? "modulepreload" : "preload";\n' +
              '})();const assetsURL = function(dep) { return "/"+dep };const seen = {};export const __vitePreload = function preload(baseModule, deps, importerUrl) {\n' +
              '\tlet promise = Promise.resolve();\n' +
              '\tif (__VITE_IS_MODERN__ && deps && deps.length > 0) {\n' +
              '\t\tconst links = document.getElementsByTagName("link");\n' +
              '\t\tconst cspNonceMeta = document.querySelector("meta[property=csp-nonce]");\n' +
              '\t\tconst cspNonce = cspNonceMeta?.nonce || cspNonceMeta?.getAttribute("nonce");\n' +
              '\t\tfunction allSettled(promises) {\n' +
              '\t\t\treturn Promise.all(promises.map((p) => Promise.resolve(p).then((value) => ({\n' +
              '\t\t\t\tstatus: "fulfilled",\n' +
              '\t\t\t\tvalue\n' +
              '\t\t\t}), (reason) => ({\n' +
              '\t\t\t\tstatus: "rejected",\n' +
              '\t\t\t\treason\n' +
              '\t\t\t}))));\n' +
              '\t\t}\n' +
              '\t\tfunction importMetaResolve(specifier) {\n' +
              '\t\t\tif (import.meta.resolve) return import.meta.resolve(specifier);\n' +
              '\t\t\treturn new URL(\n' +
              '\t\t\t\tspecifier,\n' +
              '\t\t\t\t/** #__KEEP__ */\n' +
              '\t\t\t\timport.meta.url\n' +
              '\t\t\t).href;\n' +
              '\t\t}\n' +
              '\t\tpromise = allSettled(deps.map((dep) => {\n' +
              '\t\t\tdep = assetsURL(dep, importerUrl);\n' +
              '\t\t\tdep = importMetaResolve(dep);\n' +
              '\t\t\tif (dep in seen) return;\n' +
              '\t\t\tseen[dep] = true;\n' +
              '\t\t\tconst isCss = dep.endsWith(".css");\n' +
              '\t\t\tfor (let i = links.length - 1; i >= 0; i--) {\n' +
              '\t\t\t\tconst link = links[i];\n' +
              '\t\t\t\tif (link.href === dep && (!isCss || link.rel === "stylesheet")) return;\n' +
              '\t\t\t}\n' +
              '\t\t\tconst link = document.createElement("link");\n' +
              '\t\t\tlink.rel = isCss ? "stylesheet" : scriptRel;\n' +
              '\t\t\tif (!isCss) link.as = "script";\n' +
              '\t\t\tlink.crossOrigin = "";\n' +
              '\t\t\tlink.href = dep;\n' +
              '\t\t\tif (cspNonce) link.setAttribute("nonce", cspNonce);\n' +
              '\t\t\tdocument.head.appendChild(link);\n' +
              '\t\t\tif (isCss) return new Promise((res, rej) => {\n' +
              '\t\t\t\tlink.addEventListener("load", res);\n' +
              '\t\t\t\tlink.addEventListener("error", () => rej(/* @__PURE__ */ new Error(`Unable to preload CSS for ${dep}`)));\n' +
              '\t\t\t});\n' +
              '\t\t}));\n' +
              '\t}\n' +
              '\tfunction handlePreloadError(err) {\n' +
              '\t\tconst e = new Event("vite:preloadError", { cancelable: true });\n' +
              '\t\te.payload = err;\n' +
              '\t\twindow.dispatchEvent(e);\n' +
              '\t\tif (!e.defaultPrevented) throw err;\n' +
              '\t}\n' +
              '\treturn promise.then((res) => {\n' +
              '\t\tfor (const item of res || []) {\n' +
              '\t\t\tif (item.status !== "rejected") continue;\n' +
              '\t\t\thandlePreloadError(item.reason);\n' +
              '\t\t}\n' +
              '\t\treturn baseModule().catch(handlePreloadError);\n' +
              '\t});\n' +
              '}',
            insertPreload: true,
            optimizeModulePreloadRelativePaths: false,
            renderBuiltUrl: false,
            isRelativeBase: false
          },
          enforce: undefined
        },
        {
          name: 'vite:terser',
          applyToEnvironment: [Function: applyToEnvironment],
          renderChunk: [AsyncFunction: renderChunk],
          closeBundle: [Function: closeBundle]
        },
        {
          name: 'vite:license',
          generateBundle: [Function: generateBundle]
        },
        BuiltinPlugin {
          name: 'builtin:vite-reporter',
          _options: {
            root: 'D:/kitchenandall/kitchenandall',
            isTty: false,
            isLib: false,
            assetsDir: '_astro\\',
            chunkLimit: 500,
            logInfo: undefined,
            reportCompressedSize: false,
            warnLargeChunks: true
          },
          enforce: undefined
        },
        BuiltinPlugin {
          name: 'builtin:vite-load-fallback',
          _options: undefined,
          enforce: undefined
        }
      ],
      optimizeDepsPluginNames: []
    },
    ssr: {
      define: {
        'import.meta.env.SITE': 'undefined',
        'import.meta.env.BASE_URL': '"/"',
        'import.meta.env.ASSETS_PREFIX': 'undefined'
      },
      resolve: {
        externalConditions: [ 'node', 'module-sync' ],
        extensions: [
          '.mjs',  '.js',
          '.mts',  '.ts',
          '.jsx',  '.tsx',
          '.json'
        ],
        dedupe: [
          'astro',
          'react',
          'react-dom',
          'astro',
          'react',
          'react-dom'
        ],
        noExternal: [
          '@mui/material',
          '@mui/base',
          '@babel/runtime',
          'use-immer',
          '@material-tailwind/react',
          '@mui/material',
          '@mui/base',
          '@babel/runtime',
          'use-immer',
          '@material-tailwind/react',
          'astro',
          'astro/components',
          '@nanostores/preact',
          '@fontsource/*',
          '@astrojs/internal-helpers',
          '@astrojs/react',
          'astro',
          'astro/components',
          '@nanostores/preact',
          '@fontsource/*',
          '@astrojs/internal-helpers',
          '@astrojs/react'
        ],
        external: [],
        preserveSymlinks: false,
        tsconfigPaths: true,
        alias: [
          { find: 'randombytes', replacement: 'randombytes/browser' },
          {
            find: /^astro$/,
            replacement: 'd:\\kitchenandall\\kitchenandall\\node_modules\\astro\\dist\\types\\public\\index.js'
          },
          {
            find: 'astro:middleware',
            replacement: 'astro/virtual-modules/middleware.js'
          },
          { find: 'astro:schema', replacement: 'astro/zod' },
          { find: 'astro:components', replacement: 'astro/components' },
          {
            find: /^\/?@vite\/env/,
            replacement: '/@fs/d:/kitchenandall/kitchenandall/node_modules/vite/dist/client/env.mjs'
          },
          {
            find: /^\/?@vite\/client/,
            replacement: '/@fs/d:/kitchenandall/kitchenandall/node_modules/vite/dist/client/client.mjs'
          }
        ],
        mainFields: [ 'module', 'jsnext:main', 'jsnext' ],
        conditions: [ 'module', 'node', 'development|production', 'astro' ],
        builtins: [
          '_http_agent',         '_http_client',        '_http_common',
          '_http_incoming',      '_http_outgoing',      '_http_server',
          '_stream_duplex',      '_stream_passthrough', '_stream_readable',
          '_stream_transform',   '_stream_wrap',        '_stream_writable',
          '_tls_common',         '_tls_wrap',           'assert',
          'assert/strict',       'async_hooks',         'buffer',
          'child_process',       'cluster',             'console',
          'constants',           'crypto',              'dgram',
          'diagnostics_channel', 'dns',                 'dns/promises',
          'domain',              'events',              'fs',
          'fs/promises',         'http',                'http2',
          'https',               'inspector',           'inspector/promises',
          'module',              'net',                 'os',
          'path',                'path/posix',          'path/win32',
          'perf_hooks',          'process',             'punycode',
          'querystring',         'readline',            'readline/promises',
          'repl',                'stream',              'stream/consumers',
          'stream/promises',     'stream/web',          'string_decoder',
          'sys',                 'timers',              'timers/promises',
          'tls',                 'trace_events',        'tty',
          'url',                 'util',                'util/types',
          'v8',                  'vm',                  'wasi',
          'worker_threads',      'zlib',                /^node:/,
          /^bun:/
        ]
      },
      keepProcessEnv: true,
      consumer: 'server',
      optimizeDeps: {
        include: [],
        exclude: [],
        needsInterop: [],
        rolldownOptions: { resolve: { symlinks: true }, output: { topLevelVar: true } },
        extensions: [],
        disabled: undefined,
        holdUntilCrawlEnd: true,
        force: false,
        ignoreOutdatedRequests: false,
        noDiscovery: true,
        rollupOptions: [Getter/Setter],
        esbuildOptions: { preserveSymlinks: false }
      },
      dev: {
        warmup: [],
        sourcemap: { js: true },
        sourcemapIgnoreList: [Function: isInNodeModules],
        preTransformRequests: false,
        createEnvironment: [Function: defaultCreateDevEnvironment],
        recoverable: false,
        moduleRunnerTransform: true
      },
      build: {
        target: 'esnext',
        polyfillModulePreload: true,
        modulePreload: { polyfill: false },
        outDir: 'D:\\kitchenandall\\kitchenandall\\dist\\',
        assetsDir: '_astro',
        assetsInlineLimit: 4096,
        sourcemap: false,
        terserOptions: {},
        chunkImportMap: false,
        rolldownOptions: {
          platform: 'node',
          preserveEntrySignatures: 'exports-only',
          checks: { pluginTimings: false },
          output: {
            hoistTransitiveImports: false,
            format: 'esm',
            minifyInternalExports: true,
            chunkFileNames: [Function: chunkFileNames],
            assetFileNames: [Function: assetFileNames],
            entryFileNames: [Function: entryFileNames]
          },
          onwarn: [Function: onwarn]
        },
        commonjsOptions: { include: [ /node_modules/ ], extensions: [ '.js', '.cjs' ] },
        dynamicImportVarsOptions: { exclude: [ /node_modules/ ] },
        write: true,
        emptyOutDir: false,
        copyPublicDir: false,
        license: false,
        manifest: true,
        lib: false,
        ssrManifest: false,
        ssrEmitAssets: true,
        reportCompressedSize: false,
        chunkSizeWarningLimit: 500,
        watch: null,
        cssCodeSplit: true,
        minify: false,
        rollupOptions: [Getter/Setter],
        ssr: true,
        emitAssets: true,
        createEnvironment: [Function: createEnvironment],
        cssMinify: true,
        cssTarget: 'esnext'
      },
      isBundled: true,
      plugins: [
        {
          name: 'vite:watch-package-data',
          buildStart: [Function: buildStart],
          buildEnd: [Function: buildEnd],
          watchChange: [Function: watchChange]
        },
        BuiltinPlugin {
          name: 'builtin:vite-alias',
          _options: {
            entries: [
              {
                find: 'randombytes',
                replacement: 'randombytes/browser'
              },
              {
                find: /^astro$/,
                replacement: 'd:\\kitchenandall\\kitchenandall\\node_modules\\astro\\dist\\types\\public\\index.js'
              },
              {
                find: 'astro:middleware',
                replacement: 'astro/virtual-modules/middleware.js'
              },
              { find: 'astro:schema', replacement: 'astro/zod' },
              {
                find: 'astro:components',
                replacement: 'astro/components'
              },
              {
                find: /^\/?@vite\/env/,
                replacement: '/@fs/d:/kitchenandall/kitchenandall/node_modules/vite/dist/client/env.mjs'
              },
              {
                find: /^\/?@vite\/client/,
                replacement: '/@fs/d:/kitchenandall/kitchenandall/node_modules/vite/dist/client/client.mjs'
              }
            ]
          },
          enforce: undefined
        },
        {
          name: 'virtual:astro:manifest',
          enforce: 'pre',
          configureServer: [Function: configureServer],
          applyToEnvironment: [Function: applyToEnvironment],
          resolveId: {
            filter: { id: /^virtual:astro:manifest$/ },
            handler: [Function: handler]
          },
          load: {
            filter: { id: /^ virtual:astro:manifest$/ },
            handler: [AsyncFunction: handler]
          }
        },
        {
          name: 'astro:plugin-renderers',
          enforce: 'pre',
          resolveId: {
            filter: { id: /^virtual:astro:renderers$/ },
            handler: [Function: handler]
          },
          load: {
            filter: { id: /^ virtual:astro:renderers$/ },
            handler: [Function: handler]
          }
        },
        {
          name: 'astro:static-paths',
          enforce: 'pre',
          resolveId: {
            filter: { id: /^astro:static-paths$/ },
            handler: [Function: handler]
          },
          load: {
            filter: { id: /^ astro:static-paths$/ },
            handler: [Function: handler]
          }
        },
        {
          name: 'astro:build',
          enforce: 'pre',
          configEnvironment: [AsyncFunction: configEnvironment],
          configResolved: [AsyncFunction: configResolved],
          configureServer: [Function: configureServer],
          buildStart: [Function: buildStart],
          load: {
            filter: { id: /(?:\?|&)astro(?:&|=|$)/ },
            handler: [AsyncFunction: handler]
          },
          transform: {
            filter: {
              id: {
                include: [ /\.astro$/, /\.astro\?/ ],
                exclude: [
                  /(?:\?|&)(?:url|raw|direct)(?:&|$)/,
                  /(?:\?|&)astro(?:&|=|$)/
                ]
              }
            },
            handler: [AsyncFunction: handler]
          },
          handleHotUpdate: [AsyncFunction: handleHotUpdate]
        },
        {
          name: 'astro-env-plugin',
          enforce: 'pre',
          config: [Function: config],
          buildStart: [Function: buildStart],
          resolveId: {
            filter: {
              id: /^(astro:env\/client|astro:env\/server|virtual:astro:env\/internal)$/
            },
            handler: [Function: handler]
          },
          load: {
            filter: {
              id: /^( astro:env\/client| astro:env\/server| virtual:astro:env\/internal)$/
            },
            handler: [Function: handler]
          }
        },
        {
          enforce: 'pre',
          name: 'astro:markdown',
          buildEnd: [Function: buildEnd],
          resolveId: {
            filter: { id: /^[^/]/ },
            handler: [AsyncFunction: handler]
          },
          load: {
            filter: {
              id: {
                include: /\.(markdown|mdown|mkdn|mkd|mdwn|md)(\?|$)/,
                exclude: /(?:\?|&)(?:url|raw|direct)(?:&|$)/
              }
            },
            handler: [AsyncFunction: handler]
          }
        },
        {
          name: 'astro-content-virtual-mod-plugin',
          enforce: 'pre',
          config: [Function: config],
          buildStart: [Function: buildStart],
          resolveId: {
            filter: {
              id: /^(astro:content|astro:data-layer-content|astro:content-module-imports|astro:asset-imports)$|(?:\?|&)astroContentModuleFlag(?:&|=|$)/
            },
            handler: [AsyncFunction: handler]
          },
          load: {
            filter: {
              id: /^( astro:content| astro:data-layer-content| astro:asset-imports| astro:content-module-imports)$/
            },
            handler: [AsyncFunction: handler]
          },
          configureServer: [Function: configureServer]
        },
        {
          name: 'astro:content-asset-propagation',
          enforce: 'pre',
          resolveId: {
            filter: {
              id: /(?:\?|&)(?:astroContentImageFlag|astroRenderContent)(?:&|=|$)/
            },
            handler: [AsyncFunction: handler]
          },
          configureServer: [Function: configureServer],
          transform: {
            filter: { id: /(?:\?|&)astroPropagatedAssets(?:&|=|$)/ },
            handler: [AsyncFunction: handler]
          }
        },
        {
          name: 'astro:assets:esm',
          enforce: 'pre',
          config: [Function: config],
          configResolved: [Function: configResolved],
          load: {
            filter: { id: /\.(jpeg|jpg|png|tiff|webp|gif|svg|avif)/i },
            handler: [AsyncFunction: handler]
          }
        },
        {
          name: 'astro:vite-plugin-file-url',
          enforce: 'pre',
          resolveId: {
            filter: { id: /^file:\/\// },
            handler: [Function: handler]
          }
        },
        {
          name: 'astro:i18n',
          enforce: 'pre',
          resolveId: {
            filter: { id: /^astro:i18n$/ },
            handler: [Function: handler]
          }
        },
        {
          name: 'astro:actions',
          enforce: 'pre',
          resolveId: {
            filter: {
              id: /^(astro:actions|virtual:astro:actions\/options|virtual:astro:actions\/entrypoint)$/
            },
            handler: [AsyncFunction: handler]
          },
          configureServer: [AsyncFunction: configureServer],
          load: {
            filter: {
              id: /^( astro:actions| virtual:astro:actions\/noop-entrypoint| virtual:astro:actions\/entrypoint| virtual:astro:actions\/options)$/
            },
            handler: [AsyncFunction: handler]
          }
        },
        {
          name: 'virtual:astro:session-driver',
          enforce: 'pre',
          resolveId: {
            filter: { id: /^virtual:astro:session-driver$/ },
            handler: [Function: handler]
          },
          load: {
            filter: { id: /^ virtual:astro:session-driver$/ },
            handler: [AsyncFunction: handler]
          }
        },
        {
          name: 'astro:container',
          enforce: 'pre',
          resolveId: {
            filter: { id: /^(astro:container)$/ },
            handler: [Function: handler]
          }
        },
        {
          name: '@tailwindcss/vite:scan',
          enforce: 'pre',
          configureServer: [Function: configureServer],
          configResolved: [AsyncFunction: configResolved]
        },
        {
          name: '@tailwindcss/vite:generate:build',
          apply: 'build',
          enforce: 'pre',
          transform: {
            filter: {
              id: {
                exclude: [
                  /\/\.vite\//,
                  /[?&](?:worker|sharedworker|raw|url)\b/,
                  /\?commonjs-proxy/
                ],
                include: [
                  /\.css(?:\?.*)?$/,
                  /&lang\.css/,
                  /[?&]index=\d+\.css$/
                ]
              }
            },
            handler: [AsyncFunction: handler]
          }
        },
        {
          name: 'vite:react-babel',
          enforce: 'pre',
          config: [Function: config],
          configResolved: [Function: configResolved],
          options: [Function: options]
        },
        {
          name: 'vite:react-refresh-fbm',
          enforce: 'pre',
          transformIndexHtml: { handler: [Function: handler], order: 'pre' }
        },
        {
          name: 'vite:react-refresh',
          enforce: 'pre',
          config: [Function: config],
          resolveId: {
            filter: { id: /^\/@react\-refresh$/ },
            handler: [Function: handler]
          },
          load: {
            filter: { id: /^\/@react\-refresh$/ },
            handler: [Function: handler]
          },
          transformIndexHtml: [Function: transformIndexHtml]
        },
        {
          name: 'vite:resolve-builtin:get-environment',
          buildStart: [Function: buildStart],
          perEnvironmentStartEndDuringDev: true
        },
        BuiltinPlugin {
          name: 'builtin:vite-resolve',
          _options: {
            resolveOptions: {
              isBuild: true,
              isProduction: true,
              asSrc: true,
              preferRelative: false,
              isRequire: undefined,
              root: 'D:/kitchenandall/kitchenandall',
              scan: false,
              mainFields: [ 'module', 'jsnext:main', 'jsnext', 'main' ],
              conditions: [ 'module', 'node', 'development|production', 'astro' ],
              externalConditions: [ 'node', 'module-sync' ],
              extensions: [
                '.mjs',  '.js',
                '.mts',  '.ts',
                '.jsx',  '.tsx',
                '.json'
              ],
              tryIndex: true,
              tryPrefix: undefined,
              preserveSymlinks: false,
              tsconfigPaths: true
            },
            environmentConsumer: 'server',
            environmentName: 'ssr',
            builtins: [
              '_http_agent',
              '_http_client',
              '_http_common',
              '_http_incoming',
              '_http_outgoing',
              '_http_server',
              '_stream_duplex',
              '_stream_passthrough',
              '_stream_readable',
              '_stream_transform',
              '_stream_wrap',
              '_stream_writable',
              '_tls_common',
              '_tls_wrap',
              'assert',
              'assert/strict',
              'async_hooks',
              'buffer',
              'child_process',
              'cluster',
              'console',
              'constants',
              'crypto',
              'dgram',
              'diagnostics_channel',
              'dns',
              'dns/promises',
              'domain',
              'events',
              'fs',
              'fs/promises',
              'http',
              'http2',
              'https',
              'inspector',
              'inspector/promises',
              'module',
              'net',
              'os',
              'path',
              'path/posix',
              'path/win32',
              'perf_hooks',
              'process',
              'punycode',
              'querystring',
              'readline',
              'readline/promises',
              'repl',
              'stream',
              'stream/consumers',
              'stream/promises',
              'stream/web',
              'string_decoder',
              'sys',
              'timers',
              'timers/promises',
              'tls',
              'trace_events',
              'tty',
              'url',
              'util',
              'util/types',
              'v8',
              'vm',
              'wasi',
              'worker_threads',
              'zlib',
              /^node:/,
              /^bun:/
            ],
            external: [],
            noExternal: [
              '@mui/material',
              '@mui/base',
              '@babel/runtime',
              'use-immer',
              '@material-tailwind/react',
              '@mui/material',
              '@mui/base',
              '@babel/runtime',
              'use-immer',
              '@material-tailwind/react',
              'astro',
              'astro/components',
              '@nanostores/preact',
              '@fontsource/*',
              '@astrojs/internal-helpers',
              '@astrojs/react',
              'astro',
              'astro/components',
              '@nanostores/preact',
              '@fontsource/*',
              '@astrojs/internal-helpers',
              '@astrojs/react'
            ],
            dedupe: [
              'astro',
              'react',
              'react-dom',
              'astro',
              'react',
              'react-dom'
            ],
            disableCache: false,
            legacyInconsistentCjsInterop: undefined,
            finalizeBareSpecifier: undefined,
            finalizeOtherSpecifiers: undefined,
            resolveSubpathImports: [Function: resolveSubpathImports],
            yarnPnp: false
          },
          enforce: undefined,
          getOrder: [AsyncFunction: wrappedHook],
          load: [AsyncFunction: wrappedHook],
          resolveId: [AsyncFunction: wrappedHook],
          transform: [AsyncFunction: wrappedHook],
          watchChange: [AsyncFunction: wrappedHook],
          perEnvironmentWatchChangeDuringDev: true
        },
        {
          name: 'vite:html-inline-proxy',
          resolveId: {
            filter: { id: /[?&]html-proxy\b/ },
            handler: [Function: handler]
          },
          load: {
            filter: { id: /[?&]html-proxy\b/ },
            handler: [Function: handler]
          }
        },
        {
          name: 'vite:css',
          buildStart: [Function: buildStart],
          buildEnd: [AsyncFunction: buildEnd],
          load: {
            filter: {
              id: /\.(css|less|sass|scss|styl|stylus|pcss|postcss|sss)(?:$|\?)/
            },
            handler: [Function: handler]
          },
          transform: {
            filter: {
              id: {
                include: /\.(css|less|sass|scss|styl|stylus|pcss|postcss|sss)(?:$|\?)/,
                exclude: [
                  /[?&]commonjs-proxy/,
                  /[?&](?:worker|sharedworker|raw|url)\b/
                ]
              }
            },
            handler: [AsyncFunction: handler]
          }
        },
        BuiltinPlugin {
          name: 'builtin:vite-transform',
          _options: {
            root: 'D:/kitchenandall/kitchenandall',
            include: [ /\.(m?ts|[jt]sx)$/ ],
            exclude: [ /\.js$/ ],
            jsxRefreshInclude: [ /\.[tj]sx?(?:\?.*)?$/ ],
            jsxRefreshExclude: [ /\.astro(?:\?.*)?$/ ],
            isServerConsumer: true,
            jsxInject: undefined,
            transformOptions: {
              jsx: {
                development: false,
                runtime: 'automatic',
                importSource: undefined,
                refresh: false
              },
              sourcemap: true
            },
            yarnPnp: false
          },
          enforce: undefined
        },
        BuiltinPlugin {
          name: 'builtin:vite-json',
          _options: { namedExports: true, stringify: 'auto', minify: true },
          enforce: undefined,
          getOrder: [AsyncFunction: wrappedHook],
          load: [AsyncFunction: wrappedHook],
          resolveId: [AsyncFunction: wrappedHook],
          transform: [AsyncFunction: wrappedHook],
          watchChange: [AsyncFunction: wrappedHook]
        },
        {
          name: 'vite:wasm-helper',
          resolveId: {
            filter: { id: /^ vite\/wasm\-helper\.js$/ },
            handler: [Function: handler]
          },
          load: {
            filter: {
              id: [
                /^ vite\/wasm\-helper\.js$/,
                /(?<![?#].*)\.wasm\?init/,
                /(?<![?#].*)\.wasm$/
              ]
            },
            handler: [AsyncFunction: handler]
          },
          renderChunk: {
            filter: { code: /__VITE_WASM_INIT__([\w$]+)__/g },
            handler: [Function: handler]
          }
        },
        {
          name: 'vite:worker',
          buildStart: [Function: buildStart],
          load: {
            filter: { id: /(?:\?|&)(worker|sharedworker)(?:&|$)/ },
            handler: [AsyncFunction: handler]
          },
          transform: {
            filter: { id: /(?:\?|&)worker_file&type=(\w+)(?:&|$)/ },
            handler: [Function: handler]
          },
          renderChunk: [Function: renderChunk],
          generateBundle: [Function: generateBundle],
          watchChange: [Function: watchChange]
        },
        {
          name: 'vite:asset',
          perEnvironmentStartEndDuringDev: true,
          buildStart: [Function: buildStart],
          resolveId: {
            filter: {
              id: [
                /(\?|&)url(?:&|$)/,
                /\.(apng|bmp|png|jpe?g|jfif|pjpeg|pjp|gif|svg|ico|webp|avif|cur|jxl|mp4|webm|ogg|mp3|wav|flac|aac|opus|mov|m4a|vtt|woff2?|eot|ttf|otf|webmanifest|pdf|txt)(\?.*)?$/i
              ]
            },
            handler: [Function: handler]
          },
          load: {
            filter: {
              id: {
                include: [
                  /(\?|&)raw(?:&|$)/,
                  /(\?|&)url(?:&|$)/,
                  /\.(apng|bmp|png|jpe?g|jfif|pjpeg|pjp|gif|svg|ico|webp|avif|cur|jxl|mp4|webm|ogg|mp3|wav|flac|aac|opus|mov|m4a|vtt|woff2?|eot|ttf|otf|webmanifest|pdf|txt)(\?.*)?$/i
                ],
                exclude: /^\0/
              }
            },
            handler: [AsyncFunction: handler]
          },
          renderChunk: [Function: renderChunk],
          generateBundle: [Function: generateBundle],
          watchChange: [Function: watchChange]
        },
        {
          name: 'vite:forward-console',
          apply: 'serve',
          configureServer: [Function: configureServer]
        },
        {
          name: '@astro/rolldown-plugin-astro-analyzer',
          applyToEnvironment: [Function: applyToEnvironment],
          generateBundle: [AsyncFunction: generateBundle]
        },
        {
          name: '@astro/plugin-build-internals',
          applyToEnvironment: [Function: applyToEnvironment],
          configEnvironment: [Function: configEnvironment],
          generateBundle: [AsyncFunction: generateBundle]
        },
        {
          name: '@astro/plugin-middleware-build',
          configResolved: [Function: configResolved],
          options: [Function: options],
          writeBundle: [Function: writeBundle],
          applyToEnvironment: [Function: applyToEnvironment]
        },
        {
          name: '@astro/plugin-actions-build',
          applyToEnvironment: [Function: applyToEnvironment],
          writeBundle: [Function: writeBundle]
        },
        {
          name: 'astro:rollup-plugin-build-css',
          applyToEnvironment: [Function: applyToEnvironment],
          generateBundle: [AsyncFunction: generateBundle]
        },
        {
          name: 'astro:head-metadata-build',
          applyToEnvironment: [Function: applyToEnvironment],
          generateBundle: [Function: generateBundle]
        },
        {
          name: 'astro:rolldown-plugin-prerender',
          applyToEnvironment: [Function: applyToEnvironment],
          generateBundle: [Function: generateBundle]
        },
        {
          name: 'plugin-noop',
          resolveId: {
            filter: { id: /^virtual:astro:noop$/ },
            handler: [Function: handler]
          },
          load: {
            filter: { id: /^ virtual:astro:noop$/ },
            handler: [Function: handler]
          },
          generateBundle: [Function: generateBundle]
        },
        {
          name: 'astro:ssr-assets',
          applyToEnvironment: [Function: applyToEnvironment],
          configEnvironment: [Function: configEnvironment],
          buildStart: [Function: buildStart],
          generateBundle: [Function: generateBundle],
          writeBundle: {
            sequential: true,
            order: 'post',
            handler: [AsyncFunction: handler]
          }
        },
        {
          name: 'astro:watcher-max-listeners',
          configureServer: [Function: configureServer]
        },
        {
          name: 'astro:routes',
          configureServer: [Function: configureServer],
          applyToEnvironment: [Function: applyToEnvironment],
          resolveId: {
            filter: { id: /^virtual:astro:routes$/ },
            handler: [Function: handler]
          },
          load: {
            filter: { id: /^ virtual:astro:routes$/ },
            handler: [Function: handler]
          },
          transform: [AsyncFunction: transform],
          handleHotUpdate: [AsyncFunction: handleHotUpdate]
        },
        {
          name: 'astro-manifest-plugin',
          resolveId: {
            filter: { id: /^(astro:config\/server|astro:config\/client)$/ },
            handler: [Function: handler]
          },
          load: {
            filter: { id: /^( astro:config\/server| astro:config\/client)$/ },
            handler: [Function: handler]
          }
        },
        {
          name: 'astro:environment',
          configEnvironment: [Function: configEnvironment]
        },
        {
          name: '@astro/plugin-page',
          applyToEnvironment: [Function: applyToEnvironment],
          resolveId: {
            filter: { id: /^virtual:astro:page:/ },
            handler: [Function: handler]
          },
          load: {
            filter: { id: /^ virtual:astro:page:/ },
            handler: [Function: handler]
          }
        },
        {
          name: 'astro:build:normal',
          resolveId: {
            filter: { id: /(?:\?|&)astro(?:&|=|$)/ },
            handler: [Function: handler]
          }
        },
        {
          name: 'astro:scripts',
          config: [Function: config],
          resolveId: {
            filter: { id: /^astro:scripts\// },
            handler: [Function: handler]
          },
          load: {
            filter: {
              id: /^(astro:scripts\/before-hydration.js|astro:scripts\/page.js|astro:scripts\/page-ssr.js)$/
            },
            handler: [Function: handler]
          },
          buildStart: [Function: buildStart]
        },
        {
          name: 'astro:app',
          configResolved: [Function: configResolved],
          resolveId: {
            filter: { id: /^virtual:astro:app$/ },
            handler: [Function: handler]
          },
          load: {
            filter: { id: /^ virtual:astro:app$/ },
            handler: [Function: handler]
          }
        },
        {
          name: 'astro:server-app',
          resolveId: {
            filter: { id: /^astro:server-app$/ },
            handler: [Function: handler]
          }
        },
        {
          name: '@astro/plugin-fetchable',
          applyToEnvironment: [Function: applyToEnvironment],
          configureServer: [Function: configureServer],
          resolveId: {
            filter: { id: /^virtual:astro:fetchable$/ },
            handler: [AsyncFunction: handler]
          },
          load: {
            filter: { id: /^ virtual:astro:fetchable$/ },
            handler: [Function: handler]
          }
        },
        {
          name: 'virtual:astro:dev-css',
          configureServer: [AsyncFunction: configureServer],
          applyToEnvironment: [Function: applyToEnvironment],
          resolveId: {
            filter: {
              id: /^(virtual:astro:dev-css|virtual:astro:dev-css:.*)$/
            },
            handler: [Function: handler]
          },
          load: {
            filter: {
              id: /^( virtual:astro:dev-css| virtual:astro:dev-css:.*)$/
            },
            handler: [AsyncFunction: handler]
          },
          transform: {
            filter: {
              id: {
                include: [
                  /\.(css|less|sass|scss|styl|stylus|pcss|postcss|sss)(?:$|\?)/
                ],
                exclude: [ /(?:\?|&)raw(?:&|$)/, /(?:\?|&)inline\b/ ]
              }
            },
            handler: [Function: handler]
          }
        },
        {
          name: 'virtual:astro:dev-css-all',
          applyToEnvironment: [Function: applyToEnvironment],
          resolveId: {
            filter: { id: /^virtual:astro:dev-css-all$/ },
            handler: [Function: handler]
          },
          load: {
            filter: { id: /^ virtual:astro:dev-css-all$/ },
            handler: [Function: handler]
          }
        },
        {
          name: 'astro:adapter-config',
          config: [Function: config],
          resolveId: {
            filter: { id: /^virtual:astro:adapter-config\/client$/ },
            handler: [Function: handler]
          },
          load: {
            filter: { id: /^ virtual:astro:adapter-config\/client$/ },
            handler: [Function: handler]
          }
        },
        {
          name: 'astro:html',
          options: [Function: options],
          transform: {
            filter: { id: /\.html$/ },
            handler: [AsyncFunction: transform]
          }
        },
        {
          name: 'astro:integration-container',
          configureServer: [AsyncFunction: configureServer],
          buildStart: [AsyncFunction: buildStart]
        },
        {
          name: 'astro:content-imports',
          config: [Function: config],
          buildStart: [AsyncFunction: buildStart],
          transform: {
            filter: {
              id: /(?:\?|&)(?:astroDataCollectionEntry|astroContentCollectionEntry)(?:&|=|$)/
            },
            handler: [AsyncFunction: handler]
          },
          configureServer: [Function: configureServer]
        },
        {
          name: '@astro/plugin-middleware',
          applyToEnvironment: [Function: applyToEnvironment],
          configureServer: [Function: configureServer],
          resolveId: {
            filter: { id: /^virtual:astro:middleware$/ },
            handler: [AsyncFunction: handler]
          },
          load: {
            filter: { id: /^( noop-middleware| virtual:astro:middleware)$/ },
            handler: [AsyncFunction: handler]
          }
        },
        {
          name: 'astro:assets',
          config: [Function: config],
          resolveId: {
            filter: {
              id: /^(virtual:image-service|astro:assets|virtual:astro:get-image)$/
            },
            handler: [AsyncFunction: handler]
          },
          load: {
            filter: { id: /^( astro:assets| virtual:astro:get-image)$/ },
            handler: [Function: handler]
          },
          buildStart: [Function: buildStart],
          renderChunk: [AsyncFunction: renderChunk]
        },
        {
          name: 'astro:fonts',
          buildStart: [AsyncFunction: buildStart],
          configureServer: [AsyncFunction: configureServer],
          resolveId: {
            filter: {
              id: /^(virtual:astro:assets\/fonts\/internal|virtual:astro:assets\/fonts\/runtime|virtual:astro:assets\/fonts\/runtime\/font-file-url-resolver)$/
            },
            handler: [Function: handler]
          },
          load: {
            filter: {
              id: /^( virtual:astro:assets\/fonts\/internal| virtual:astro:assets\/fonts\/runtime| virtual:astro:assets\/fonts\/runtime\/font-file-url-resolver)$/
            },
            handler: [AsyncFunction: handler]
          },
          buildEnd: [AsyncFunction: buildEnd]
        },
        {
          name: 'astro:image-styles',
          resolveId: {
            filter: { id: /^virtual:astro:image-styles.css$/ },
            handler: [Function: handler]
          },
          load: {
            filter: { id: /^ virtual:astro:image-styles.css$/ },
            handler: [AsyncFunction: handler]
          }
        },
        {
          name: 'astro:prefetch',
          resolveId: {
            filter: { id: /^astro:prefetch$/ },
            handler: [Function: handler]
          },
          load: {
            filter: { id: /^ astro:prefetch$/ },
            handler: [Function: handler]
          },
          transform: {
            filter: { id: /astro\/dist\/prefetch\/index.js/ },
            handler: [Function: handler]
          }
        },
        {
          name: 'astro:transitions',
          resolveId: {
            filter: { id: /^(astro:transitions|astro:transitions\/client)$/ },
            handler: [Function: handler]
          },
          load: {
            filter: { id: /^( astro:transitions| astro:transitions\/client)$/ },
            handler: [Function: handler]
          },
          transform: {
            filter: { id: /ClientRouter\.astro.*\.ts$/ },
            handler: [Function: handler]
          }
        },
        {
          name: 'astro:dev-toolbar',
          config: [Function: config],
          resolveId: {
            filter: { id: /^astro:toolbar:internal$/ },
            handler: [Function: handler]
          },
          configureServer: [Function: configureServer],
          load: {
            filter: { id: /^ astro:toolbar:internal$/ },
            handler: [Function: handler]
          }
        },
        {
          name: 'astro:chromedevtools',
          configureServer: [Function: configureServer]
        },
        {
          name: 'vite:react-virtual-preamble',
          resolveId: {
            order: 'pre',
            filter: { id: /^@vitejs\/plugin\-react\/preamble$/ },
            handler: [Function: handler]
          },
          load: {
            filter: { id: /^ @vitejs\/plugin\-react\/preamble$/ },
            handler: [Function: handler]
          }
        },
        {
          name: '@astrojs/react:opts',
          resolveId: {
            filter: { id: /^astro:react:opts$/ },
            handler: [Function: handler]
          },
          load: {
            filter: { id: /^ astro:react:opts$/ },
            handler: [Function: handler]
          }
        },
        {
          name: '@astrojs/react:environment',
          configEnvironment: [Function: configEnvironment]
        },
        {
          name: 'astro:vite-plugin-env',
          config: [Function: config],
          configResolved: [Function: configResolved],
          transform: {
            filter: {
              id: {
                exclude: [
                  /.*\.(html|htm|json)$/,
                  /\.(css|less|sass|scss|styl|stylus|pcss|postcss|sss)(?:$|\?)/
                ]
              },
              code: /import\.meta\.env/
            },
            handler: [Function: handler]
          }
        },
        { name: 'vite:define', options: [Function: options] },
        {
          name: 'vite:css-post',
          renderStart: [Function: renderStart],
          transform: {
            filter: {
              id: {
                include: /\.(css|less|sass|scss|styl|stylus|pcss|postcss|sss)(?:$|\?)/,
                exclude: [
                  /[?&]commonjs-proxy/,
                  /[?&](?:worker|sharedworker|raw|url)\b/
                ]
              }
            },
            handler: [AsyncFunction: handler]
          },
          renderChunk: [AsyncFunction: renderChunk],
          augmentChunkHash: [Function: augmentChunkHash],
          generateBundle: [AsyncFunction: generateBundle]
        },
        {
          name: 'vite:build-html',
          applyToEnvironment: [Function: applyToEnvironment],
          transform: {
            filter: { id: /\.html$/ },
            handler: [AsyncFunction: handler]
          },
          generateBundle: [AsyncFunction: generateBundle]
        },
        {
          name: 'vite:prepare-out-dir',
          watchChange: [Function: watchChange],
          renderStart: { order: 'pre', handler: [Function: handler] }
        },
        BuiltinPlugin {
          name: 'builtin:vite-dynamic-import-vars',
          _options: {
            include: undefined,
            exclude: [ /node_modules/ ],
            resolver: [Function: resolver],
            sourcemap: false
          },
          enforce: undefined
        },
        BuiltinPlugin {
          name: 'builtin:vite-import-glob',
          _options: {
            root: 'D:/kitchenandall/kitchenandall',
            sourcemap: false,
            restoreQueryExtension: false
          },
          enforce: undefined
        },
        {
          name: 'astro:css-target-lowering',
          enforce: 'post',
          configResolved: [Function: configResolved],
          generateBundle: [AsyncFunction: generateBundle]
        },
        {
          name: 'astro:rollup-plugin-single-css',
          enforce: 'post',
          applyToEnvironment: [Function: applyToEnvironment],
          configResolved: [Function: configResolved],
          generateBundle: [Function: generateBundle]
        },
        {
          name: 'astro:rollup-plugin-inline-stylesheets',
          enforce: 'post',
          applyToEnvironment: [Function: applyToEnvironment],
          configResolved: [Function: configResolved],
          generateBundle: [AsyncFunction: generateBundle]
        },
        {
          name: '@astro/plugin-pages',
          enforce: 'post',
          applyToEnvironment: [Function: applyToEnvironment],
          resolveId: {
            filter: { id: /^virtual:astro:pages$/ },
            handler: [Function: handler]
          },
          load: {
            filter: { id: /^ virtual:astro:pages$/ },
            handler: [AsyncFunction: handler]
          }
        },
        {
          name: 'astro:scripts:page-ssr',
          enforce: 'post',
          transform: [Function: transform]
        },
        {
          name: 'astro:server-islands',
          enforce: 'post',
          api: { hasServerIslands: [Function: hasServerIslands] },
          config: [Function: config],
          buildStart: [Function: buildStart],
          configureServer: [Function: configureServer],
          resolveId: {
            filter: { id: /^virtual:astro:server-island-manifest$/ },
            handler: [Function: handler]
          },
          load: {
            filter: { id: /^ virtual:astro:server-island-manifest$/ },
            handler: [Function: handler]
          },
          transform: {
            filter: {
              id: {
                include: [
                  /\.(astro|mdx)$/,
                  /^ virtual:astro:server-island-manifest$/
                ]
              }
            },
            handler: [AsyncFunction: handler]
          },
          renderChunk: [Function: renderChunk]
        },
        {
          name: 'astro:hmr-reload',
          enforce: 'post',
          hotUpdate: { order: 'post', handler: [Function: handler] }
        },
        {
          name: 'vite:react:config-post',
          enforce: 'post',
          config: [Function: config]
        },
        {
          name: 'astro:resolve-input',
          enforce: 'post',
          config: [Function: config],
          configResolved: [Function: configResolved]
        },
        {
          name: 'astro:build-generate',
          enforce: 'post',
          buildApp: { order: 'post', handler: [AsyncFunction: handler] }
        },
        {
          name: 'vite:build-import-analysis',
          renderChunk: [Function: renderChunk],
          generateBundle: [AsyncFunction: generateBundle]
        },
        BuiltinPlugin {
          name: 'builtin:vite-build-import-analysis',
          _options: {
            preloadCode: 'const scriptRel = /* @__PURE__ */ (function detectScriptRel() {\n' +
              '\tconst relList = typeof document !== "undefined" && document.createElement("link").relList;\n' +
              '\treturn relList && relList.supports && relList.supports("modulepreload") ? "modulepreload" : "preload";\n' +
              '})();const assetsURL = function(dep) { return "/"+dep };const seen = {};export const __vitePreload = function preload(baseModule, deps, importerUrl) {\n' +
              '\tlet promise = Promise.resolve();\n' +
              '\tif (__VITE_IS_MODERN__ && deps && deps.length > 0) {\n' +
              '\t\tconst links = document.getElementsByTagName("link");\n' +
              '\t\tconst cspNonceMeta = document.querySelector("meta[property=csp-nonce]");\n' +
              '\t\tconst cspNonce = cspNonceMeta?.nonce || cspNonceMeta?.getAttribute("nonce");\n' +
              '\t\tfunction allSettled(promises) {\n' +
              '\t\t\treturn Promise.all(promises.map((p) => Promise.resolve(p).then((value) => ({\n' +
              '\t\t\t\tstatus: "fulfilled",\n' +
              '\t\t\t\tvalue\n' +
              '\t\t\t}), (reason) => ({\n' +
              '\t\t\t\tstatus: "rejected",\n' +
              '\t\t\t\treason\n' +
              '\t\t\t}))));\n' +
              '\t\t}\n' +
              '\t\tfunction importMetaResolve(specifier) {\n' +
              '\t\t\tif (import.meta.resolve) return import.meta.resolve(specifier);\n' +
              '\t\t\treturn new URL(\n' +
              '\t\t\t\tspecifier,\n' +
              '\t\t\t\t/** #__KEEP__ */\n' +
              '\t\t\t\timport.meta.url\n' +
              '\t\t\t).href;\n' +
              '\t\t}\n' +
              '\t\tpromise = allSettled(deps.map((dep) => {\n' +
              '\t\t\tdep = assetsURL(dep, importerUrl);\n' +
              '\t\t\tdep = importMetaResolve(dep);\n' +
              '\t\t\tif (dep in seen) return;\n' +
              '\t\t\tseen[dep] = true;\n' +
              '\t\t\tconst isCss = dep.endsWith(".css");\n' +
              '\t\t\tfor (let i = links.length - 1; i >= 0; i--) {\n' +
              '\t\t\t\tconst link = links[i];\n' +
              '\t\t\t\tif (link.href === dep && (!isCss || link.rel === "stylesheet")) return;\n' +
              '\t\t\t}\n' +
              '\t\t\tconst link = document.createElement("link");\n' +
              '\t\t\tlink.rel = isCss ? "stylesheet" : scriptRel;\n' +
              '\t\t\tif (!isCss) link.as = "script";\n' +
              '\t\t\tlink.crossOrigin = "";\n' +
              '\t\t\tlink.href = dep;\n' +
              '\t\t\tif (cspNonce) link.setAttribute("nonce", cspNonce);\n' +
              '\t\t\tdocument.head.appendChild(link);\n' +
              '\t\t\tif (isCss) return new Promise((res, rej) => {\n' +
              '\t\t\t\tlink.addEventListener("load", res);\n' +
              '\t\t\t\tlink.addEventListener("error", () => rej(/* @__PURE__ */ new Error(`Unable to preload CSS for ${dep}`)));\n' +
              '\t\t\t});\n' +
              '\t\t}));\n' +
              '\t}\n' +
              '\tfunction handlePreloadError(err) {\n' +
              '\t\tconst e = new Event("vite:preloadError", { cancelable: true });\n' +
              '\t\te.payload = err;\n' +
              '\t\twindow.dispatchEvent(e);\n' +
              '\t\tif (!e.defaultPrevented) throw err;\n' +
              '\t}\n' +
              '\treturn promise.then((res) => {\n' +
              '\t\tfor (const item of res || []) {\n' +
              '\t\t\tif (item.status !== "rejected") continue;\n' +
              '\t\t\thandlePreloadError(item.reason);\n' +
              '\t\t}\n' +
              '\t\treturn baseModule().catch(handlePreloadError);\n' +
              '\t});\n' +
              '}',
            insertPreload: false,
            optimizeModulePreloadRelativePaths: false,
            renderBuiltUrl: false,
            isRelativeBase: false
          },
          enforce: undefined
        },
        {
          name: 'vite:license',
          generateBundle: [Function: generateBundle]
        },
        {
          name: 'native:manifest-envs',
          buildStart: [Function: buildStart]
        },
        BuiltinPlugin {
          name: 'builtin:vite-manifest',
          _options: {
            root: 'D:/kitchenandall/kitchenandall',
            outPath: '.vite/manifest.json',
            isOutputOptionsForLegacyChunks: undefined,
            cssEntries: [Function: cssEntries]
          },
          enforce: undefined
        },
        {
          name: 'native:manifest-compatible',
          generateBundle: [Function: generateBundle]
        },
        BuiltinPlugin {
          name: 'builtin:vite-reporter',
          _options: {
            root: 'D:/kitchenandall/kitchenandall',
            isTty: false,
            isLib: false,
            assetsDir: '_astro\\',
            chunkLimit: 500,
            logInfo: undefined,
            reportCompressedSize: false,
            warnLargeChunks: false
          },
          enforce: undefined
        },
        BuiltinPlugin {
          name: 'builtin:vite-load-fallback',
          _options: undefined,
          enforce: undefined
        }
      ],
      optimizeDepsPluginNames: []
    }
  },
  ssr: {
    target: 'node',
    optimizeDeps: {
      esbuildOptions: { preserveSymlinks: false },
      include: [],
      exclude: [],
      needsInterop: [],
      rolldownOptions: { resolve: { symlinks: true }, output: { topLevelVar: true } },
      extensions: [],
      holdUntilCrawlEnd: true,
      force: false,
      ignoreOutdatedRequests: false,
      noDiscovery: true,
      rollupOptions: { resolve: { symlinks: true }, output: { topLevelVar: true } }
    },
    noExternal: [
      '@mui/material',
      '@mui/base',
      '@babel/runtime',
      'use-immer',
      '@material-tailwind/react',
      '@mui/material',
      '@mui/base',
      '@babel/runtime',
      'use-immer',
      '@material-tailwind/react',
      'astro',
      'astro/components',
      '@nanostores/preact',
      '@fontsource/*',
      '@astrojs/internal-helpers',
      '@astrojs/react',
      'astro',
      'astro/components',
      '@nanostores/preact',
      '@fontsource/*',
      '@astrojs/internal-helpers',
      '@astrojs/react'
    ],
    external: [],
    resolve: {
      conditions: [ 'module', 'node', 'development|production', 'astro' ],
      externalConditions: [ 'node', 'module-sync' ]
    }
  },
  logLevel: 'error',
  builder: {
    sharedConfigBuild: false,
    sharedPlugins: false,
    buildApp: [AsyncFunction: buildApp]
  },
  base: '/',
  worker: {
    format: 'iife',
    plugins: '() => plugins',
    rollupOptions: {},
    rolldownOptions: {}
  },
  optimizeDeps: {
    include: [
      'react',
      'react-dom',
      'react/jsx-dev-runtime',
      'react/jsx-runtime',
      'astro > aria-query',
      'astro > axobject-query',
      'react',
      'react-dom',
      'react/jsx-dev-runtime',
      'react/jsx-runtime',
      'astro > aria-query',
      'astro > axobject-query',
      'astro > html-escaper',
      'astro/runtime/client/dev-toolbar/entrypoint.js',
      'react',
      'react/jsx-runtime',
      'react/jsx-dev-runtime',
      'react-dom',
      'react-dom/client',
      '@astrojs/react/client.js',
      'astro > html-escaper',
      'astro/runtime/client/dev-toolbar/entrypoint.js',
      'react',
      'react/jsx-runtime',
      'react/jsx-dev-runtime',
      'react-dom',
      'react-dom/client',
      '@astrojs/react/client.js'
    ],
    exclude: [
      'astro:*',
      'virtual:astro:*',
      'astro/virtual-modules/prefetch.js',
      '@astrojs/react/server.js',
      'astro:*',
      'virtual:astro:*',
      'astro/virtual-modules/prefetch.js',
      '@astrojs/react/server.js'
    ],
    needsInterop: [],
    rolldownOptions: {
      transform: { jsx: { runtime: 'automatic' } },
      resolve: { symlinks: true },
      output: { topLevelVar: true }
    },
    extensions: [],
    disabled: undefined,
    holdUntilCrawlEnd: true,
    force: false,
    ignoreOutdatedRequests: false,
    noDiscovery: false,
    entries: [
      'D:/kitchenandall/kitchenandall/src/**/*.{jsx,tsx,vue,svelte,html}',
      'D:/kitchenandall/kitchenandall/src/**/*.{jsx,tsx,vue,svelte,html}'
    ],
    rollupOptions: [Getter/Setter],
    esbuildOptions: { preserveSymlinks: false }
  },
  oxc: {
    jsx: {
      development: false,
      runtime: 'automatic',
      importSource: undefined,
      refresh: false
    },
    jsxRefreshInclude: /\.[tj]sx?(?:\?.*)?$/,
    jsxRefreshExclude: /\.astro(?:\?.*)?$/
  },
  configFileDependencies: [],
  inlineConfig: {
    configFile: false,
    mode: 'production',
    cacheDir: 'D:\\kitchenandall\\kitchenandall\\node_modules\\.vite\\',
    clearScreen: false,
    customLogger: {
      hasWarned: false,
      info: [Function: info],
      warn: [Function: warn],
      warnOnce: [Function: warnOnce],
      error: [Function: error],
      clearScreen: [Function: clearScreen],
      hasErrorLogged: [Function: hasErrorLogged]
    },
    appType: 'custom',
    plugins: [
      {
        name: '@astro/plugin-component-entry',
        enforce: 'pre',
        applyToEnvironment: [Function: applyToEnvironment],
        config: [Function: config],
        resolveId: {
          filter: { id: /^ astro-entry:/ },
          handler: [Function: handler]
        },
        load: {
          filter: { id: /^ astro-entry:/ },
          handler: [AsyncFunction: handler]
        }
      },
      {
        name: '@astro/rolldown-plugin-astro-analyzer',
        applyToEnvironment: [Function: applyToEnvironment],
        generateBundle: [AsyncFunction: generateBundle]
      },
      {
        name: '@astro/plugin-build-internals',
        applyToEnvironment: [Function: applyToEnvironment],
        configEnvironment: [Function: configEnvironment],
        generateBundle: [AsyncFunction: generateBundle]
      },
      {
        name: '@astro/plugin-middleware-build',
        configResolved: [Function: configResolved],
        options: [Function: options],
        writeBundle: [Function: writeBundle],
        applyToEnvironment: [Function: applyToEnvironment]
      },
      {
        name: '@astro/plugin-actions-build',
        applyToEnvironment: [Function: applyToEnvironment],
        writeBundle: [Function: writeBundle]
      },
      {
        name: 'astro:css-target-lowering',
        enforce: 'post',
        configResolved: [Function: configResolved],
        generateBundle: [AsyncFunction: generateBundle]
      },
      {
        name: 'astro:rollup-plugin-build-css',
        applyToEnvironment: [Function: applyToEnvironment],
        generateBundle: [AsyncFunction: generateBundle]
      },
      {
        name: 'astro:rollup-plugin-single-css',
        enforce: 'post',
        applyToEnvironment: [Function: applyToEnvironment],
        configResolved: [Function: configResolved],
        generateBundle: [Function: generateBundle]
      },
      {
        name: 'astro:rollup-plugin-inline-stylesheets',
        enforce: 'post',
        applyToEnvironment: [Function: applyToEnvironment],
        configResolved: [Function: configResolved],
        generateBundle: [AsyncFunction: generateBundle]
      },
      {
        name: 'astro:head-metadata-build',
        applyToEnvironment: [Function: applyToEnvironment],
        generateBundle: [Function: generateBundle]
      },
      {
        name: 'astro:rolldown-plugin-prerender',
        applyToEnvironment: [Function: applyToEnvironment],
        generateBundle: [Function: generateBundle]
      },
      {
        name: '@astro/plugin-scripts',
        applyToEnvironment: [Function: applyToEnvironment],
        configResolved: [Function: configResolved],
        generateBundle: [AsyncFunction: generateBundle]
      },
      {
        name: 'plugin-noop',
        resolveId: {
          filter: { id: /^virtual:astro:noop$/ },
          handler: [Function: handler]
        },
        load: {
          filter: { id: /^ virtual:astro:noop$/ },
          handler: [Function: handler]
        },
        generateBundle: [Function: generateBundle]
      },
      {
        name: 'astro:ssr-assets',
        applyToEnvironment: [Function: applyToEnvironment],
        configEnvironment: [Function: configEnvironment],
        buildStart: [Function: buildStart],
        generateBundle: [Function: generateBundle],
        writeBundle: {
          sequential: true,
          order: 'post',
          handler: [AsyncFunction: handler]
        }
      },
      {
        name: 'astro:watcher-max-listeners',
        configureServer: [Function: configureServer]
      },
      {
        name: 'virtual:astro:manifest',
        enforce: 'pre',
        configureServer: [Function: configureServer],
        applyToEnvironment: [Function: applyToEnvironment],
        resolveId: {
          filter: { id: /^virtual:astro:manifest$/ },
          handler: [Function: handler]
        },
        load: {
          filter: { id: /^ virtual:astro:manifest$/ },
          handler: [AsyncFunction: handler]
        }
      },
      {
        name: 'astro:plugin-renderers',
        enforce: 'pre',
        resolveId: {
          filter: { id: /^virtual:astro:renderers$/ },
          handler: [Function: handler]
        },
        load: {
          filter: { id: /^ virtual:astro:renderers$/ },
          handler: [Function: handler]
        }
      },
      {
        name: 'astro:static-paths',
        enforce: 'pre',
        resolveId: {
          filter: { id: /^astro:static-paths$/ },
          handler: [Function: handler]
        },
        load: {
          filter: { id: /^ astro:static-paths$/ },
          handler: [Function: handler]
        }
      },
      {
        name: 'astro:routes',
        configureServer: [Function: configureServer],
        applyToEnvironment: [Function: applyToEnvironment],
        resolveId: {
          filter: { id: /^virtual:astro:routes$/ },
          handler: [Function: handler]
        },
        load: {
          filter: { id: /^ virtual:astro:routes$/ },
          handler: [Function: handler]
        },
        transform: [AsyncFunction: transform],
        handleHotUpdate: [AsyncFunction: handleHotUpdate]
      },
      {
        name: 'astro-manifest-plugin',
        resolveId: {
          filter: { id: /^(astro:config\/server|astro:config\/client)$/ },
          handler: [Function: handler]
        },
        load: {
          filter: { id: /^( astro:config\/server| astro:config\/client)$/ },
          handler: [Function: handler]
        }
      },
      {
        name: 'astro:environment',
        configEnvironment: [Function: configEnvironment]
      },
      {
        name: '@astro/plugin-page',
        applyToEnvironment: [Function: applyToEnvironment],
        resolveId: {
          filter: { id: /^virtual:astro:page:/ },
          handler: [Function: handler]
        },
        load: {
          filter: { id: /^ virtual:astro:page:/ },
          handler: [Function: handler]
        }
      },
      {
        name: '@astro/plugin-pages',
        enforce: 'post',
        applyToEnvironment: [Function: applyToEnvironment],
        resolveId: {
          filter: { id: /^virtual:astro:pages$/ },
          handler: [Function: handler]
        },
        load: {
          filter: { id: /^ virtual:astro:pages$/ },
          handler: [AsyncFunction: handler]
        }
      },
      null,
      [],
      [
        {
          name: 'astro:build:css-hmr',
          enforce: 'pre',
          applyToEnvironment: [Function: applyToEnvironment],
          transform: {
            filter: {
              id: {
                include: [ /(?:\?|&)astro(?:&|=|$)/ ],
                exclude: [ /(?:\?|&)(?:url|raw|direct)(?:&|$)/ ]
              }
            },
            handler: [AsyncFunction: handler]
          }
        },
        {
          name: 'astro:build',
          enforce: 'pre',
          configEnvironment: [AsyncFunction: configEnvironment],
          configResolved: [AsyncFunction: configResolved],
          configureServer: [Function: configureServer],
          buildStart: [Function: buildStart],
          load: {
            filter: { id: /(?:\?|&)astro(?:&|=|$)/ },
            handler: [AsyncFunction: handler]
          },
          transform: {
            filter: {
              id: {
                include: [ /\.astro$/, /\.astro\?/ ],
                exclude: [
                  /(?:\?|&)(?:url|raw|direct)(?:&|$)/,
                  /(?:\?|&)astro(?:&|=|$)/
                ]
              }
            },
            handler: [AsyncFunction: handler]
          },
          handleHotUpdate: [AsyncFunction: handleHotUpdate]
        },
        {
          name: 'astro:build:normal',
          resolveId: {
            filter: { id: /(?:\?|&)astro(?:&|=|$)/ },
            handler: [Function: handler]
          }
        }
      ],
      {
        name: 'astro:scripts',
        config: [Function: config],
        resolveId: {
          filter: { id: /^astro:scripts\// },
          handler: [Function: handler]
        },
        load: {
          filter: {
            id: /^(astro:scripts\/before-hydration.js|astro:scripts\/page.js|astro:scripts\/page-ssr.js)$/
          },
          handler: [Function: handler]
        },
        buildStart: [Function: buildStart]
      },
      [
        {
          name: 'astro:app',
          configResolved: [Function: configResolved],
          resolveId: {
            filter: { id: /^virtual:astro:app$/ },
            handler: [Function: handler]
          },
          load: {
            filter: { id: /^ virtual:astro:app$/ },
            handler: [Function: handler]
          }
        },
        {
          name: 'astro:server-app',
          resolveId: {
            filter: { id: /^astro:server-app$/ },
            handler: [Function: handler]
          }
        }
      ],
      {
        name: '@astro/plugin-fetchable',
        applyToEnvironment: [Function: applyToEnvironment],
        configureServer: [Function: configureServer],
        resolveId: {
          filter: { id: /^virtual:astro:fetchable$/ },
          handler: [AsyncFunction: handler]
        },
        load: {
          filter: { id: /^ virtual:astro:fetchable$/ },
          handler: [Function: handler]
        }
      },
      false,
      false,
      [
        {
          name: 'virtual:astro:dev-css',
          configureServer: [AsyncFunction: configureServer],
          applyToEnvironment: [Function: applyToEnvironment],
          resolveId: {
            filter: {
              id: /^(virtual:astro:dev-css|virtual:astro:dev-css:.*)$/
            },
            handler: [Function: handler]
          },
          load: {
            filter: {
              id: /^( virtual:astro:dev-css| virtual:astro:dev-css:.*)$/
            },
            handler: [AsyncFunction: handler]
          },
          transform: {
            filter: {
              id: {
                include: [
                  /\.(css|less|sass|scss|styl|stylus|pcss|postcss|sss)(?:$|\?)/
                ],
                exclude: [ /(?:\?|&)raw(?:&|$)/, /(?:\?|&)inline\b/ ]
              }
            },
            handler: [Function: handler]
          }
        },
        {
          name: 'virtual:astro:dev-css-all',
          applyToEnvironment: [Function: applyToEnvironment],
          resolveId: {
            filter: { id: /^virtual:astro:dev-css-all$/ },
            handler: [Function: handler]
          },
          load: {
            filter: { id: /^ virtual:astro:dev-css-all$/ },
            handler: [Function: handler]
          }
        }
      ],
      {
        name: 'astro:vite-plugin-env',
        config: [Function: config],
        configResolved: [Function: configResolved],
        transform: {
          filter: {
            id: {
              exclude: [
                /.*\.(html|htm|json)$/,
                /\.(css|less|sass|scss|styl|stylus|pcss|postcss|sss)(?:$|\?)/
              ]
            },
            code: /import\.meta\.env/
          },
          handler: [Function: handler]
        }
      },
      {
        name: 'astro-env-plugin',
        enforce: 'pre',
        config: [Function: config],
        buildStart: [Function: buildStart],
        resolveId: {
          filter: {
            id: /^(astro:env\/client|astro:env\/server|virtual:astro:env\/internal)$/
          },
          handler: [Function: handler]
        },
        load: {
          filter: {
            id: /^( astro:env\/client| astro:env\/server| virtual:astro:env\/internal)$/
          },
          handler: [Function: handler]
        }
      },
      {
        name: 'astro:adapter-config',
        config: [Function: config],
        resolveId: {
          filter: { id: /^virtual:astro:adapter-config\/client$/ },
          handler: [Function: handler]
        },
        load: {
          filter: { id: /^ virtual:astro:adapter-config\/client$/ },
          handler: [Function: handler]
        }
      },
      {
        enforce: 'pre',
        name: 'astro:markdown',
        buildEnd: [Function: buildEnd],
        resolveId: { filter: { id: /^[^/]/ }, handler: [AsyncFunction: handler] },
        load: {
          filter: {
            id: {
              include: /\.(markdown|mdown|mkdn|mkd|mdwn|md)(\?|$)/,
              exclude: /(?:\?|&)(?:url|raw|direct)(?:&|$)/
            }
          },
          handler: [AsyncFunction: handler]
        }
      },
      {
        name: 'astro:html',
        options: [Function: options],
        transform: {
          filter: { id: /\.html$/ },
          handler: [AsyncFunction: transform]
        }
      },
      {
        name: 'astro:integration-container',
        configureServer: [AsyncFunction: configureServer],
        buildStart: [AsyncFunction: buildStart]
      },
      {
        name: 'astro:scripts:page-ssr',
        enforce: 'post',
        transform: [Function: transform]
      },
      {
        name: 'astro:head-metadata',
        enforce: 'pre',
        apply: 'serve',
        configureServer: [Function: configureServer],
        load: [Function: load],
        resolveId: [Function: resolveId],
        transform: [Function: transform]
      },
      {
        name: 'astro-content-virtual-mod-plugin',
        enforce: 'pre',
        config: [Function: config],
        buildStart: [Function: buildStart],
        resolveId: {
          filter: {
            id: /^(astro:content|astro:data-layer-content|astro:content-module-imports|astro:asset-imports)$|(?:\?|&)astroContentModuleFlag(?:&|=|$)/
          },
          handler: [AsyncFunction: handler]
        },
        load: {
          filter: {
            id: /^( astro:content| astro:data-layer-content| astro:asset-imports| astro:content-module-imports)$/
          },
          handler: [AsyncFunction: handler]
        },
        configureServer: [Function: configureServer]
      },
      [
        {
          name: 'astro:content-imports',
          config: [Function: config],
          buildStart: [AsyncFunction: buildStart],
          transform: {
            filter: {
              id: /(?:\?|&)(?:astroDataCollectionEntry|astroContentCollectionEntry)(?:&|=|$)/
            },
            handler: [AsyncFunction: handler]
          },
          configureServer: [Function: configureServer]
        }
      ],
      {
        name: 'astro:content-asset-propagation',
        enforce: 'pre',
        resolveId: {
          filter: {
            id: /(?:\?|&)(?:astroContentImageFlag|astroRenderContent)(?:&|=|$)/
          },
          handler: [AsyncFunction: handler]
        },
        configureServer: [Function: configureServer],
        transform: {
          filter: { id: /(?:\?|&)astroPropagatedAssets(?:&|=|$)/ },
          handler: [AsyncFunction: handler]
        }
      },
      {
        name: '@astro/plugin-middleware',
        applyToEnvironment: [Function: applyToEnvironment],
        configureServer: [Function: configureServer],
        resolveId: {
          filter: { id: /^virtual:astro:middleware$/ },
          handler: [AsyncFunction: handler]
        },
        load: {
          filter: { id: /^( noop-middleware| virtual:astro:middleware)$/ },
          handler: [AsyncFunction: handler]
        }
      },
      [
        {
          name: 'astro:assets',
          config: [Function: config],
          resolveId: {
            filter: {
              id: /^(virtual:image-service|astro:assets|virtual:astro:get-image)$/
            },
            handler: [AsyncFunction: handler]
          },
          load: {
            filter: { id: /^( astro:assets| virtual:astro:get-image)$/ },
            handler: [Function: handler]
          },
          buildStart: [Function: buildStart],
          renderChunk: [AsyncFunction: renderChunk]
        },
        {
          name: 'astro:assets:esm',
          enforce: 'pre',
          config: [Function: config],
          configResolved: [Function: configResolved],
          load: {
            filter: { id: /\.(jpeg|jpg|png|tiff|webp|gif|svg|avif)/i },
            handler: [AsyncFunction: handler]
          }
        },
        {
          name: 'astro:fonts',
          buildStart: [AsyncFunction: buildStart],
          configureServer: [AsyncFunction: configureServer],
          resolveId: {
            filter: {
              id: /^(virtual:astro:assets\/fonts\/internal|virtual:astro:assets\/fonts\/runtime|virtual:astro:assets\/fonts\/runtime\/font-file-url-resolver)$/
            },
            handler: [Function: handler]
          },
          load: {
            filter: {
              id: /^( virtual:astro:assets\/fonts\/internal| virtual:astro:assets\/fonts\/runtime| virtual:astro:assets\/fonts\/runtime\/font-file-url-resolver)$/
            },
            handler: [AsyncFunction: handler]
          },
          buildEnd: [AsyncFunction: buildEnd]
        },
        {
          name: 'astro:image-styles',
          resolveId: {
            filter: { id: /^virtual:astro:image-styles.css$/ },
            handler: [Function: handler]
          },
          load: {
            filter: { id: /^ virtual:astro:image-styles.css$/ },
            handler: [AsyncFunction: handler]
          }
        }
      ],
      {
        name: 'astro:prefetch',
        resolveId: {
          filter: { id: /^astro:prefetch$/ },
          handler: [Function: handler]
        },
        load: {
          filter: { id: /^ astro:prefetch$/ },
          handler: [Function: handler]
        },
        transform: {
          filter: { id: /astro\/dist\/prefetch\/index.js/ },
          handler: [Function: handler]
        }
      },
      {
        name: 'astro:transitions',
        resolveId: {
          filter: { id: /^(astro:transitions|astro:transitions\/client)$/ },
          handler: [Function: handler]
        },
        load: {
          filter: { id: /^( astro:transitions| astro:transitions\/client)$/ },
          handler: [Function: handler]
        },
        transform: {
          filter: { id: /ClientRouter\.astro.*\.ts$/ },
          handler: [Function: handler]
        }
      },
      {
        name: 'astro:dev-toolbar',
        config: [Function: config],
        resolveId: {
          filter: { id: /^astro:toolbar:internal$/ },
          handler: [Function: handler]
        },
        configureServer: [Function: configureServer],
        load: {
          filter: { id: /^ astro:toolbar:internal$/ },
          handler: [Function: handler]
        }
      },
      {
        name: 'astro:vite-plugin-file-url',
        enforce: 'pre',
        resolveId: { filter: { id: /^file:\/\// }, handler: [Function: handler] }
      },
      {
        name: 'astro:i18n',
        enforce: 'pre',
        resolveId: {
          filter: { id: /^astro:i18n$/ },
          handler: [Function: handler]
        }
      },
      {
        name: 'astro:actions',
        enforce: 'pre',
        resolveId: {
          filter: {
            id: /^(astro:actions|virtual:astro:actions\/options|virtual:astro:actions\/entrypoint)$/
          },
          handler: [AsyncFunction: handler]
        },
        configureServer: [AsyncFunction: configureServer],
        load: {
          filter: {
            id: /^( astro:actions| virtual:astro:actions\/noop-entrypoint| virtual:astro:actions\/entrypoint| virtual:astro:actions\/options)$/
          },
          handler: [AsyncFunction: handler]
        }
      },
      {
        name: 'astro:server-islands',
        enforce: 'post',
        api: { hasServerIslands: [Function: hasServerIslands] },
        config: [Function: config],
        buildStart: [Function: buildStart],
        configureServer: [Function: configureServer],
        resolveId: {
          filter: { id: /^virtual:astro:server-island-manifest$/ },
          handler: [Function: handler]
        },
        load: {
          filter: { id: /^ virtual:astro:server-island-manifest$/ },
          handler: [Function: handler]
        },
        transform: {
          filter: {
            id: {
              include: [
                /\.(astro|mdx)$/,
                /^ virtual:astro:server-island-manifest$/
              ]
            }
          },
          handler: [AsyncFunction: handler]
        },
        renderChunk: [Function: renderChunk]
      },
      {
        name: 'virtual:astro:session-driver',
        enforce: 'pre',
        resolveId: {
          filter: { id: /^virtual:astro:session-driver$/ },
          handler: [Function: handler]
        },
        load: {
          filter: { id: /^ virtual:astro:session-driver$/ },
          handler: [AsyncFunction: handler]
        }
      },
      undefined,
      undefined,
      {
        name: 'astro:container',
        enforce: 'pre',
        resolveId: {
          filter: { id: /^(astro:container)$/ },
          handler: [Function: handler]
        }
      },
      {
        name: 'astro:hmr-reload',
        enforce: 'post',
        hotUpdate: { order: 'post', handler: [Function: handler] }
      },
      {
        name: 'astro:chromedevtools',
        configureServer: [Function: configureServer]
      },
      false,
      {
        name: '@tailwindcss/vite:scan',
        enforce: 'pre',
        configureServer: [Function: configureServer],
        configResolved: [AsyncFunction: configResolved]
      },
      {
        name: '@tailwindcss/vite:generate:build',
        apply: 'build',
        enforce: 'pre',
        transform: {
          filter: {
            id: {
              exclude: [
                /\/\.vite\//,
                /[?&](?:worker|sharedworker|raw|url)\b/,
                /\?commonjs-proxy/
              ],
              include: [
                /\.css(?:\?.*)?$/,
                /&lang\.css/,
                /[?&]index=\d+\.css$/
              ]
            }
          },
          handler: [AsyncFunction: handler]
        }
      },
      {
        name: 'vite:react-babel',
        enforce: 'pre',
        config: [Function: config],
        configResolved: [Function: configResolved],
        options: [Function: options]
      },
      {
        name: 'vite:react:config-post',
        enforce: 'post',
        config: [Function: config]
      },
      {
        name: 'vite:react-refresh-fbm',
        enforce: 'pre',
        transformIndexHtml: { handler: [Function: handler], order: 'pre' }
      },
      {
        name: 'vite:react-refresh',
        enforce: 'pre',
        config: [Function: config],
        resolveId: {
          filter: { id: /^\/@react\-refresh$/ },
          handler: [Function: handler]
        },
        load: {
          filter: { id: /^\/@react\-refresh$/ },
          handler: [Function: handler]
        },
        transformIndexHtml: [Function: transformIndexHtml]
      },
      {
        name: 'vite:react-virtual-preamble',
        resolveId: {
          order: 'pre',
          filter: { id: /^@vitejs\/plugin\-react\/preamble$/ },
          handler: [Function: handler]
        },
        load: {
          filter: { id: /^ @vitejs\/plugin\-react\/preamble$/ },
          handler: [Function: handler]
        }
      },
      {
        name: '@astrojs/react:opts',
        resolveId: {
          filter: { id: /^astro:react:opts$/ },
          handler: [Function: handler]
        },
        load: {
          filter: { id: /^ astro:react:opts$/ },
          handler: [Function: handler]
        }
      },
      {
        name: '@astrojs/react:environment',
        configEnvironment: [Function: configEnvironment]
      },
      {
        name: 'astro:resolve-input',
        enforce: 'post',
        config: [Function: config],
        configResolved: [Function: configResolved]
      },
      {
        name: 'astro:build-generate',
        enforce: 'post',
        buildApp: { order: 'post', handler: [AsyncFunction: handler] }
      }
    ],
    publicDir: 'D:\\kitchenandall\\kitchenandall\\public\\',
    root: 'D:\\kitchenandall\\kitchenandall\\',
    envPrefix: 'PUBLIC_',
    define: {
      'import.meta.env.SITE': 'undefined',
      'import.meta.env.BASE_URL': '"/"',
      'import.meta.env.ASSETS_PREFIX': 'undefined'
    },
    server: { hmr: false, watch: { ignored: [ '**' ] }, middlewareMode: true },
    resolve: {
      tsconfigPaths: true,
      alias: [
        { find: 'randombytes', replacement: 'randombytes/browser' },
        {
          find: /^astro$/,
          replacement: 'd:\\kitchenandall\\kitchenandall\\node_modules\\astro\\dist\\types\\public\\index.js'
        },
        {
          find: 'astro:middleware',
          replacement: 'astro/virtual-modules/middleware.js'
        },
        { find: 'astro:schema', replacement: 'astro/zod' },
        { find: 'astro:components', replacement: 'astro/components' }
      ],
      conditions: [
        'module',
        'browser',
        'development|production',
        'astro',
        'module',
        'browser',
        'development|production',
        'astro'
      ],
      mainFields: undefined
    },
    build: {
      target: 'esnext',
      cssMinify: true,
      assetsDir: '_astro',
      emptyOutDir: false,
      copyPublicDir: false,
      manifest: false,
      rolldownOptions: {
        preserveEntrySignatures: 'exports-only',
        checks: { pluginTimings: false },
        output: {
          hoistTransitiveImports: false,
          format: 'esm',
          minifyInternalExports: true,
          chunkFileNames: [Function: chunkFileNames],
          assetFileNames: [Function: assetFileNames],
          entryFileNames: [Function: entryFileNames]
        }
      },
      ssr: true,
      ssrEmitAssets: true,
      minify: false,
      modulePreload: { polyfill: false },
      reportCompressedSize: false,
      rollupOptions: [Getter/Setter]
    },
    environments: {
      astro: {
        define: {
          'import.meta.env.SITE': 'undefined',
          'import.meta.env.BASE_URL': '"/"',
          'import.meta.env.ASSETS_PREFIX': 'undefined'
        },
        resolve: {
          tsconfigPaths: true,
          alias: [
            { find: 'randombytes', replacement: 'randombytes/browser' },
            {
              find: /^astro$/,
              replacement: 'd:\\kitchenandall\\kitchenandall\\node_modules\\astro\\dist\\types\\public\\index.js'
            },
            {
              find: 'astro:middleware',
              replacement: 'astro/virtual-modules/middleware.js'
            },
            { find: 'astro:schema', replacement: 'astro/zod' },
            {
              find: 'astro:components',
              replacement: 'astro/components'
            },
            { find: 'randombytes', replacement: 'randombytes/browser' },
            {
              find: /^astro$/,
              replacement: 'd:\\kitchenandall\\kitchenandall\\node_modules\\astro\\dist\\types\\public\\index.js'
            },
            {
              find: 'astro:middleware',
              replacement: 'astro/virtual-modules/middleware.js'
            },
            { find: 'astro:schema', replacement: 'astro/zod' },
            {
              find: 'astro:components',
              replacement: 'astro/components'
            }
          ],
          conditions: [ 'module', 'node', 'development|production', 'astro' ],
          mainFields: undefined,
          dedupe: [
            'astro',
            'react',
            'react-dom',
            'astro',
            'react',
            'react-dom'
          ],
          noExternal: [
            'astro',
            'astro/components',
            '@nanostores/preact',
            '@fontsource/*',
            '@astrojs/internal-helpers',
            '@astrojs/react',
            'astro',
            'astro/components',
            '@nanostores/preact',
            '@fontsource/*',
            '@astrojs/internal-helpers',
            '@astrojs/react'
          ],
          external: []
        },
        dev: { createEnvironment: undefined, warmup: undefined },
        build: {
          target: 'esnext',
          cssMinify: true,
          assetsDir: '_astro',
          emptyOutDir: false,
          copyPublicDir: false,
          manifest: false,
          rolldownOptions: {
            preserveEntrySignatures: 'exports-only',
            checks: { pluginTimings: false },
            output: {
              hoistTransitiveImports: false,
              format: 'esm',
              minifyInternalExports: true,
              chunkFileNames: [Function: chunkFileNames],
              assetFileNames: [Function: assetFileNames],
              entryFileNames: [Function: entryFileNames]
            },
            onwarn: [Function: onwarn]
          },
          ssr: true,
          ssrEmitAssets: true,
          minify: false,
          modulePreload: { polyfill: false },
          reportCompressedSize: false,
          rollupOptions: [Getter/Setter],
          createEnvironment: undefined
        },
        optimizeDeps: {
          include: [],
          exclude: [],
          rolldownOptions: undefined,
          rollupOptions: [Getter/Setter]
        }
      },
      prerender: {
        define: {
          'import.meta.env.SITE': 'undefined',
          'import.meta.env.BASE_URL': '"/"',
          'import.meta.env.ASSETS_PREFIX': 'undefined'
        },
        resolve: {
          tsconfigPaths: true,
          alias: [
            { find: 'randombytes', replacement: 'randombytes/browser' },
            {
              find: /^astro$/,
              replacement: 'd:\\kitchenandall\\kitchenandall\\node_modules\\astro\\dist\\types\\public\\index.js'
            },
            {
              find: 'astro:middleware',
              replacement: 'astro/virtual-modules/middleware.js'
            },
            { find: 'astro:schema', replacement: 'astro/zod' },
            {
              find: 'astro:components',
              replacement: 'astro/components'
            },
            { find: 'randombytes', replacement: 'randombytes/browser' },
            {
              find: /^astro$/,
              replacement: 'd:\\kitchenandall\\kitchenandall\\node_modules\\astro\\dist\\types\\public\\index.js'
            },
            {
              find: 'astro:middleware',
              replacement: 'astro/virtual-modules/middleware.js'
            },
            { find: 'astro:schema', replacement: 'astro/zod' },
            {
              find: 'astro:components',
              replacement: 'astro/components'
            }
          ],
          conditions: [ 'module', 'node', 'development|production', 'astro' ],
          mainFields: undefined,
          noExternal: [
            'astro',
            '@astrojs/internal-helpers',
            'astro',
            'astro/components',
            '@nanostores/preact',
            '@fontsource/*',
            '@astrojs/internal-helpers',
            '@astrojs/react',
            'astro',
            '@astrojs/internal-helpers',
            'astro',
            'astro/components',
            '@nanostores/preact',
            '@fontsource/*',
            '@astrojs/internal-helpers',
            '@astrojs/react'
          ],
          dedupe: [
            'astro',
            'react',
            'react-dom',
            'astro',
            'react',
            'react-dom'
          ],
          external: []
        },
        dev: { createEnvironment: undefined, warmup: undefined },
        build: {
          target: 'esnext',
          cssMinify: true,
          assetsDir: '_astro',
          emptyOutDir: false,
          copyPublicDir: false,
          manifest: true,
          rolldownOptions: {
            preserveEntrySignatures: 'exports-only',
            checks: { pluginTimings: false },
            output: {
              hoistTransitiveImports: false,
              format: 'esm',
              minifyInternalExports: true,
              chunkFileNames: [Function: chunkFileNames],
              assetFileNames: [Function: assetFileNames],
              entryFileNames: 'prerender-entry.[hash].mjs'
            },
            onwarn: [Function: onwarn],
            input: 'astro/entrypoints/prerender',
            external: [ 'sharp', 'sharp' ]
          },
          ssr: true,
          ssrEmitAssets: true,
          minify: false,
          modulePreload: { polyfill: false },
          reportCompressedSize: false,
          rollupOptions: [Getter/Setter],
          createEnvironment: undefined,
          emitAssets: true,
          outDir: 'D:\\kitchenandall\\kitchenandall\\dist\\.prerender\\'
        },
        optimizeDeps: {
          include: [],
          exclude: [],
          rolldownOptions: undefined,
          rollupOptions: [Getter/Setter]
        }
      },
      client: {
        define: {
          'import.meta.env.SITE': 'undefined',
          'import.meta.env.BASE_URL': '"/"',
          'import.meta.env.ASSETS_PREFIX': 'undefined'
        },
        resolve: {
          tsconfigPaths: true,
          alias: [
            { find: 'randombytes', replacement: 'randombytes/browser' },
            {
              find: /^astro$/,
              replacement: 'd:\\kitchenandall\\kitchenandall\\node_modules\\astro\\dist\\types\\public\\index.js'
            },
            {
              find: 'astro:middleware',
              replacement: 'astro/virtual-modules/middleware.js'
            },
            { find: 'astro:schema', replacement: 'astro/zod' },
            {
              find: 'astro:components',
              replacement: 'astro/components'
            },
            { find: 'randombytes', replacement: 'randombytes/browser' },
            {
              find: /^astro$/,
              replacement: 'd:\\kitchenandall\\kitchenandall\\node_modules\\astro\\dist\\types\\public\\index.js'
            },
            {
              find: 'astro:middleware',
              replacement: 'astro/virtual-modules/middleware.js'
            },
            { find: 'astro:schema', replacement: 'astro/zod' },
            {
              find: 'astro:components',
              replacement: 'astro/components'
            }
          ],
          conditions: [
            'module',
            'browser',
            'development|production',
            'astro',
            'module',
            'browser',
            'development|production',
            'astro'
          ],
          mainFields: undefined,
          dedupe: [
            'astro',
            'react',
            'react-dom',
            'astro',
            'react',
            'react-dom'
          ],
          noExternal: [
            'astro',
            'astro/components',
            '@nanostores/preact',
            '@fontsource/*',
            '@astrojs/internal-helpers',
            '@astrojs/react',
            'astro',
            'astro/components',
            '@nanostores/preact',
            '@fontsource/*',
            '@astrojs/internal-helpers',
            '@astrojs/react'
          ],
          external: []
        },
        dev: {},
        build: {
          target: 'esnext',
          cssMinify: true,
          assetsDir: '_astro',
          emptyOutDir: false,
          copyPublicDir: true,
          manifest: false,
          rolldownOptions: {
            preserveEntrySignatures: 'exports-only',
            checks: { pluginTimings: false },
            output: {
              hoistTransitiveImports: false,
              format: 'esm',
              minifyInternalExports: true,
              chunkFileNames: [Function: chunkFileNames],
              assetFileNames: [Function: assetFileNames],
              entryFileNames: [Function: entryFileNames]
            },
            onwarn: [Function: onwarn]
          },
          ssr: true,
          ssrEmitAssets: true,
          minify: true,
          modulePreload: { polyfill: false },
          reportCompressedSize: false,
          rollupOptions: [Getter/Setter],
          emitAssets: true,
          outDir: 'D:\\kitchenandall\\kitchenandall\\dist\\',
          sourcemap: false
        },
        optimizeDeps: {
          rolldownOptions: { transform: { jsx: { runtime: 'automatic' } } },
          include: [
            'react',
            'react-dom',
            'react/jsx-dev-runtime',
            'react/jsx-runtime',
            'astro > aria-query',
            'astro > axobject-query',
            'react',
            'react-dom',
            'react/jsx-dev-runtime',
            'react/jsx-runtime',
            'astro > aria-query',
            'astro > axobject-query',
            'astro > html-escaper',
            'astro/runtime/client/dev-toolbar/entrypoint.js',
            'react',
            'react/jsx-runtime',
            'react/jsx-dev-runtime',
            'react-dom',
            'react-dom/client',
            '@astrojs/react/client.js',
            'astro > html-escaper',
            'astro/runtime/client/dev-toolbar/entrypoint.js',
            'react',
            'react/jsx-runtime',
            'react/jsx-dev-runtime',
            'react-dom',
            'react-dom/client',
            '@astrojs/react/client.js'
          ],
          exclude: [
            'astro:*',
            'virtual:astro:*',
            'astro/virtual-modules/prefetch.js',
            '@astrojs/react/server.js',
            'astro:*',
            'virtual:astro:*',
            'astro/virtual-modules/prefetch.js',
            '@astrojs/react/server.js'
          ],
          entries: [
            'D:/kitchenandall/kitchenandall/src/**/*.{jsx,tsx,vue,svelte,html}',
            'D:/kitchenandall/kitchenandall/src/**/*.{jsx,tsx,vue,svelte,html}'
          ]
        }
      },
      ssr: {
        define: {
          'import.meta.env.SITE': 'undefined',
          'import.meta.env.BASE_URL': '"/"',
          'import.meta.env.ASSETS_PREFIX': 'undefined'
        },
        resolve: {
          tsconfigPaths: true,
          alias: [
            { find: 'randombytes', replacement: 'randombytes/browser' },
            {
              find: /^astro$/,
              replacement: 'd:\\kitchenandall\\kitchenandall\\node_modules\\astro\\dist\\types\\public\\index.js'
            },
            {
              find: 'astro:middleware',
              replacement: 'astro/virtual-modules/middleware.js'
            },
            { find: 'astro:schema', replacement: 'astro/zod' },
            {
              find: 'astro:components',
              replacement: 'astro/components'
            },
            { find: 'randombytes', replacement: 'randombytes/browser' },
            {
              find: /^astro$/,
              replacement: 'd:\\kitchenandall\\kitchenandall\\node_modules\\astro\\dist\\types\\public\\index.js'
            },
            {
              find: 'astro:middleware',
              replacement: 'astro/virtual-modules/middleware.js'
            },
            { find: 'astro:schema', replacement: 'astro/zod' },
            {
              find: 'astro:components',
              replacement: 'astro/components'
            }
          ],
          conditions: [ 'module', 'node', 'development|production', 'astro' ],
          mainFields: undefined,
          external: [],
          noExternal: [
            '@mui/material',
            '@mui/base',
            '@babel/runtime',
            'use-immer',
            '@material-tailwind/react',
            '@mui/material',
            '@mui/base',
            '@babel/runtime',
            'use-immer',
            '@material-tailwind/react',
            'astro',
            'astro/components',
            '@nanostores/preact',
            '@fontsource/*',
            '@astrojs/internal-helpers',
            '@astrojs/react',
            'astro',
            'astro/components',
            '@nanostores/preact',
            '@fontsource/*',
            '@astrojs/internal-helpers',
            '@astrojs/react'
          ],
          dedupe: [
            'astro',
            'react',
            'react-dom',
            'astro',
            'react',
            'react-dom'
          ]
        },
        dev: { createEnvironment: undefined, warmup: undefined },
        build: {
          target: 'esnext',
          cssMinify: true,
          assetsDir: '_astro',
          emptyOutDir: false,
          copyPublicDir: false,
          manifest: true,
          rolldownOptions: {
            preserveEntrySignatures: 'exports-only',
            checks: { pluginTimings: false },
            output: {
              hoistTransitiveImports: false,
              format: 'esm',
              minifyInternalExports: true,
              chunkFileNames: [Function: chunkFileNames],
              assetFileNames: [Function: assetFileNames],
              entryFileNames: [Function: entryFileNames]
            },
            onwarn: [Function: onwarn]
          },
          ssr: true,
          ssrEmitAssets: true,
          minify: false,
          modulePreload: { polyfill: false },
          reportCompressedSize: false,
          rollupOptions: [Getter/Setter],
          createEnvironment: undefined,
          outDir: 'D:\\kitchenandall\\kitchenandall\\dist\\',
          emitAssets: true
        },
        optimizeDeps: {
          rolldownOptions: undefined,
          rollupOptions: [Getter/Setter],
          include: [],
          exclude: []
        }
      }
    },
    ssr: {
      noExternal: [
        '@mui/material',
        '@mui/base',
        '@babel/runtime',
        'use-immer',
        '@material-tailwind/react'
      ],
      optimizeDeps: { rolldownOptions: undefined, rollupOptions: [Getter/Setter] }
    },
    logLevel: 'error',
    builder: { buildApp: [AsyncFunction: buildApp] },
    base: '/',
    worker: { rolldownOptions: undefined, rollupOptions: [Getter/Setter] },
    optimizeDeps: { rolldownOptions: undefined, rollupOptions: [Getter/Setter] }
  },
  decodedBase: '/',
  rawBase: '/',
  command: 'build',
  isWorker: false,
  mainConfig: null,
  bundleChain: [],
  isProduction: true,
  css: {
    transformer: 'postcss',
    preprocessorMaxWorkers: true,
    devSourcemap: false
  },
  json: { namedExports: true, stringify: 'auto' },
  esbuild: { jsxDev: false, charset: 'utf8', legalComments: 'none' },
  preview: {
    port: 4173,
    strictPort: false,
    host: undefined,
    allowedHosts: [],
    https: undefined,
    open: false,
    proxy: undefined,
    cors: {
      origin: /^https?:\/\/(?:(?:[^:]+\.)?localhost|127\.0\.0\.1|\[::1\])(?::\d+)?$/
    },
    headers: {}
  },
  envDir: 'D:/kitchenandall/kitchenandall',
  env: { BASE_URL: '/', MODE: 'production', DEV: false, PROD: true },
  assetsInclude: [Function: assetsInclude],
  rawAssetsInclude: [],
  logger: {
    hasWarned: false,
    info: [Function: info],
    warn: [Function: warn],
    warnOnce: [Function: warnOnce],
    error: [Function: error],
    clearScreen: [Function: clearScreen],
    hasErrorLogged: [Function: hasErrorLogged]
  },
  packageCache: Map(1) {
    'fnpd_D:/kitchenandall/kitchenandall' => {
      dir: 'D:/kitchenandall/kitchenandall',
      data: {
        name: 'e-store-astro',
        type: 'module',
        version: '0.0.1',
        engines: { node: '>=22.12.0' },
        scripts: {
          dev: 'astro dev',
          build: 'astro build',
          preview: 'astro preview',
          astro: 'astro'
        },
        dependencies: {
          '@astrojs/react': '^6.0.2',
          '@supabase/supabase-js': '^2.110.9',
          '@tailwindcss/vite': '^4.3.3',
          astro: '^7.1.4',
          'framer-motion': '^12.43.0',
          'lucide-react': '^1.27.0',
          react: '^19.2.8',
          'react-dom': '^19.2.8',
          swiper: '^14.0.6',
          tailwindcss: '^4.3.3'
        },
        devDependencies: { '@types/react': '^19.2.17', '@types/react-dom': '^19.2.3' }
      },
      hasSideEffects: [Function: hasSideEffects],
      setResolvedCache: [Function: setResolvedCache],
      getResolvedCache: [Function: getResolvedCache]
    },
    set: [Function (anonymous)]
  },
  experimental: {
    importGlobRestoreExtension: false,
    renderBuiltUrl: undefined,
    hmrPartialAccept: false,
    bundledDev: false
  },
  future: undefined,
  dev: {
    warmup: [],
    sourcemap: { js: true },
    sourcemapIgnoreList: [Function: isInNodeModules],
    preTransformRequests: false,
    createEnvironment: [Function: defaultCreateDevEnvironment],
    recoverable: false,
    moduleRunnerTransform: false
  },
  devtools: { config: { host: 'localhost' }, enabled: false },
  webSocketToken: 'uFNLYnb4yF0g',
  getSortedPlugins: [Function: getSortedPlugins],
  getSortedPluginHooks: [Function: getSortedPluginHooks],
  createResolver: [Function: createResolver],
  fsDenyGlob: [Function: arrayMatcher],
  safeModulePaths: Set(0) {},
  Symbol(vite:resolved-config): true
}
2026-07-30T17:01:34.428Z vite:env loading env files: [
  'D:/kitchenandall/kitchenandall/.env',
  'D:/kitchenandall/kitchenandall/.env.local',
  'D:/kitchenandall/kitchenandall/.env.production',
  'D:/kitchenandall/kitchenandall/.env.production.local'
]
2026-07-30T17:01:34.429Z vite:env env files loaded in 0.59ms
2026-07-30T17:01:34.429Z vite:env using resolved env: {}
2026-07-30T17:01:34.449Z vite:config using resolved config: {
  configFile: undefined,
  mode: 'production',
  cacheDir: 'D:/kitchenandall/kitchenandall/node_modules/.vite',
  clearScreen: false,
  customLogger: {
    hasWarned: false,
    info: [Function: info],
    warn: [Function: warn],
    warnOnce: [Function: warnOnce],
    error: [Function: error],
    clearScreen: [Function: clearScreen],
    hasErrorLogged: [Function: hasErrorLogged]
  },
  appType: 'custom',
  plugins: [
    'vite:optimized-deps',
    'vite:watch-package-data',
    'vite:pre-alias',
    'alias',
    '@astro/plugin-component-entry',
    'virtual:astro:manifest',
    'astro:plugin-renderers',
    'astro:static-paths',
    'astro:build:css-hmr',
    'astro:build',
    'astro-env-plugin',
    'astro:markdown',
    'astro-content-virtual-mod-plugin',
    'astro:content-asset-propagation',
    'astro:assets:esm',
    'astro:vite-plugin-file-url',
    'astro:i18n',
    'astro:actions',
    'virtual:astro:session-driver',
    'astro:container',
    '@tailwindcss/vite:scan',
    '@tailwindcss/vite:generate:build',
    'vite:react-babel',
    'vite:react-refresh-fbm',
    'vite:react-refresh',
    'vite:resolve-builtin:get-environment',
    'vite:resolve-builtin',
    'vite:html-inline-proxy',
    'vite:css',
    'builtin:oxc-runtime',
    'vite:oxc',
    'builtin:vite-json',
    'vite:wasm-helper',
    'vite:worker',
    'vite:asset',
    'vite:forward-console',
    '@astro/rolldown-plugin-astro-analyzer',
    '@astro/plugin-build-internals',
    '@astro/plugin-middleware-build',
    '@astro/plugin-actions-build',
    'astro:rollup-plugin-build-css',
    'astro:head-metadata-build',
    'astro:rolldown-plugin-prerender',
    '@astro/plugin-scripts',
    'plugin-noop',
    'astro:ssr-assets',
    'astro:watcher-max-listeners',
    'astro:routes',
    'astro-manifest-plugin',
    'astro:environment',
    '@astro/plugin-page',
    'astro:build:normal',
    'astro:scripts',
    'astro:app',
    'astro:server-app',
    '@astro/plugin-fetchable',
    'virtual:astro:dev-css',
    'virtual:astro:dev-css-all',
    'astro:adapter-config',
    'astro:html',
    'astro:integration-container',
    'astro:content-imports',
    '@astro/plugin-middleware',
    'astro:assets',
    'astro:fonts',
    'astro:image-styles',
    'astro:prefetch',
    'astro:transitions',
    'astro:dev-toolbar',
    'astro:chromedevtools',
    'vite:react-virtual-preamble',
    '@astrojs/react:opts',
    '@astrojs/react:environment',
    'astro:vite-plugin-env',
    'vite:define',
    'vite:css-post',
    'vite:build-html',
    'vite:worker-import-meta-url',
    'vite:asset-import-meta-url',
    'vite:prepare-out-dir',
    'vite:rollup-options-plugins',
    'vite:dynamic-import-vars',
    'vite:import-glob',
    'astro:css-target-lowering',
    'astro:rollup-plugin-single-css',
    'astro:rollup-plugin-inline-stylesheets',
    '@astro/plugin-pages',
    'astro:scripts:page-ssr',
    'astro:server-islands',
    'astro:hmr-reload',
    'vite:react:config-post',
    'astro:resolve-input',
    'astro:build-generate',
    'vite:build-import-analysis',
    'native:import-analysis-build',
    'vite:terser',
    'vite:license',
    'native:manifest',
    'vite:ssr-manifest',
    'native:reporter',
    ... 4 more items
  ],
  publicDir: 'D:/kitchenandall/kitchenandall/public',
  root: 'D:/kitchenandall/kitchenandall',
  envPrefix: 'PUBLIC_',
  define: {
    'import.meta.env.SITE': 'undefined',
    'import.meta.env.BASE_URL': '"/"',
    'import.meta.env.ASSETS_PREFIX': 'undefined'
  },
  server: {
    port: 5173,
    strictPort: false,
    host: undefined,
    allowedHosts: [],
    https: undefined,
    open: false,
    proxy: undefined,
    cors: {
      origin: /^https?:\/\/(?:(?:[^:]+\.)?localhost|127\.0\.0\.1|\[::1\])(?::\d+)?$/
    },
    headers: {},
    warmup: { clientFiles: [], ssrFiles: [] },
    middlewareMode: true,
    fs: {
      strict: true,
      deny: [
        '.env',
        '.env.*',
        '*.{crt,pem,key,p12,pfx,cer,der}',
        '.npmrc',
        '.yarnrc.yml',
        '**/.git/**'
      ],
      allow: [ 'D:/kitchenandall/kitchenandall' ]
    },
    preTransformRequests: true,
    perEnvironmentStartEndDuringDev: false,
    perEnvironmentWatchChangeDuringDev: false,
    forwardConsole: {
      enabled: true,
      unhandledErrors: true,
      logLevels: [ 'error', 'warn' ]
    },
    sourcemapIgnoreList: [Function: isInNodeModules],
    hmr: false,
    watch: { ignored: [ '**' ] }
  },
  resolve: {
    externalConditions: [ 'node', 'module-sync' ],
    extensions: [
      '.mjs',  '.js',
      '.mts',  '.ts',
      '.jsx',  '.tsx',
      '.json'
    ],
    dedupe: [],
    noExternal: [],
    external: [],
    preserveSymlinks: false,
    tsconfigPaths: true,
    alias: [
      { find: 'randombytes', replacement: 'randombytes/browser' },
      {
        find: /^astro$/,
        replacement: 'd:\\kitchenandall\\kitchenandall\\node_modules\\astro\\dist\\types\\public\\index.js'
      },
      {
        find: 'astro:middleware',
        replacement: 'astro/virtual-modules/middleware.js'
      },
      { find: 'astro:schema', replacement: 'astro/zod' },
      { find: 'astro:components', replacement: 'astro/components' },
      {
        find: /^\/?@vite\/env/,
        replacement: '/@fs/d:/kitchenandall/kitchenandall/node_modules/vite/dist/client/env.mjs'
      },
      {
        find: /^\/?@vite\/client/,
        replacement: '/@fs/d:/kitchenandall/kitchenandall/node_modules/vite/dist/client/client.mjs'
      }
    ],
    mainFields: [ 'browser', 'module', 'jsnext:main', 'jsnext' ],
    conditions: [
      'module',
      'browser',
      'development|production',
      'astro',
      'module',
      'browser',
      'development|production',
      'astro',
      'module',
      'browser',
      'development|production',
      'astro',
      'module',
      'browser',
      'development|production',
      'astro'
    ],
    builtins: []
  },
  build: {
    target: 'esnext',
    polyfillModulePreload: true,
    modulePreload: { polyfill: false },
    outDir: 'D:\\kitchenandall\\kitchenandall\\dist\\.prerender\\',
    assetsDir: '_astro',
    assetsInlineLimit: 4096,
    sourcemap: false,
    terserOptions: {},
    chunkImportMap: false,
    rolldownOptions: {
      platform: 'node',
      preserveEntrySignatures: 'exports-only',
      checks: { pluginTimings: false },
      output: {
        hoistTransitiveImports: false,
        format: 'esm',
        minifyInternalExports: true,
        chunkFileNames: [Function: chunkFileNames],
        assetFileNames: [Function: assetFileNames],
        entryFileNames: 'prerender-entry.[hash].mjs'
      },
      onwarn: [Function: onwarn],
      input: 'astro/entrypoints/prerender',
      external: [ 'sharp', 'sharp', 'sharp' ]
    },
    commonjsOptions: { include: [ /node_modules/ ], extensions: [ '.js', '.cjs' ] },
    dynamicImportVarsOptions: { exclude: [ /node_modules/ ] },
    write: true,
    emptyOutDir: false,
    copyPublicDir: false,
    license: false,
    manifest: true,
    lib: false,
    ssrManifest: false,
    ssrEmitAssets: true,
    reportCompressedSize: false,
    chunkSizeWarningLimit: 500,
    watch: null,
    cssCodeSplit: true,
    minify: false,
    rollupOptions: {
      platform: 'node',
      preserveEntrySignatures: 'exports-only',
      checks: { pluginTimings: false },
      output: {
        hoistTransitiveImports: false,
        format: 'esm',
        minifyInternalExports: true,
        chunkFileNames: [Function: chunkFileNames],
        assetFileNames: [Function: assetFileNames],
        entryFileNames: 'prerender-entry.[hash].mjs'
      },
      onwarn: [Function: onwarn],
      input: 'astro/entrypoints/prerender',
      external: [ 'sharp', 'sharp', 'sharp' ]
    },
    ssr: true,
    emitAssets: true,
    createEnvironment: [Function: createEnvironment],
    cssMinify: true,
    cssTarget: 'esnext'
  },
  environments: {
    astro: {
      define: {
        'import.meta.env.SITE': 'undefined',
        'import.meta.env.BASE_URL': '"/"',
        'import.meta.env.ASSETS_PREFIX': 'undefined'
      },
      resolve: {
        externalConditions: [ 'node', 'module-sync' ],
        extensions: [
          '.mjs',  '.js',
          '.mts',  '.ts',
          '.jsx',  '.tsx',
          '.json'
        ],
        dedupe: [
          'astro',     'react',
          'react-dom', 'astro',
          'react',     'react-dom',
          'astro',     'react',
          'react-dom'
        ],
        noExternal: [
          'astro',
          'astro/components',
          '@nanostores/preact',
          '@fontsource/*',
          '@astrojs/internal-helpers',
          '@astrojs/react',
          'astro',
          'astro/components',
          '@nanostores/preact',
          '@fontsource/*',
          '@astrojs/internal-helpers',
          '@astrojs/react',
          'astro',
          'astro/components',
          '@nanostores/preact',
          '@fontsource/*',
          '@astrojs/internal-helpers',
          '@astrojs/react'
        ],
        external: [],
        preserveSymlinks: false,
        tsconfigPaths: true,
        alias: [
          { find: 'randombytes', replacement: 'randombytes/browser' },
          {
            find: /^astro$/,
            replacement: 'd:\\kitchenandall\\kitchenandall\\node_modules\\astro\\dist\\types\\public\\index.js'
          },
          {
            find: 'astro:middleware',
            replacement: 'astro/virtual-modules/middleware.js'
          },
          { find: 'astro:schema', replacement: 'astro/zod' },
          { find: 'astro:components', replacement: 'astro/components' },
          {
            find: /^\/?@vite\/env/,
            replacement: '/@fs/d:/kitchenandall/kitchenandall/node_modules/vite/dist/client/env.mjs'
          },
          {
            find: /^\/?@vite\/client/,
            replacement: '/@fs/d:/kitchenandall/kitchenandall/node_modules/vite/dist/client/client.mjs'
          }
        ],
        mainFields: [ 'module', 'jsnext:main', 'jsnext' ],
        conditions: [ 'module', 'node', 'development|production', 'astro' ],
        builtins: [
          '_http_agent',         '_http_client',        '_http_common',
          '_http_incoming',      '_http_outgoing',      '_http_server',
          '_stream_duplex',      '_stream_passthrough', '_stream_readable',
          '_stream_transform',   '_stream_wrap',        '_stream_writable',
          '_tls_common',         '_tls_wrap',           'assert',
          'assert/strict',       'async_hooks',         'buffer',
          'child_process',       'cluster',             'console',
          'constants',           'crypto',              'dgram',
          'diagnostics_channel', 'dns',                 'dns/promises',
          'domain',              'events',              'fs',
          'fs/promises',         'http',                'http2',
          'https',               'inspector',           'inspector/promises',
          'module',              'net',                 'os',
          'path',                'path/posix',          'path/win32',
          'perf_hooks',          'process',             'punycode',
          'querystring',         'readline',            'readline/promises',
          'repl',                'stream',              'stream/consumers',
          'stream/promises',     'stream/web',          'string_decoder',
          'sys',                 'timers',              'timers/promises',
          'tls',                 'trace_events',        'tty',
          'url',                 'util',                'util/types',
          'v8',                  'vm',                  'wasi',
          'worker_threads',      'zlib',                /^node:/,
          /^bun:/
        ]
      },
      keepProcessEnv: true,
      consumer: 'server',
      optimizeDeps: {
        include: [],
        exclude: [],
        needsInterop: [],
        rolldownOptions: { resolve: { symlinks: true }, output: { topLevelVar: true } },
        extensions: [],
        disabled: undefined,
        holdUntilCrawlEnd: true,
        force: false,
        ignoreOutdatedRequests: false,
        noDiscovery: true,
        rollupOptions: [Getter/Setter],
        esbuildOptions: { preserveSymlinks: false }
      },
      dev: {
        warmup: [],
        sourcemap: { js: true },
        sourcemapIgnoreList: [Function: isInNodeModules],
        preTransformRequests: false,
        createEnvironment: [Function: defaultCreateDevEnvironment],
        recoverable: false,
        moduleRunnerTransform: true
      },
      build: {
        target: 'esnext',
        polyfillModulePreload: true,
        modulePreload: { polyfill: false },
        outDir: 'dist',
        assetsDir: '_astro',
        assetsInlineLimit: 4096,
        sourcemap: false,
        terserOptions: {},
        chunkImportMap: false,
        rolldownOptions: {
          platform: 'node',
          preserveEntrySignatures: 'exports-only',
          checks: { pluginTimings: false },
          output: {
            hoistTransitiveImports: false,
            format: 'esm',
            minifyInternalExports: true,
            chunkFileNames: [Function: chunkFileNames],
            assetFileNames: [Function: assetFileNames],
            entryFileNames: [Function: entryFileNames]
          },
          onwarn: [Function: onwarn]
        },
        commonjsOptions: { include: [ /node_modules/ ], extensions: [ '.js', '.cjs' ] },
        dynamicImportVarsOptions: { exclude: [ /node_modules/ ] },
        write: true,
        emptyOutDir: false,
        copyPublicDir: false,
        license: false,
        manifest: false,
        lib: false,
        ssrManifest: false,
        ssrEmitAssets: true,
        reportCompressedSize: false,
        chunkSizeWarningLimit: 500,
        watch: null,
        cssCodeSplit: true,
        minify: false,
        rollupOptions: [Getter/Setter],
        ssr: true,
        emitAssets: false,
        createEnvironment: [Function: createEnvironment],
        cssMinify: true,
        cssTarget: 'esnext'
      },
      isBundled: true,
      plugins: [
        {
          name: 'vite:watch-package-data',
          buildStart: [Function: buildStart],
          buildEnd: [Function: buildEnd],
          watchChange: [Function: watchChange]
        },
        BuiltinPlugin {
          name: 'builtin:vite-alias',
          _options: {
            entries: [
              {
                find: 'randombytes',
                replacement: 'randombytes/browser'
              },
              {
                find: /^astro$/,
                replacement: 'd:\\kitchenandall\\kitchenandall\\node_modules\\astro\\dist\\types\\public\\index.js'
              },
              {
                find: 'astro:middleware',
                replacement: 'astro/virtual-modules/middleware.js'
              },
              { find: 'astro:schema', replacement: 'astro/zod' },
              {
                find: 'astro:components',
                replacement: 'astro/components'
              },
              {
                find: /^\/?@vite\/env/,
                replacement: '/@fs/d:/kitchenandall/kitchenandall/node_modules/vite/dist/client/env.mjs'
              },
              {
                find: /^\/?@vite\/client/,
                replacement: '/@fs/d:/kitchenandall/kitchenandall/node_modules/vite/dist/client/client.mjs'
              }
            ]
          },
          enforce: undefined
        },
        {
          name: 'virtual:astro:manifest',
          enforce: 'pre',
          configureServer: [Function: configureServer],
          applyToEnvironment: [Function: applyToEnvironment],
          resolveId: {
            filter: { id: /^virtual:astro:manifest$/ },
            handler: [Function: handler]
          },
          load: {
            filter: { id: /^ virtual:astro:manifest$/ },
            handler: [AsyncFunction: handler]
          }
        },
        {
          name: 'astro:plugin-renderers',
          enforce: 'pre',
          resolveId: {
            filter: { id: /^virtual:astro:renderers$/ },
            handler: [Function: handler]
          },
          load: {
            filter: { id: /^ virtual:astro:renderers$/ },
            handler: [Function: handler]
          }
        },
        {
          name: 'astro:static-paths',
          enforce: 'pre',
          resolveId: {
            filter: { id: /^astro:static-paths$/ },
            handler: [Function: handler]
          },
          load: {
            filter: { id: /^ astro:static-paths$/ },
            handler: [Function: handler]
          }
        },
        {
          name: 'astro:build',
          enforce: 'pre',
          configEnvironment: [AsyncFunction: configEnvironment],
          configResolved: [AsyncFunction: configResolved],
          configureServer: [Function: configureServer],
          buildStart: [Function: buildStart],
          load: {
            filter: { id: /(?:\?|&)astro(?:&|=|$)/ },
            handler: [AsyncFunction: handler]
          },
          transform: {
            filter: {
              id: {
                include: [ /\.astro$/, /\.astro\?/ ],
                exclude: [
                  /(?:\?|&)(?:url|raw|direct)(?:&|$)/,
                  /(?:\?|&)astro(?:&|=|$)/
                ]
              }
            },
            handler: [AsyncFunction: handler]
          },
          handleHotUpdate: [AsyncFunction: handleHotUpdate]
        },
        {
          name: 'astro-env-plugin',
          enforce: 'pre',
          config: [Function: config],
          buildStart: [Function: buildStart],
          resolveId: {
            filter: {
              id: /^(astro:env\/client|astro:env\/server|virtual:astro:env\/internal)$/
            },
            handler: [Function: handler]
          },
          load: {
            filter: {
              id: /^( astro:env\/client| astro:env\/server| virtual:astro:env\/internal)$/
            },
            handler: [Function: handler]
          }
        },
        {
          enforce: 'pre',
          name: 'astro:markdown',
          buildEnd: [Function: buildEnd],
          resolveId: {
            filter: { id: /^[^/]/ },
            handler: [AsyncFunction: handler]
          },
          load: {
            filter: {
              id: {
                include: /\.(markdown|mdown|mkdn|mkd|mdwn|md)(\?|$)/,
                exclude: /(?:\?|&)(?:url|raw|direct)(?:&|$)/
              }
            },
            handler: [AsyncFunction: handler]
          }
        },
        {
          name: 'astro-content-virtual-mod-plugin',
          enforce: 'pre',
          config: [Function: config],
          buildStart: [Function: buildStart],
          resolveId: {
            filter: {
              id: /^(astro:content|astro:data-layer-content|astro:content-module-imports|astro:asset-imports)$|(?:\?|&)astroContentModuleFlag(?:&|=|$)/
            },
            handler: [AsyncFunction: handler]
          },
          load: {
            filter: {
              id: /^( astro:content| astro:data-layer-content| astro:asset-imports| astro:content-module-imports)$/
            },
            handler: [AsyncFunction: handler]
          },
          configureServer: [Function: configureServer]
        },
        {
          name: 'astro:content-asset-propagation',
          enforce: 'pre',
          resolveId: {
            filter: {
              id: /(?:\?|&)(?:astroContentImageFlag|astroRenderContent)(?:&|=|$)/
            },
            handler: [AsyncFunction: handler]
          },
          configureServer: [Function: configureServer],
          transform: {
            filter: { id: /(?:\?|&)astroPropagatedAssets(?:&|=|$)/ },
            handler: [AsyncFunction: handler]
          }
        },
        {
          name: 'astro:assets:esm',
          enforce: 'pre',
          config: [Function: config],
          configResolved: [Function: configResolved],
          load: {
            filter: { id: /\.(jpeg|jpg|png|tiff|webp|gif|svg|avif)/i },
            handler: [AsyncFunction: handler]
          }
        },
        {
          name: 'astro:vite-plugin-file-url',
          enforce: 'pre',
          resolveId: {
            filter: { id: /^file:\/\// },
            handler: [Function: handler]
          }
        },
        {
          name: 'astro:i18n',
          enforce: 'pre',
          resolveId: {
            filter: { id: /^astro:i18n$/ },
            handler: [Function: handler]
          }
        },
        {
          name: 'astro:actions',
          enforce: 'pre',
          resolveId: {
            filter: {
              id: /^(astro:actions|virtual:astro:actions\/options|virtual:astro:actions\/entrypoint)$/
            },
            handler: [AsyncFunction: handler]
          },
          configureServer: [AsyncFunction: configureServer],
          load: {
            filter: {
              id: /^( astro:actions| virtual:astro:actions\/noop-entrypoint| virtual:astro:actions\/entrypoint| virtual:astro:actions\/options)$/
            },
            handler: [AsyncFunction: handler]
          }
        },
        {
          name: 'virtual:astro:session-driver',
          enforce: 'pre',
          resolveId: {
            filter: { id: /^virtual:astro:session-driver$/ },
            handler: [Function: handler]
          },
          load: {
            filter: { id: /^ virtual:astro:session-driver$/ },
            handler: [AsyncFunction: handler]
          }
        },
        {
          name: 'astro:container',
          enforce: 'pre',
          resolveId: {
            filter: { id: /^(astro:container)$/ },
            handler: [Function: handler]
          }
        },
        {
          name: '@tailwindcss/vite:scan',
          enforce: 'pre',
          configureServer: [Function: configureServer],
          configResolved: [AsyncFunction: configResolved]
        },
        {
          name: '@tailwindcss/vite:generate:build',
          apply: 'build',
          enforce: 'pre',
          transform: {
            filter: {
              id: {
                exclude: [
                  /\/\.vite\//,
                  /[?&](?:worker|sharedworker|raw|url)\b/,
                  /\?commonjs-proxy/
                ],
                include: [
                  /\.css(?:\?.*)?$/,
                  /&lang\.css/,
                  /[?&]index=\d+\.css$/
                ]
              }
            },
            handler: [AsyncFunction: handler]
          }
        },
        {
          name: 'vite:react-babel',
          enforce: 'pre',
          config: [Function: config],
          configResolved: [Function: configResolved],
          options: [Function: options]
        },
        {
          name: 'vite:react-refresh-fbm',
          enforce: 'pre',
          transformIndexHtml: { handler: [Function: handler], order: 'pre' }
        },
        {
          name: 'vite:react-refresh',
          enforce: 'pre',
          config: [Function: config],
          resolveId: {
            filter: { id: /^\/@react\-refresh$/ },
            handler: [Function: handler]
          },
          load: {
            filter: { id: /^\/@react\-refresh$/ },
            handler: [Function: handler]
          },
          transformIndexHtml: [Function: transformIndexHtml]
        },
        {
          name: 'vite:resolve-builtin:get-environment',
          buildStart: [Function: buildStart],
          perEnvironmentStartEndDuringDev: true
        },
        BuiltinPlugin {
          name: 'builtin:vite-resolve',
          _options: {
            resolveOptions: {
              isBuild: true,
              isProduction: true,
              asSrc: true,
              preferRelative: false,
              isRequire: undefined,
              root: 'D:/kitchenandall/kitchenandall',
              scan: false,
              mainFields: [ 'module', 'jsnext:main', 'jsnext', 'main' ],
              conditions: [ 'module', 'node', 'development|production', 'astro' ],
              externalConditions: [ 'node', 'module-sync' ],
              extensions: [
                '.mjs',  '.js',
                '.mts',  '.ts',
                '.jsx',  '.tsx',
                '.json'
              ],
              tryIndex: true,
              tryPrefix: undefined,
              preserveSymlinks: false,
              tsconfigPaths: true
            },
            environmentConsumer: 'server',
            environmentName: 'astro',
            builtins: [
              '_http_agent',
              '_http_client',
              '_http_common',
              '_http_incoming',
              '_http_outgoing',
              '_http_server',
              '_stream_duplex',
              '_stream_passthrough',
              '_stream_readable',
              '_stream_transform',
              '_stream_wrap',
              '_stream_writable',
              '_tls_common',
              '_tls_wrap',
              'assert',
              'assert/strict',
              'async_hooks',
              'buffer',
              'child_process',
              'cluster',
              'console',
              'constants',
              'crypto',
              'dgram',
              'diagnostics_channel',
              'dns',
              'dns/promises',
              'domain',
              'events',
              'fs',
              'fs/promises',
              'http',
              'http2',
              'https',
              'inspector',
              'inspector/promises',
              'module',
              'net',
              'os',
              'path',
              'path/posix',
              'path/win32',
              'perf_hooks',
              'process',
              'punycode',
              'querystring',
              'readline',
              'readline/promises',
              'repl',
              'stream',
              'stream/consumers',
              'stream/promises',
              'stream/web',
              'string_decoder',
              'sys',
              'timers',
              'timers/promises',
              'tls',
              'trace_events',
              'tty',
              'url',
              'util',
              'util/types',
              'v8',
              'vm',
              'wasi',
              'worker_threads',
              'zlib',
              /^node:/,
              /^bun:/
            ],
            external: [],
            noExternal: [
              'astro',
              'astro/components',
              '@nanostores/preact',
              '@fontsource/*',
              '@astrojs/internal-helpers',
              '@astrojs/react',
              'astro',
              'astro/components',
              '@nanostores/preact',
              '@fontsource/*',
              '@astrojs/internal-helpers',
              '@astrojs/react',
              'astro',
              'astro/components',
              '@nanostores/preact',
              '@fontsource/*',
              '@astrojs/internal-helpers',
              '@astrojs/react'
            ],
            dedupe: [
              'astro',     'react',
              'react-dom', 'astro',
              'react',     'react-dom',
              'astro',     'react',
              'react-dom'
            ],
            disableCache: false,
            legacyInconsistentCjsInterop: undefined,
            finalizeBareSpecifier: undefined,
            finalizeOtherSpecifiers: undefined,
            resolveSubpathImports: [Function: resolveSubpathImports],
            yarnPnp: false
          },
          enforce: undefined,
          getOrder: [AsyncFunction: wrappedHook],
          load: [AsyncFunction: wrappedHook],
          resolveId: [AsyncFunction: wrappedHook],
          transform: [AsyncFunction: wrappedHook],
          watchChange: [AsyncFunction: wrappedHook],
          perEnvironmentWatchChangeDuringDev: true
        },
        {
          name: 'vite:html-inline-proxy',
          resolveId: {
            filter: { id: /[?&]html-proxy\b/ },
            handler: [Function: handler]
          },
          load: {
            filter: { id: /[?&]html-proxy\b/ },
            handler: [Function: handler]
          }
        },
        {
          name: 'vite:css',
          buildStart: [Function: buildStart],
          buildEnd: [AsyncFunction: buildEnd],
          load: {
            filter: {
              id: /\.(css|less|sass|scss|styl|stylus|pcss|postcss|sss)(?:$|\?)/
            },
            handler: [Function: handler]
          },
          transform: {
            filter: {
              id: {
                include: /\.(css|less|sass|scss|styl|stylus|pcss|postcss|sss)(?:$|\?)/,
                exclude: [
                  /[?&]commonjs-proxy/,
                  /[?&](?:worker|sharedworker|raw|url)\b/
                ]
              }
            },
            handler: [AsyncFunction: handler]
          }
        },
        BuiltinPlugin {
          name: 'builtin:vite-transform',
          _options: {
            root: 'D:/kitchenandall/kitchenandall',
            include: [ /\.(m?ts|[jt]sx)$/ ],
            exclude: [ /\.js$/ ],
            jsxRefreshInclude: [ /\.[tj]sx?(?:\?.*)?$/ ],
            jsxRefreshExclude: [ /\.astro(?:\?.*)?$/ ],
            isServerConsumer: true,
            jsxInject: undefined,
            transformOptions: {
              jsx: {
                development: false,
                runtime: 'automatic',
                importSource: undefined,
                refresh: false
              },
              sourcemap: true
            },
            yarnPnp: false
          },
          enforce: undefined
        },
        BuiltinPlugin {
          name: 'builtin:vite-json',
          _options: { namedExports: true, stringify: 'auto', minify: true },
          enforce: undefined,
          getOrder: [AsyncFunction: wrappedHook],
          load: [AsyncFunction: wrappedHook],
          resolveId: [AsyncFunction: wrappedHook],
          transform: [AsyncFunction: wrappedHook],
          watchChange: [AsyncFunction: wrappedHook]
        },
        {
          name: 'vite:wasm-helper',
          resolveId: {
            filter: { id: /^ vite\/wasm\-helper\.js$/ },
            handler: [Function: handler]
          },
          load: {
            filter: {
              id: [
                /^ vite\/wasm\-helper\.js$/,
                /(?<![?#].*)\.wasm\?init/,
                /(?<![?#].*)\.wasm$/
              ]
            },
            handler: [AsyncFunction: handler]
          },
          renderChunk: {
            filter: { code: /__VITE_WASM_INIT__([\w$]+)__/g },
            handler: [Function: handler]
          }
        },
        {
          name: 'vite:worker',
          buildStart: [Function: buildStart],
          load: {
            filter: { id: /(?:\?|&)(worker|sharedworker)(?:&|$)/ },
            handler: [AsyncFunction: handler]
          },
          transform: {
            filter: { id: /(?:\?|&)worker_file&type=(\w+)(?:&|$)/ },
            handler: [Function: handler]
          },
          renderChunk: [Function: renderChunk],
          generateBundle: [Function: generateBundle],
          watchChange: [Function: watchChange]
        },
        {
          name: 'vite:asset',
          perEnvironmentStartEndDuringDev: true,
          buildStart: [Function: buildStart],
          resolveId: {
            filter: {
              id: [
                /(\?|&)url(?:&|$)/,
                /\.(apng|bmp|png|jpe?g|jfif|pjpeg|pjp|gif|svg|ico|webp|avif|cur|jxl|mp4|webm|ogg|mp3|wav|flac|aac|opus|mov|m4a|vtt|woff2?|eot|ttf|otf|webmanifest|pdf|txt)(\?.*)?$/i
              ]
            },
            handler: [Function: handler]
          },
          load: {
            filter: {
              id: {
                include: [
                  /(\?|&)raw(?:&|$)/,
                  /(\?|&)url(?:&|$)/,
                  /\.(apng|bmp|png|jpe?g|jfif|pjpeg|pjp|gif|svg|ico|webp|avif|cur|jxl|mp4|webm|ogg|mp3|wav|flac|aac|opus|mov|m4a|vtt|woff2?|eot|ttf|otf|webmanifest|pdf|txt)(\?.*)?$/i
                ],
                exclude: /^\0/
              }
            },
            handler: [AsyncFunction: handler]
          },
          renderChunk: [Function: renderChunk],
          generateBundle: [Function: generateBundle],
          watchChange: [Function: watchChange]
        },
        {
          name: 'vite:forward-console',
          apply: 'serve',
          configureServer: [Function: configureServer]
        },
        {
          name: '@astro/plugin-actions-build',
          applyToEnvironment: [Function: applyToEnvironment],
          writeBundle: [Function: writeBundle]
        },
        {
          name: 'plugin-noop',
          resolveId: {
            filter: { id: /^virtual:astro:noop$/ },
            handler: [Function: handler]
          },
          load: {
            filter: { id: /^ virtual:astro:noop$/ },
            handler: [Function: handler]
          },
          generateBundle: [Function: generateBundle]
        },
        {
          name: 'astro:watcher-max-listeners',
          configureServer: [Function: configureServer]
        },
        {
          name: 'astro:routes',
          configureServer: [Function: configureServer],
          applyToEnvironment: [Function: applyToEnvironment],
          resolveId: {
            filter: { id: /^virtual:astro:routes$/ },
            handler: [Function: handler]
          },
          load: {
            filter: { id: /^ virtual:astro:routes$/ },
            handler: [Function: handler]
          },
          transform: [AsyncFunction: transform],
          handleHotUpdate: [AsyncFunction: handleHotUpdate]
        },
        {
          name: 'astro-manifest-plugin',
          resolveId: {
            filter: { id: /^(astro:config\/server|astro:config\/client)$/ },
            handler: [Function: handler]
          },
          load: {
            filter: { id: /^( astro:config\/server| astro:config\/client)$/ },
            handler: [Function: handler]
          }
        },
        {
          name: 'astro:environment',
          configEnvironment: [Function: configEnvironment]
        },
        {
          name: 'astro:build:normal',
          resolveId: {
            filter: { id: /(?:\?|&)astro(?:&|=|$)/ },
            handler: [Function: handler]
          }
        },
        {
          name: 'astro:scripts',
          config: [Function: config],
          resolveId: {
            filter: { id: /^astro:scripts\// },
            handler: [Function: handler]
          },
          load: {
            filter: {
              id: /^(astro:scripts\/before-hydration.js|astro:scripts\/page.js|astro:scripts\/page-ssr.js)$/
            },
            handler: [Function: handler]
          },
          buildStart: [Function: buildStart]
        },
        {
          name: 'astro:app',
          configResolved: [Function: configResolved],
          resolveId: {
            filter: { id: /^virtual:astro:app$/ },
            handler: [Function: handler]
          },
          load: {
            filter: { id: /^ virtual:astro:app$/ },
            handler: [Function: handler]
          }
        },
        {
          name: 'astro:server-app',
          resolveId: {
            filter: { id: /^astro:server-app$/ },
            handler: [Function: handler]
          }
        },
        {
          name: '@astro/plugin-fetchable',
          applyToEnvironment: [Function: applyToEnvironment],
          configureServer: [Function: configureServer],
          resolveId: {
            filter: { id: /^virtual:astro:fetchable$/ },
            handler: [AsyncFunction: handler]
          },
          load: {
            filter: { id: /^ virtual:astro:fetchable$/ },
            handler: [Function: handler]
          }
        },
        {
          name: 'astro:adapter-config',
          config: [Function: config],
          resolveId: {
            filter: { id: /^virtual:astro:adapter-config\/client$/ },
            handler: [Function: handler]
          },
          load: {
            filter: { id: /^ virtual:astro:adapter-config\/client$/ },
            handler: [Function: handler]
          }
        },
        {
          name: 'astro:html',
          options: [Function: options],
          transform: {
            filter: { id: /\.html$/ },
            handler: [AsyncFunction: transform]
          }
        },
        {
          name: 'astro:integration-container',
          configureServer: [AsyncFunction: configureServer],
          buildStart: [AsyncFunction: buildStart]
        },
        {
          name: 'astro:content-imports',
          config: [Function: config],
          buildStart: [AsyncFunction: buildStart],
          transform: {
            filter: {
              id: /(?:\?|&)(?:astroDataCollectionEntry|astroContentCollectionEntry)(?:&|=|$)/
            },
            handler: [AsyncFunction: handler]
          },
          configureServer: [Function: configureServer]
        },
        {
          name: '@astro/plugin-middleware',
          applyToEnvironment: [Function: applyToEnvironment],
          configureServer: [Function: configureServer],
          resolveId: {
            filter: { id: /^virtual:astro:middleware$/ },
            handler: [AsyncFunction: handler]
          },
          load: {
            filter: { id: /^( noop-middleware| virtual:astro:middleware)$/ },
            handler: [AsyncFunction: handler]
          }
        },
        {
          name: 'astro:assets',
          config: [Function: config],
          resolveId: {
            filter: {
              id: /^(virtual:image-service|astro:assets|virtual:astro:get-image)$/
            },
            handler: [AsyncFunction: handler]
          },
          load: {
            filter: { id: /^( astro:assets| virtual:astro:get-image)$/ },
            handler: [Function: handler]
          },
          buildStart: [Function: buildStart],
          renderChunk: [AsyncFunction: renderChunk]
        },
        {
          name: 'astro:fonts',
          buildStart: [AsyncFunction: buildStart],
          configureServer: [AsyncFunction: configureServer],
          resolveId: {
            filter: {
              id: /^(virtual:astro:assets\/fonts\/internal|virtual:astro:assets\/fonts\/runtime|virtual:astro:assets\/fonts\/runtime\/font-file-url-resolver)$/
            },
            handler: [Function: handler]
          },
          load: {
            filter: {
              id: /^( virtual:astro:assets\/fonts\/internal| virtual:astro:assets\/fonts\/runtime| virtual:astro:assets\/fonts\/runtime\/font-file-url-resolver)$/
            },
            handler: [AsyncFunction: handler]
          },
          buildEnd: [AsyncFunction: buildEnd]
        },
        {
          name: 'astro:image-styles',
          resolveId: {
            filter: { id: /^virtual:astro:image-styles.css$/ },
            handler: [Function: handler]
          },
          load: {
            filter: { id: /^ virtual:astro:image-styles.css$/ },
            handler: [AsyncFunction: handler]
          }
        },
        {
          name: 'astro:prefetch',
          resolveId: {
            filter: { id: /^astro:prefetch$/ },
            handler: [Function: handler]
          },
          load: {
            filter: { id: /^ astro:prefetch$/ },
            handler: [Function: handler]
          },
          transform: {
            filter: { id: /astro\/dist\/prefetch\/index.js/ },
            handler: [Function: handler]
          }
        },
        {
          name: 'astro:transitions',
          resolveId: {
            filter: { id: /^(astro:transitions|astro:transitions\/client)$/ },
            handler: [Function: handler]
          },
          load: {
            filter: { id: /^( astro:transitions| astro:transitions\/client)$/ },
            handler: [Function: handler]
          },
          transform: {
            filter: { id: /ClientRouter\.astro.*\.ts$/ },
            handler: [Function: handler]
          }
        },
        {
          name: 'astro:dev-toolbar',
          config: [Function: config],
          resolveId: {
            filter: { id: /^astro:toolbar:internal$/ },
            handler: [Function: handler]
          },
          configureServer: [Function: configureServer],
          load: {
            filter: { id: /^ astro:toolbar:internal$/ },
            handler: [Function: handler]
          }
        },
        {
          name: 'astro:chromedevtools',
          configureServer: [Function: configureServer]
        },
        {
          name: 'vite:react-virtual-preamble',
          resolveId: {
            order: 'pre',
            filter: { id: /^@vitejs\/plugin\-react\/preamble$/ },
            handler: [Function: handler]
          },
          load: {
            filter: { id: /^ @vitejs\/plugin\-react\/preamble$/ },
            handler: [Function: handler]
          }
        },
        {
          name: '@astrojs/react:opts',
          resolveId: {
            filter: { id: /^astro:react:opts$/ },
            handler: [Function: handler]
          },
          load: {
            filter: { id: /^ astro:react:opts$/ },
            handler: [Function: handler]
          }
        },
        {
          name: '@astrojs/react:environment',
          configEnvironment: [Function: configEnvironment]
        },
        {
          name: 'astro:vite-plugin-env',
          config: [Function: config],
          configResolved: [Function: configResolved],
          transform: {
            filter: {
              id: {
                exclude: [
                  /.*\.(html|htm|json)$/,
                  /\.(css|less|sass|scss|styl|stylus|pcss|postcss|sss)(?:$|\?)/
                ]
              },
              code: /import\.meta\.env/
            },
            handler: [Function: handler]
          }
        },
        { name: 'vite:define', options: [Function: options] },
        {
          name: 'vite:css-post',
          renderStart: [Function: renderStart],
          transform: {
            filter: {
              id: {
                include: /\.(css|less|sass|scss|styl|stylus|pcss|postcss|sss)(?:$|\?)/,
                exclude: [
                  /[?&]commonjs-proxy/,
                  /[?&](?:worker|sharedworker|raw|url)\b/
                ]
              }
            },
            handler: [AsyncFunction: handler]
          },
          renderChunk: [AsyncFunction: renderChunk],
          augmentChunkHash: [Function: augmentChunkHash],
          generateBundle: [AsyncFunction: generateBundle]
        },
        {
          name: 'vite:build-html',
          applyToEnvironment: [Function: applyToEnvironment],
          transform: {
            filter: { id: /\.html$/ },
            handler: [AsyncFunction: handler]
          },
          generateBundle: [AsyncFunction: generateBundle]
        },
        {
          name: 'vite:prepare-out-dir',
          watchChange: [Function: watchChange],
          renderStart: { order: 'pre', handler: [Function: handler] }
        },
        BuiltinPlugin {
          name: 'builtin:vite-dynamic-import-vars',
          _options: {
            include: undefined,
            exclude: [ /node_modules/ ],
            resolver: [Function: resolver],
            sourcemap: false
          },
          enforce: undefined
        },
        BuiltinPlugin {
          name: 'builtin:vite-import-glob',
          _options: {
            root: 'D:/kitchenandall/kitchenandall',
            sourcemap: false,
            restoreQueryExtension: false
          },
          enforce: undefined
        },
        {
          name: 'astro:css-target-lowering',
          enforce: 'post',
          configResolved: [Function: configResolved],
          generateBundle: [AsyncFunction: generateBundle]
        },
        {
          name: 'astro:scripts:page-ssr',
          enforce: 'post',
          transform: [Function: transform]
        },
        {
          name: 'astro:server-islands',
          enforce: 'post',
          api: { hasServerIslands: [Function: hasServerIslands] },
          config: [Function: config],
          buildStart: [Function: buildStart],
          configureServer: [Function: configureServer],
          resolveId: {
            filter: { id: /^virtual:astro:server-island-manifest$/ },
            handler: [Function: handler]
          },
          load: {
            filter: { id: /^ virtual:astro:server-island-manifest$/ },
            handler: [Function: handler]
          },
          transform: {
            filter: {
              id: {
                include: [
                  /\.(astro|mdx)$/,
                  /^ virtual:astro:server-island-manifest$/
                ]
              }
            },
            handler: [AsyncFunction: handler]
          },
          renderChunk: [Function: renderChunk]
        },
        {
          name: 'astro:hmr-reload',
          enforce: 'post',
          hotUpdate: { order: 'post', handler: [Function: handler] }
        },
        {
          name: 'vite:react:config-post',
          enforce: 'post',
          config: [Function: config]
        },
        {
          name: 'astro:resolve-input',
          enforce: 'post',
          config: [Function: config],
          configResolved: [Function: configResolved]
        },
        {
          name: 'astro:build-generate',
          enforce: 'post',
          buildApp: { order: 'post', handler: [AsyncFunction: handler] }
        },
        {
          name: 'vite:build-import-analysis',
          renderChunk: [Function: renderChunk],
          generateBundle: [AsyncFunction: generateBundle]
        },
        BuiltinPlugin {
          name: 'builtin:vite-build-import-analysis',
          _options: {
            preloadCode: 'const scriptRel = /* @__PURE__ */ (function detectScriptRel() {\n' +
              '\tconst relList = typeof document !== "undefined" && document.createElement("link").relList;\n' +
              '\treturn relList && relList.supports && relList.supports("modulepreload") ? "modulepreload" : "preload";\n' +
              '})();const assetsURL = function(dep) { return "/"+dep };const seen = {};export const __vitePreload = function preload(baseModule, deps, importerUrl) {\n' +
              '\tlet promise = Promise.resolve();\n' +
              '\tif (__VITE_IS_MODERN__ && deps && deps.length > 0) {\n' +
              '\t\tconst links = document.getElementsByTagName("link");\n' +
              '\t\tconst cspNonceMeta = document.querySelector("meta[property=csp-nonce]");\n' +
              '\t\tconst cspNonce = cspNonceMeta?.nonce || cspNonceMeta?.getAttribute("nonce");\n' +
              '\t\tfunction allSettled(promises) {\n' +
              '\t\t\treturn Promise.all(promises.map((p) => Promise.resolve(p).then((value) => ({\n' +
              '\t\t\t\tstatus: "fulfilled",\n' +
              '\t\t\t\tvalue\n' +
              '\t\t\t}), (reason) => ({\n' +
              '\t\t\t\tstatus: "rejected",\n' +
              '\t\t\t\treason\n' +
              '\t\t\t}))));\n' +
              '\t\t}\n' +
              '\t\tfunction importMetaResolve(specifier) {\n' +
              '\t\t\tif (import.meta.resolve) return import.meta.resolve(specifier);\n' +
              '\t\t\treturn new URL(\n' +
              '\t\t\t\tspecifier,\n' +
              '\t\t\t\t/** #__KEEP__ */\n' +
              '\t\t\t\timport.meta.url\n' +
              '\t\t\t).href;\n' +
              '\t\t}\n' +
              '\t\tpromise = allSettled(deps.map((dep) => {\n' +
              '\t\t\tdep = assetsURL(dep, importerUrl);\n' +
              '\t\t\tdep = importMetaResolve(dep);\n' +
              '\t\t\tif (dep in seen) return;\n' +
              '\t\t\tseen[dep] = true;\n' +
              '\t\t\tconst isCss = dep.endsWith(".css");\n' +
              '\t\t\tfor (let i = links.length - 1; i >= 0; i--) {\n' +
              '\t\t\t\tconst link = links[i];\n' +
              '\t\t\t\tif (link.href === dep && (!isCss || link.rel === "stylesheet")) return;\n' +
              '\t\t\t}\n' +
              '\t\t\tconst link = document.createElement("link");\n' +
              '\t\t\tlink.rel = isCss ? "stylesheet" : scriptRel;\n' +
              '\t\t\tif (!isCss) link.as = "script";\n' +
              '\t\t\tlink.crossOrigin = "";\n' +
              '\t\t\tlink.href = dep;\n' +
              '\t\t\tif (cspNonce) link.setAttribute("nonce", cspNonce);\n' +
              '\t\t\tdocument.head.appendChild(link);\n' +
              '\t\t\tif (isCss) return new Promise((res, rej) => {\n' +
              '\t\t\t\tlink.addEventListener("load", res);\n' +
              '\t\t\t\tlink.addEventListener("error", () => rej(/* @__PURE__ */ new Error(`Unable to preload CSS for ${dep}`)));\n' +
              '\t\t\t});\n' +
              '\t\t}));\n' +
              '\t}\n' +
              '\tfunction handlePreloadError(err) {\n' +
              '\t\tconst e = new Event("vite:preloadError", { cancelable: true });\n' +
              '\t\te.payload = err;\n' +
              '\t\twindow.dispatchEvent(e);\n' +
              '\t\tif (!e.defaultPrevented) throw err;\n' +
              '\t}\n' +
              '\treturn promise.then((res) => {\n' +
              '\t\tfor (const item of res || []) {\n' +
              '\t\t\tif (item.status !== "rejected") continue;\n' +
              '\t\t\thandlePreloadError(item.reason);\n' +
              '\t\t}\n' +
              '\t\treturn baseModule().catch(handlePreloadError);\n' +
              '\t});\n' +
              '}',
            insertPreload: false,
            optimizeModulePreloadRelativePaths: false,
            renderBuiltUrl: false,
            isRelativeBase: false
          },
          enforce: undefined
        },
        {
          name: 'vite:license',
          generateBundle: [Function: generateBundle]
        },
        BuiltinPlugin {
          name: 'builtin:vite-reporter',
          _options: {
            root: 'D:/kitchenandall/kitchenandall',
            isTty: false,
            isLib: false,
            assetsDir: '_astro\\',
            chunkLimit: 500,
            logInfo: undefined,
            reportCompressedSize: false,
            warnLargeChunks: false
          },
          enforce: undefined
        },
        BuiltinPlugin {
          name: 'builtin:vite-load-fallback',
          _options: undefined,
          enforce: undefined
        }
      ],
      optimizeDepsPluginNames: []
    },
    prerender: {
      define: {
        'import.meta.env.SITE': 'undefined',
        'import.meta.env.BASE_URL': '"/"',
        'import.meta.env.ASSETS_PREFIX': 'undefined'
      },
      resolve: {
        externalConditions: [ 'node', 'module-sync' ],
        extensions: [
          '.mjs',  '.js',
          '.mts',  '.ts',
          '.jsx',  '.tsx',
          '.json'
        ],
        dedupe: [
          'astro',     'react',
          'react-dom', 'astro',
          'react',     'react-dom',
          'astro',     'react',
          'react-dom'
        ],
        noExternal: [
          'astro',
          '@astrojs/internal-helpers',
          'astro',
          'astro/components',
          '@nanostores/preact',
          '@fontsource/*',
          '@astrojs/internal-helpers',
          '@astrojs/react',
          'astro',
          '@astrojs/internal-helpers',
          'astro',
          'astro/components',
          '@nanostores/preact',
          '@fontsource/*',
          '@astrojs/internal-helpers',
          '@astrojs/react',
          'astro',
          '@astrojs/internal-helpers',
          'astro',
          'astro/components',
          '@nanostores/preact',
          '@fontsource/*',
          '@astrojs/internal-helpers',
          '@astrojs/react'
        ],
        external: [],
        preserveSymlinks: false,
        tsconfigPaths: true,
        alias: [
          { find: 'randombytes', replacement: 'randombytes/browser' },
          {
            find: /^astro$/,
            replacement: 'd:\\kitchenandall\\kitchenandall\\node_modules\\astro\\dist\\types\\public\\index.js'
          },
          {
            find: 'astro:middleware',
            replacement: 'astro/virtual-modules/middleware.js'
          },
          { find: 'astro:schema', replacement: 'astro/zod' },
          { find: 'astro:components', replacement: 'astro/components' },
          {
            find: /^\/?@vite\/env/,
            replacement: '/@fs/d:/kitchenandall/kitchenandall/node_modules/vite/dist/client/env.mjs'
          },
          {
            find: /^\/?@vite\/client/,
            replacement: '/@fs/d:/kitchenandall/kitchenandall/node_modules/vite/dist/client/client.mjs'
          }
        ],
        mainFields: [ 'module', 'jsnext:main', 'jsnext' ],
        conditions: [ 'module', 'node', 'development|production', 'astro' ],
        builtins: [
          '_http_agent',         '_http_client',        '_http_common',
          '_http_incoming',      '_http_outgoing',      '_http_server',
          '_stream_duplex',      '_stream_passthrough', '_stream_readable',
          '_stream_transform',   '_stream_wrap',        '_stream_writable',
          '_tls_common',         '_tls_wrap',           'assert',
          'assert/strict',       'async_hooks',         'buffer',
          'child_process',       'cluster',             'console',
          'constants',           'crypto',              'dgram',
          'diagnostics_channel', 'dns',                 'dns/promises',
          'domain',              'events',              'fs',
          'fs/promises',         'http',                'http2',
          'https',               'inspector',           'inspector/promises',
          'module',              'net',                 'os',
          'path',                'path/posix',          'path/win32',
          'perf_hooks',          'process',             'punycode',
          'querystring',         'readline',            'readline/promises',
          'repl',                'stream',              'stream/consumers',
          'stream/promises',     'stream/web',          'string_decoder',
          'sys',                 'timers',              'timers/promises',
          'tls',                 'trace_events',        'tty',
          'url',                 'util',                'util/types',
          'v8',                  'vm',                  'wasi',
          'worker_threads',      'zlib',                /^node:/,
          /^bun:/
        ]
      },
      keepProcessEnv: true,
      consumer: 'server',
      optimizeDeps: {
        include: [],
        exclude: [],
        needsInterop: [],
        rolldownOptions: { resolve: { symlinks: true }, output: { topLevelVar: true } },
        extensions: [],
        disabled: undefined,
        holdUntilCrawlEnd: true,
        force: false,
        ignoreOutdatedRequests: false,
        noDiscovery: true,
        rollupOptions: [Getter/Setter],
        esbuildOptions: { preserveSymlinks: false }
      },
      dev: {
        warmup: [],
        sourcemap: { js: true },
        sourcemapIgnoreList: [Function: isInNodeModules],
        preTransformRequests: false,
        createEnvironment: [Function: defaultCreateDevEnvironment],
        recoverable: false,
        moduleRunnerTransform: true
      },
      build: {
        target: 'esnext',
        polyfillModulePreload: true,
        modulePreload: { polyfill: false },
        outDir: 'D:\\kitchenandall\\kitchenandall\\dist\\.prerender\\',
        assetsDir: '_astro',
        assetsInlineLimit: 4096,
        sourcemap: false,
        terserOptions: {},
        chunkImportMap: false,
        rolldownOptions: {
          platform: 'node',
          preserveEntrySignatures: 'exports-only',
          checks: { pluginTimings: false },
          output: {
            hoistTransitiveImports: false,
            format: 'esm',
            minifyInternalExports: true,
            chunkFileNames: [Function: chunkFileNames],
            assetFileNames: [Function: assetFileNames],
            entryFileNames: 'prerender-entry.[hash].mjs'
          },
          onwarn: [Function: onwarn],
          input: 'astro/entrypoints/prerender',
          external: [ 'sharp', 'sharp', 'sharp' ]
        },
        commonjsOptions: { include: [ /node_modules/ ], extensions: [ '.js', '.cjs' ] },
        dynamicImportVarsOptions: { exclude: [ /node_modules/ ] },
        write: true,
        emptyOutDir: false,
        copyPublicDir: false,
        license: false,
        manifest: true,
        lib: false,
        ssrManifest: false,
        ssrEmitAssets: true,
        reportCompressedSize: false,
        chunkSizeWarningLimit: 500,
        watch: null,
        cssCodeSplit: true,
        minify: false,
        rollupOptions: [Getter/Setter],
        ssr: true,
        emitAssets: true,
        createEnvironment: [Function: createEnvironment],
        cssMinify: true,
        cssTarget: 'esnext'
      },
      isBundled: true,
      plugins: [
        {
          name: 'vite:watch-package-data',
          buildStart: [Function: buildStart],
          buildEnd: [Function: buildEnd],
          watchChange: [Function: watchChange]
        },
        BuiltinPlugin {
          name: 'builtin:vite-alias',
          _options: {
            entries: [
              {
                find: 'randombytes',
                replacement: 'randombytes/browser'
              },
              {
                find: /^astro$/,
                replacement: 'd:\\kitchenandall\\kitchenandall\\node_modules\\astro\\dist\\types\\public\\index.js'
              },
              {
                find: 'astro:middleware',
                replacement: 'astro/virtual-modules/middleware.js'
              },
              { find: 'astro:schema', replacement: 'astro/zod' },
              {
                find: 'astro:components',
                replacement: 'astro/components'
              },
              {
                find: /^\/?@vite\/env/,
                replacement: '/@fs/d:/kitchenandall/kitchenandall/node_modules/vite/dist/client/env.mjs'
              },
              {
                find: /^\/?@vite\/client/,
                replacement: '/@fs/d:/kitchenandall/kitchenandall/node_modules/vite/dist/client/client.mjs'
              }
            ]
          },
          enforce: undefined
        },
        {
          name: 'virtual:astro:manifest',
          enforce: 'pre',
          configureServer: [Function: configureServer],
          applyToEnvironment: [Function: applyToEnvironment],
          resolveId: {
            filter: { id: /^virtual:astro:manifest$/ },
            handler: [Function: handler]
          },
          load: {
            filter: { id: /^ virtual:astro:manifest$/ },
            handler: [AsyncFunction: handler]
          }
        },
        {
          name: 'astro:plugin-renderers',
          enforce: 'pre',
          resolveId: {
            filter: { id: /^virtual:astro:renderers$/ },
            handler: [Function: handler]
          },
          load: {
            filter: { id: /^ virtual:astro:renderers$/ },
            handler: [Function: handler]
          }
        },
        {
          name: 'astro:static-paths',
          enforce: 'pre',
          resolveId: {
            filter: { id: /^astro:static-paths$/ },
            handler: [Function: handler]
          },
          load: {
            filter: { id: /^ astro:static-paths$/ },
            handler: [Function: handler]
          }
        },
        {
          name: 'astro:build',
          enforce: 'pre',
          configEnvironment: [AsyncFunction: configEnvironment],
          configResolved: [AsyncFunction: configResolved],
          configureServer: [Function: configureServer],
          buildStart: [Function: buildStart],
          load: {
            filter: { id: /(?:\?|&)astro(?:&|=|$)/ },
            handler: [AsyncFunction: handler]
          },
          transform: {
            filter: {
              id: {
                include: [ /\.astro$/, /\.astro\?/ ],
                exclude: [
                  /(?:\?|&)(?:url|raw|direct)(?:&|$)/,
                  /(?:\?|&)astro(?:&|=|$)/
                ]
              }
            },
            handler: [AsyncFunction: handler]
          },
          handleHotUpdate: [AsyncFunction: handleHotUpdate]
        },
        {
          name: 'astro-env-plugin',
          enforce: 'pre',
          config: [Function: config],
          buildStart: [Function: buildStart],
          resolveId: {
            filter: {
              id: /^(astro:env\/client|astro:env\/server|virtual:astro:env\/internal)$/
            },
            handler: [Function: handler]
          },
          load: {
            filter: {
              id: /^( astro:env\/client| astro:env\/server| virtual:astro:env\/internal)$/
            },
            handler: [Function: handler]
          }
        },
        {
          enforce: 'pre',
          name: 'astro:markdown',
          buildEnd: [Function: buildEnd],
          resolveId: {
            filter: { id: /^[^/]/ },
            handler: [AsyncFunction: handler]
          },
          load: {
            filter: {
              id: {
                include: /\.(markdown|mdown|mkdn|mkd|mdwn|md)(\?|$)/,
                exclude: /(?:\?|&)(?:url|raw|direct)(?:&|$)/
              }
            },
            handler: [AsyncFunction: handler]
          }
        },
        {
          name: 'astro-content-virtual-mod-plugin',
          enforce: 'pre',
          config: [Function: config],
          buildStart: [Function: buildStart],
          resolveId: {
            filter: {
              id: /^(astro:content|astro:data-layer-content|astro:content-module-imports|astro:asset-imports)$|(?:\?|&)astroContentModuleFlag(?:&|=|$)/
            },
            handler: [AsyncFunction: handler]
          },
          load: {
            filter: {
              id: /^( astro:content| astro:data-layer-content| astro:asset-imports| astro:content-module-imports)$/
            },
            handler: [AsyncFunction: handler]
          },
          configureServer: [Function: configureServer]
        },
        {
          name: 'astro:content-asset-propagation',
          enforce: 'pre',
          resolveId: {
            filter: {
              id: /(?:\?|&)(?:astroContentImageFlag|astroRenderContent)(?:&|=|$)/
            },
            handler: [AsyncFunction: handler]
          },
          configureServer: [Function: configureServer],
          transform: {
            filter: { id: /(?:\?|&)astroPropagatedAssets(?:&|=|$)/ },
            handler: [AsyncFunction: handler]
          }
        },
        {
          name: 'astro:assets:esm',
          enforce: 'pre',
          config: [Function: config],
          configResolved: [Function: configResolved],
          load: {
            filter: { id: /\.(jpeg|jpg|png|tiff|webp|gif|svg|avif)/i },
            handler: [AsyncFunction: handler]
          }
        },
        {
          name: 'astro:vite-plugin-file-url',
          enforce: 'pre',
          resolveId: {
            filter: { id: /^file:\/\// },
            handler: [Function: handler]
          }
        },
        {
          name: 'astro:i18n',
          enforce: 'pre',
          resolveId: {
            filter: { id: /^astro:i18n$/ },
            handler: [Function: handler]
          }
        },
        {
          name: 'astro:actions',
          enforce: 'pre',
          resolveId: {
            filter: {
              id: /^(astro:actions|virtual:astro:actions\/options|virtual:astro:actions\/entrypoint)$/
            },
            handler: [AsyncFunction: handler]
          },
          configureServer: [AsyncFunction: configureServer],
          load: {
            filter: {
              id: /^( astro:actions| virtual:astro:actions\/noop-entrypoint| virtual:astro:actions\/entrypoint| virtual:astro:actions\/options)$/
            },
            handler: [AsyncFunction: handler]
          }
        },
        {
          name: 'virtual:astro:session-driver',
          enforce: 'pre',
          resolveId: {
            filter: { id: /^virtual:astro:session-driver$/ },
            handler: [Function: handler]
          },
          load: {
            filter: { id: /^ virtual:astro:session-driver$/ },
            handler: [AsyncFunction: handler]
          }
        },
        {
          name: 'astro:container',
          enforce: 'pre',
          resolveId: {
            filter: { id: /^(astro:container)$/ },
            handler: [Function: handler]
          }
        },
        {
          name: '@tailwindcss/vite:scan',
          enforce: 'pre',
          configureServer: [Function: configureServer],
          configResolved: [AsyncFunction: configResolved]
        },
        {
          name: '@tailwindcss/vite:generate:build',
          apply: 'build',
          enforce: 'pre',
          transform: {
            filter: {
              id: {
                exclude: [
                  /\/\.vite\//,
                  /[?&](?:worker|sharedworker|raw|url)\b/,
                  /\?commonjs-proxy/
                ],
                include: [
                  /\.css(?:\?.*)?$/,
                  /&lang\.css/,
                  /[?&]index=\d+\.css$/
                ]
              }
            },
            handler: [AsyncFunction: handler]
          }
        },
        {
          name: 'vite:react-babel',
          enforce: 'pre',
          config: [Function: config],
          configResolved: [Function: configResolved],
          options: [Function: options]
        },
        {
          name: 'vite:react-refresh-fbm',
          enforce: 'pre',
          transformIndexHtml: { handler: [Function: handler], order: 'pre' }
        },
        {
          name: 'vite:react-refresh',
          enforce: 'pre',
          config: [Function: config],
          resolveId: {
            filter: { id: /^\/@react\-refresh$/ },
            handler: [Function: handler]
          },
          load: {
            filter: { id: /^\/@react\-refresh$/ },
            handler: [Function: handler]
          },
          transformIndexHtml: [Function: transformIndexHtml]
        },
        {
          name: 'vite:resolve-builtin:get-environment',
          buildStart: [Function: buildStart],
          perEnvironmentStartEndDuringDev: true
        },
        BuiltinPlugin {
          name: 'builtin:vite-resolve',
          _options: {
            resolveOptions: {
              isBuild: true,
              isProduction: true,
              asSrc: true,
              preferRelative: false,
              isRequire: undefined,
              root: 'D:/kitchenandall/kitchenandall',
              scan: false,
              mainFields: [ 'module', 'jsnext:main', 'jsnext', 'main' ],
              conditions: [ 'module', 'node', 'development|production', 'astro' ],
              externalConditions: [ 'node', 'module-sync' ],
              extensions: [
                '.mjs',  '.js',
                '.mts',  '.ts',
                '.jsx',  '.tsx',
                '.json'
              ],
              tryIndex: true,
              tryPrefix: undefined,
              preserveSymlinks: false,
              tsconfigPaths: true
            },
            environmentConsumer: 'server',
            environmentName: 'prerender',
            builtins: [
              '_http_agent',
              '_http_client',
              '_http_common',
              '_http_incoming',
              '_http_outgoing',
              '_http_server',
              '_stream_duplex',
              '_stream_passthrough',
              '_stream_readable',
              '_stream_transform',
              '_stream_wrap',
              '_stream_writable',
              '_tls_common',
              '_tls_wrap',
              'assert',
              'assert/strict',
              'async_hooks',
              'buffer',
              'child_process',
              'cluster',
              'console',
              'constants',
              'crypto',
              'dgram',
              'diagnostics_channel',
              'dns',
              'dns/promises',
              'domain',
              'events',
              'fs',
              'fs/promises',
              'http',
              'http2',
              'https',
              'inspector',
              'inspector/promises',
              'module',
              'net',
              'os',
              'path',
              'path/posix',
              'path/win32',
              'perf_hooks',
              'process',
              'punycode',
              'querystring',
              'readline',
              'readline/promises',
              'repl',
              'stream',
              'stream/consumers',
              'stream/promises',
              'stream/web',
              'string_decoder',
              'sys',
              'timers',
              'timers/promises',
              'tls',
              'trace_events',
              'tty',
              'url',
              'util',
              'util/types',
              'v8',
              'vm',
              'wasi',
              'worker_threads',
              'zlib',
              /^node:/,
              /^bun:/
            ],
            external: [],
            noExternal: [
              'astro',
              '@astrojs/internal-helpers',
              'astro',
              'astro/components',
              '@nanostores/preact',
              '@fontsource/*',
              '@astrojs/internal-helpers',
              '@astrojs/react',
              'astro',
              '@astrojs/internal-helpers',
              'astro',
              'astro/components',
              '@nanostores/preact',
              '@fontsource/*',
              '@astrojs/internal-helpers',
              '@astrojs/react',
              'astro',
              '@astrojs/internal-helpers',
              'astro',
              'astro/components',
              '@nanostores/preact',
              '@fontsource/*',
              '@astrojs/internal-helpers',
              '@astrojs/react'
            ],
            dedupe: [
              'astro',     'react',
              'react-dom', 'astro',
              'react',     'react-dom',
              'astro',     'react',
              'react-dom'
            ],
            disableCache: false,
            legacyInconsistentCjsInterop: undefined,
            finalizeBareSpecifier: undefined,
            finalizeOtherSpecifiers: undefined,
            resolveSubpathImports: [Function: resolveSubpathImports],
            yarnPnp: false
          },
          enforce: undefined,
          getOrder: [AsyncFunction: wrappedHook],
          load: [AsyncFunction: wrappedHook],
          resolveId: [AsyncFunction: wrappedHook],
          transform: [AsyncFunction: wrappedHook],
          watchChange: [AsyncFunction: wrappedHook],
          perEnvironmentWatchChangeDuringDev: true
        },
        {
          name: 'vite:html-inline-proxy',
          resolveId: {
            filter: { id: /[?&]html-proxy\b/ },
            handler: [Function: handler]
          },
          load: {
            filter: { id: /[?&]html-proxy\b/ },
            handler: [Function: handler]
          }
        },
        {
          name: 'vite:css',
          buildStart: [Function: buildStart],
          buildEnd: [AsyncFunction: buildEnd],
          load: {
            filter: {
              id: /\.(css|less|sass|scss|styl|stylus|pcss|postcss|sss)(?:$|\?)/
            },
            handler: [Function: handler]
          },
          transform: {
            filter: {
              id: {
                include: /\.(css|less|sass|scss|styl|stylus|pcss|postcss|sss)(?:$|\?)/,
                exclude: [
                  /[?&]commonjs-proxy/,
                  /[?&](?:worker|sharedworker|raw|url)\b/
                ]
              }
            },
            handler: [AsyncFunction: handler]
          }
        },
        BuiltinPlugin {
          name: 'builtin:vite-transform',
          _options: {
            root: 'D:/kitchenandall/kitchenandall',
            include: [ /\.(m?ts|[jt]sx)$/ ],
            exclude: [ /\.js$/ ],
            jsxRefreshInclude: [ /\.[tj]sx?(?:\?.*)?$/ ],
            jsxRefreshExclude: [ /\.astro(?:\?.*)?$/ ],
            isServerConsumer: true,
            jsxInject: undefined,
            transformOptions: {
              jsx: {
                development: false,
                runtime: 'automatic',
                importSource: undefined,
                refresh: false
              },
              sourcemap: true
            },
            yarnPnp: false
          },
          enforce: undefined
        },
        BuiltinPlugin {
          name: 'builtin:vite-json',
          _options: { namedExports: true, stringify: 'auto', minify: true },
          enforce: undefined,
          getOrder: [AsyncFunction: wrappedHook],
          load: [AsyncFunction: wrappedHook],
          resolveId: [AsyncFunction: wrappedHook],
          transform: [AsyncFunction: wrappedHook],
          watchChange: [AsyncFunction: wrappedHook]
        },
        {
          name: 'vite:wasm-helper',
          resolveId: {
            filter: { id: /^ vite\/wasm\-helper\.js$/ },
            handler: [Function: handler]
          },
          load: {
            filter: {
              id: [
                /^ vite\/wasm\-helper\.js$/,
                /(?<![?#].*)\.wasm\?init/,
                /(?<![?#].*)\.wasm$/
              ]
            },
            handler: [AsyncFunction: handler]
          },
          renderChunk: {
            filter: { code: /__VITE_WASM_INIT__([\w$]+)__/g },
            handler: [Function: handler]
          }
        },
        {
          name: 'vite:worker',
          buildStart: [Function: buildStart],
          load: {
            filter: { id: /(?:\?|&)(worker|sharedworker)(?:&|$)/ },
            handler: [AsyncFunction: handler]
          },
          transform: {
            filter: { id: /(?:\?|&)worker_file&type=(\w+)(?:&|$)/ },
            handler: [Function: handler]
          },
          renderChunk: [Function: renderChunk],
          generateBundle: [Function: generateBundle],
          watchChange: [Function: watchChange]
        },
        {
          name: 'vite:asset',
          perEnvironmentStartEndDuringDev: true,
          buildStart: [Function: buildStart],
          resolveId: {
            filter: {
              id: [
                /(\?|&)url(?:&|$)/,
                /\.(apng|bmp|png|jpe?g|jfif|pjpeg|pjp|gif|svg|ico|webp|avif|cur|jxl|mp4|webm|ogg|mp3|wav|flac|aac|opus|mov|m4a|vtt|woff2?|eot|ttf|otf|webmanifest|pdf|txt)(\?.*)?$/i
              ]
            },
            handler: [Function: handler]
          },
          load: {
            filter: {
              id: {
                include: [
                  /(\?|&)raw(?:&|$)/,
                  /(\?|&)url(?:&|$)/,
                  /\.(apng|bmp|png|jpe?g|jfif|pjpeg|pjp|gif|svg|ico|webp|avif|cur|jxl|mp4|webm|ogg|mp3|wav|flac|aac|opus|mov|m4a|vtt|woff2?|eot|ttf|otf|webmanifest|pdf|txt)(\?.*)?$/i
                ],
                exclude: /^\0/
              }
            },
            handler: [AsyncFunction: handler]
          },
          renderChunk: [Function: renderChunk],
          generateBundle: [Function: generateBundle],
          watchChange: [Function: watchChange]
        },
        {
          name: 'vite:forward-console',
          apply: 'serve',
          configureServer: [Function: configureServer]
        },
        {
          name: '@astro/rolldown-plugin-astro-analyzer',
          applyToEnvironment: [Function: applyToEnvironment],
          generateBundle: [AsyncFunction: generateBundle]
        },
        {
          name: '@astro/plugin-build-internals',
          applyToEnvironment: [Function: applyToEnvironment],
          configEnvironment: [Function: configEnvironment],
          generateBundle: [AsyncFunction: generateBundle]
        },
        {
          name: '@astro/plugin-actions-build',
          applyToEnvironment: [Function: applyToEnvironment],
          writeBundle: [Function: writeBundle]
        },
        {
          name: 'astro:rollup-plugin-build-css',
          applyToEnvironment: [Function: applyToEnvironment],
          generateBundle: [AsyncFunction: generateBundle]
        },
        {
          name: 'astro:head-metadata-build',
          applyToEnvironment: [Function: applyToEnvironment],
          generateBundle: [Function: generateBundle]
        },
        {
          name: 'plugin-noop',
          resolveId: {
            filter: { id: /^virtual:astro:noop$/ },
            handler: [Function: handler]
          },
          load: {
            filter: { id: /^ virtual:astro:noop$/ },
            handler: [Function: handler]
          },
          generateBundle: [Function: generateBundle]
        },
        {
          name: 'astro:ssr-assets',
          applyToEnvironment: [Function: applyToEnvironment],
          configEnvironment: [Function: configEnvironment],
          buildStart: [Function: buildStart],
          generateBundle: [Function: generateBundle],
          writeBundle: {
            sequential: true,
            order: 'post',
            handler: [AsyncFunction: handler]
          }
        },
        {
          name: 'astro:watcher-max-listeners',
          configureServer: [Function: configureServer]
        },
        {
          name: 'astro:routes',
          configureServer: [Function: configureServer],
          applyToEnvironment: [Function: applyToEnvironment],
          resolveId: {
            filter: { id: /^virtual:astro:routes$/ },
            handler: [Function: handler]
          },
          load: {
            filter: { id: /^ virtual:astro:routes$/ },
            handler: [Function: handler]
          },
          transform: [AsyncFunction: transform],
          handleHotUpdate: [AsyncFunction: handleHotUpdate]
        },
        {
          name: 'astro-manifest-plugin',
          resolveId: {
            filter: { id: /^(astro:config\/server|astro:config\/client)$/ },
            handler: [Function: handler]
          },
          load: {
            filter: { id: /^( astro:config\/server| astro:config\/client)$/ },
            handler: [Function: handler]
          }
        },
        {
          name: 'astro:environment',
          configEnvironment: [Function: configEnvironment]
        },
        {
          name: '@astro/plugin-page',
          applyToEnvironment: [Function: applyToEnvironment],
          resolveId: {
            filter: { id: /^virtual:astro:page:/ },
            handler: [Function: handler]
          },
          load: {
            filter: { id: /^ virtual:astro:page:/ },
            handler: [Function: handler]
          }
        },
        {
          name: 'astro:build:normal',
          resolveId: {
            filter: { id: /(?:\?|&)astro(?:&|=|$)/ },
            handler: [Function: handler]
          }
        },
        {
          name: 'astro:scripts',
          config: [Function: config],
          resolveId: {
            filter: { id: /^astro:scripts\// },
            handler: [Function: handler]
          },
          load: {
            filter: {
              id: /^(astro:scripts\/before-hydration.js|astro:scripts\/page.js|astro:scripts\/page-ssr.js)$/
            },
            handler: [Function: handler]
          },
          buildStart: [Function: buildStart]
        },
        {
          name: 'astro:app',
          configResolved: [Function: configResolved],
          resolveId: {
            filter: { id: /^virtual:astro:app$/ },
            handler: [Function: handler]
          },
          load: {
            filter: { id: /^ virtual:astro:app$/ },
            handler: [Function: handler]
          }
        },
        {
          name: 'astro:server-app',
          resolveId: {
            filter: { id: /^astro:server-app$/ },
            handler: [Function: handler]
          }
        },
        {
          name: '@astro/plugin-fetchable',
          applyToEnvironment: [Function: applyToEnvironment],
          configureServer: [Function: configureServer],
          resolveId: {
            filter: { id: /^virtual:astro:fetchable$/ },
            handler: [AsyncFunction: handler]
          },
          load: {
            filter: { id: /^ virtual:astro:fetchable$/ },
            handler: [Function: handler]
          }
        },
        {
          name: 'virtual:astro:dev-css',
          configureServer: [AsyncFunction: configureServer],
          applyToEnvironment: [Function: applyToEnvironment],
          resolveId: {
            filter: {
              id: /^(virtual:astro:dev-css|virtual:astro:dev-css:.*)$/
            },
            handler: [Function: handler]
          },
          load: {
            filter: {
              id: /^( virtual:astro:dev-css| virtual:astro:dev-css:.*)$/
            },
            handler: [AsyncFunction: handler]
          },
          transform: {
            filter: {
              id: {
                include: [
                  /\.(css|less|sass|scss|styl|stylus|pcss|postcss|sss)(?:$|\?)/
                ],
                exclude: [ /(?:\?|&)raw(?:&|$)/, /(?:\?|&)inline\b/ ]
              }
            },
            handler: [Function: handler]
          }
        },
        {
          name: 'virtual:astro:dev-css-all',
          applyToEnvironment: [Function: applyToEnvironment],
          resolveId: {
            filter: { id: /^virtual:astro:dev-css-all$/ },
            handler: [Function: handler]
          },
          load: {
            filter: { id: /^ virtual:astro:dev-css-all$/ },
            handler: [Function: handler]
          }
        },
        {
          name: 'astro:adapter-config',
          config: [Function: config],
          resolveId: {
            filter: { id: /^virtual:astro:adapter-config\/client$/ },
            handler: [Function: handler]
          },
          load: {
            filter: { id: /^ virtual:astro:adapter-config\/client$/ },
            handler: [Function: handler]
          }
        },
        {
          name: 'astro:html',
          options: [Function: options],
          transform: {
            filter: { id: /\.html$/ },
            handler: [AsyncFunction: transform]
          }
        },
        {
          name: 'astro:integration-container',
          configureServer: [AsyncFunction: configureServer],
          buildStart: [AsyncFunction: buildStart]
        },
        {
          name: 'astro:content-imports',
          config: [Function: config],
          buildStart: [AsyncFunction: buildStart],
          transform: {
            filter: {
              id: /(?:\?|&)(?:astroDataCollectionEntry|astroContentCollectionEntry)(?:&|=|$)/
            },
            handler: [AsyncFunction: handler]
          },
          configureServer: [Function: configureServer]
        },
        {
          name: '@astro/plugin-middleware',
          applyToEnvironment: [Function: applyToEnvironment],
          configureServer: [Function: configureServer],
          resolveId: {
            filter: { id: /^virtual:astro:middleware$/ },
            handler: [AsyncFunction: handler]
          },
          load: {
            filter: { id: /^( noop-middleware| virtual:astro:middleware)$/ },
            handler: [AsyncFunction: handler]
          }
        },
        {
          name: 'astro:assets',
          config: [Function: config],
          resolveId: {
            filter: {
              id: /^(virtual:image-service|astro:assets|virtual:astro:get-image)$/
            },
            handler: [AsyncFunction: handler]
          },
          load: {
            filter: { id: /^( astro:assets| virtual:astro:get-image)$/ },
            handler: [Function: handler]
          },
          buildStart: [Function: buildStart],
          renderChunk: [AsyncFunction: renderChunk]
        },
        {
          name: 'astro:fonts',
          buildStart: [AsyncFunction: buildStart],
          configureServer: [AsyncFunction: configureServer],
          resolveId: {
            filter: {
              id: /^(virtual:astro:assets\/fonts\/internal|virtual:astro:assets\/fonts\/runtime|virtual:astro:assets\/fonts\/runtime\/font-file-url-resolver)$/
            },
            handler: [Function: handler]
          },
          load: {
            filter: {
              id: /^( virtual:astro:assets\/fonts\/internal| virtual:astro:assets\/fonts\/runtime| virtual:astro:assets\/fonts\/runtime\/font-file-url-resolver)$/
            },
            handler: [AsyncFunction: handler]
          },
          buildEnd: [AsyncFunction: buildEnd]
        },
        {
          name: 'astro:image-styles',
          resolveId: {
            filter: { id: /^virtual:astro:image-styles.css$/ },
            handler: [Function: handler]
          },
          load: {
            filter: { id: /^ virtual:astro:image-styles.css$/ },
            handler: [AsyncFunction: handler]
          }
        },
        {
          name: 'astro:prefetch',
          resolveId: {
            filter: { id: /^astro:prefetch$/ },
            handler: [Function: handler]
          },
          load: {
            filter: { id: /^ astro:prefetch$/ },
            handler: [Function: handler]
          },
          transform: {
            filter: { id: /astro\/dist\/prefetch\/index.js/ },
            handler: [Function: handler]
          }
        },
        {
          name: 'astro:transitions',
          resolveId: {
            filter: { id: /^(astro:transitions|astro:transitions\/client)$/ },
            handler: [Function: handler]
          },
          load: {
            filter: { id: /^( astro:transitions| astro:transitions\/client)$/ },
            handler: [Function: handler]
          },
          transform: {
            filter: { id: /ClientRouter\.astro.*\.ts$/ },
            handler: [Function: handler]
          }
        },
        {
          name: 'astro:dev-toolbar',
          config: [Function: config],
          resolveId: {
            filter: { id: /^astro:toolbar:internal$/ },
            handler: [Function: handler]
          },
          configureServer: [Function: configureServer],
          load: {
            filter: { id: /^ astro:toolbar:internal$/ },
            handler: [Function: handler]
          }
        },
        {
          name: 'astro:chromedevtools',
          configureServer: [Function: configureServer]
        },
        {
          name: 'vite:react-virtual-preamble',
          resolveId: {
            order: 'pre',
            filter: { id: /^@vitejs\/plugin\-react\/preamble$/ },
            handler: [Function: handler]
          },
          load: {
            filter: { id: /^ @vitejs\/plugin\-react\/preamble$/ },
            handler: [Function: handler]
          }
        },
        {
          name: '@astrojs/react:opts',
          resolveId: {
            filter: { id: /^astro:react:opts$/ },
            handler: [Function: handler]
          },
          load: {
            filter: { id: /^ astro:react:opts$/ },
            handler: [Function: handler]
          }
        },
        {
          name: '@astrojs/react:environment',
          configEnvironment: [Function: configEnvironment]
        },
        {
          name: 'astro:vite-plugin-env',
          config: [Function: config],
          configResolved: [Function: configResolved],
          transform: {
            filter: {
              id: {
                exclude: [
                  /.*\.(html|htm|json)$/,
                  /\.(css|less|sass|scss|styl|stylus|pcss|postcss|sss)(?:$|\?)/
                ]
              },
              code: /import\.meta\.env/
            },
            handler: [Function: handler]
          }
        },
        { name: 'vite:define', options: [Function: options] },
        {
          name: 'vite:css-post',
          renderStart: [Function: renderStart],
          transform: {
            filter: {
              id: {
                include: /\.(css|less|sass|scss|styl|stylus|pcss|postcss|sss)(?:$|\?)/,
                exclude: [
                  /[?&]commonjs-proxy/,
                  /[?&](?:worker|sharedworker|raw|url)\b/
                ]
              }
            },
            handler: [AsyncFunction: handler]
          },
          renderChunk: [AsyncFunction: renderChunk],
          augmentChunkHash: [Function: augmentChunkHash],
          generateBundle: [AsyncFunction: generateBundle]
        },
        {
          name: 'vite:build-html',
          applyToEnvironment: [Function: applyToEnvironment],
          transform: {
            filter: { id: /\.html$/ },
            handler: [AsyncFunction: handler]
          },
          generateBundle: [AsyncFunction: generateBundle]
        },
        {
          name: 'vite:prepare-out-dir',
          watchChange: [Function: watchChange],
          renderStart: { order: 'pre', handler: [Function: handler] }
        },
        BuiltinPlugin {
          name: 'builtin:vite-dynamic-import-vars',
          _options: {
            include: undefined,
            exclude: [ /node_modules/ ],
            resolver: [Function: resolver],
            sourcemap: false
          },
          enforce: undefined
        },
        BuiltinPlugin {
          name: 'builtin:vite-import-glob',
          _options: {
            root: 'D:/kitchenandall/kitchenandall',
            sourcemap: false,
            restoreQueryExtension: false
          },
          enforce: undefined
        },
        {
          name: 'astro:css-target-lowering',
          enforce: 'post',
          configResolved: [Function: configResolved],
          generateBundle: [AsyncFunction: generateBundle]
        },
        {
          name: 'astro:rollup-plugin-single-css',
          enforce: 'post',
          applyToEnvironment: [Function: applyToEnvironment],
          configResolved: [Function: configResolved],
          generateBundle: [Function: generateBundle]
        },
        {
          name: 'astro:rollup-plugin-inline-stylesheets',
          enforce: 'post',
          applyToEnvironment: [Function: applyToEnvironment],
          configResolved: [Function: configResolved],
          generateBundle: [AsyncFunction: generateBundle]
        },
        {
          name: '@astro/plugin-pages',
          enforce: 'post',
          applyToEnvironment: [Function: applyToEnvironment],
          resolveId: {
            filter: { id: /^virtual:astro:pages$/ },
            handler: [Function: handler]
          },
          load: {
            filter: { id: /^ virtual:astro:pages$/ },
            handler: [AsyncFunction: handler]
          }
        },
        {
          name: 'astro:scripts:page-ssr',
          enforce: 'post',
          transform: [Function: transform]
        },
        {
          name: 'astro:server-islands',
          enforce: 'post',
          api: { hasServerIslands: [Function: hasServerIslands] },
          config: [Function: config],
          buildStart: [Function: buildStart],
          configureServer: [Function: configureServer],
          resolveId: {
            filter: { id: /^virtual:astro:server-island-manifest$/ },
            handler: [Function: handler]
          },
          load: {
            filter: { id: /^ virtual:astro:server-island-manifest$/ },
            handler: [Function: handler]
          },
          transform: {
            filter: {
              id: {
                include: [
                  /\.(astro|mdx)$/,
                  /^ virtual:astro:server-island-manifest$/
                ]
              }
            },
            handler: [AsyncFunction: handler]
          },
          renderChunk: [Function: renderChunk]
        },
        {
          name: 'astro:hmr-reload',
          enforce: 'post',
          hotUpdate: { order: 'post', handler: [Function: handler] }
        },
        {
          name: 'vite:react:config-post',
          enforce: 'post',
          config: [Function: config]
        },
        {
          name: 'astro:resolve-input',
          enforce: 'post',
          config: [Function: config],
          configResolved: [Function: configResolved]
        },
        {
          name: 'astro:build-generate',
          enforce: 'post',
          buildApp: { order: 'post', handler: [AsyncFunction: handler] }
        },
        {
          name: 'vite:build-import-analysis',
          renderChunk: [Function: renderChunk],
          generateBundle: [AsyncFunction: generateBundle]
        },
        BuiltinPlugin {
          name: 'builtin:vite-build-import-analysis',
          _options: {
            preloadCode: 'const scriptRel = /* @__PURE__ */ (function detectScriptRel() {\n' +
              '\tconst relList = typeof document !== "undefined" && document.createElement("link").relList;\n' +
              '\treturn relList && relList.supports && relList.supports("modulepreload") ? "modulepreload" : "preload";\n' +
              '})();const assetsURL = function(dep) { return "/"+dep };const seen = {};export const __vitePreload = function preload(baseModule, deps, importerUrl) {\n' +
              '\tlet promise = Promise.resolve();\n' +
              '\tif (__VITE_IS_MODERN__ && deps && deps.length > 0) {\n' +
              '\t\tconst links = document.getElementsByTagName("link");\n' +
              '\t\tconst cspNonceMeta = document.querySelector("meta[property=csp-nonce]");\n' +
              '\t\tconst cspNonce = cspNonceMeta?.nonce || cspNonceMeta?.getAttribute("nonce");\n' +
              '\t\tfunction allSettled(promises) {\n' +
              '\t\t\treturn Promise.all(promises.map((p) => Promise.resolve(p).then((value) => ({\n' +
              '\t\t\t\tstatus: "fulfilled",\n' +
              '\t\t\t\tvalue\n' +
              '\t\t\t}), (reason) => ({\n' +
              '\t\t\t\tstatus: "rejected",\n' +
              '\t\t\t\treason\n' +
              '\t\t\t}))));\n' +
              '\t\t}\n' +
              '\t\tfunction importMetaResolve(specifier) {\n' +
              '\t\t\tif (import.meta.resolve) return import.meta.resolve(specifier);\n' +
              '\t\t\treturn new URL(\n' +
              '\t\t\t\tspecifier,\n' +
              '\t\t\t\t/** #__KEEP__ */\n' +
              '\t\t\t\timport.meta.url\n' +
              '\t\t\t).href;\n' +
              '\t\t}\n' +
              '\t\tpromise = allSettled(deps.map((dep) => {\n' +
              '\t\t\tdep = assetsURL(dep, importerUrl);\n' +
              '\t\t\tdep = importMetaResolve(dep);\n' +
              '\t\t\tif (dep in seen) return;\n' +
              '\t\t\tseen[dep] = true;\n' +
              '\t\t\tconst isCss = dep.endsWith(".css");\n' +
              '\t\t\tfor (let i = links.length - 1; i >= 0; i--) {\n' +
              '\t\t\t\tconst link = links[i];\n' +
              '\t\t\t\tif (link.href === dep && (!isCss || link.rel === "stylesheet")) return;\n' +
              '\t\t\t}\n' +
              '\t\t\tconst link = document.createElement("link");\n' +
              '\t\t\tlink.rel = isCss ? "stylesheet" : scriptRel;\n' +
              '\t\t\tif (!isCss) link.as = "script";\n' +
              '\t\t\tlink.crossOrigin = "";\n' +
              '\t\t\tlink.href = dep;\n' +
              '\t\t\tif (cspNonce) link.setAttribute("nonce", cspNonce);\n' +
              '\t\t\tdocument.head.appendChild(link);\n' +
              '\t\t\tif (isCss) return new Promise((res, rej) => {\n' +
              '\t\t\t\tlink.addEventListener("load", res);\n' +
              '\t\t\t\tlink.addEventListener("error", () => rej(/* @__PURE__ */ new Error(`Unable to preload CSS for ${dep}`)));\n' +
              '\t\t\t});\n' +
              '\t\t}));\n' +
              '\t}\n' +
              '\tfunction handlePreloadError(err) {\n' +
              '\t\tconst e = new Event("vite:preloadError", { cancelable: true });\n' +
              '\t\te.payload = err;\n' +
              '\t\twindow.dispatchEvent(e);\n' +
              '\t\tif (!e.defaultPrevented) throw err;\n' +
              '\t}\n' +
              '\treturn promise.then((res) => {\n' +
              '\t\tfor (const item of res || []) {\n' +
              '\t\t\tif (item.status !== "rejected") continue;\n' +
              '\t\t\thandlePreloadError(item.reason);\n' +
              '\t\t}\n' +
              '\t\treturn baseModule().catch(handlePreloadError);\n' +
              '\t});\n' +
              '}',
            insertPreload: false,
            optimizeModulePreloadRelativePaths: false,
            renderBuiltUrl: false,
            isRelativeBase: false
          },
          enforce: undefined
        },
        {
          name: 'vite:license',
          generateBundle: [Function: generateBundle]
        },
        {
          name: 'native:manifest-envs',
          buildStart: [Function: buildStart]
        },
        BuiltinPlugin {
          name: 'builtin:vite-manifest',
          _options: {
            root: 'D:/kitchenandall/kitchenandall',
            outPath: '.vite/manifest.json',
            isOutputOptionsForLegacyChunks: undefined,
            cssEntries: [Function: cssEntries]
          },
          enforce: undefined
        },
        {
          name: 'native:manifest-compatible',
          generateBundle: [Function: generateBundle]
        },
        BuiltinPlugin {
          name: 'builtin:vite-reporter',
          _options: {
            root: 'D:/kitchenandall/kitchenandall',
            isTty: false,
            isLib: false,
            assetsDir: '_astro\\',
            chunkLimit: 500,
            logInfo: undefined,
            reportCompressedSize: false,
            warnLargeChunks: false
          },
          enforce: undefined
        },
        BuiltinPlugin {
          name: 'builtin:vite-load-fallback',
          _options: undefined,
          enforce: undefined
        }
      ],
      optimizeDepsPluginNames: []
    },
    client: {
      define: {
        'import.meta.env.SITE': 'undefined',
        'import.meta.env.BASE_URL': '"/"',
        'import.meta.env.ASSETS_PREFIX': 'undefined'
      },
      resolve: {
        externalConditions: [ 'node', 'module-sync' ],
        extensions: [
          '.mjs',  '.js',
          '.mts',  '.ts',
          '.jsx',  '.tsx',
          '.json'
        ],
        dedupe: [
          'astro',     'react',
          'react-dom', 'astro',
          'react',     'react-dom',
          'astro',     'react',
          'react-dom'
        ],
        noExternal: [
          'astro',
          'astro/components',
          '@nanostores/preact',
          '@fontsource/*',
          '@astrojs/internal-helpers',
          '@astrojs/react',
          'astro',
          'astro/components',
          '@nanostores/preact',
          '@fontsource/*',
          '@astrojs/internal-helpers',
          '@astrojs/react',
          'astro',
          'astro/components',
          '@nanostores/preact',
          '@fontsource/*',
          '@astrojs/internal-helpers',
          '@astrojs/react'
        ],
        external: [],
        preserveSymlinks: false,
        tsconfigPaths: true,
        alias: [
          { find: 'randombytes', replacement: 'randombytes/browser' },
          {
            find: /^astro$/,
            replacement: 'd:\\kitchenandall\\kitchenandall\\node_modules\\astro\\dist\\types\\public\\index.js'
          },
          {
            find: 'astro:middleware',
            replacement: 'astro/virtual-modules/middleware.js'
          },
          { find: 'astro:schema', replacement: 'astro/zod' },
          { find: 'astro:components', replacement: 'astro/components' },
          {
            find: /^\/?@vite\/env/,
            replacement: '/@fs/d:/kitchenandall/kitchenandall/node_modules/vite/dist/client/env.mjs'
          },
          {
            find: /^\/?@vite\/client/,
            replacement: '/@fs/d:/kitchenandall/kitchenandall/node_modules/vite/dist/client/client.mjs'
          }
        ],
        mainFields: [ 'browser', 'module', 'jsnext:main', 'jsnext' ],
        conditions: [
          'module',
          'browser',
          'development|production',
          'astro',
          'module',
          'browser',
          'development|production',
          'astro',
          'module',
          'browser',
          'development|production',
          'astro',
          'module',
          'browser',
          'development|production',
          'astro'
        ],
        builtins: []
      },
      keepProcessEnv: false,
      consumer: 'client',
      optimizeDeps: {
        include: [
          'react',
          'react-dom',
          'react/jsx-dev-runtime',
          'react/jsx-runtime',
          'astro > aria-query',
          'astro > axobject-query',
          'react',
          'react-dom',
          'react/jsx-dev-runtime',
          'react/jsx-runtime',
          'astro > aria-query',
          'astro > axobject-query',
          'react',
          'react-dom',
          'react/jsx-dev-runtime',
          'react/jsx-runtime',
          'astro > aria-query',
          'astro > axobject-query',
          'astro > html-escaper',
          'astro/runtime/client/dev-toolbar/entrypoint.js',
          'react',
          'react/jsx-runtime',
          'react/jsx-dev-runtime',
          'react-dom',
          'react-dom/client',
          '@astrojs/react/client.js',
          'astro > html-escaper',
          'astro/runtime/client/dev-toolbar/entrypoint.js',
          'react',
          'react/jsx-runtime',
          'react/jsx-dev-runtime',
          'react-dom',
          'react-dom/client',
          '@astrojs/react/client.js',
          'astro > html-escaper',
          'astro/runtime/client/dev-toolbar/entrypoint.js',
          'react',
          'react/jsx-runtime',
          'react/jsx-dev-runtime',
          'react-dom',
          'react-dom/client',
          '@astrojs/react/client.js'
        ],
        exclude: [
          'astro:*',
          'virtual:astro:*',
          'astro/virtual-modules/prefetch.js',
          '@astrojs/react/server.js',
          'astro:*',
          'virtual:astro:*',
          'astro/virtual-modules/prefetch.js',
          '@astrojs/react/server.js',
          'astro:*',
          'virtual:astro:*',
          'astro/virtual-modules/prefetch.js',
          '@astrojs/react/server.js'
        ],
        needsInterop: [],
        rolldownOptions: {
          transform: { jsx: { runtime: 'automatic' } },
          resolve: { symlinks: true },
          output: { topLevelVar: true }
        },
        extensions: [],
        disabled: undefined,
        holdUntilCrawlEnd: true,
        force: false,
        ignoreOutdatedRequests: false,
        noDiscovery: false,
        entries: [
          'D:/kitchenandall/kitchenandall/src/**/*.{jsx,tsx,vue,svelte,html}',
          'D:/kitchenandall/kitchenandall/src/**/*.{jsx,tsx,vue,svelte,html}',
          'D:/kitchenandall/kitchenandall/src/**/*.{jsx,tsx,vue,svelte,html}'
        ],
        rollupOptions: [Getter/Setter],
        esbuildOptions: { preserveSymlinks: false }
      },
      dev: {
        warmup: [],
        sourcemap: { js: true },
        sourcemapIgnoreList: [Function: isInNodeModules],
        preTransformRequests: true,
        createEnvironment: [Function: defaultCreateClientDevEnvironment],
        recoverable: true,
        moduleRunnerTransform: false
      },
      build: {
        target: 'esnext',
        polyfillModulePreload: true,
        modulePreload: { polyfill: false },
        outDir: 'D:\\kitchenandall\\kitchenandall\\dist\\',
        assetsDir: '_astro',
        assetsInlineLimit: 4096,
        sourcemap: false,
        terserOptions: {},
        chunkImportMap: false,
        rolldownOptions: {
          platform: 'browser',
          preserveEntrySignatures: 'exports-only',
          checks: { pluginTimings: false },
          output: {
            hoistTransitiveImports: false,
            format: 'esm',
            minifyInternalExports: true,
            chunkFileNames: [Function: chunkFileNames],
            assetFileNames: [Function: assetFileNames],
            entryFileNames: [Function: entryFileNames]
          },
          onwarn: [Function: onwarn]
        },
        commonjsOptions: { include: [ /node_modules/ ], extensions: [ '.js', '.cjs' ] },
        dynamicImportVarsOptions: { exclude: [ /node_modules/ ] },
        write: true,
        emptyOutDir: false,
        copyPublicDir: true,
        license: false,
        manifest: false,
        lib: false,
        ssrManifest: false,
        ssrEmitAssets: true,
        reportCompressedSize: false,
        chunkSizeWarningLimit: 500,
        watch: null,
        cssCodeSplit: true,
        minify: 'oxc',
        rollupOptions: [Getter/Setter],
        ssr: true,
        emitAssets: true,
        createEnvironment: [Function: createEnvironment],
        cssMinify: true,
        cssTarget: 'esnext'
      },
      isBundled: true,
      plugins: [
        {
          name: 'vite:watch-package-data',
          buildStart: [Function: buildStart],
          buildEnd: [Function: buildEnd],
          watchChange: [Function: watchChange]
        },
        BuiltinPlugin {
          name: 'builtin:vite-alias',
          _options: {
            entries: [
              {
                find: 'randombytes',
                replacement: 'randombytes/browser'
              },
              {
                find: /^astro$/,
                replacement: 'd:\\kitchenandall\\kitchenandall\\node_modules\\astro\\dist\\types\\public\\index.js'
              },
              {
                find: 'astro:middleware',
                replacement: 'astro/virtual-modules/middleware.js'
              },
              { find: 'astro:schema', replacement: 'astro/zod' },
              {
                find: 'astro:components',
                replacement: 'astro/components'
              },
              {
                find: /^\/?@vite\/env/,
                replacement: '/@fs/d:/kitchenandall/kitchenandall/node_modules/vite/dist/client/env.mjs'
              },
              {
                find: /^\/?@vite\/client/,
                replacement: '/@fs/d:/kitchenandall/kitchenandall/node_modules/vite/dist/client/client.mjs'
              }
            ]
          },
          enforce: undefined
        },
        {
          name: '@astro/plugin-component-entry',
          enforce: 'pre',
          applyToEnvironment: [Function: applyToEnvironment],
          config: [Function: config],
          resolveId: {
            filter: { id: /^ astro-entry:/ },
            handler: [Function: handler]
          },
          load: {
            filter: { id: /^ astro-entry:/ },
            handler: [AsyncFunction: handler]
          }
        },
        {
          name: 'astro:plugin-renderers',
          enforce: 'pre',
          resolveId: {
            filter: { id: /^virtual:astro:renderers$/ },
            handler: [Function: handler]
          },
          load: {
            filter: { id: /^ virtual:astro:renderers$/ },
            handler: [Function: handler]
          }
        },
        {
          name: 'astro:static-paths',
          enforce: 'pre',
          resolveId: {
            filter: { id: /^astro:static-paths$/ },
            handler: [Function: handler]
          },
          load: {
            filter: { id: /^ astro:static-paths$/ },
            handler: [Function: handler]
          }
        },
        {
          name: 'astro:build:css-hmr',
          enforce: 'pre',
          applyToEnvironment: [Function: applyToEnvironment],
          transform: {
            filter: {
              id: {
                include: [ /(?:\?|&)astro(?:&|=|$)/ ],
                exclude: [ /(?:\?|&)(?:url|raw|direct)(?:&|$)/ ]
              }
            },
            handler: [AsyncFunction: handler]
          }
        },
        {
          name: 'astro:build',
          enforce: 'pre',
          configEnvironment: [AsyncFunction: configEnvironment],
          configResolved: [AsyncFunction: configResolved],
          configureServer: [Function: configureServer],
          buildStart: [Function: buildStart],
          load: {
            filter: { id: /(?:\?|&)astro(?:&|=|$)/ },
            handler: [AsyncFunction: handler]
          },
          transform: {
            filter: {
              id: {
                include: [ /\.astro$/, /\.astro\?/ ],
                exclude: [
                  /(?:\?|&)(?:url|raw|direct)(?:&|$)/,
                  /(?:\?|&)astro(?:&|=|$)/
                ]
              }
            },
            handler: [AsyncFunction: handler]
          },
          handleHotUpdate: [AsyncFunction: handleHotUpdate]
        },
        {
          name: 'astro-env-plugin',
          enforce: 'pre',
          config: [Function: config],
          buildStart: [Function: buildStart],
          resolveId: {
            filter: {
              id: /^(astro:env\/client|astro:env\/server|virtual:astro:env\/internal)$/
            },
            handler: [Function: handler]
          },
          load: {
            filter: {
              id: /^( astro:env\/client| astro:env\/server| virtual:astro:env\/internal)$/
            },
            handler: [Function: handler]
          }
        },
        {
          enforce: 'pre',
          name: 'astro:markdown',
          buildEnd: [Function: buildEnd],
          resolveId: {
            filter: { id: /^[^/]/ },
            handler: [AsyncFunction: handler]
          },
          load: {
            filter: {
              id: {
                include: /\.(markdown|mdown|mkdn|mkd|mdwn|md)(\?|$)/,
                exclude: /(?:\?|&)(?:url|raw|direct)(?:&|$)/
              }
            },
            handler: [AsyncFunction: handler]
          }
        },
        {
          name: 'astro-content-virtual-mod-plugin',
          enforce: 'pre',
          config: [Function: config],
          buildStart: [Function: buildStart],
          resolveId: {
            filter: {
              id: /^(astro:content|astro:data-layer-content|astro:content-module-imports|astro:asset-imports)$|(?:\?|&)astroContentModuleFlag(?:&|=|$)/
            },
            handler: [AsyncFunction: handler]
          },
          load: {
            filter: {
              id: /^( astro:content| astro:data-layer-content| astro:asset-imports| astro:content-module-imports)$/
            },
            handler: [AsyncFunction: handler]
          },
          configureServer: [Function: configureServer]
        },
        {
          name: 'astro:content-asset-propagation',
          enforce: 'pre',
          resolveId: {
            filter: {
              id: /(?:\?|&)(?:astroContentImageFlag|astroRenderContent)(?:&|=|$)/
            },
            handler: [AsyncFunction: handler]
          },
          configureServer: [Function: configureServer],
          transform: {
            filter: { id: /(?:\?|&)astroPropagatedAssets(?:&|=|$)/ },
            handler: [AsyncFunction: handler]
          }
        },
        {
          name: 'astro:assets:esm',
          enforce: 'pre',
          config: [Function: config],
          configResolved: [Function: configResolved],
          load: {
            filter: { id: /\.(jpeg|jpg|png|tiff|webp|gif|svg|avif)/i },
            handler: [AsyncFunction: handler]
          }
        },
        {
          name: 'astro:vite-plugin-file-url',
          enforce: 'pre',
          resolveId: {
            filter: { id: /^file:\/\// },
            handler: [Function: handler]
          }
        },
        {
          name: 'astro:i18n',
          enforce: 'pre',
          resolveId: {
            filter: { id: /^astro:i18n$/ },
            handler: [Function: handler]
          }
        },
        {
          name: 'astro:actions',
          enforce: 'pre',
          resolveId: {
            filter: {
              id: /^(astro:actions|virtual:astro:actions\/options|virtual:astro:actions\/entrypoint)$/
            },
            handler: [AsyncFunction: handler]
          },
          configureServer: [AsyncFunction: configureServer],
          load: {
            filter: {
              id: /^( astro:actions| virtual:astro:actions\/noop-entrypoint| virtual:astro:actions\/entrypoint| virtual:astro:actions\/options)$/
            },
            handler: [AsyncFunction: handler]
          }
        },
        {
          name: 'virtual:astro:session-driver',
          enforce: 'pre',
          resolveId: {
            filter: { id: /^virtual:astro:session-driver$/ },
            handler: [Function: handler]
          },
          load: {
            filter: { id: /^ virtual:astro:session-driver$/ },
            handler: [AsyncFunction: handler]
          }
        },
        {
          name: 'astro:container',
          enforce: 'pre',
          resolveId: {
            filter: { id: /^(astro:container)$/ },
            handler: [Function: handler]
          }
        },
        {
          name: '@tailwindcss/vite:scan',
          enforce: 'pre',
          configureServer: [Function: configureServer],
          configResolved: [AsyncFunction: configResolved]
        },
        {
          name: '@tailwindcss/vite:generate:build',
          apply: 'build',
          enforce: 'pre',
          transform: {
            filter: {
              id: {
                exclude: [
                  /\/\.vite\//,
                  /[?&](?:worker|sharedworker|raw|url)\b/,
                  /\?commonjs-proxy/
                ],
                include: [
                  /\.css(?:\?.*)?$/,
                  /&lang\.css/,
                  /[?&]index=\d+\.css$/
                ]
              }
            },
            handler: [AsyncFunction: handler]
          }
        },
        {
          name: 'vite:react-babel',
          enforce: 'pre',
          config: [Function: config],
          configResolved: [Function: configResolved],
          options: [Function: options]
        },
        {
          name: 'vite:react-refresh-fbm',
          enforce: 'pre',
          transformIndexHtml: { handler: [Function: handler], order: 'pre' }
        },
        {
          name: 'vite:react-refresh',
          enforce: 'pre',
          config: [Function: config],
          resolveId: {
            filter: { id: /^\/@react\-refresh$/ },
            handler: [Function: handler]
          },
          load: {
            filter: { id: /^\/@react\-refresh$/ },
            handler: [Function: handler]
          },
          transformIndexHtml: [Function: transformIndexHtml]
        },
        {
          name: 'vite:resolve-builtin:get-environment',
          buildStart: [Function: buildStart],
          perEnvironmentStartEndDuringDev: true
        },
        BuiltinPlugin {
          name: 'builtin:vite-resolve',
          _options: {
            resolveOptions: {
              isBuild: true,
              isProduction: true,
              asSrc: true,
              preferRelative: false,
              isRequire: undefined,
              root: 'D:/kitchenandall/kitchenandall',
              scan: false,
              mainFields: [ 'browser', 'module', 'jsnext:main', 'jsnext', 'main' ],
              conditions: [
                'module',
                'browser',
                'development|production',
                'astro',
                'module',
                'browser',
                'development|production',
                'astro',
                'module',
                'browser',
                'development|production',
                'astro',
                'module',
                'browser',
                'development|production',
                'astro'
              ],
              externalConditions: [ 'node', 'module-sync' ],
              extensions: [
                '.mjs',  '.js',
                '.mts',  '.ts',
                '.jsx',  '.tsx',
                '.json'
              ],
              tryIndex: true,
              tryPrefix: undefined,
              preserveSymlinks: false,
              tsconfigPaths: true
            },
            environmentConsumer: 'client',
            environmentName: 'client',
            builtins: [],
            external: [],
            noExternal: [
              'astro',
              'astro/components',
              '@nanostores/preact',
              '@fontsource/*',
              '@astrojs/internal-helpers',
              '@astrojs/react',
              'astro',
              'astro/components',
              '@nanostores/preact',
              '@fontsource/*',
              '@astrojs/internal-helpers',
              '@astrojs/react',
              'astro',
              'astro/components',
              '@nanostores/preact',
              '@fontsource/*',
              '@astrojs/internal-helpers',
              '@astrojs/react'
            ],
            dedupe: [
              'astro',     'react',
              'react-dom', 'astro',
              'react',     'react-dom',
              'astro',     'react',
              'react-dom'
            ],
            disableCache: false,
            legacyInconsistentCjsInterop: undefined,
            finalizeBareSpecifier: undefined,
            finalizeOtherSpecifiers: undefined,
            resolveSubpathImports: [Function: resolveSubpathImports],
            yarnPnp: false
          },
          enforce: undefined,
          getOrder: [AsyncFunction: wrappedHook],
          load: [AsyncFunction: wrappedHook],
          resolveId: [AsyncFunction: wrappedHook],
          transform: [AsyncFunction: wrappedHook],
          watchChange: [AsyncFunction: wrappedHook],
          perEnvironmentWatchChangeDuringDev: true
        },
        {
          name: 'vite:html-inline-proxy',
          resolveId: {
            filter: { id: /[?&]html-proxy\b/ },
            handler: [Function: handler]
          },
          load: {
            filter: { id: /[?&]html-proxy\b/ },
            handler: [Function: handler]
          }
        },
        {
          name: 'vite:css',
          buildStart: [Function: buildStart],
          buildEnd: [AsyncFunction: buildEnd],
          load: {
            filter: {
              id: /\.(css|less|sass|scss|styl|stylus|pcss|postcss|sss)(?:$|\?)/
            },
            handler: [Function: handler]
          },
          transform: {
            filter: {
              id: {
                include: /\.(css|less|sass|scss|styl|stylus|pcss|postcss|sss)(?:$|\?)/,
                exclude: [
                  /[?&]commonjs-proxy/,
                  /[?&](?:worker|sharedworker|raw|url)\b/
                ]
              }
            },
            handler: [AsyncFunction: handler]
          }
        },
        BuiltinPlugin {
          name: 'builtin:vite-transform',
          _options: {
            root: 'D:/kitchenandall/kitchenandall',
            include: [ /\.(m?ts|[jt]sx)$/ ],
            exclude: [ /\.js$/ ],
            jsxRefreshInclude: [ /\.[tj]sx?(?:\?.*)?$/ ],
            jsxRefreshExclude: [ /\.astro(?:\?.*)?$/ ],
            isServerConsumer: false,
            jsxInject: undefined,
            transformOptions: {
              jsx: {
                development: false,
                runtime: 'automatic',
                importSource: undefined,
                refresh: false
              },
              sourcemap: true
            },
            yarnPnp: false
          },
          enforce: undefined
        },
        BuiltinPlugin {
          name: 'builtin:vite-json',
          _options: { namedExports: true, stringify: 'auto', minify: true },
          enforce: undefined,
          getOrder: [AsyncFunction: wrappedHook],
          load: [AsyncFunction: wrappedHook],
          resolveId: [AsyncFunction: wrappedHook],
          transform: [AsyncFunction: wrappedHook],
          watchChange: [AsyncFunction: wrappedHook]
        },
        {
          name: 'vite:wasm-helper',
          resolveId: {
            filter: { id: /^ vite\/wasm\-helper\.js$/ },
            handler: [Function: handler]
          },
          load: {
            filter: {
              id: [
                /^ vite\/wasm\-helper\.js$/,
                /(?<![?#].*)\.wasm\?init/,
                /(?<![?#].*)\.wasm$/
              ]
            },
            handler: [AsyncFunction: handler]
          },
          renderChunk: undefined
        },
        {
          name: 'vite:worker',
          buildStart: [Function: buildStart],
          load: {
            filter: { id: /(?:\?|&)(worker|sharedworker)(?:&|$)/ },
            handler: [AsyncFunction: handler]
          },
          transform: {
            filter: { id: /(?:\?|&)worker_file&type=(\w+)(?:&|$)/ },
            handler: [Function: handler]
          },
          renderChunk: [Function: renderChunk],
          generateBundle: [Function: generateBundle],
          watchChange: [Function: watchChange]
        },
        {
          name: 'vite:asset',
          perEnvironmentStartEndDuringDev: true,
          buildStart: [Function: buildStart],
          resolveId: {
            filter: {
              id: [
                /(\?|&)url(?:&|$)/,
                /\.(apng|bmp|png|jpe?g|jfif|pjpeg|pjp|gif|svg|ico|webp|avif|cur|jxl|mp4|webm|ogg|mp3|wav|flac|aac|opus|mov|m4a|vtt|woff2?|eot|ttf|otf|webmanifest|pdf|txt)(\?.*)?$/i
              ]
            },
            handler: [Function: handler]
          },
          load: {
            filter: {
              id: {
                include: [
                  /(\?|&)raw(?:&|$)/,
                  /(\?|&)url(?:&|$)/,
                  /\.(apng|bmp|png|jpe?g|jfif|pjpeg|pjp|gif|svg|ico|webp|avif|cur|jxl|mp4|webm|ogg|mp3|wav|flac|aac|opus|mov|m4a|vtt|woff2?|eot|ttf|otf|webmanifest|pdf|txt)(\?.*)?$/i
                ],
                exclude: /^\0/
              }
            },
            handler: [AsyncFunction: handler]
          },
          renderChunk: [Function: renderChunk],
          generateBundle: [Function: generateBundle],
          watchChange: [Function: watchChange]
        },
        {
          name: 'vite:forward-console',
          apply: 'serve',
          configureServer: [Function: configureServer]
        },
        {
          name: '@astro/plugin-build-internals',
          applyToEnvironment: [Function: applyToEnvironment],
          configEnvironment: [Function: configEnvironment],
          generateBundle: [AsyncFunction: generateBundle]
        },
        {
          name: 'astro:rollup-plugin-build-css',
          applyToEnvironment: [Function: applyToEnvironment],
          generateBundle: [AsyncFunction: generateBundle]
        },
        {
          name: '@astro/plugin-scripts',
          applyToEnvironment: [Function: applyToEnvironment],
          configResolved: [Function: configResolved],
          generateBundle: [AsyncFunction: generateBundle]
        },
        {
          name: 'plugin-noop',
          resolveId: {
            filter: { id: /^virtual:astro:noop$/ },
            handler: [Function: handler]
          },
          load: {
            filter: { id: /^ virtual:astro:noop$/ },
            handler: [Function: handler]
          },
          generateBundle: [Function: generateBundle]
        },
        {
          name: 'astro:ssr-assets',
          applyToEnvironment: [Function: applyToEnvironment],
          configEnvironment: [Function: configEnvironment],
          buildStart: [Function: buildStart],
          generateBundle: [Function: generateBundle],
          writeBundle: {
            sequential: true,
            order: 'post',
            handler: [AsyncFunction: handler]
          }
        },
        {
          name: 'astro:watcher-max-listeners',
          configureServer: [Function: configureServer]
        },
        {
          name: 'astro-manifest-plugin',
          resolveId: {
            filter: { id: /^(astro:config\/server|astro:config\/client)$/ },
            handler: [Function: handler]
          },
          load: {
            filter: { id: /^( astro:config\/server| astro:config\/client)$/ },
            handler: [Function: handler]
          }
        },
        {
          name: 'astro:environment',
          configEnvironment: [Function: configEnvironment]
        },
        {
          name: 'astro:build:normal',
          resolveId: {
            filter: { id: /(?:\?|&)astro(?:&|=|$)/ },
            handler: [Function: handler]
          }
        },
        {
          name: 'astro:scripts',
          config: [Function: config],
          resolveId: {
            filter: { id: /^astro:scripts\// },
            handler: [Function: handler]
          },
          load: {
            filter: {
              id: /^(astro:scripts\/before-hydration.js|astro:scripts\/page.js|astro:scripts\/page-ssr.js)$/
            },
            handler: [Function: handler]
          },
          buildStart: [Function: buildStart]
        },
        {
          name: 'astro:app',
          configResolved: [Function: configResolved],
          resolveId: {
            filter: { id: /^virtual:astro:app$/ },
            handler: [Function: handler]
          },
          load: {
            filter: { id: /^ virtual:astro:app$/ },
            handler: [Function: handler]
          }
        },
        {
          name: 'astro:server-app',
          resolveId: {
            filter: { id: /^astro:server-app$/ },
            handler: [Function: handler]
          }
        },
        {
          name: 'virtual:astro:dev-css',
          configureServer: [AsyncFunction: configureServer],
          applyToEnvironment: [Function: applyToEnvironment],
          resolveId: {
            filter: {
              id: /^(virtual:astro:dev-css|virtual:astro:dev-css:.*)$/
            },
            handler: [Function: handler]
          },
          load: {
            filter: {
              id: /^( virtual:astro:dev-css| virtual:astro:dev-css:.*)$/
            },
            handler: [AsyncFunction: handler]
          },
          transform: {
            filter: {
              id: {
                include: [
                  /\.(css|less|sass|scss|styl|stylus|pcss|postcss|sss)(?:$|\?)/
                ],
                exclude: [ /(?:\?|&)raw(?:&|$)/, /(?:\?|&)inline\b/ ]
              }
            },
            handler: [Function: handler]
          }
        },
        {
          name: 'virtual:astro:dev-css-all',
          applyToEnvironment: [Function: applyToEnvironment],
          resolveId: {
            filter: { id: /^virtual:astro:dev-css-all$/ },
            handler: [Function: handler]
          },
          load: {
            filter: { id: /^ virtual:astro:dev-css-all$/ },
            handler: [Function: handler]
          }
        },
        {
          name: 'astro:adapter-config',
          config: [Function: config],
          resolveId: {
            filter: { id: /^virtual:astro:adapter-config\/client$/ },
            handler: [Function: handler]
          },
          load: {
            filter: { id: /^ virtual:astro:adapter-config\/client$/ },
            handler: [Function: handler]
          }
        },
        {
          name: 'astro:html',
          options: [Function: options],
          transform: {
            filter: { id: /\.html$/ },
            handler: [AsyncFunction: transform]
          }
        },
        {
          name: 'astro:integration-container',
          configureServer: [AsyncFunction: configureServer],
          buildStart: [AsyncFunction: buildStart]
        },
        {
          name: 'astro:content-imports',
          config: [Function: config],
          buildStart: [AsyncFunction: buildStart],
          transform: {
            filter: {
              id: /(?:\?|&)(?:astroDataCollectionEntry|astroContentCollectionEntry)(?:&|=|$)/
            },
            handler: [AsyncFunction: handler]
          },
          configureServer: [Function: configureServer]
        },
        {
          name: 'astro:assets',
          config: [Function: config],
          resolveId: {
            filter: {
              id: /^(virtual:image-service|astro:assets|virtual:astro:get-image)$/
            },
            handler: [AsyncFunction: handler]
          },
          load: {
            filter: { id: /^( astro:assets| virtual:astro:get-image)$/ },
            handler: [Function: handler]
          },
          buildStart: [Function: buildStart],
          renderChunk: [AsyncFunction: renderChunk]
        },
        {
          name: 'astro:fonts',
          buildStart: [AsyncFunction: buildStart],
          configureServer: [AsyncFunction: configureServer],
          resolveId: {
            filter: {
              id: /^(virtual:astro:assets\/fonts\/internal|virtual:astro:assets\/fonts\/runtime|virtual:astro:assets\/fonts\/runtime\/font-file-url-resolver)$/
            },
            handler: [Function: handler]
          },
          load: {
            filter: {
              id: /^( virtual:astro:assets\/fonts\/internal| virtual:astro:assets\/fonts\/runtime| virtual:astro:assets\/fonts\/runtime\/font-file-url-resolver)$/
            },
            handler: [AsyncFunction: handler]
          },
          buildEnd: [AsyncFunction: buildEnd]
        },
        {
          name: 'astro:image-styles',
          resolveId: {
            filter: { id: /^virtual:astro:image-styles.css$/ },
            handler: [Function: handler]
          },
          load: {
            filter: { id: /^ virtual:astro:image-styles.css$/ },
            handler: [AsyncFunction: handler]
          }
        },
        {
          name: 'astro:prefetch',
          resolveId: {
            filter: { id: /^astro:prefetch$/ },
            handler: [Function: handler]
          },
          load: {
            filter: { id: /^ astro:prefetch$/ },
            handler: [Function: handler]
          },
          transform: {
            filter: { id: /astro\/dist\/prefetch\/index.js/ },
            handler: [Function: handler]
          }
        },
        {
          name: 'astro:transitions',
          resolveId: {
            filter: { id: /^(astro:transitions|astro:transitions\/client)$/ },
            handler: [Function: handler]
          },
          load: {
            filter: { id: /^( astro:transitions| astro:transitions\/client)$/ },
            handler: [Function: handler]
          },
          transform: {
            filter: { id: /ClientRouter\.astro.*\.ts$/ },
            handler: [Function: handler]
          }
        },
        {
          name: 'astro:dev-toolbar',
          config: [Function: config],
          resolveId: {
            filter: { id: /^astro:toolbar:internal$/ },
            handler: [Function: handler]
          },
          configureServer: [Function: configureServer],
          load: {
            filter: { id: /^ astro:toolbar:internal$/ },
            handler: [Function: handler]
          }
        },
        {
          name: 'astro:chromedevtools',
          configureServer: [Function: configureServer]
        },
        {
          name: 'vite:react-virtual-preamble',
          resolveId: {
            order: 'pre',
            filter: { id: /^@vitejs\/plugin\-react\/preamble$/ },
            handler: [Function: handler]
          },
          load: {
            filter: { id: /^ @vitejs\/plugin\-react\/preamble$/ },
            handler: [Function: handler]
          }
        },
        {
          name: '@astrojs/react:opts',
          resolveId: {
            filter: { id: /^astro:react:opts$/ },
            handler: [Function: handler]
          },
          load: {
            filter: { id: /^ astro:react:opts$/ },
            handler: [Function: handler]
          }
        },
        {
          name: '@astrojs/react:environment',
          configEnvironment: [Function: configEnvironment]
        },
        {
          name: 'astro:vite-plugin-env',
          config: [Function: config],
          configResolved: [Function: configResolved],
          transform: {
            filter: {
              id: {
                exclude: [
                  /.*\.(html|htm|json)$/,
                  /\.(css|less|sass|scss|styl|stylus|pcss|postcss|sss)(?:$|\?)/
                ]
              },
              code: /import\.meta\.env/
            },
            handler: [Function: handler]
          }
        },
        { name: 'vite:define', options: [Function: options] },
        {
          name: 'vite:css-post',
          renderStart: [Function: renderStart],
          transform: {
            filter: {
              id: {
                include: /\.(css|less|sass|scss|styl|stylus|pcss|postcss|sss)(?:$|\?)/,
                exclude: [
                  /[?&]commonjs-proxy/,
                  /[?&](?:worker|sharedworker|raw|url)\b/
                ]
              }
            },
            handler: [AsyncFunction: handler]
          },
          renderChunk: [AsyncFunction: renderChunk],
          augmentChunkHash: [Function: augmentChunkHash],
          generateBundle: [AsyncFunction: generateBundle]
        },
        {
          name: 'vite:build-html',
          applyToEnvironment: [Function: applyToEnvironment],
          transform: {
            filter: { id: /\.html$/ },
            handler: [AsyncFunction: handler]
          },
          generateBundle: [AsyncFunction: generateBundle]
        },
        {
          name: 'vite:worker-import-meta-url',
          applyToEnvironment: [Function: applyToEnvironment],
          transform: {
            filter: {
              code: /\bnew\s+(?:Worker|SharedWorker)\s*\(\s*(new\s+URL\s*\(\s*('[^']+'|"[^"]+"|`[^`]+`)\s*,\s*import\.meta\.url\s*(?:,\s*)?\))/dg
            },
            handler: [AsyncFunction: handler]
          }
        },
        {
          name: 'vite:asset-import-meta-url',
          applyToEnvironment: [Function: applyToEnvironment],
          transform: {
            filter: {
              id: {
                exclude: [
                  /^ vite\/preload\-helper\.js$/,
                  /^d:\\kitchenandall\\kitchenandall\\node_modules\\vite\\dist\\client\\client\.mjs$/
                ]
              },
              code: /\bnew\s+URL\s*\(\s*('[^']+'|"[^"]+"|`[^`]+`)\s*,\s*import\.meta\.url\s*(?:,\s*)?\)/dg
            },
            handler: [AsyncFunction: handler]
          }
        },
        {
          name: 'vite:prepare-out-dir',
          watchChange: [Function: watchChange],
          renderStart: { order: 'pre', handler: [Function: handler] }
        },
        BuiltinPlugin {
          name: 'builtin:vite-dynamic-import-vars',
          _options: {
            include: undefined,
            exclude: [ /node_modules/ ],
            resolver: [Function: resolver],
            sourcemap: false
          },
          enforce: undefined
        },
        BuiltinPlugin {
          name: 'builtin:vite-import-glob',
          _options: {
            root: 'D:/kitchenandall/kitchenandall',
            sourcemap: false,
            restoreQueryExtension: false
          },
          enforce: undefined
        },
        {
          name: 'astro:css-target-lowering',
          enforce: 'post',
          configResolved: [Function: configResolved],
          generateBundle: [AsyncFunction: generateBundle]
        },
        {
          name: 'astro:rollup-plugin-single-css',
          enforce: 'post',
          applyToEnvironment: [Function: applyToEnvironment],
          configResolved: [Function: configResolved],
          generateBundle: [Function: generateBundle]
        },
        {
          name: 'astro:rollup-plugin-inline-stylesheets',
          enforce: 'post',
          applyToEnvironment: [Function: applyToEnvironment],
          configResolved: [Function: configResolved],
          generateBundle: [AsyncFunction: generateBundle]
        },
        {
          name: 'astro:scripts:page-ssr',
          enforce: 'post',
          transform: [Function: transform]
        },
        {
          name: 'astro:server-islands',
          enforce: 'post',
          api: { hasServerIslands: [Function: hasServerIslands] },
          config: [Function: config],
          buildStart: [Function: buildStart],
          configureServer: [Function: configureServer],
          resolveId: {
            filter: { id: /^virtual:astro:server-island-manifest$/ },
            handler: [Function: handler]
          },
          load: {
            filter: { id: /^ virtual:astro:server-island-manifest$/ },
            handler: [Function: handler]
          },
          transform: {
            filter: {
              id: {
                include: [
                  /\.(astro|mdx)$/,
                  /^ virtual:astro:server-island-manifest$/
                ]
              }
            },
            handler: [AsyncFunction: handler]
          },
          renderChunk: [Function: renderChunk]
        },
        {
          name: 'astro:hmr-reload',
          enforce: 'post',
          hotUpdate: { order: 'post', handler: [Function: handler] }
        },
        {
          name: 'vite:react:config-post',
          enforce: 'post',
          config: [Function: config]
        },
        {
          name: 'astro:resolve-input',
          enforce: 'post',
          config: [Function: config],
          configResolved: [Function: configResolved]
        },
        {
          name: 'astro:build-generate',
          enforce: 'post',
          buildApp: { order: 'post', handler: [AsyncFunction: handler] }
        },
        {
          name: 'vite:build-import-analysis',
          renderChunk: [Function: renderChunk],
          generateBundle: [AsyncFunction: generateBundle]
        },
        BuiltinPlugin {
          name: 'builtin:vite-build-import-analysis',
          _options: {
            preloadCode: 'const scriptRel = /* @__PURE__ */ (function detectScriptRel() {\n' +
              '\tconst relList = typeof document !== "undefined" && document.createElement("link").relList;\n' +
              '\treturn relList && relList.supports && relList.supports("modulepreload") ? "modulepreload" : "preload";\n' +
              '})();const assetsURL = function(dep) { return "/"+dep };const seen = {};export const __vitePreload = function preload(baseModule, deps, importerUrl) {\n' +
              '\tlet promise = Promise.resolve();\n' +
              '\tif (__VITE_IS_MODERN__ && deps && deps.length > 0) {\n' +
              '\t\tconst links = document.getElementsByTagName("link");\n' +
              '\t\tconst cspNonceMeta = document.querySelector("meta[property=csp-nonce]");\n' +
              '\t\tconst cspNonce = cspNonceMeta?.nonce || cspNonceMeta?.getAttribute("nonce");\n' +
              '\t\tfunction allSettled(promises) {\n' +
              '\t\t\treturn Promise.all(promises.map((p) => Promise.resolve(p).then((value) => ({\n' +
              '\t\t\t\tstatus: "fulfilled",\n' +
              '\t\t\t\tvalue\n' +
              '\t\t\t}), (reason) => ({\n' +
              '\t\t\t\tstatus: "rejected",\n' +
              '\t\t\t\treason\n' +
              '\t\t\t}))));\n' +
              '\t\t}\n' +
              '\t\tfunction importMetaResolve(specifier) {\n' +
              '\t\t\tif (import.meta.resolve) return import.meta.resolve(specifier);\n' +
              '\t\t\treturn new URL(\n' +
              '\t\t\t\tspecifier,\n' +
              '\t\t\t\t/** #__KEEP__ */\n' +
              '\t\t\t\timport.meta.url\n' +
              '\t\t\t).href;\n' +
              '\t\t}\n' +
              '\t\tpromise = allSettled(deps.map((dep) => {\n' +
              '\t\t\tdep = assetsURL(dep, importerUrl);\n' +
              '\t\t\tdep = importMetaResolve(dep);\n' +
              '\t\t\tif (dep in seen) return;\n' +
              '\t\t\tseen[dep] = true;\n' +
              '\t\t\tconst isCss = dep.endsWith(".css");\n' +
              '\t\t\tfor (let i = links.length - 1; i >= 0; i--) {\n' +
              '\t\t\t\tconst link = links[i];\n' +
              '\t\t\t\tif (link.href === dep && (!isCss || link.rel === "stylesheet")) return;\n' +
              '\t\t\t}\n' +
              '\t\t\tconst link = document.createElement("link");\n' +
              '\t\t\tlink.rel = isCss ? "stylesheet" : scriptRel;\n' +
              '\t\t\tif (!isCss) link.as = "script";\n' +
              '\t\t\tlink.crossOrigin = "";\n' +
              '\t\t\tlink.href = dep;\n' +
              '\t\t\tif (cspNonce) link.setAttribute("nonce", cspNonce);\n' +
              '\t\t\tdocument.head.appendChild(link);\n' +
              '\t\t\tif (isCss) return new Promise((res, rej) => {\n' +
              '\t\t\t\tlink.addEventListener("load", res);\n' +
              '\t\t\t\tlink.addEventListener("error", () => rej(/* @__PURE__ */ new Error(`Unable to preload CSS for ${dep}`)));\n' +
              '\t\t\t});\n' +
              '\t\t}));\n' +
              '\t}\n' +
              '\tfunction handlePreloadError(err) {\n' +
              '\t\tconst e = new Event("vite:preloadError", { cancelable: true });\n' +
              '\t\te.payload = err;\n' +
              '\t\twindow.dispatchEvent(e);\n' +
              '\t\tif (!e.defaultPrevented) throw err;\n' +
              '\t}\n' +
              '\treturn promise.then((res) => {\n' +
              '\t\tfor (const item of res || []) {\n' +
              '\t\t\tif (item.status !== "rejected") continue;\n' +
              '\t\t\thandlePreloadError(item.reason);\n' +
              '\t\t}\n' +
              '\t\treturn baseModule().catch(handlePreloadError);\n' +
              '\t});\n' +
              '}',
            insertPreload: true,
            optimizeModulePreloadRelativePaths: false,
            renderBuiltUrl: false,
            isRelativeBase: false
          },
          enforce: undefined
        },
        {
          name: 'vite:terser',
          applyToEnvironment: [Function: applyToEnvironment],
          renderChunk: [AsyncFunction: renderChunk],
          closeBundle: [Function: closeBundle]
        },
        {
          name: 'vite:license',
          generateBundle: [Function: generateBundle]
        },
        BuiltinPlugin {
          name: 'builtin:vite-reporter',
          _options: {
            root: 'D:/kitchenandall/kitchenandall',
            isTty: false,
            isLib: false,
            assetsDir: '_astro\\',
            chunkLimit: 500,
            logInfo: undefined,
            reportCompressedSize: false,
            warnLargeChunks: true
          },
          enforce: undefined
        },
        BuiltinPlugin {
          name: 'builtin:vite-load-fallback',
          _options: undefined,
          enforce: undefined
        }
      ],
      optimizeDepsPluginNames: []
    },
    ssr: {
      define: {
        'import.meta.env.SITE': 'undefined',
        'import.meta.env.BASE_URL': '"/"',
        'import.meta.env.ASSETS_PREFIX': 'undefined'
      },
      resolve: {
        externalConditions: [ 'node', 'module-sync' ],
        extensions: [
          '.mjs',  '.js',
          '.mts',  '.ts',
          '.jsx',  '.tsx',
          '.json'
        ],
        dedupe: [
          'astro',     'react',
          'react-dom', 'astro',
          'react',     'react-dom',
          'astro',     'react',
          'react-dom'
        ],
        noExternal: [
          '@mui/material',
          '@mui/base',
          '@babel/runtime',
          'use-immer',
          '@material-tailwind/react',
          '@mui/material',
          '@mui/base',
          '@babel/runtime',
          'use-immer',
          '@material-tailwind/react',
          '@mui/material',
          '@mui/base',
          '@babel/runtime',
          'use-immer',
          '@material-tailwind/react',
          'astro',
          'astro/components',
          '@nanostores/preact',
          '@fontsource/*',
          '@astrojs/internal-helpers',
          '@astrojs/react',
          'astro',
          'astro/components',
          '@nanostores/preact',
          '@fontsource/*',
          '@astrojs/internal-helpers',
          '@astrojs/react',
          'astro',
          'astro/components',
          '@nanostores/preact',
          '@fontsource/*',
          '@astrojs/internal-helpers',
          '@astrojs/react'
        ],
        external: [],
        preserveSymlinks: false,
        tsconfigPaths: true,
        alias: [
          { find: 'randombytes', replacement: 'randombytes/browser' },
          {
            find: /^astro$/,
            replacement: 'd:\\kitchenandall\\kitchenandall\\node_modules\\astro\\dist\\types\\public\\index.js'
          },
          {
            find: 'astro:middleware',
            replacement: 'astro/virtual-modules/middleware.js'
          },
          { find: 'astro:schema', replacement: 'astro/zod' },
          { find: 'astro:components', replacement: 'astro/components' },
          {
            find: /^\/?@vite\/env/,
            replacement: '/@fs/d:/kitchenandall/kitchenandall/node_modules/vite/dist/client/env.mjs'
          },
          {
            find: /^\/?@vite\/client/,
            replacement: '/@fs/d:/kitchenandall/kitchenandall/node_modules/vite/dist/client/client.mjs'
          }
        ],
        mainFields: [ 'module', 'jsnext:main', 'jsnext' ],
        conditions: [ 'module', 'node', 'development|production', 'astro' ],
        builtins: [
          '_http_agent',         '_http_client',        '_http_common',
          '_http_incoming',      '_http_outgoing',      '_http_server',
          '_stream_duplex',      '_stream_passthrough', '_stream_readable',
          '_stream_transform',   '_stream_wrap',        '_stream_writable',
          '_tls_common',         '_tls_wrap',           'assert',
          'assert/strict',       'async_hooks',         'buffer',
          'child_process',       'cluster',             'console',
          'constants',           'crypto',              'dgram',
          'diagnostics_channel', 'dns',                 'dns/promises',
          'domain',              'events',              'fs',
          'fs/promises',         'http',                'http2',
          'https',               'inspector',           'inspector/promises',
          'module',              'net',                 'os',
          'path',                'path/posix',          'path/win32',
          'perf_hooks',          'process',             'punycode',
          'querystring',         'readline',            'readline/promises',
          'repl',                'stream',              'stream/consumers',
          'stream/promises',     'stream/web',          'string_decoder',
          'sys',                 'timers',              'timers/promises',
          'tls',                 'trace_events',        'tty',
          'url',                 'util',                'util/types',
          'v8',                  'vm',                  'wasi',
          'worker_threads',      'zlib',                /^node:/,
          /^bun:/
        ]
      },
      keepProcessEnv: true,
      consumer: 'server',
      optimizeDeps: {
        include: [],
        exclude: [],
        needsInterop: [],
        rolldownOptions: { resolve: { symlinks: true }, output: { topLevelVar: true } },
        extensions: [],
        disabled: undefined,
        holdUntilCrawlEnd: true,
        force: false,
        ignoreOutdatedRequests: false,
        noDiscovery: true,
        rollupOptions: [Getter/Setter],
        esbuildOptions: { preserveSymlinks: false }
      },
      dev: {
        warmup: [],
        sourcemap: { js: true },
        sourcemapIgnoreList: [Function: isInNodeModules],
        preTransformRequests: false,
        createEnvironment: [Function: defaultCreateDevEnvironment],
        recoverable: false,
        moduleRunnerTransform: true
      },
      build: {
        target: 'esnext',
        polyfillModulePreload: true,
        modulePreload: { polyfill: false },
        outDir: 'D:\\kitchenandall\\kitchenandall\\dist\\',
        assetsDir: '_astro',
        assetsInlineLimit: 4096,
        sourcemap: false,
        terserOptions: {},
        chunkImportMap: false,
        rolldownOptions: {
          platform: 'node',
          preserveEntrySignatures: 'exports-only',
          checks: { pluginTimings: false },
          output: {
            hoistTransitiveImports: false,
            format: 'esm',
            minifyInternalExports: true,
            chunkFileNames: [Function: chunkFileNames],
            assetFileNames: [Function: assetFileNames],
            entryFileNames: [Function: entryFileNames]
          },
          onwarn: [Function: onwarn]
        },
        commonjsOptions: { include: [ /node_modules/ ], extensions: [ '.js', '.cjs' ] },
        dynamicImportVarsOptions: { exclude: [ /node_modules/ ] },
        write: true,
        emptyOutDir: false,
        copyPublicDir: false,
        license: false,
        manifest: true,
        lib: false,
        ssrManifest: false,
        ssrEmitAssets: true,
        reportCompressedSize: false,
        chunkSizeWarningLimit: 500,
        watch: null,
        cssCodeSplit: true,
        minify: false,
        rollupOptions: [Getter/Setter],
        ssr: true,
        emitAssets: true,
        createEnvironment: [Function: createEnvironment],
        cssMinify: true,
        cssTarget: 'esnext'
      },
      isBundled: true,
      plugins: [
        {
          name: 'vite:watch-package-data',
          buildStart: [Function: buildStart],
          buildEnd: [Function: buildEnd],
          watchChange: [Function: watchChange]
        },
        BuiltinPlugin {
          name: 'builtin:vite-alias',
          _options: {
            entries: [
              {
                find: 'randombytes',
                replacement: 'randombytes/browser'
              },
              {
                find: /^astro$/,
                replacement: 'd:\\kitchenandall\\kitchenandall\\node_modules\\astro\\dist\\types\\public\\index.js'
              },
              {
                find: 'astro:middleware',
                replacement: 'astro/virtual-modules/middleware.js'
              },
              { find: 'astro:schema', replacement: 'astro/zod' },
              {
                find: 'astro:components',
                replacement: 'astro/components'
              },
              {
                find: /^\/?@vite\/env/,
                replacement: '/@fs/d:/kitchenandall/kitchenandall/node_modules/vite/dist/client/env.mjs'
              },
              {
                find: /^\/?@vite\/client/,
                replacement: '/@fs/d:/kitchenandall/kitchenandall/node_modules/vite/dist/client/client.mjs'
              }
            ]
          },
          enforce: undefined
        },
        {
          name: 'virtual:astro:manifest',
          enforce: 'pre',
          configureServer: [Function: configureServer],
          applyToEnvironment: [Function: applyToEnvironment],
          resolveId: {
            filter: { id: /^virtual:astro:manifest$/ },
            handler: [Function: handler]
          },
          load: {
            filter: { id: /^ virtual:astro:manifest$/ },
            handler: [AsyncFunction: handler]
          }
        },
        {
          name: 'astro:plugin-renderers',
          enforce: 'pre',
          resolveId: {
            filter: { id: /^virtual:astro:renderers$/ },
            handler: [Function: handler]
          },
          load: {
            filter: { id: /^ virtual:astro:renderers$/ },
            handler: [Function: handler]
          }
        },
        {
          name: 'astro:static-paths',
          enforce: 'pre',
          resolveId: {
            filter: { id: /^astro:static-paths$/ },
            handler: [Function: handler]
          },
          load: {
            filter: { id: /^ astro:static-paths$/ },
            handler: [Function: handler]
          }
        },
        {
          name: 'astro:build',
          enforce: 'pre',
          configEnvironment: [AsyncFunction: configEnvironment],
          configResolved: [AsyncFunction: configResolved],
          configureServer: [Function: configureServer],
          buildStart: [Function: buildStart],
          load: {
            filter: { id: /(?:\?|&)astro(?:&|=|$)/ },
            handler: [AsyncFunction: handler]
          },
          transform: {
            filter: {
              id: {
                include: [ /\.astro$/, /\.astro\?/ ],
                exclude: [
                  /(?:\?|&)(?:url|raw|direct)(?:&|$)/,
                  /(?:\?|&)astro(?:&|=|$)/
                ]
              }
            },
            handler: [AsyncFunction: handler]
          },
          handleHotUpdate: [AsyncFunction: handleHotUpdate]
        },
        {
          name: 'astro-env-plugin',
          enforce: 'pre',
          config: [Function: config],
          buildStart: [Function: buildStart],
          resolveId: {
            filter: {
              id: /^(astro:env\/client|astro:env\/server|virtual:astro:env\/internal)$/
            },
            handler: [Function: handler]
          },
          load: {
            filter: {
              id: /^( astro:env\/client| astro:env\/server| virtual:astro:env\/internal)$/
            },
            handler: [Function: handler]
          }
        },
        {
          enforce: 'pre',
          name: 'astro:markdown',
          buildEnd: [Function: buildEnd],
          resolveId: {
            filter: { id: /^[^/]/ },
            handler: [AsyncFunction: handler]
          },
          load: {
            filter: {
              id: {
                include: /\.(markdown|mdown|mkdn|mkd|mdwn|md)(\?|$)/,
                exclude: /(?:\?|&)(?:url|raw|direct)(?:&|$)/
              }
            },
            handler: [AsyncFunction: handler]
          }
        },
        {
          name: 'astro-content-virtual-mod-plugin',
          enforce: 'pre',
          config: [Function: config],
          buildStart: [Function: buildStart],
          resolveId: {
            filter: {
              id: /^(astro:content|astro:data-layer-content|astro:content-module-imports|astro:asset-imports)$|(?:\?|&)astroContentModuleFlag(?:&|=|$)/
            },
            handler: [AsyncFunction: handler]
          },
          load: {
            filter: {
              id: /^( astro:content| astro:data-layer-content| astro:asset-imports| astro:content-module-imports)$/
            },
            handler: [AsyncFunction: handler]
          },
          configureServer: [Function: configureServer]
        },
        {
          name: 'astro:content-asset-propagation',
          enforce: 'pre',
          resolveId: {
            filter: {
              id: /(?:\?|&)(?:astroContentImageFlag|astroRenderContent)(?:&|=|$)/
            },
            handler: [AsyncFunction: handler]
          },
          configureServer: [Function: configureServer],
          transform: {
            filter: { id: /(?:\?|&)astroPropagatedAssets(?:&|=|$)/ },
            handler: [AsyncFunction: handler]
          }
        },
        {
          name: 'astro:assets:esm',
          enforce: 'pre',
          config: [Function: config],
          configResolved: [Function: configResolved],
          load: {
            filter: { id: /\.(jpeg|jpg|png|tiff|webp|gif|svg|avif)/i },
            handler: [AsyncFunction: handler]
          }
        },
        {
          name: 'astro:vite-plugin-file-url',
          enforce: 'pre',
          resolveId: {
            filter: { id: /^file:\/\// },
            handler: [Function: handler]
          }
        },
        {
          name: 'astro:i18n',
          enforce: 'pre',
          resolveId: {
            filter: { id: /^astro:i18n$/ },
            handler: [Function: handler]
          }
        },
        {
          name: 'astro:actions',
          enforce: 'pre',
          resolveId: {
            filter: {
              id: /^(astro:actions|virtual:astro:actions\/options|virtual:astro:actions\/entrypoint)$/
            },
            handler: [AsyncFunction: handler]
          },
          configureServer: [AsyncFunction: configureServer],
          load: {
            filter: {
              id: /^( astro:actions| virtual:astro:actions\/noop-entrypoint| virtual:astro:actions\/entrypoint| virtual:astro:actions\/options)$/
            },
            handler: [AsyncFunction: handler]
          }
        },
        {
          name: 'virtual:astro:session-driver',
          enforce: 'pre',
          resolveId: {
            filter: { id: /^virtual:astro:session-driver$/ },
            handler: [Function: handler]
          },
          load: {
            filter: { id: /^ virtual:astro:session-driver$/ },
            handler: [AsyncFunction: handler]
          }
        },
        {
          name: 'astro:container',
          enforce: 'pre',
          resolveId: {
            filter: { id: /^(astro:container)$/ },
            handler: [Function: handler]
          }
        },
        {
          name: '@tailwindcss/vite:scan',
          enforce: 'pre',
          configureServer: [Function: configureServer],
          configResolved: [AsyncFunction: configResolved]
        },
        {
          name: '@tailwindcss/vite:generate:build',
          apply: 'build',
          enforce: 'pre',
          transform: {
            filter: {
              id: {
                exclude: [
                  /\/\.vite\//,
                  /[?&](?:worker|sharedworker|raw|url)\b/,
                  /\?commonjs-proxy/
                ],
                include: [
                  /\.css(?:\?.*)?$/,
                  /&lang\.css/,
                  /[?&]index=\d+\.css$/
                ]
              }
            },
            handler: [AsyncFunction: handler]
          }
        },
        {
          name: 'vite:react-babel',
          enforce: 'pre',
          config: [Function: config],
          configResolved: [Function: configResolved],
          options: [Function: options]
        },
        {
          name: 'vite:react-refresh-fbm',
          enforce: 'pre',
          transformIndexHtml: { handler: [Function: handler], order: 'pre' }
        },
        {
          name: 'vite:react-refresh',
          enforce: 'pre',
          config: [Function: config],
          resolveId: {
            filter: { id: /^\/@react\-refresh$/ },
            handler: [Function: handler]
          },
          load: {
            filter: { id: /^\/@react\-refresh$/ },
            handler: [Function: handler]
          },
          transformIndexHtml: [Function: transformIndexHtml]
        },
        {
          name: 'vite:resolve-builtin:get-environment',
          buildStart: [Function: buildStart],
          perEnvironmentStartEndDuringDev: true
        },
        BuiltinPlugin {
          name: 'builtin:vite-resolve',
          _options: {
            resolveOptions: {
              isBuild: true,
              isProduction: true,
              asSrc: true,
              preferRelative: false,
              isRequire: undefined,
              root: 'D:/kitchenandall/kitchenandall',
              scan: false,
              mainFields: [ 'module', 'jsnext:main', 'jsnext', 'main' ],
              conditions: [ 'module', 'node', 'development|production', 'astro' ],
              externalConditions: [ 'node', 'module-sync' ],
              extensions: [
                '.mjs',  '.js',
                '.mts',  '.ts',
                '.jsx',  '.tsx',
                '.json'
              ],
              tryIndex: true,
              tryPrefix: undefined,
              preserveSymlinks: false,
              tsconfigPaths: true
            },
            environmentConsumer: 'server',
            environmentName: 'ssr',
            builtins: [
              '_http_agent',
              '_http_client',
              '_http_common',
              '_http_incoming',
              '_http_outgoing',
              '_http_server',
              '_stream_duplex',
              '_stream_passthrough',
              '_stream_readable',
              '_stream_transform',
              '_stream_wrap',
              '_stream_writable',
              '_tls_common',
              '_tls_wrap',
              'assert',
              'assert/strict',
              'async_hooks',
              'buffer',
              'child_process',
              'cluster',
              'console',
              'constants',
              'crypto',
              'dgram',
              'diagnostics_channel',
              'dns',
              'dns/promises',
              'domain',
              'events',
              'fs',
              'fs/promises',
              'http',
              'http2',
              'https',
              'inspector',
              'inspector/promises',
              'module',
              'net',
              'os',
              'path',
              'path/posix',
              'path/win32',
              'perf_hooks',
              'process',
              'punycode',
              'querystring',
              'readline',
              'readline/promises',
              'repl',
              'stream',
              'stream/consumers',
              'stream/promises',
              'stream/web',
              'string_decoder',
              'sys',
              'timers',
              'timers/promises',
              'tls',
              'trace_events',
              'tty',
              'url',
              'util',
              'util/types',
              'v8',
              'vm',
              'wasi',
              'worker_threads',
              'zlib',
              /^node:/,
              /^bun:/
            ],
            external: [],
            noExternal: [
              '@mui/material',
              '@mui/base',
              '@babel/runtime',
              'use-immer',
              '@material-tailwind/react',
              '@mui/material',
              '@mui/base',
              '@babel/runtime',
              'use-immer',
              '@material-tailwind/react',
              '@mui/material',
              '@mui/base',
              '@babel/runtime',
              'use-immer',
              '@material-tailwind/react',
              'astro',
              'astro/components',
              '@nanostores/preact',
              '@fontsource/*',
              '@astrojs/internal-helpers',
              '@astrojs/react',
              'astro',
              'astro/components',
              '@nanostores/preact',
              '@fontsource/*',
              '@astrojs/internal-helpers',
              '@astrojs/react',
              'astro',
              'astro/components',
              '@nanostores/preact',
              '@fontsource/*',
              '@astrojs/internal-helpers',
              '@astrojs/react'
            ],
            dedupe: [
              'astro',     'react',
              'react-dom', 'astro',
              'react',     'react-dom',
              'astro',     'react',
              'react-dom'
            ],
            disableCache: false,
            legacyInconsistentCjsInterop: undefined,
            finalizeBareSpecifier: undefined,
            finalizeOtherSpecifiers: undefined,
            resolveSubpathImports: [Function: resolveSubpathImports],
            yarnPnp: false
          },
          enforce: undefined,
          getOrder: [AsyncFunction: wrappedHook],
          load: [AsyncFunction: wrappedHook],
          resolveId: [AsyncFunction: wrappedHook],
          transform: [AsyncFunction: wrappedHook],
          watchChange: [AsyncFunction: wrappedHook],
          perEnvironmentWatchChangeDuringDev: true
        },
        {
          name: 'vite:html-inline-proxy',
          resolveId: {
            filter: { id: /[?&]html-proxy\b/ },
            handler: [Function: handler]
          },
          load: {
            filter: { id: /[?&]html-proxy\b/ },
            handler: [Function: handler]
          }
        },
        {
          name: 'vite:css',
          buildStart: [Function: buildStart],
          buildEnd: [AsyncFunction: buildEnd],
          load: {
            filter: {
              id: /\.(css|less|sass|scss|styl|stylus|pcss|postcss|sss)(?:$|\?)/
            },
            handler: [Function: handler]
          },
          transform: {
            filter: {
              id: {
                include: /\.(css|less|sass|scss|styl|stylus|pcss|postcss|sss)(?:$|\?)/,
                exclude: [
                  /[?&]commonjs-proxy/,
                  /[?&](?:worker|sharedworker|raw|url)\b/
                ]
              }
            },
            handler: [AsyncFunction: handler]
          }
        },
        BuiltinPlugin {
          name: 'builtin:vite-transform',
          _options: {
            root: 'D:/kitchenandall/kitchenandall',
            include: [ /\.(m?ts|[jt]sx)$/ ],
            exclude: [ /\.js$/ ],
            jsxRefreshInclude: [ /\.[tj]sx?(?:\?.*)?$/ ],
            jsxRefreshExclude: [ /\.astro(?:\?.*)?$/ ],
            isServerConsumer: true,
            jsxInject: undefined,
            transformOptions: {
              jsx: {
                development: false,
                runtime: 'automatic',
                importSource: undefined,
                refresh: false
              },
              sourcemap: true
            },
            yarnPnp: false
          },
          enforce: undefined
        },
        BuiltinPlugin {
          name: 'builtin:vite-json',
          _options: { namedExports: true, stringify: 'auto', minify: true },
          enforce: undefined,
          getOrder: [AsyncFunction: wrappedHook],
          load: [AsyncFunction: wrappedHook],
          resolveId: [AsyncFunction: wrappedHook],
          transform: [AsyncFunction: wrappedHook],
          watchChange: [AsyncFunction: wrappedHook]
        },
        {
          name: 'vite:wasm-helper',
          resolveId: {
            filter: { id: /^ vite\/wasm\-helper\.js$/ },
            handler: [Function: handler]
          },
          load: {
            filter: {
              id: [
                /^ vite\/wasm\-helper\.js$/,
                /(?<![?#].*)\.wasm\?init/,
                /(?<![?#].*)\.wasm$/
              ]
            },
            handler: [AsyncFunction: handler]
          },
          renderChunk: {
            filter: { code: /__VITE_WASM_INIT__([\w$]+)__/g },
            handler: [Function: handler]
          }
        },
        {
          name: 'vite:worker',
          buildStart: [Function: buildStart],
          load: {
            filter: { id: /(?:\?|&)(worker|sharedworker)(?:&|$)/ },
            handler: [AsyncFunction: handler]
          },
          transform: {
            filter: { id: /(?:\?|&)worker_file&type=(\w+)(?:&|$)/ },
            handler: [Function: handler]
          },
          renderChunk: [Function: renderChunk],
          generateBundle: [Function: generateBundle],
          watchChange: [Function: watchChange]
        },
        {
          name: 'vite:asset',
          perEnvironmentStartEndDuringDev: true,
          buildStart: [Function: buildStart],
          resolveId: {
            filter: {
              id: [
                /(\?|&)url(?:&|$)/,
                /\.(apng|bmp|png|jpe?g|jfif|pjpeg|pjp|gif|svg|ico|webp|avif|cur|jxl|mp4|webm|ogg|mp3|wav|flac|aac|opus|mov|m4a|vtt|woff2?|eot|ttf|otf|webmanifest|pdf|txt)(\?.*)?$/i
              ]
            },
            handler: [Function: handler]
          },
          load: {
            filter: {
              id: {
                include: [
                  /(\?|&)raw(?:&|$)/,
                  /(\?|&)url(?:&|$)/,
                  /\.(apng|bmp|png|jpe?g|jfif|pjpeg|pjp|gif|svg|ico|webp|avif|cur|jxl|mp4|webm|ogg|mp3|wav|flac|aac|opus|mov|m4a|vtt|woff2?|eot|ttf|otf|webmanifest|pdf|txt)(\?.*)?$/i
                ],
                exclude: /^\0/
              }
            },
            handler: [AsyncFunction: handler]
          },
          renderChunk: [Function: renderChunk],
          generateBundle: [Function: generateBundle],
          watchChange: [Function: watchChange]
        },
        {
          name: 'vite:forward-console',
          apply: 'serve',
          configureServer: [Function: configureServer]
        },
        {
          name: '@astro/rolldown-plugin-astro-analyzer',
          applyToEnvironment: [Function: applyToEnvironment],
          generateBundle: [AsyncFunction: generateBundle]
        },
        {
          name: '@astro/plugin-build-internals',
          applyToEnvironment: [Function: applyToEnvironment],
          configEnvironment: [Function: configEnvironment],
          generateBundle: [AsyncFunction: generateBundle]
        },
        {
          name: '@astro/plugin-middleware-build',
          configResolved: [Function: configResolved],
          options: [Function: options],
          writeBundle: [Function: writeBundle],
          applyToEnvironment: [Function: applyToEnvironment]
        },
        {
          name: '@astro/plugin-actions-build',
          applyToEnvironment: [Function: applyToEnvironment],
          writeBundle: [Function: writeBundle]
        },
        {
          name: 'astro:rollup-plugin-build-css',
          applyToEnvironment: [Function: applyToEnvironment],
          generateBundle: [AsyncFunction: generateBundle]
        },
        {
          name: 'astro:head-metadata-build',
          applyToEnvironment: [Function: applyToEnvironment],
          generateBundle: [Function: generateBundle]
        },
        {
          name: 'astro:rolldown-plugin-prerender',
          applyToEnvironment: [Function: applyToEnvironment],
          generateBundle: [Function: generateBundle]
        },
        {
          name: 'plugin-noop',
          resolveId: {
            filter: { id: /^virtual:astro:noop$/ },
            handler: [Function: handler]
          },
          load: {
            filter: { id: /^ virtual:astro:noop$/ },
            handler: [Function: handler]
          },
          generateBundle: [Function: generateBundle]
        },
        {
          name: 'astro:ssr-assets',
          applyToEnvironment: [Function: applyToEnvironment],
          configEnvironment: [Function: configEnvironment],
          buildStart: [Function: buildStart],
          generateBundle: [Function: generateBundle],
          writeBundle: {
            sequential: true,
            order: 'post',
            handler: [AsyncFunction: handler]
          }
        },
        {
          name: 'astro:watcher-max-listeners',
          configureServer: [Function: configureServer]
        },
        {
          name: 'astro:routes',
          configureServer: [Function: configureServer],
          applyToEnvironment: [Function: applyToEnvironment],
          resolveId: {
            filter: { id: /^virtual:astro:routes$/ },
            handler: [Function: handler]
          },
          load: {
            filter: { id: /^ virtual:astro:routes$/ },
            handler: [Function: handler]
          },
          transform: [AsyncFunction: transform],
          handleHotUpdate: [AsyncFunction: handleHotUpdate]
        },
        {
          name: 'astro-manifest-plugin',
          resolveId: {
            filter: { id: /^(astro:config\/server|astro:config\/client)$/ },
            handler: [Function: handler]
          },
          load: {
            filter: { id: /^( astro:config\/server| astro:config\/client)$/ },
            handler: [Function: handler]
          }
        },
        {
          name: 'astro:environment',
          configEnvironment: [Function: configEnvironment]
        },
        {
          name: '@astro/plugin-page',
          applyToEnvironment: [Function: applyToEnvironment],
          resolveId: {
            filter: { id: /^virtual:astro:page:/ },
            handler: [Function: handler]
          },
          load: {
            filter: { id: /^ virtual:astro:page:/ },
            handler: [Function: handler]
          }
        },
        {
          name: 'astro:build:normal',
          resolveId: {
            filter: { id: /(?:\?|&)astro(?:&|=|$)/ },
            handler: [Function: handler]
          }
        },
        {
          name: 'astro:scripts',
          config: [Function: config],
          resolveId: {
            filter: { id: /^astro:scripts\// },
            handler: [Function: handler]
          },
          load: {
            filter: {
              id: /^(astro:scripts\/before-hydration.js|astro:scripts\/page.js|astro:scripts\/page-ssr.js)$/
            },
            handler: [Function: handler]
          },
          buildStart: [Function: buildStart]
        },
        {
          name: 'astro:app',
          configResolved: [Function: configResolved],
          resolveId: {
            filter: { id: /^virtual:astro:app$/ },
            handler: [Function: handler]
          },
          load: {
            filter: { id: /^ virtual:astro:app$/ },
            handler: [Function: handler]
          }
        },
        {
          name: 'astro:server-app',
          resolveId: {
            filter: { id: /^astro:server-app$/ },
            handler: [Function: handler]
          }
        },
        {
          name: '@astro/plugin-fetchable',
          applyToEnvironment: [Function: applyToEnvironment],
          configureServer: [Function: configureServer],
          resolveId: {
            filter: { id: /^virtual:astro:fetchable$/ },
            handler: [AsyncFunction: handler]
          },
          load: {
            filter: { id: /^ virtual:astro:fetchable$/ },
            handler: [Function: handler]
          }
        },
        {
          name: 'virtual:astro:dev-css',
          configureServer: [AsyncFunction: configureServer],
          applyToEnvironment: [Function: applyToEnvironment],
          resolveId: {
            filter: {
              id: /^(virtual:astro:dev-css|virtual:astro:dev-css:.*)$/
            },
            handler: [Function: handler]
          },
          load: {
            filter: {
              id: /^( virtual:astro:dev-css| virtual:astro:dev-css:.*)$/
            },
            handler: [AsyncFunction: handler]
          },
          transform: {
            filter: {
              id: {
                include: [
                  /\.(css|less|sass|scss|styl|stylus|pcss|postcss|sss)(?:$|\?)/
                ],
                exclude: [ /(?:\?|&)raw(?:&|$)/, /(?:\?|&)inline\b/ ]
              }
            },
            handler: [Function: handler]
          }
        },
        {
          name: 'virtual:astro:dev-css-all',
          applyToEnvironment: [Function: applyToEnvironment],
          resolveId: {
            filter: { id: /^virtual:astro:dev-css-all$/ },
            handler: [Function: handler]
          },
          load: {
            filter: { id: /^ virtual:astro:dev-css-all$/ },
            handler: [Function: handler]
          }
        },
        {
          name: 'astro:adapter-config',
          config: [Function: config],
          resolveId: {
            filter: { id: /^virtual:astro:adapter-config\/client$/ },
            handler: [Function: handler]
          },
          load: {
            filter: { id: /^ virtual:astro:adapter-config\/client$/ },
            handler: [Function: handler]
          }
        },
        {
          name: 'astro:html',
          options: [Function: options],
          transform: {
            filter: { id: /\.html$/ },
            handler: [AsyncFunction: transform]
          }
        },
        {
          name: 'astro:integration-container',
          configureServer: [AsyncFunction: configureServer],
          buildStart: [AsyncFunction: buildStart]
        },
        {
          name: 'astro:content-imports',
          config: [Function: config],
          buildStart: [AsyncFunction: buildStart],
          transform: {
            filter: {
              id: /(?:\?|&)(?:astroDataCollectionEntry|astroContentCollectionEntry)(?:&|=|$)/
            },
            handler: [AsyncFunction: handler]
          },
          configureServer: [Function: configureServer]
        },
        {
          name: '@astro/plugin-middleware',
          applyToEnvironment: [Function: applyToEnvironment],
          configureServer: [Function: configureServer],
          resolveId: {
            filter: { id: /^virtual:astro:middleware$/ },
            handler: [AsyncFunction: handler]
          },
          load: {
            filter: { id: /^( noop-middleware| virtual:astro:middleware)$/ },
            handler: [AsyncFunction: handler]
          }
        },
        {
          name: 'astro:assets',
          config: [Function: config],
          resolveId: {
            filter: {
              id: /^(virtual:image-service|astro:assets|virtual:astro:get-image)$/
            },
            handler: [AsyncFunction: handler]
          },
          load: {
            filter: { id: /^( astro:assets| virtual:astro:get-image)$/ },
            handler: [Function: handler]
          },
          buildStart: [Function: buildStart],
          renderChunk: [AsyncFunction: renderChunk]
        },
        {
          name: 'astro:fonts',
          buildStart: [AsyncFunction: buildStart],
          configureServer: [AsyncFunction: configureServer],
          resolveId: {
            filter: {
              id: /^(virtual:astro:assets\/fonts\/internal|virtual:astro:assets\/fonts\/runtime|virtual:astro:assets\/fonts\/runtime\/font-file-url-resolver)$/
            },
            handler: [Function: handler]
          },
          load: {
            filter: {
              id: /^( virtual:astro:assets\/fonts\/internal| virtual:astro:assets\/fonts\/runtime| virtual:astro:assets\/fonts\/runtime\/font-file-url-resolver)$/
            },
            handler: [AsyncFunction: handler]
          },
          buildEnd: [AsyncFunction: buildEnd]
        },
        {
          name: 'astro:image-styles',
          resolveId: {
            filter: { id: /^virtual:astro:image-styles.css$/ },
            handler: [Function: handler]
          },
          load: {
            filter: { id: /^ virtual:astro:image-styles.css$/ },
            handler: [AsyncFunction: handler]
          }
        },
        {
          name: 'astro:prefetch',
          resolveId: {
            filter: { id: /^astro:prefetch$/ },
            handler: [Function: handler]
          },
          load: {
            filter: { id: /^ astro:prefetch$/ },
            handler: [Function: handler]
          },
          transform: {
            filter: { id: /astro\/dist\/prefetch\/index.js/ },
            handler: [Function: handler]
          }
        },
        {
          name: 'astro:transitions',
          resolveId: {
            filter: { id: /^(astro:transitions|astro:transitions\/client)$/ },
            handler: [Function: handler]
          },
          load: {
            filter: { id: /^( astro:transitions| astro:transitions\/client)$/ },
            handler: [Function: handler]
          },
          transform: {
            filter: { id: /ClientRouter\.astro.*\.ts$/ },
            handler: [Function: handler]
          }
        },
        {
          name: 'astro:dev-toolbar',
          config: [Function: config],
          resolveId: {
            filter: { id: /^astro:toolbar:internal$/ },
            handler: [Function: handler]
          },
          configureServer: [Function: configureServer],
          load: {
            filter: { id: /^ astro:toolbar:internal$/ },
            handler: [Function: handler]
          }
        },
        {
          name: 'astro:chromedevtools',
          configureServer: [Function: configureServer]
        },
        {
          name: 'vite:react-virtual-preamble',
          resolveId: {
            order: 'pre',
            filter: { id: /^@vitejs\/plugin\-react\/preamble$/ },
            handler: [Function: handler]
          },
          load: {
            filter: { id: /^ @vitejs\/plugin\-react\/preamble$/ },
            handler: [Function: handler]
          }
        },
        {
          name: '@astrojs/react:opts',
          resolveId: {
            filter: { id: /^astro:react:opts$/ },
            handler: [Function: handler]
          },
          load: {
            filter: { id: /^ astro:react:opts$/ },
            handler: [Function: handler]
          }
        },
        {
          name: '@astrojs/react:environment',
          configEnvironment: [Function: configEnvironment]
        },
        {
          name: 'astro:vite-plugin-env',
          config: [Function: config],
          configResolved: [Function: configResolved],
          transform: {
            filter: {
              id: {
                exclude: [
                  /.*\.(html|htm|json)$/,
                  /\.(css|less|sass|scss|styl|stylus|pcss|postcss|sss)(?:$|\?)/
                ]
              },
              code: /import\.meta\.env/
            },
            handler: [Function: handler]
          }
        },
        { name: 'vite:define', options: [Function: options] },
        {
          name: 'vite:css-post',
          renderStart: [Function: renderStart],
          transform: {
            filter: {
              id: {
                include: /\.(css|less|sass|scss|styl|stylus|pcss|postcss|sss)(?:$|\?)/,
                exclude: [
                  /[?&]commonjs-proxy/,
                  /[?&](?:worker|sharedworker|raw|url)\b/
                ]
              }
            },
            handler: [AsyncFunction: handler]
          },
          renderChunk: [AsyncFunction: renderChunk],
          augmentChunkHash: [Function: augmentChunkHash],
          generateBundle: [AsyncFunction: generateBundle]
        },
        {
          name: 'vite:build-html',
          applyToEnvironment: [Function: applyToEnvironment],
          transform: {
            filter: { id: /\.html$/ },
            handler: [AsyncFunction: handler]
          },
          generateBundle: [AsyncFunction: generateBundle]
        },
        {
          name: 'vite:prepare-out-dir',
          watchChange: [Function: watchChange],
          renderStart: { order: 'pre', handler: [Function: handler] }
        },
        BuiltinPlugin {
          name: 'builtin:vite-dynamic-import-vars',
          _options: {
            include: undefined,
            exclude: [ /node_modules/ ],
            resolver: [Function: resolver],
            sourcemap: false
          },
          enforce: undefined
        },
        BuiltinPlugin {
          name: 'builtin:vite-import-glob',
          _options: {
            root: 'D:/kitchenandall/kitchenandall',
            sourcemap: false,
            restoreQueryExtension: false
          },
          enforce: undefined
        },
        {
          name: 'astro:css-target-lowering',
          enforce: 'post',
          configResolved: [Function: configResolved],
          generateBundle: [AsyncFunction: generateBundle]
        },
        {
          name: 'astro:rollup-plugin-single-css',
          enforce: 'post',
          applyToEnvironment: [Function: applyToEnvironment],
          configResolved: [Function: configResolved],
          generateBundle: [Function: generateBundle]
        },
        {
          name: 'astro:rollup-plugin-inline-stylesheets',
          enforce: 'post',
          applyToEnvironment: [Function: applyToEnvironment],
          configResolved: [Function: configResolved],
          generateBundle: [AsyncFunction: generateBundle]
        },
        {
          name: '@astro/plugin-pages',
          enforce: 'post',
          applyToEnvironment: [Function: applyToEnvironment],
          resolveId: {
            filter: { id: /^virtual:astro:pages$/ },
            handler: [Function: handler]
          },
          load: {
            filter: { id: /^ virtual:astro:pages$/ },
            handler: [AsyncFunction: handler]
          }
        },
        {
          name: 'astro:scripts:page-ssr',
          enforce: 'post',
          transform: [Function: transform]
        },
        {
          name: 'astro:server-islands',
          enforce: 'post',
          api: { hasServerIslands: [Function: hasServerIslands] },
          config: [Function: config],
          buildStart: [Function: buildStart],
          configureServer: [Function: configureServer],
          resolveId: {
            filter: { id: /^virtual:astro:server-island-manifest$/ },
            handler: [Function: handler]
          },
          load: {
            filter: { id: /^ virtual:astro:server-island-manifest$/ },
            handler: [Function: handler]
          },
          transform: {
            filter: {
              id: {
                include: [
                  /\.(astro|mdx)$/,
                  /^ virtual:astro:server-island-manifest$/
                ]
              }
            },
            handler: [AsyncFunction: handler]
          },
          renderChunk: [Function: renderChunk]
        },
        {
          name: 'astro:hmr-reload',
          enforce: 'post',
          hotUpdate: { order: 'post', handler: [Function: handler] }
        },
        {
          name: 'vite:react:config-post',
          enforce: 'post',
          config: [Function: config]
        },
        {
          name: 'astro:resolve-input',
          enforce: 'post',
          config: [Function: config],
          configResolved: [Function: configResolved]
        },
        {
          name: 'astro:build-generate',
          enforce: 'post',
          buildApp: { order: 'post', handler: [AsyncFunction: handler] }
        },
        {
          name: 'vite:build-import-analysis',
          renderChunk: [Function: renderChunk],
          generateBundle: [AsyncFunction: generateBundle]
        },
        BuiltinPlugin {
          name: 'builtin:vite-build-import-analysis',
          _options: {
            preloadCode: 'const scriptRel = /* @__PURE__ */ (function detectScriptRel() {\n' +
              '\tconst relList = typeof document !== "undefined" && document.createElement("link").relList;\n' +
              '\treturn relList && relList.supports && relList.supports("modulepreload") ? "modulepreload" : "preload";\n' +
              '})();const assetsURL = function(dep) { return "/"+dep };const seen = {};export const __vitePreload = function preload(baseModule, deps, importerUrl) {\n' +
              '\tlet promise = Promise.resolve();\n' +
              '\tif (__VITE_IS_MODERN__ && deps && deps.length > 0) {\n' +
              '\t\tconst links = document.getElementsByTagName("link");\n' +
              '\t\tconst cspNonceMeta = document.querySelector("meta[property=csp-nonce]");\n' +
              '\t\tconst cspNonce = cspNonceMeta?.nonce || cspNonceMeta?.getAttribute("nonce");\n' +
              '\t\tfunction allSettled(promises) {\n' +
              '\t\t\treturn Promise.all(promises.map((p) => Promise.resolve(p).then((value) => ({\n' +
              '\t\t\t\tstatus: "fulfilled",\n' +
              '\t\t\t\tvalue\n' +
              '\t\t\t}), (reason) => ({\n' +
              '\t\t\t\tstatus: "rejected",\n' +
              '\t\t\t\treason\n' +
              '\t\t\t}))));\n' +
              '\t\t}\n' +
              '\t\tfunction importMetaResolve(specifier) {\n' +
              '\t\t\tif (import.meta.resolve) return import.meta.resolve(specifier);\n' +
              '\t\t\treturn new URL(\n' +
              '\t\t\t\tspecifier,\n' +
              '\t\t\t\t/** #__KEEP__ */\n' +
              '\t\t\t\timport.meta.url\n' +
              '\t\t\t).href;\n' +
              '\t\t}\n' +
              '\t\tpromise = allSettled(deps.map((dep) => {\n' +
              '\t\t\tdep = assetsURL(dep, importerUrl);\n' +
              '\t\t\tdep = importMetaResolve(dep);\n' +
              '\t\t\tif (dep in seen) return;\n' +
              '\t\t\tseen[dep] = true;\n' +
              '\t\t\tconst isCss = dep.endsWith(".css");\n' +
              '\t\t\tfor (let i = links.length - 1; i >= 0; i--) {\n' +
              '\t\t\t\tconst link = links[i];\n' +
              '\t\t\t\tif (link.href === dep && (!isCss || link.rel === "stylesheet")) return;\n' +
              '\t\t\t}\n' +
              '\t\t\tconst link = document.createElement("link");\n' +
              '\t\t\tlink.rel = isCss ? "stylesheet" : scriptRel;\n' +
              '\t\t\tif (!isCss) link.as = "script";\n' +
              '\t\t\tlink.crossOrigin = "";\n' +
              '\t\t\tlink.href = dep;\n' +
              '\t\t\tif (cspNonce) link.setAttribute("nonce", cspNonce);\n' +
              '\t\t\tdocument.head.appendChild(link);\n' +
              '\t\t\tif (isCss) return new Promise((res, rej) => {\n' +
              '\t\t\t\tlink.addEventListener("load", res);\n' +
              '\t\t\t\tlink.addEventListener("error", () => rej(/* @__PURE__ */ new Error(`Unable to preload CSS for ${dep}`)));\n' +
              '\t\t\t});\n' +
              '\t\t}));\n' +
              '\t}\n' +
              '\tfunction handlePreloadError(err) {\n' +
              '\t\tconst e = new Event("vite:preloadError", { cancelable: true });\n' +
              '\t\te.payload = err;\n' +
              '\t\twindow.dispatchEvent(e);\n' +
              '\t\tif (!e.defaultPrevented) throw err;\n' +
              '\t}\n' +
              '\treturn promise.then((res) => {\n' +
              '\t\tfor (const item of res || []) {\n' +
              '\t\t\tif (item.status !== "rejected") continue;\n' +
              '\t\t\thandlePreloadError(item.reason);\n' +
              '\t\t}\n' +
              '\t\treturn baseModule().catch(handlePreloadError);\n' +
              '\t});\n' +
              '}',
            insertPreload: false,
            optimizeModulePreloadRelativePaths: false,
            renderBuiltUrl: false,
            isRelativeBase: false
          },
          enforce: undefined
        },
        {
          name: 'vite:license',
          generateBundle: [Function: generateBundle]
        },
        {
          name: 'native:manifest-envs',
          buildStart: [Function: buildStart]
        },
        BuiltinPlugin {
          name: 'builtin:vite-manifest',
          _options: {
            root: 'D:/kitchenandall/kitchenandall',
            outPath: '.vite/manifest.json',
            isOutputOptionsForLegacyChunks: undefined,
            cssEntries: [Function: cssEntries]
          },
          enforce: undefined
        },
        {
          name: 'native:manifest-compatible',
          generateBundle: [Function: generateBundle]
        },
        BuiltinPlugin {
          name: 'builtin:vite-reporter',
          _options: {
            root: 'D:/kitchenandall/kitchenandall',
            isTty: false,
            isLib: false,
            assetsDir: '_astro\\',
            chunkLimit: 500,
            logInfo: undefined,
            reportCompressedSize: false,
            warnLargeChunks: false
          },
          enforce: undefined
        },
        BuiltinPlugin {
          name: 'builtin:vite-load-fallback',
          _options: undefined,
          enforce: undefined
        }
      ],
      optimizeDepsPluginNames: []
    }
  },
  ssr: {
    target: 'node',
    optimizeDeps: {
      esbuildOptions: { preserveSymlinks: false },
      include: [],
      exclude: [],
      needsInterop: [],
      rolldownOptions: { resolve: { symlinks: true }, output: { topLevelVar: true } },
      extensions: [],
      holdUntilCrawlEnd: true,
      force: false,
      ignoreOutdatedRequests: false,
      noDiscovery: true,
      rollupOptions: { resolve: { symlinks: true }, output: { topLevelVar: true } }
    },
    noExternal: [
      '@mui/material',
      '@mui/base',
      '@babel/runtime',
      'use-immer',
      '@material-tailwind/react',
      '@mui/material',
      '@mui/base',
      '@babel/runtime',
      'use-immer',
      '@material-tailwind/react',
      '@mui/material',
      '@mui/base',
      '@babel/runtime',
      'use-immer',
      '@material-tailwind/react',
      'astro',
      'astro/components',
      '@nanostores/preact',
      '@fontsource/*',
      '@astrojs/internal-helpers',
      '@astrojs/react',
      'astro',
      'astro/components',
      '@nanostores/preact',
      '@fontsource/*',
      '@astrojs/internal-helpers',
      '@astrojs/react',
      'astro',
      'astro/components',
      '@nanostores/preact',
      '@fontsource/*',
      '@astrojs/internal-helpers',
      '@astrojs/react'
    ],
    external: [],
    resolve: {
      conditions: [ 'module', 'node', 'development|production', 'astro' ],
      externalConditions: [ 'node', 'module-sync' ]
    }
  },
  logLevel: 'error',
  builder: {
    sharedConfigBuild: false,
    sharedPlugins: false,
    buildApp: [AsyncFunction: buildApp]
  },
  base: '/',
  worker: {
    format: 'iife',
    plugins: '() => plugins',
    rollupOptions: {},
    rolldownOptions: {}
  },
  optimizeDeps: {
    include: [
      'react',
      'react-dom',
      'react/jsx-dev-runtime',
      'react/jsx-runtime',
      'astro > aria-query',
      'astro > axobject-query',
      'react',
      'react-dom',
      'react/jsx-dev-runtime',
      'react/jsx-runtime',
      'astro > aria-query',
      'astro > axobject-query',
      'react',
      'react-dom',
      'react/jsx-dev-runtime',
      'react/jsx-runtime',
      'astro > aria-query',
      'astro > axobject-query',
      'astro > html-escaper',
      'astro/runtime/client/dev-toolbar/entrypoint.js',
      'react',
      'react/jsx-runtime',
      'react/jsx-dev-runtime',
      'react-dom',
      'react-dom/client',
      '@astrojs/react/client.js',
      'astro > html-escaper',
      'astro/runtime/client/dev-toolbar/entrypoint.js',
      'react',
      'react/jsx-runtime',
      'react/jsx-dev-runtime',
      'react-dom',
      'react-dom/client',
      '@astrojs/react/client.js',
      'astro > html-escaper',
      'astro/runtime/client/dev-toolbar/entrypoint.js',
      'react',
      'react/jsx-runtime',
      'react/jsx-dev-runtime',
      'react-dom',
      'react-dom/client',
      '@astrojs/react/client.js'
    ],
    exclude: [
      'astro:*',
      'virtual:astro:*',
      'astro/virtual-modules/prefetch.js',
      '@astrojs/react/server.js',
      'astro:*',
      'virtual:astro:*',
      'astro/virtual-modules/prefetch.js',
      '@astrojs/react/server.js',
      'astro:*',
      'virtual:astro:*',
      'astro/virtual-modules/prefetch.js',
      '@astrojs/react/server.js'
    ],
    needsInterop: [],
    rolldownOptions: {
      transform: { jsx: { runtime: 'automatic' } },
      resolve: { symlinks: true },
      output: { topLevelVar: true }
    },
    extensions: [],
    disabled: undefined,
    holdUntilCrawlEnd: true,
    force: false,
    ignoreOutdatedRequests: false,
    noDiscovery: false,
    entries: [
      'D:/kitchenandall/kitchenandall/src/**/*.{jsx,tsx,vue,svelte,html}',
      'D:/kitchenandall/kitchenandall/src/**/*.{jsx,tsx,vue,svelte,html}',
      'D:/kitchenandall/kitchenandall/src/**/*.{jsx,tsx,vue,svelte,html}'
    ],
    rollupOptions: [Getter/Setter],
    esbuildOptions: { preserveSymlinks: false }
  },
  oxc: {
    jsx: {
      development: false,
      runtime: 'automatic',
      importSource: undefined,
      refresh: false
    },
    jsxRefreshInclude: /\.[tj]sx?(?:\?.*)?$/,
    jsxRefreshExclude: /\.astro(?:\?.*)?$/
  },
  configFileDependencies: [],
  inlineConfig: {
    configFile: false,
    mode: 'production',
    cacheDir: 'D:\\kitchenandall\\kitchenandall\\node_modules\\.vite\\',
    clearScreen: false,
    customLogger: {
      hasWarned: false,
      info: [Function: info],
      warn: [Function: warn],
      warnOnce: [Function: warnOnce],
      error: [Function: error],
      clearScreen: [Function: clearScreen],
      hasErrorLogged: [Function: hasErrorLogged]
    },
    appType: 'custom',
    plugins: [
      {
        name: '@astro/plugin-component-entry',
        enforce: 'pre',
        applyToEnvironment: [Function: applyToEnvironment],
        config: [Function: config],
        resolveId: {
          filter: { id: /^ astro-entry:/ },
          handler: [Function: handler]
        },
        load: {
          filter: { id: /^ astro-entry:/ },
          handler: [AsyncFunction: handler]
        }
      },
      {
        name: '@astro/rolldown-plugin-astro-analyzer',
        applyToEnvironment: [Function: applyToEnvironment],
        generateBundle: [AsyncFunction: generateBundle]
      },
      {
        name: '@astro/plugin-build-internals',
        applyToEnvironment: [Function: applyToEnvironment],
        configEnvironment: [Function: configEnvironment],
        generateBundle: [AsyncFunction: generateBundle]
      },
      {
        name: '@astro/plugin-middleware-build',
        configResolved: [Function: configResolved],
        options: [Function: options],
        writeBundle: [Function: writeBundle],
        applyToEnvironment: [Function: applyToEnvironment]
      },
      {
        name: '@astro/plugin-actions-build',
        applyToEnvironment: [Function: applyToEnvironment],
        writeBundle: [Function: writeBundle]
      },
      {
        name: 'astro:css-target-lowering',
        enforce: 'post',
        configResolved: [Function: configResolved],
        generateBundle: [AsyncFunction: generateBundle]
      },
      {
        name: 'astro:rollup-plugin-build-css',
        applyToEnvironment: [Function: applyToEnvironment],
        generateBundle: [AsyncFunction: generateBundle]
      },
      {
        name: 'astro:rollup-plugin-single-css',
        enforce: 'post',
        applyToEnvironment: [Function: applyToEnvironment],
        configResolved: [Function: configResolved],
        generateBundle: [Function: generateBundle]
      },
      {
        name: 'astro:rollup-plugin-inline-stylesheets',
        enforce: 'post',
        applyToEnvironment: [Function: applyToEnvironment],
        configResolved: [Function: configResolved],
        generateBundle: [AsyncFunction: generateBundle]
      },
      {
        name: 'astro:head-metadata-build',
        applyToEnvironment: [Function: applyToEnvironment],
        generateBundle: [Function: generateBundle]
      },
      {
        name: 'astro:rolldown-plugin-prerender',
        applyToEnvironment: [Function: applyToEnvironment],
        generateBundle: [Function: generateBundle]
      },
      {
        name: '@astro/plugin-scripts',
        applyToEnvironment: [Function: applyToEnvironment],
        configResolved: [Function: configResolved],
        generateBundle: [AsyncFunction: generateBundle]
      },
      {
        name: 'plugin-noop',
        resolveId: {
          filter: { id: /^virtual:astro:noop$/ },
          handler: [Function: handler]
        },
        load: {
          filter: { id: /^ virtual:astro:noop$/ },
          handler: [Function: handler]
        },
        generateBundle: [Function: generateBundle]
      },
      {
        name: 'astro:ssr-assets',
        applyToEnvironment: [Function: applyToEnvironment],
        configEnvironment: [Function: configEnvironment],
        buildStart: [Function: buildStart],
        generateBundle: [Function: generateBundle],
        writeBundle: {
          sequential: true,
          order: 'post',
          handler: [AsyncFunction: handler]
        }
      },
      {
        name: 'astro:watcher-max-listeners',
        configureServer: [Function: configureServer]
      },
      {
        name: 'virtual:astro:manifest',
        enforce: 'pre',
        configureServer: [Function: configureServer],
        applyToEnvironment: [Function: applyToEnvironment],
        resolveId: {
          filter: { id: /^virtual:astro:manifest$/ },
          handler: [Function: handler]
        },
        load: {
          filter: { id: /^ virtual:astro:manifest$/ },
          handler: [AsyncFunction: handler]
        }
      },
      {
        name: 'astro:plugin-renderers',
        enforce: 'pre',
        resolveId: {
          filter: { id: /^virtual:astro:renderers$/ },
          handler: [Function: handler]
        },
        load: {
          filter: { id: /^ virtual:astro:renderers$/ },
          handler: [Function: handler]
        }
      },
      {
        name: 'astro:static-paths',
        enforce: 'pre',
        resolveId: {
          filter: { id: /^astro:static-paths$/ },
          handler: [Function: handler]
        },
        load: {
          filter: { id: /^ astro:static-paths$/ },
          handler: [Function: handler]
        }
      },
      {
        name: 'astro:routes',
        configureServer: [Function: configureServer],
        applyToEnvironment: [Function: applyToEnvironment],
        resolveId: {
          filter: { id: /^virtual:astro:routes$/ },
          handler: [Function: handler]
        },
        load: {
          filter: { id: /^ virtual:astro:routes$/ },
          handler: [Function: handler]
        },
        transform: [AsyncFunction: transform],
        handleHotUpdate: [AsyncFunction: handleHotUpdate]
      },
      {
        name: 'astro-manifest-plugin',
        resolveId: {
          filter: { id: /^(astro:config\/server|astro:config\/client)$/ },
          handler: [Function: handler]
        },
        load: {
          filter: { id: /^( astro:config\/server| astro:config\/client)$/ },
          handler: [Function: handler]
        }
      },
      {
        name: 'astro:environment',
        configEnvironment: [Function: configEnvironment]
      },
      {
        name: '@astro/plugin-page',
        applyToEnvironment: [Function: applyToEnvironment],
        resolveId: {
          filter: { id: /^virtual:astro:page:/ },
          handler: [Function: handler]
        },
        load: {
          filter: { id: /^ virtual:astro:page:/ },
          handler: [Function: handler]
        }
      },
      {
        name: '@astro/plugin-pages',
        enforce: 'post',
        applyToEnvironment: [Function: applyToEnvironment],
        resolveId: {
          filter: { id: /^virtual:astro:pages$/ },
          handler: [Function: handler]
        },
        load: {
          filter: { id: /^ virtual:astro:pages$/ },
          handler: [AsyncFunction: handler]
        }
      },
      null,
      [],
      [
        {
          name: 'astro:build:css-hmr',
          enforce: 'pre',
          applyToEnvironment: [Function: applyToEnvironment],
          transform: {
            filter: {
              id: {
                include: [ /(?:\?|&)astro(?:&|=|$)/ ],
                exclude: [ /(?:\?|&)(?:url|raw|direct)(?:&|$)/ ]
              }
            },
            handler: [AsyncFunction: handler]
          }
        },
        {
          name: 'astro:build',
          enforce: 'pre',
          configEnvironment: [AsyncFunction: configEnvironment],
          configResolved: [AsyncFunction: configResolved],
          configureServer: [Function: configureServer],
          buildStart: [Function: buildStart],
          load: {
            filter: { id: /(?:\?|&)astro(?:&|=|$)/ },
            handler: [AsyncFunction: handler]
          },
          transform: {
            filter: {
              id: {
                include: [ /\.astro$/, /\.astro\?/ ],
                exclude: [
                  /(?:\?|&)(?:url|raw|direct)(?:&|$)/,
                  /(?:\?|&)astro(?:&|=|$)/
                ]
              }
            },
            handler: [AsyncFunction: handler]
          },
          handleHotUpdate: [AsyncFunction: handleHotUpdate]
        },
        {
          name: 'astro:build:normal',
          resolveId: {
            filter: { id: /(?:\?|&)astro(?:&|=|$)/ },
            handler: [Function: handler]
          }
        }
      ],
      {
        name: 'astro:scripts',
        config: [Function: config],
        resolveId: {
          filter: { id: /^astro:scripts\// },
          handler: [Function: handler]
        },
        load: {
          filter: {
            id: /^(astro:scripts\/before-hydration.js|astro:scripts\/page.js|astro:scripts\/page-ssr.js)$/
          },
          handler: [Function: handler]
        },
        buildStart: [Function: buildStart]
      },
      [
        {
          name: 'astro:app',
          configResolved: [Function: configResolved],
          resolveId: {
            filter: { id: /^virtual:astro:app$/ },
            handler: [Function: handler]
          },
          load: {
            filter: { id: /^ virtual:astro:app$/ },
            handler: [Function: handler]
          }
        },
        {
          name: 'astro:server-app',
          resolveId: {
            filter: { id: /^astro:server-app$/ },
            handler: [Function: handler]
          }
        }
      ],
      {
        name: '@astro/plugin-fetchable',
        applyToEnvironment: [Function: applyToEnvironment],
        configureServer: [Function: configureServer],
        resolveId: {
          filter: { id: /^virtual:astro:fetchable$/ },
          handler: [AsyncFunction: handler]
        },
        load: {
          filter: { id: /^ virtual:astro:fetchable$/ },
          handler: [Function: handler]
        }
      },
      false,
      false,
      [
        {
          name: 'virtual:astro:dev-css',
          configureServer: [AsyncFunction: configureServer],
          applyToEnvironment: [Function: applyToEnvironment],
          resolveId: {
            filter: {
              id: /^(virtual:astro:dev-css|virtual:astro:dev-css:.*)$/
            },
            handler: [Function: handler]
          },
          load: {
            filter: {
              id: /^( virtual:astro:dev-css| virtual:astro:dev-css:.*)$/
            },
            handler: [AsyncFunction: handler]
          },
          transform: {
            filter: {
              id: {
                include: [
                  /\.(css|less|sass|scss|styl|stylus|pcss|postcss|sss)(?:$|\?)/
                ],
                exclude: [ /(?:\?|&)raw(?:&|$)/, /(?:\?|&)inline\b/ ]
              }
            },
            handler: [Function: handler]
          }
        },
        {
          name: 'virtual:astro:dev-css-all',
          applyToEnvironment: [Function: applyToEnvironment],
          resolveId: {
            filter: { id: /^virtual:astro:dev-css-all$/ },
            handler: [Function: handler]
          },
          load: {
            filter: { id: /^ virtual:astro:dev-css-all$/ },
            handler: [Function: handler]
          }
        }
      ],
      {
        name: 'astro:vite-plugin-env',
        config: [Function: config],
        configResolved: [Function: configResolved],
        transform: {
          filter: {
            id: {
              exclude: [
                /.*\.(html|htm|json)$/,
                /\.(css|less|sass|scss|styl|stylus|pcss|postcss|sss)(?:$|\?)/
              ]
            },
            code: /import\.meta\.env/
          },
          handler: [Function: handler]
        }
      },
      {
        name: 'astro-env-plugin',
        enforce: 'pre',
        config: [Function: config],
        buildStart: [Function: buildStart],
        resolveId: {
          filter: {
            id: /^(astro:env\/client|astro:env\/server|virtual:astro:env\/internal)$/
          },
          handler: [Function: handler]
        },
        load: {
          filter: {
            id: /^( astro:env\/client| astro:env\/server| virtual:astro:env\/internal)$/
          },
          handler: [Function: handler]
        }
      },
      {
        name: 'astro:adapter-config',
        config: [Function: config],
        resolveId: {
          filter: { id: /^virtual:astro:adapter-config\/client$/ },
          handler: [Function: handler]
        },
        load: {
          filter: { id: /^ virtual:astro:adapter-config\/client$/ },
          handler: [Function: handler]
        }
      },
      {
        enforce: 'pre',
        name: 'astro:markdown',
        buildEnd: [Function: buildEnd],
        resolveId: { filter: { id: /^[^/]/ }, handler: [AsyncFunction: handler] },
        load: {
          filter: {
            id: {
              include: /\.(markdown|mdown|mkdn|mkd|mdwn|md)(\?|$)/,
              exclude: /(?:\?|&)(?:url|raw|direct)(?:&|$)/
            }
          },
          handler: [AsyncFunction: handler]
        }
      },
      {
        name: 'astro:html',
        options: [Function: options],
        transform: {
          filter: { id: /\.html$/ },
          handler: [AsyncFunction: transform]
        }
      },
      {
        name: 'astro:integration-container',
        configureServer: [AsyncFunction: configureServer],
        buildStart: [AsyncFunction: buildStart]
      },
      {
        name: 'astro:scripts:page-ssr',
        enforce: 'post',
        transform: [Function: transform]
      },
      {
        name: 'astro:head-metadata',
        enforce: 'pre',
        apply: 'serve',
        configureServer: [Function: configureServer],
        load: [Function: load],
        resolveId: [Function: resolveId],
        transform: [Function: transform]
      },
      {
        name: 'astro-content-virtual-mod-plugin',
        enforce: 'pre',
        config: [Function: config],
        buildStart: [Function: buildStart],
        resolveId: {
          filter: {
            id: /^(astro:content|astro:data-layer-content|astro:content-module-imports|astro:asset-imports)$|(?:\?|&)astroContentModuleFlag(?:&|=|$)/
          },
          handler: [AsyncFunction: handler]
        },
        load: {
          filter: {
            id: /^( astro:content| astro:data-layer-content| astro:asset-imports| astro:content-module-imports)$/
          },
          handler: [AsyncFunction: handler]
        },
        configureServer: [Function: configureServer]
      },
      [
        {
          name: 'astro:content-imports',
          config: [Function: config],
          buildStart: [AsyncFunction: buildStart],
          transform: {
            filter: {
              id: /(?:\?|&)(?:astroDataCollectionEntry|astroContentCollectionEntry)(?:&|=|$)/
            },
            handler: [AsyncFunction: handler]
          },
          configureServer: [Function: configureServer]
        }
      ],
      {
        name: 'astro:content-asset-propagation',
        enforce: 'pre',
        resolveId: {
          filter: {
            id: /(?:\?|&)(?:astroContentImageFlag|astroRenderContent)(?:&|=|$)/
          },
          handler: [AsyncFunction: handler]
        },
        configureServer: [Function: configureServer],
        transform: {
          filter: { id: /(?:\?|&)astroPropagatedAssets(?:&|=|$)/ },
          handler: [AsyncFunction: handler]
        }
      },
      {
        name: '@astro/plugin-middleware',
        applyToEnvironment: [Function: applyToEnvironment],
        configureServer: [Function: configureServer],
        resolveId: {
          filter: { id: /^virtual:astro:middleware$/ },
          handler: [AsyncFunction: handler]
        },
        load: {
          filter: { id: /^( noop-middleware| virtual:astro:middleware)$/ },
          handler: [AsyncFunction: handler]
        }
      },
      [
        {
          name: 'astro:assets',
          config: [Function: config],
          resolveId: {
            filter: {
              id: /^(virtual:image-service|astro:assets|virtual:astro:get-image)$/
            },
            handler: [AsyncFunction: handler]
          },
          load: {
            filter: { id: /^( astro:assets| virtual:astro:get-image)$/ },
            handler: [Function: handler]
          },
          buildStart: [Function: buildStart],
          renderChunk: [AsyncFunction: renderChunk]
        },
        {
          name: 'astro:assets:esm',
          enforce: 'pre',
          config: [Function: config],
          configResolved: [Function: configResolved],
          load: {
            filter: { id: /\.(jpeg|jpg|png|tiff|webp|gif|svg|avif)/i },
            handler: [AsyncFunction: handler]
          }
        },
        {
          name: 'astro:fonts',
          buildStart: [AsyncFunction: buildStart],
          configureServer: [AsyncFunction: configureServer],
          resolveId: {
            filter: {
              id: /^(virtual:astro:assets\/fonts\/internal|virtual:astro:assets\/fonts\/runtime|virtual:astro:assets\/fonts\/runtime\/font-file-url-resolver)$/
            },
            handler: [Function: handler]
          },
          load: {
            filter: {
              id: /^( virtual:astro:assets\/fonts\/internal| virtual:astro:assets\/fonts\/runtime| virtual:astro:assets\/fonts\/runtime\/font-file-url-resolver)$/
            },
            handler: [AsyncFunction: handler]
          },
          buildEnd: [AsyncFunction: buildEnd]
        },
        {
          name: 'astro:image-styles',
          resolveId: {
            filter: { id: /^virtual:astro:image-styles.css$/ },
            handler: [Function: handler]
          },
          load: {
            filter: { id: /^ virtual:astro:image-styles.css$/ },
            handler: [AsyncFunction: handler]
          }
        }
      ],
      {
        name: 'astro:prefetch',
        resolveId: {
          filter: { id: /^astro:prefetch$/ },
          handler: [Function: handler]
        },
        load: {
          filter: { id: /^ astro:prefetch$/ },
          handler: [Function: handler]
        },
        transform: {
          filter: { id: /astro\/dist\/prefetch\/index.js/ },
          handler: [Function: handler]
        }
      },
      {
        name: 'astro:transitions',
        resolveId: {
          filter: { id: /^(astro:transitions|astro:transitions\/client)$/ },
          handler: [Function: handler]
        },
        load: {
          filter: { id: /^( astro:transitions| astro:transitions\/client)$/ },
          handler: [Function: handler]
        },
        transform: {
          filter: { id: /ClientRouter\.astro.*\.ts$/ },
          handler: [Function: handler]
        }
      },
      {
        name: 'astro:dev-toolbar',
        config: [Function: config],
        resolveId: {
          filter: { id: /^astro:toolbar:internal$/ },
          handler: [Function: handler]
        },
        configureServer: [Function: configureServer],
        load: {
          filter: { id: /^ astro:toolbar:internal$/ },
          handler: [Function: handler]
        }
      },
      {
        name: 'astro:vite-plugin-file-url',
        enforce: 'pre',
        resolveId: { filter: { id: /^file:\/\// }, handler: [Function: handler] }
      },
      {
        name: 'astro:i18n',
        enforce: 'pre',
        resolveId: {
          filter: { id: /^astro:i18n$/ },
          handler: [Function: handler]
        }
      },
      {
        name: 'astro:actions',
        enforce: 'pre',
        resolveId: {
          filter: {
            id: /^(astro:actions|virtual:astro:actions\/options|virtual:astro:actions\/entrypoint)$/
          },
          handler: [AsyncFunction: handler]
        },
        configureServer: [AsyncFunction: configureServer],
        load: {
          filter: {
            id: /^( astro:actions| virtual:astro:actions\/noop-entrypoint| virtual:astro:actions\/entrypoint| virtual:astro:actions\/options)$/
          },
          handler: [AsyncFunction: handler]
        }
      },
      {
        name: 'astro:server-islands',
        enforce: 'post',
        api: { hasServerIslands: [Function: hasServerIslands] },
        config: [Function: config],
        buildStart: [Function: buildStart],
        configureServer: [Function: configureServer],
        resolveId: {
          filter: { id: /^virtual:astro:server-island-manifest$/ },
          handler: [Function: handler]
        },
        load: {
          filter: { id: /^ virtual:astro:server-island-manifest$/ },
          handler: [Function: handler]
        },
        transform: {
          filter: {
            id: {
              include: [
                /\.(astro|mdx)$/,
                /^ virtual:astro:server-island-manifest$/
              ]
            }
          },
          handler: [AsyncFunction: handler]
        },
        renderChunk: [Function: renderChunk]
      },
      {
        name: 'virtual:astro:session-driver',
        enforce: 'pre',
        resolveId: {
          filter: { id: /^virtual:astro:session-driver$/ },
          handler: [Function: handler]
        },
        load: {
          filter: { id: /^ virtual:astro:session-driver$/ },
          handler: [AsyncFunction: handler]
        }
      },
      undefined,
      undefined,
      {
        name: 'astro:container',
        enforce: 'pre',
        resolveId: {
          filter: { id: /^(astro:container)$/ },
          handler: [Function: handler]
        }
      },
      {
        name: 'astro:hmr-reload',
        enforce: 'post',
        hotUpdate: { order: 'post', handler: [Function: handler] }
      },
      {
        name: 'astro:chromedevtools',
        configureServer: [Function: configureServer]
      },
      false,
      {
        name: '@tailwindcss/vite:scan',
        enforce: 'pre',
        configureServer: [Function: configureServer],
        configResolved: [AsyncFunction: configResolved]
      },
      {
        name: '@tailwindcss/vite:generate:build',
        apply: 'build',
        enforce: 'pre',
        transform: {
          filter: {
            id: {
              exclude: [
                /\/\.vite\//,
                /[?&](?:worker|sharedworker|raw|url)\b/,
                /\?commonjs-proxy/
              ],
              include: [
                /\.css(?:\?.*)?$/,
                /&lang\.css/,
                /[?&]index=\d+\.css$/
              ]
            }
          },
          handler: [AsyncFunction: handler]
        }
      },
      {
        name: 'vite:react-babel',
        enforce: 'pre',
        config: [Function: config],
        configResolved: [Function: configResolved],
        options: [Function: options]
      },
      {
        name: 'vite:react:config-post',
        enforce: 'post',
        config: [Function: config]
      },
      {
        name: 'vite:react-refresh-fbm',
        enforce: 'pre',
        transformIndexHtml: { handler: [Function: handler], order: 'pre' }
      },
      {
        name: 'vite:react-refresh',
        enforce: 'pre',
        config: [Function: config],
        resolveId: {
          filter: { id: /^\/@react\-refresh$/ },
          handler: [Function: handler]
        },
        load: {
          filter: { id: /^\/@react\-refresh$/ },
          handler: [Function: handler]
        },
        transformIndexHtml: [Function: transformIndexHtml]
      },
      {
        name: 'vite:react-virtual-preamble',
        resolveId: {
          order: 'pre',
          filter: { id: /^@vitejs\/plugin\-react\/preamble$/ },
          handler: [Function: handler]
        },
        load: {
          filter: { id: /^ @vitejs\/plugin\-react\/preamble$/ },
          handler: [Function: handler]
        }
      },
      {
        name: '@astrojs/react:opts',
        resolveId: {
          filter: { id: /^astro:react:opts$/ },
          handler: [Function: handler]
        },
        load: {
          filter: { id: /^ astro:react:opts$/ },
          handler: [Function: handler]
        }
      },
      {
        name: '@astrojs/react:environment',
        configEnvironment: [Function: configEnvironment]
      },
      {
        name: 'astro:resolve-input',
        enforce: 'post',
        config: [Function: config],
        configResolved: [Function: configResolved]
      },
      {
        name: 'astro:build-generate',
        enforce: 'post',
        buildApp: { order: 'post', handler: [AsyncFunction: handler] }
      }
    ],
    publicDir: 'D:\\kitchenandall\\kitchenandall\\public\\',
    root: 'D:\\kitchenandall\\kitchenandall\\',
    envPrefix: 'PUBLIC_',
    define: {
      'import.meta.env.SITE': 'undefined',
      'import.meta.env.BASE_URL': '"/"',
      'import.meta.env.ASSETS_PREFIX': 'undefined'
    },
    server: { hmr: false, watch: { ignored: [ '**' ] }, middlewareMode: true },
    resolve: {
      tsconfigPaths: true,
      alias: [
        { find: 'randombytes', replacement: 'randombytes/browser' },
        {
          find: /^astro$/,
          replacement: 'd:\\kitchenandall\\kitchenandall\\node_modules\\astro\\dist\\types\\public\\index.js'
        },
        {
          find: 'astro:middleware',
          replacement: 'astro/virtual-modules/middleware.js'
        },
        { find: 'astro:schema', replacement: 'astro/zod' },
        { find: 'astro:components', replacement: 'astro/components' }
      ],
      conditions: [
        'module',
        'browser',
        'development|production',
        'astro',
        'module',
        'browser',
        'development|production',
        'astro',
        'module',
        'browser',
        'development|production',
        'astro',
        'module',
        'browser',
        'development|production',
        'astro'
      ],
      mainFields: undefined
    },
    build: {
      target: 'esnext',
      cssMinify: true,
      assetsDir: '_astro',
      emptyOutDir: false,
      copyPublicDir: false,
      manifest: false,
      rolldownOptions: {
        preserveEntrySignatures: 'exports-only',
        checks: { pluginTimings: false },
        output: {
          hoistTransitiveImports: false,
          format: 'esm',
          minifyInternalExports: true,
          chunkFileNames: [Function: chunkFileNames],
          assetFileNames: [Function: assetFileNames],
          entryFileNames: [Function: entryFileNames]
        }
      },
      ssr: true,
      ssrEmitAssets: true,
      minify: false,
      modulePreload: { polyfill: false },
      reportCompressedSize: false,
      rollupOptions: [Getter/Setter]
    },
    environments: {
      astro: {
        define: {
          'import.meta.env.SITE': 'undefined',
          'import.meta.env.BASE_URL': '"/"',
          'import.meta.env.ASSETS_PREFIX': 'undefined'
        },
        resolve: {
          tsconfigPaths: true,
          alias: [
            { find: 'randombytes', replacement: 'randombytes/browser' },
            {
              find: /^astro$/,
              replacement: 'd:\\kitchenandall\\kitchenandall\\node_modules\\astro\\dist\\types\\public\\index.js'
            },
            {
              find: 'astro:middleware',
              replacement: 'astro/virtual-modules/middleware.js'
            },
            { find: 'astro:schema', replacement: 'astro/zod' },
            {
              find: 'astro:components',
              replacement: 'astro/components'
            },
            { find: 'randombytes', replacement: 'randombytes/browser' },
            {
              find: /^astro$/,
              replacement: 'd:\\kitchenandall\\kitchenandall\\node_modules\\astro\\dist\\types\\public\\index.js'
            },
            {
              find: 'astro:middleware',
              replacement: 'astro/virtual-modules/middleware.js'
            },
            { find: 'astro:schema', replacement: 'astro/zod' },
            {
              find: 'astro:components',
              replacement: 'astro/components'
            },
            { find: 'randombytes', replacement: 'randombytes/browser' },
            {
              find: /^astro$/,
              replacement: 'd:\\kitchenandall\\kitchenandall\\node_modules\\astro\\dist\\types\\public\\index.js'
            },
            {
              find: 'astro:middleware',
              replacement: 'astro/virtual-modules/middleware.js'
            },
            { find: 'astro:schema', replacement: 'astro/zod' },
            {
              find: 'astro:components',
              replacement: 'astro/components'
            }
          ],
          conditions: [ 'module', 'node', 'development|production', 'astro' ],
          mainFields: undefined,
          dedupe: [
            'astro',     'react',
            'react-dom', 'astro',
            'react',     'react-dom',
            'astro',     'react',
            'react-dom'
          ],
          noExternal: [
            'astro',
            'astro/components',
            '@nanostores/preact',
            '@fontsource/*',
            '@astrojs/internal-helpers',
            '@astrojs/react',
            'astro',
            'astro/components',
            '@nanostores/preact',
            '@fontsource/*',
            '@astrojs/internal-helpers',
            '@astrojs/react',
            'astro',
            'astro/components',
            '@nanostores/preact',
            '@fontsource/*',
            '@astrojs/internal-helpers',
            '@astrojs/react'
          ],
          external: []
        },
        dev: { createEnvironment: undefined, warmup: undefined },
        build: {
          target: 'esnext',
          cssMinify: true,
          assetsDir: '_astro',
          emptyOutDir: false,
          copyPublicDir: false,
          manifest: false,
          rolldownOptions: {
            preserveEntrySignatures: 'exports-only',
            checks: { pluginTimings: false },
            output: {
              hoistTransitiveImports: false,
              format: 'esm',
              minifyInternalExports: true,
              chunkFileNames: [Function: chunkFileNames],
              assetFileNames: [Function: assetFileNames],
              entryFileNames: [Function: entryFileNames]
            },
            onwarn: [Function: onwarn]
          },
          ssr: true,
          ssrEmitAssets: true,
          minify: false,
          modulePreload: { polyfill: false },
          reportCompressedSize: false,
          rollupOptions: [Getter/Setter],
          createEnvironment: undefined
        },
        optimizeDeps: {
          include: [],
          exclude: [],
          rolldownOptions: undefined,
          rollupOptions: [Getter/Setter]
        }
      },
      prerender: {
        define: {
          'import.meta.env.SITE': 'undefined',
          'import.meta.env.BASE_URL': '"/"',
          'import.meta.env.ASSETS_PREFIX': 'undefined'
        },
        resolve: {
          tsconfigPaths: true,
          alias: [
            { find: 'randombytes', replacement: 'randombytes/browser' },
            {
              find: /^astro$/,
              replacement: 'd:\\kitchenandall\\kitchenandall\\node_modules\\astro\\dist\\types\\public\\index.js'
            },
            {
              find: 'astro:middleware',
              replacement: 'astro/virtual-modules/middleware.js'
            },
            { find: 'astro:schema', replacement: 'astro/zod' },
            {
              find: 'astro:components',
              replacement: 'astro/components'
            },
            { find: 'randombytes', replacement: 'randombytes/browser' },
            {
              find: /^astro$/,
              replacement: 'd:\\kitchenandall\\kitchenandall\\node_modules\\astro\\dist\\types\\public\\index.js'
            },
            {
              find: 'astro:middleware',
              replacement: 'astro/virtual-modules/middleware.js'
            },
            { find: 'astro:schema', replacement: 'astro/zod' },
            {
              find: 'astro:components',
              replacement: 'astro/components'
            },
            { find: 'randombytes', replacement: 'randombytes/browser' },
            {
              find: /^astro$/,
              replacement: 'd:\\kitchenandall\\kitchenandall\\node_modules\\astro\\dist\\types\\public\\index.js'
            },
            {
              find: 'astro:middleware',
              replacement: 'astro/virtual-modules/middleware.js'
            },
            { find: 'astro:schema', replacement: 'astro/zod' },
            {
              find: 'astro:components',
              replacement: 'astro/components'
            }
          ],
          conditions: [ 'module', 'node', 'development|production', 'astro' ],
          mainFields: undefined,
          noExternal: [
            'astro',
            '@astrojs/internal-helpers',
            'astro',
            'astro/components',
            '@nanostores/preact',
            '@fontsource/*',
            '@astrojs/internal-helpers',
            '@astrojs/react',
            'astro',
            '@astrojs/internal-helpers',
            'astro',
            'astro/components',
            '@nanostores/preact',
            '@fontsource/*',
            '@astrojs/internal-helpers',
            '@astrojs/react',
            'astro',
            '@astrojs/internal-helpers',
            'astro',
            'astro/components',
            '@nanostores/preact',
            '@fontsource/*',
            '@astrojs/internal-helpers',
            '@astrojs/react'
          ],
          dedupe: [
            'astro',     'react',
            'react-dom', 'astro',
            'react',     'react-dom',
            'astro',     'react',
            'react-dom'
          ],
          external: []
        },
        dev: { createEnvironment: undefined, warmup: undefined },
        build: {
          target: 'esnext',
          cssMinify: true,
          assetsDir: '_astro',
          emptyOutDir: false,
          copyPublicDir: false,
          manifest: true,
          rolldownOptions: {
            preserveEntrySignatures: 'exports-only',
            checks: { pluginTimings: false },
            output: {
              hoistTransitiveImports: false,
              format: 'esm',
              minifyInternalExports: true,
              chunkFileNames: [Function: chunkFileNames],
              assetFileNames: [Function: assetFileNames],
              entryFileNames: 'prerender-entry.[hash].mjs'
            },
            onwarn: [Function: onwarn],
            input: 'astro/entrypoints/prerender',
            external: [ 'sharp', 'sharp', 'sharp' ]
          },
          ssr: true,
          ssrEmitAssets: true,
          minify: false,
          modulePreload: { polyfill: false },
          reportCompressedSize: false,
          rollupOptions: [Getter/Setter],
          createEnvironment: undefined,
          emitAssets: true,
          outDir: 'D:\\kitchenandall\\kitchenandall\\dist\\.prerender\\'
        },
        optimizeDeps: {
          include: [],
          exclude: [],
          rolldownOptions: undefined,
          rollupOptions: [Getter/Setter]
        }
      },
      client: {
        define: {
          'import.meta.env.SITE': 'undefined',
          'import.meta.env.BASE_URL': '"/"',
          'import.meta.env.ASSETS_PREFIX': 'undefined'
        },
        resolve: {
          tsconfigPaths: true,
          alias: [
            { find: 'randombytes', replacement: 'randombytes/browser' },
            {
              find: /^astro$/,
              replacement: 'd:\\kitchenandall\\kitchenandall\\node_modules\\astro\\dist\\types\\public\\index.js'
            },
            {
              find: 'astro:middleware',
              replacement: 'astro/virtual-modules/middleware.js'
            },
            { find: 'astro:schema', replacement: 'astro/zod' },
            {
              find: 'astro:components',
              replacement: 'astro/components'
            },
            { find: 'randombytes', replacement: 'randombytes/browser' },
            {
              find: /^astro$/,
              replacement: 'd:\\kitchenandall\\kitchenandall\\node_modules\\astro\\dist\\types\\public\\index.js'
            },
            {
              find: 'astro:middleware',
              replacement: 'astro/virtual-modules/middleware.js'
            },
            { find: 'astro:schema', replacement: 'astro/zod' },
            {
              find: 'astro:components',
              replacement: 'astro/components'
            },
            { find: 'randombytes', replacement: 'randombytes/browser' },
            {
              find: /^astro$/,
              replacement: 'd:\\kitchenandall\\kitchenandall\\node_modules\\astro\\dist\\types\\public\\index.js'
            },
            {
              find: 'astro:middleware',
              replacement: 'astro/virtual-modules/middleware.js'
            },
            { find: 'astro:schema', replacement: 'astro/zod' },
            {
              find: 'astro:components',
              replacement: 'astro/components'
            }
          ],
          conditions: [
            'module',
            'browser',
            'development|production',
            'astro',
            'module',
            'browser',
            'development|production',
            'astro',
            'module',
            'browser',
            'development|production',
            'astro',
            'module',
            'browser',
            'development|production',
            'astro'
          ],
          mainFields: undefined,
          dedupe: [
            'astro',     'react',
            'react-dom', 'astro',
            'react',     'react-dom',
            'astro',     'react',
            'react-dom'
          ],
          noExternal: [
            'astro',
            'astro/components',
            '@nanostores/preact',
            '@fontsource/*',
            '@astrojs/internal-helpers',
            '@astrojs/react',
            'astro',
            'astro/components',
            '@nanostores/preact',
            '@fontsource/*',
            '@astrojs/internal-helpers',
            '@astrojs/react',
            'astro',
            'astro/components',
            '@nanostores/preact',
            '@fontsource/*',
            '@astrojs/internal-helpers',
            '@astrojs/react'
          ],
          external: []
        },
        dev: {},
        build: {
          target: 'esnext',
          cssMinify: true,
          assetsDir: '_astro',
          emptyOutDir: false,
          copyPublicDir: true,
          manifest: false,
          rolldownOptions: {
            preserveEntrySignatures: 'exports-only',
            checks: { pluginTimings: false },
            output: {
              hoistTransitiveImports: false,
              format: 'esm',
              minifyInternalExports: true,
              chunkFileNames: [Function: chunkFileNames],
              assetFileNames: [Function: assetFileNames],
              entryFileNames: [Function: entryFileNames]
            },
            onwarn: [Function: onwarn]
          },
          ssr: true,
          ssrEmitAssets: true,
          minify: true,
          modulePreload: { polyfill: false },
          reportCompressedSize: false,
          rollupOptions: [Getter/Setter],
          emitAssets: true,
          outDir: 'D:\\kitchenandall\\kitchenandall\\dist\\',
          sourcemap: false
        },
        optimizeDeps: {
          rolldownOptions: { transform: { jsx: { runtime: 'automatic' } } },
          include: [
            'react',
            'react-dom',
            'react/jsx-dev-runtime',
            'react/jsx-runtime',
            'astro > aria-query',
            'astro > axobject-query',
            'react',
            'react-dom',
            'react/jsx-dev-runtime',
            'react/jsx-runtime',
            'astro > aria-query',
            'astro > axobject-query',
            'react',
            'react-dom',
            'react/jsx-dev-runtime',
            'react/jsx-runtime',
            'astro > aria-query',
            'astro > axobject-query',
            'astro > html-escaper',
            'astro/runtime/client/dev-toolbar/entrypoint.js',
            'react',
            'react/jsx-runtime',
            'react/jsx-dev-runtime',
            'react-dom',
            'react-dom/client',
            '@astrojs/react/client.js',
            'astro > html-escaper',
            'astro/runtime/client/dev-toolbar/entrypoint.js',
            'react',
            'react/jsx-runtime',
            'react/jsx-dev-runtime',
            'react-dom',
            'react-dom/client',
            '@astrojs/react/client.js',
            'astro > html-escaper',
            'astro/runtime/client/dev-toolbar/entrypoint.js',
            'react',
            'react/jsx-runtime',
            'react/jsx-dev-runtime',
            'react-dom',
            'react-dom/client',
            '@astrojs/react/client.js'
          ],
          exclude: [
            'astro:*',
            'virtual:astro:*',
            'astro/virtual-modules/prefetch.js',
            '@astrojs/react/server.js',
            'astro:*',
            'virtual:astro:*',
            'astro/virtual-modules/prefetch.js',
            '@astrojs/react/server.js',
            'astro:*',
            'virtual:astro:*',
            'astro/virtual-modules/prefetch.js',
            '@astrojs/react/server.js'
          ],
          entries: [
            'D:/kitchenandall/kitchenandall/src/**/*.{jsx,tsx,vue,svelte,html}',
            'D:/kitchenandall/kitchenandall/src/**/*.{jsx,tsx,vue,svelte,html}',
            'D:/kitchenandall/kitchenandall/src/**/*.{jsx,tsx,vue,svelte,html}'
          ]
        }
      },
      ssr: {
        define: {
          'import.meta.env.SITE': 'undefined',
          'import.meta.env.BASE_URL': '"/"',
          'import.meta.env.ASSETS_PREFIX': 'undefined'
        },
        resolve: {
          tsconfigPaths: true,
          alias: [
            { find: 'randombytes', replacement: 'randombytes/browser' },
            {
              find: /^astro$/,
              replacement: 'd:\\kitchenandall\\kitchenandall\\node_modules\\astro\\dist\\types\\public\\index.js'
            },
            {
              find: 'astro:middleware',
              replacement: 'astro/virtual-modules/middleware.js'
            },
            { find: 'astro:schema', replacement: 'astro/zod' },
            {
              find: 'astro:components',
              replacement: 'astro/components'
            },
            { find: 'randombytes', replacement: 'randombytes/browser' },
            {
              find: /^astro$/,
              replacement: 'd:\\kitchenandall\\kitchenandall\\node_modules\\astro\\dist\\types\\public\\index.js'
            },
            {
              find: 'astro:middleware',
              replacement: 'astro/virtual-modules/middleware.js'
            },
            { find: 'astro:schema', replacement: 'astro/zod' },
            {
              find: 'astro:components',
              replacement: 'astro/components'
            },
            { find: 'randombytes', replacement: 'randombytes/browser' },
            {
              find: /^astro$/,
              replacement: 'd:\\kitchenandall\\kitchenandall\\node_modules\\astro\\dist\\types\\public\\index.js'
            },
            {
              find: 'astro:middleware',
              replacement: 'astro/virtual-modules/middleware.js'
            },
            { find: 'astro:schema', replacement: 'astro/zod' },
            {
              find: 'astro:components',
              replacement: 'astro/components'
            }
          ],
          conditions: [ 'module', 'node', 'development|production', 'astro' ],
          mainFields: undefined,
          external: [],
          noExternal: [
            '@mui/material',
            '@mui/base',
            '@babel/runtime',
            'use-immer',
            '@material-tailwind/react',
            '@mui/material',
            '@mui/base',
            '@babel/runtime',
            'use-immer',
            '@material-tailwind/react',
            '@mui/material',
            '@mui/base',
            '@babel/runtime',
            'use-immer',
            '@material-tailwind/react',
            'astro',
            'astro/components',
            '@nanostores/preact',
            '@fontsource/*',
            '@astrojs/internal-helpers',
            '@astrojs/react',
            'astro',
            'astro/components',
            '@nanostores/preact',
            '@fontsource/*',
            '@astrojs/internal-helpers',
            '@astrojs/react',
            'astro',
            'astro/components',
            '@nanostores/preact',
            '@fontsource/*',
            '@astrojs/internal-helpers',
            '@astrojs/react'
          ],
          dedupe: [
            'astro',     'react',
            'react-dom', 'astro',
            'react',     'react-dom',
            'astro',     'react',
            'react-dom'
          ]
        },
        dev: { createEnvironment: undefined, warmup: undefined },
        build: {
          target: 'esnext',
          cssMinify: true,
          assetsDir: '_astro',
          emptyOutDir: false,
          copyPublicDir: false,
          manifest: true,
          rolldownOptions: {
            preserveEntrySignatures: 'exports-only',
            checks: { pluginTimings: false },
            output: {
              hoistTransitiveImports: false,
              format: 'esm',
              minifyInternalExports: true,
              chunkFileNames: [Function: chunkFileNames],
              assetFileNames: [Function: assetFileNames],
              entryFileNames: [Function: entryFileNames]
            },
            onwarn: [Function: onwarn]
          },
          ssr: true,
          ssrEmitAssets: true,
          minify: false,
          modulePreload: { polyfill: false },
          reportCompressedSize: false,
          rollupOptions: [Getter/Setter],
          createEnvironment: undefined,
          outDir: 'D:\\kitchenandall\\kitchenandall\\dist\\',
          emitAssets: true
        },
        optimizeDeps: {
          rolldownOptions: undefined,
          rollupOptions: [Getter/Setter],
          include: [],
          exclude: []
        }
      }
    },
    ssr: {
      noExternal: [
        '@mui/material',
        '@mui/base',
        '@babel/runtime',
        'use-immer',
        '@material-tailwind/react'
      ],
      optimizeDeps: { rolldownOptions: undefined, rollupOptions: [Getter/Setter] }
    },
    logLevel: 'error',
    builder: { buildApp: [AsyncFunction: buildApp] },
    base: '/',
    worker: { rolldownOptions: undefined, rollupOptions: [Getter/Setter] },
    optimizeDeps: { rolldownOptions: undefined, rollupOptions: [Getter/Setter] }
  },
  decodedBase: '/',
  rawBase: '/',
  command: 'build',
  isWorker: false,
  mainConfig: null,
  bundleChain: [],
  isProduction: true,
  css: {
    transformer: 'postcss',
    preprocessorMaxWorkers: true,
    devSourcemap: false
  },
  json: { namedExports: true, stringify: 'auto' },
  esbuild: { jsxDev: false, charset: 'utf8', legalComments: 'none' },
  preview: {
    port: 4173,
    strictPort: false,
    host: undefined,
    allowedHosts: [],
    https: undefined,
    open: false,
    proxy: undefined,
    cors: {
      origin: /^https?:\/\/(?:(?:[^:]+\.)?localhost|127\.0\.0\.1|\[::1\])(?::\d+)?$/
    },
    headers: {}
  },
  envDir: 'D:/kitchenandall/kitchenandall',
  env: { BASE_URL: '/', MODE: 'production', DEV: false, PROD: true },
  assetsInclude: [Function: assetsInclude],
  rawAssetsInclude: [],
  logger: {
    hasWarned: false,
    info: [Function: info],
    warn: [Function: warn],
    warnOnce: [Function: warnOnce],
    error: [Function: error],
    clearScreen: [Function: clearScreen],
    hasErrorLogged: [Function: hasErrorLogged]
  },
  packageCache: Map(1) {
    'fnpd_D:/kitchenandall/kitchenandall' => {
      dir: 'D:/kitchenandall/kitchenandall',
      data: {
        name: 'e-store-astro',
        type: 'module',
        version: '0.0.1',
        engines: { node: '>=22.12.0' },
        scripts: {
          dev: 'astro dev',
          build: 'astro build',
          preview: 'astro preview',
          astro: 'astro'
        },
        dependencies: {
          '@astrojs/react': '^6.0.2',
          '@supabase/supabase-js': '^2.110.9',
          '@tailwindcss/vite': '^4.3.3',
          astro: '^7.1.4',
          'framer-motion': '^12.43.0',
          'lucide-react': '^1.27.0',
          react: '^19.2.8',
          'react-dom': '^19.2.8',
          swiper: '^14.0.6',
          tailwindcss: '^4.3.3'
        },
        devDependencies: { '@types/react': '^19.2.17', '@types/react-dom': '^19.2.3' }
      },
      hasSideEffects: [Function: hasSideEffects],
      setResolvedCache: [Function: setResolvedCache],
      getResolvedCache: [Function: getResolvedCache]
    },
    set: [Function (anonymous)]
  },
  experimental: {
    importGlobRestoreExtension: false,
    renderBuiltUrl: undefined,
    hmrPartialAccept: false,
    bundledDev: false
  },
  future: undefined,
  dev: {
    warmup: [],
    sourcemap: { js: true },
    sourcemapIgnoreList: [Function: isInNodeModules],
    preTransformRequests: false,
    createEnvironment: [Function: defaultCreateDevEnvironment],
    recoverable: false,
    moduleRunnerTransform: false
  },
  devtools: { config: { host: 'localhost' }, enabled: false },
  webSocketToken: '_Z7ecie5tjRW',
  getSortedPlugins: [Function: getSortedPlugins],
  getSortedPluginHooks: [Function: getSortedPluginHooks],
  createResolver: [Function: createResolver],
  fsDenyGlob: [Function: arrayMatcher],
  safeModulePaths: Set(0) {},
  Symbol(vite:resolved-config): true
}
2026-07-30T17:01:34.452Z vite:env loading env files: [
  'D:/kitchenandall/kitchenandall/.env',
  'D:/kitchenandall/kitchenandall/.env.local',
  'D:/kitchenandall/kitchenandall/.env.production',
  'D:/kitchenandall/kitchenandall/.env.production.local'
]
2026-07-30T17:01:34.453Z vite:env env files loaded in 0.30ms
2026-07-30T17:01:34.454Z vite:env using resolved env: {}
2026-07-30T17:01:34.482Z vite:config using resolved config: {
  configFile: undefined,
  mode: 'production',
  cacheDir: 'D:/kitchenandall/kitchenandall/node_modules/.vite',
  clearScreen: false,
  customLogger: {
    hasWarned: false,
    info: [Function: info],
    warn: [Function: warn],
    warnOnce: [Function: warnOnce],
    error: [Function: error],
    clearScreen: [Function: clearScreen],
    hasErrorLogged: [Function: hasErrorLogged]
  },
  appType: 'custom',
  plugins: [
    'vite:optimized-deps',
    'vite:watch-package-data',
    'vite:pre-alias',
    'alias',
    '@astro/plugin-component-entry',
    'virtual:astro:manifest',
    'astro:plugin-renderers',
    'astro:static-paths',
    'astro:build:css-hmr',
    'astro:build',
    'astro-env-plugin',
    'astro:markdown',
    'astro-content-virtual-mod-plugin',
    'astro:content-asset-propagation',
    'astro:assets:esm',
    'astro:vite-plugin-file-url',
    'astro:i18n',
    'astro:actions',
    'virtual:astro:session-driver',
    'astro:container',
    '@tailwindcss/vite:scan',
    '@tailwindcss/vite:generate:build',
    'vite:react-babel',
    'vite:react-refresh-fbm',
    'vite:react-refresh',
    'vite:resolve-builtin:get-environment',
    'vite:resolve-builtin',
    'vite:html-inline-proxy',
    'vite:css',
    'builtin:oxc-runtime',
    'vite:oxc',
    'builtin:vite-json',
    'vite:wasm-helper',
    'vite:worker',
    'vite:asset',
    'vite:forward-console',
    '@astro/rolldown-plugin-astro-analyzer',
    '@astro/plugin-build-internals',
    '@astro/plugin-middleware-build',
    '@astro/plugin-actions-build',
    'astro:rollup-plugin-build-css',
    'astro:head-metadata-build',
    'astro:rolldown-plugin-prerender',
    '@astro/plugin-scripts',
    'plugin-noop',
    'astro:ssr-assets',
    'astro:watcher-max-listeners',
    'astro:routes',
    'astro-manifest-plugin',
    'astro:environment',
    '@astro/plugin-page',
    'astro:build:normal',
    'astro:scripts',
    'astro:app',
    'astro:server-app',
    '@astro/plugin-fetchable',
    'virtual:astro:dev-css',
    'virtual:astro:dev-css-all',
    'astro:adapter-config',
    'astro:html',
    'astro:integration-container',
    'astro:content-imports',
    '@astro/plugin-middleware',
    'astro:assets',
    'astro:fonts',
    'astro:image-styles',
    'astro:prefetch',
    'astro:transitions',
    'astro:dev-toolbar',
    'astro:chromedevtools',
    'vite:react-virtual-preamble',
    '@astrojs/react:opts',
    '@astrojs/react:environment',
    'astro:vite-plugin-env',
    'vite:define',
    'vite:css-post',
    'vite:build-html',
    'vite:worker-import-meta-url',
    'vite:asset-import-meta-url',
    'vite:prepare-out-dir',
    'vite:rollup-options-plugins',
    'vite:dynamic-import-vars',
    'vite:import-glob',
    'astro:css-target-lowering',
    'astro:rollup-plugin-single-css',
    'astro:rollup-plugin-inline-stylesheets',
    '@astro/plugin-pages',
    'astro:scripts:page-ssr',
    'astro:server-islands',
    'astro:hmr-reload',
    'vite:react:config-post',
    'astro:resolve-input',
    'astro:build-generate',
    'vite:build-import-analysis',
    'native:import-analysis-build',
    'vite:terser',
    'vite:license',
    'native:manifest',
    'vite:ssr-manifest',
    'native:reporter',
    ... 4 more items
  ],
  publicDir: 'D:/kitchenandall/kitchenandall/public',
  root: 'D:/kitchenandall/kitchenandall',
  envPrefix: 'PUBLIC_',
  define: {
    'import.meta.env.SITE': 'undefined',
    'import.meta.env.BASE_URL': '"/"',
    'import.meta.env.ASSETS_PREFIX': 'undefined'
  },
  server: {
    port: 5173,
    strictPort: false,
    host: undefined,
    allowedHosts: [],
    https: undefined,
    open: false,
    proxy: undefined,
    cors: {
      origin: /^https?:\/\/(?:(?:[^:]+\.)?localhost|127\.0\.0\.1|\[::1\])(?::\d+)?$/
    },
    headers: {},
    warmup: { clientFiles: [], ssrFiles: [] },
    middlewareMode: true,
    fs: {
      strict: true,
      deny: [
        '.env',
        '.env.*',
        '*.{crt,pem,key,p12,pfx,cer,der}',
        '.npmrc',
        '.yarnrc.yml',
        '**/.git/**'
      ],
      allow: [ 'D:/kitchenandall/kitchenandall' ]
    },
    preTransformRequests: true,
    perEnvironmentStartEndDuringDev: false,
    perEnvironmentWatchChangeDuringDev: false,
    forwardConsole: {
      enabled: true,
      unhandledErrors: true,
      logLevels: [ 'error', 'warn' ]
    },
    sourcemapIgnoreList: [Function: isInNodeModules],
    hmr: false,
    watch: { ignored: [ '**' ] }
  },
  resolve: {
    externalConditions: [ 'node', 'module-sync' ],
    extensions: [
      '.mjs',  '.js',
      '.mts',  '.ts',
      '.jsx',  '.tsx',
      '.json'
    ],
    dedupe: [],
    noExternal: [],
    external: [],
    preserveSymlinks: false,
    tsconfigPaths: true,
    alias: [
      { find: 'randombytes', replacement: 'randombytes/browser' },
      {
        find: /^astro$/,
        replacement: 'd:\\kitchenandall\\kitchenandall\\node_modules\\astro\\dist\\types\\public\\index.js'
      },
      {
        find: 'astro:middleware',
        replacement: 'astro/virtual-modules/middleware.js'
      },
      { find: 'astro:schema', replacement: 'astro/zod' },
      { find: 'astro:components', replacement: 'astro/components' },
      {
        find: /^\/?@vite\/env/,
        replacement: '/@fs/d:/kitchenandall/kitchenandall/node_modules/vite/dist/client/env.mjs'
      },
      {
        find: /^\/?@vite\/client/,
        replacement: '/@fs/d:/kitchenandall/kitchenandall/node_modules/vite/dist/client/client.mjs'
      }
    ],
    mainFields: [ 'browser', 'module', 'jsnext:main', 'jsnext' ],
    conditions: [
      'module',
      'browser',
      'development|production',
      'astro',
      'module',
      'browser',
      'development|production',
      'astro',
      'module',
      'browser',
      'development|production',
      'astro',
      'module',
      'browser',
      'development|production',
      'astro',
      'module',
      'browser',
      'development|production',
      'astro',
      'module',
      'browser',
      'development|production',
      'astro',
      'module',
      'browser',
      'development|production',
      'astro',
      'module',
      'browser',
      'development|production',
      'astro'
    ],
    builtins: []
  },
  build: {
    target: 'esnext',
    polyfillModulePreload: true,
    modulePreload: { polyfill: false },
    outDir: 'D:\\kitchenandall\\kitchenandall\\dist\\',
    assetsDir: '_astro',
    assetsInlineLimit: 4096,
    sourcemap: false,
    terserOptions: {},
    chunkImportMap: false,
    rolldownOptions: {
      platform: 'browser',
      preserveEntrySignatures: 'exports-only',
      checks: { pluginTimings: false },
      output: {
        hoistTransitiveImports: false,
        format: 'esm',
        minifyInternalExports: true,
        chunkFileNames: [Function: chunkFileNames],
        assetFileNames: [Function: assetFileNames],
        entryFileNames: [Function: entryFileNames]
      },
      onwarn: [Function: onwarn]
    },
    commonjsOptions: { include: [ /node_modules/ ], extensions: [ '.js', '.cjs' ] },
    dynamicImportVarsOptions: { exclude: [ /node_modules/ ] },
    write: true,
    emptyOutDir: false,
    copyPublicDir: true,
    license: false,
    manifest: false,
    lib: false,
    ssrManifest: false,
    ssrEmitAssets: true,
    reportCompressedSize: false,
    chunkSizeWarningLimit: 500,
    watch: null,
    cssCodeSplit: true,
    minify: 'oxc',
    rollupOptions: {
      platform: 'browser',
      preserveEntrySignatures: 'exports-only',
      checks: { pluginTimings: false },
      output: {
        hoistTransitiveImports: false,
        format: 'esm',
        minifyInternalExports: true,
        chunkFileNames: [Function: chunkFileNames],
        assetFileNames: [Function: assetFileNames],
        entryFileNames: [Function: entryFileNames]
      },
      onwarn: [Function: onwarn]
    },
    ssr: true,
    emitAssets: true,
    createEnvironment: [Function: createEnvironment],
    cssMinify: true,
    cssTarget: 'esnext'
  },
  environments: {
    astro: {
      define: {
        'import.meta.env.SITE': 'undefined',
        'import.meta.env.BASE_URL': '"/"',
        'import.meta.env.ASSETS_PREFIX': 'undefined'
      },
      resolve: {
        externalConditions: [ 'node', 'module-sync' ],
        extensions: [
          '.mjs',  '.js',
          '.mts',  '.ts',
          '.jsx',  '.tsx',
          '.json'
        ],
        dedupe: [
          'astro',     'react',
          'react-dom', 'astro',
          'react',     'react-dom',
          'astro',     'react',
          'react-dom', 'astro',
          'react',     'react-dom'
        ],
        noExternal: [
          'astro',
          'astro/components',
          '@nanostores/preact',
          '@fontsource/*',
          '@astrojs/internal-helpers',
          '@astrojs/react',
          'astro',
          'astro/components',
          '@nanostores/preact',
          '@fontsource/*',
          '@astrojs/internal-helpers',
          '@astrojs/react',
          'astro',
          'astro/components',
          '@nanostores/preact',
          '@fontsource/*',
          '@astrojs/internal-helpers',
          '@astrojs/react',
          'astro',
          'astro/components',
          '@nanostores/preact',
          '@fontsource/*',
          '@astrojs/internal-helpers',
          '@astrojs/react'
        ],
        external: [],
        preserveSymlinks: false,
        tsconfigPaths: true,
        alias: [
          { find: 'randombytes', replacement: 'randombytes/browser' },
          {
            find: /^astro$/,
            replacement: 'd:\\kitchenandall\\kitchenandall\\node_modules\\astro\\dist\\types\\public\\index.js'
          },
          {
            find: 'astro:middleware',
            replacement: 'astro/virtual-modules/middleware.js'
          },
          { find: 'astro:schema', replacement: 'astro/zod' },
          { find: 'astro:components', replacement: 'astro/components' },
          {
            find: /^\/?@vite\/env/,
            replacement: '/@fs/d:/kitchenandall/kitchenandall/node_modules/vite/dist/client/env.mjs'
          },
          {
            find: /^\/?@vite\/client/,
            replacement: '/@fs/d:/kitchenandall/kitchenandall/node_modules/vite/dist/client/client.mjs'
          }
        ],
        mainFields: [ 'module', 'jsnext:main', 'jsnext' ],
        conditions: [ 'module', 'node', 'development|production', 'astro' ],
        builtins: [
          '_http_agent',         '_http_client',        '_http_common',
          '_http_incoming',      '_http_outgoing',      '_http_server',
          '_stream_duplex',      '_stream_passthrough', '_stream_readable',
          '_stream_transform',   '_stream_wrap',        '_stream_writable',
          '_tls_common',         '_tls_wrap',           'assert',
          'assert/strict',       'async_hooks',         'buffer',
          'child_process',       'cluster',             'console',
          'constants',           'crypto',              'dgram',
          'diagnostics_channel', 'dns',                 'dns/promises',
          'domain',              'events',              'fs',
          'fs/promises',         'http',                'http2',
          'https',               'inspector',           'inspector/promises',
          'module',              'net',                 'os',
          'path',                'path/posix',          'path/win32',
          'perf_hooks',          'process',             'punycode',
          'querystring',         'readline',            'readline/promises',
          'repl',                'stream',              'stream/consumers',
          'stream/promises',     'stream/web',          'string_decoder',
          'sys',                 'timers',              'timers/promises',
          'tls',                 'trace_events',        'tty',
          'url',                 'util',                'util/types',
          'v8',                  'vm',                  'wasi',
          'worker_threads',      'zlib',                /^node:/,
          /^bun:/
        ]
      },
      keepProcessEnv: true,
      consumer: 'server',
      optimizeDeps: {
        include: [],
        exclude: [],
        needsInterop: [],
        rolldownOptions: { resolve: { symlinks: true }, output: { topLevelVar: true } },
        extensions: [],
        disabled: undefined,
        holdUntilCrawlEnd: true,
        force: false,
        ignoreOutdatedRequests: false,
        noDiscovery: true,
        rollupOptions: [Getter/Setter],
        esbuildOptions: { preserveSymlinks: false }
      },
      dev: {
        warmup: [],
        sourcemap: { js: true },
        sourcemapIgnoreList: [Function: isInNodeModules],
        preTransformRequests: false,
        createEnvironment: [Function: defaultCreateDevEnvironment],
        recoverable: false,
        moduleRunnerTransform: true
      },
      build: {
        target: 'esnext',
        polyfillModulePreload: true,
        modulePreload: { polyfill: false },
        outDir: 'dist',
        assetsDir: '_astro',
        assetsInlineLimit: 4096,
        sourcemap: false,
        terserOptions: {},
        chunkImportMap: false,
        rolldownOptions: {
          platform: 'node',
          preserveEntrySignatures: 'exports-only',
          checks: { pluginTimings: false },
          output: {
            hoistTransitiveImports: false,
            format: 'esm',
            minifyInternalExports: true,
            chunkFileNames: [Function: chunkFileNames],
            assetFileNames: [Function: assetFileNames],
            entryFileNames: [Function: entryFileNames]
          },
          onwarn: [Function: onwarn]
        },
        commonjsOptions: { include: [ /node_modules/ ], extensions: [ '.js', '.cjs' ] },
        dynamicImportVarsOptions: { exclude: [ /node_modules/ ] },
        write: true,
        emptyOutDir: false,
        copyPublicDir: false,
        license: false,
        manifest: false,
        lib: false,
        ssrManifest: false,
        ssrEmitAssets: true,
        reportCompressedSize: false,
        chunkSizeWarningLimit: 500,
        watch: null,
        cssCodeSplit: true,
        minify: false,
        rollupOptions: [Getter/Setter],
        ssr: true,
        emitAssets: false,
        createEnvironment: [Function: createEnvironment],
        cssMinify: true,
        cssTarget: 'esnext'
      },
      isBundled: true,
      plugins: [
        {
          name: 'vite:watch-package-data',
          buildStart: [Function: buildStart],
          buildEnd: [Function: buildEnd],
          watchChange: [Function: watchChange]
        },
        BuiltinPlugin {
          name: 'builtin:vite-alias',
          _options: {
            entries: [
              {
                find: 'randombytes',
                replacement: 'randombytes/browser'
              },
              {
                find: /^astro$/,
                replacement: 'd:\\kitchenandall\\kitchenandall\\node_modules\\astro\\dist\\types\\public\\index.js'
              },
              {
                find: 'astro:middleware',
                replacement: 'astro/virtual-modules/middleware.js'
              },
              { find: 'astro:schema', replacement: 'astro/zod' },
              {
                find: 'astro:components',
                replacement: 'astro/components'
              },
              {
                find: /^\/?@vite\/env/,
                replacement: '/@fs/d:/kitchenandall/kitchenandall/node_modules/vite/dist/client/env.mjs'
              },
              {
                find: /^\/?@vite\/client/,
                replacement: '/@fs/d:/kitchenandall/kitchenandall/node_modules/vite/dist/client/client.mjs'
              }
            ]
          },
          enforce: undefined
        },
        {
          name: 'virtual:astro:manifest',
          enforce: 'pre',
          configureServer: [Function: configureServer],
          applyToEnvironment: [Function: applyToEnvironment],
          resolveId: {
            filter: { id: /^virtual:astro:manifest$/ },
            handler: [Function: handler]
          },
          load: {
            filter: { id: /^ virtual:astro:manifest$/ },
            handler: [AsyncFunction: handler]
          }
        },
        {
          name: 'astro:plugin-renderers',
          enforce: 'pre',
          resolveId: {
            filter: { id: /^virtual:astro:renderers$/ },
            handler: [Function: handler]
          },
          load: {
            filter: { id: /^ virtual:astro:renderers$/ },
            handler: [Function: handler]
          }
        },
        {
          name: 'astro:static-paths',
          enforce: 'pre',
          resolveId: {
            filter: { id: /^astro:static-paths$/ },
            handler: [Function: handler]
          },
          load: {
            filter: { id: /^ astro:static-paths$/ },
            handler: [Function: handler]
          }
        },
        {
          name: 'astro:build',
          enforce: 'pre',
          configEnvironment: [AsyncFunction: configEnvironment],
          configResolved: [AsyncFunction: configResolved],
          configureServer: [Function: configureServer],
          buildStart: [Function: buildStart],
          load: {
            filter: { id: /(?:\?|&)astro(?:&|=|$)/ },
            handler: [AsyncFunction: handler]
          },
          transform: {
            filter: {
              id: {
                include: [ /\.astro$/, /\.astro\?/ ],
                exclude: [
                  /(?:\?|&)(?:url|raw|direct)(?:&|$)/,
                  /(?:\?|&)astro(?:&|=|$)/
                ]
              }
            },
            handler: [AsyncFunction: handler]
          },
          handleHotUpdate: [AsyncFunction: handleHotUpdate]
        },
        {
          name: 'astro-env-plugin',
          enforce: 'pre',
          config: [Function: config],
          buildStart: [Function: buildStart],
          resolveId: {
            filter: {
              id: /^(astro:env\/client|astro:env\/server|virtual:astro:env\/internal)$/
            },
            handler: [Function: handler]
          },
          load: {
            filter: {
              id: /^( astro:env\/client| astro:env\/server| virtual:astro:env\/internal)$/
            },
            handler: [Function: handler]
          }
        },
        {
          enforce: 'pre',
          name: 'astro:markdown',
          buildEnd: [Function: buildEnd],
          resolveId: {
            filter: { id: /^[^/]/ },
            handler: [AsyncFunction: handler]
          },
          load: {
            filter: {
              id: {
                include: /\.(markdown|mdown|mkdn|mkd|mdwn|md)(\?|$)/,
                exclude: /(?:\?|&)(?:url|raw|direct)(?:&|$)/
              }
            },
            handler: [AsyncFunction: handler]
          }
        },
        {
          name: 'astro-content-virtual-mod-plugin',
          enforce: 'pre',
          config: [Function: config],
          buildStart: [Function: buildStart],
          resolveId: {
            filter: {
              id: /^(astro:content|astro:data-layer-content|astro:content-module-imports|astro:asset-imports)$|(?:\?|&)astroContentModuleFlag(?:&|=|$)/
            },
            handler: [AsyncFunction: handler]
          },
          load: {
            filter: {
              id: /^( astro:content| astro:data-layer-content| astro:asset-imports| astro:content-module-imports)$/
            },
            handler: [AsyncFunction: handler]
          },
          configureServer: [Function: configureServer]
        },
        {
          name: 'astro:content-asset-propagation',
          enforce: 'pre',
          resolveId: {
            filter: {
              id: /(?:\?|&)(?:astroContentImageFlag|astroRenderContent)(?:&|=|$)/
            },
            handler: [AsyncFunction: handler]
          },
          configureServer: [Function: configureServer],
          transform: {
            filter: { id: /(?:\?|&)astroPropagatedAssets(?:&|=|$)/ },
            handler: [AsyncFunction: handler]
          }
        },
        {
          name: 'astro:assets:esm',
          enforce: 'pre',
          config: [Function: config],
          configResolved: [Function: configResolved],
          load: {
            filter: { id: /\.(jpeg|jpg|png|tiff|webp|gif|svg|avif)/i },
            handler: [AsyncFunction: handler]
          }
        },
        {
          name: 'astro:vite-plugin-file-url',
          enforce: 'pre',
          resolveId: {
            filter: { id: /^file:\/\// },
            handler: [Function: handler]
          }
        },
        {
          name: 'astro:i18n',
          enforce: 'pre',
          resolveId: {
            filter: { id: /^astro:i18n$/ },
            handler: [Function: handler]
          }
        },
        {
          name: 'astro:actions',
          enforce: 'pre',
          resolveId: {
            filter: {
              id: /^(astro:actions|virtual:astro:actions\/options|virtual:astro:actions\/entrypoint)$/
            },
            handler: [AsyncFunction: handler]
          },
          configureServer: [AsyncFunction: configureServer],
          load: {
            filter: {
              id: /^( astro:actions| virtual:astro:actions\/noop-entrypoint| virtual:astro:actions\/entrypoint| virtual:astro:actions\/options)$/
            },
            handler: [AsyncFunction: handler]
          }
        },
        {
          name: 'virtual:astro:session-driver',
          enforce: 'pre',
          resolveId: {
            filter: { id: /^virtual:astro:session-driver$/ },
            handler: [Function: handler]
          },
          load: {
            filter: { id: /^ virtual:astro:session-driver$/ },
            handler: [AsyncFunction: handler]
          }
        },
        {
          name: 'astro:container',
          enforce: 'pre',
          resolveId: {
            filter: { id: /^(astro:container)$/ },
            handler: [Function: handler]
          }
        },
        {
          name: '@tailwindcss/vite:scan',
          enforce: 'pre',
          configureServer: [Function: configureServer],
          configResolved: [AsyncFunction: configResolved]
        },
        {
          name: '@tailwindcss/vite:generate:build',
          apply: 'build',
          enforce: 'pre',
          transform: {
            filter: {
              id: {
                exclude: [
                  /\/\.vite\//,
                  /[?&](?:worker|sharedworker|raw|url)\b/,
                  /\?commonjs-proxy/
                ],
                include: [
                  /\.css(?:\?.*)?$/,
                  /&lang\.css/,
                  /[?&]index=\d+\.css$/
                ]
              }
            },
            handler: [AsyncFunction: handler]
          }
        },
        {
          name: 'vite:react-babel',
          enforce: 'pre',
          config: [Function: config],
          configResolved: [Function: configResolved],
          options: [Function: options]
        },
        {
          name: 'vite:react-refresh-fbm',
          enforce: 'pre',
          transformIndexHtml: { handler: [Function: handler], order: 'pre' }
        },
        {
          name: 'vite:react-refresh',
          enforce: 'pre',
          config: [Function: config],
          resolveId: {
            filter: { id: /^\/@react\-refresh$/ },
            handler: [Function: handler]
          },
          load: {
            filter: { id: /^\/@react\-refresh$/ },
            handler: [Function: handler]
          },
          transformIndexHtml: [Function: transformIndexHtml]
        },
        {
          name: 'vite:resolve-builtin:get-environment',
          buildStart: [Function: buildStart],
          perEnvironmentStartEndDuringDev: true
        },
        BuiltinPlugin {
          name: 'builtin:vite-resolve',
          _options: {
            resolveOptions: {
              isBuild: true,
              isProduction: true,
              asSrc: true,
              preferRelative: false,
              isRequire: undefined,
              root: 'D:/kitchenandall/kitchenandall',
              scan: false,
              mainFields: [ 'module', 'jsnext:main', 'jsnext', 'main' ],
              conditions: [ 'module', 'node', 'development|production', 'astro' ],
              externalConditions: [ 'node', 'module-sync' ],
              extensions: [
                '.mjs',  '.js',
                '.mts',  '.ts',
                '.jsx',  '.tsx',
                '.json'
              ],
              tryIndex: true,
              tryPrefix: undefined,
              preserveSymlinks: false,
              tsconfigPaths: true
            },
            environmentConsumer: 'server',
            environmentName: 'astro',
            builtins: [
              '_http_agent',
              '_http_client',
              '_http_common',
              '_http_incoming',
              '_http_outgoing',
              '_http_server',
              '_stream_duplex',
              '_stream_passthrough',
              '_stream_readable',
              '_stream_transform',
              '_stream_wrap',
              '_stream_writable',
              '_tls_common',
              '_tls_wrap',
              'assert',
              'assert/strict',
              'async_hooks',
              'buffer',
              'child_process',
              'cluster',
              'console',
              'constants',
              'crypto',
              'dgram',
              'diagnostics_channel',
              'dns',
              'dns/promises',
              'domain',
              'events',
              'fs',
              'fs/promises',
              'http',
              'http2',
              'https',
              'inspector',
              'inspector/promises',
              'module',
              'net',
              'os',
              'path',
              'path/posix',
              'path/win32',
              'perf_hooks',
              'process',
              'punycode',
              'querystring',
              'readline',
              'readline/promises',
              'repl',
              'stream',
              'stream/consumers',
              'stream/promises',
              'stream/web',
              'string_decoder',
              'sys',
              'timers',
              'timers/promises',
              'tls',
              'trace_events',
              'tty',
              'url',
              'util',
              'util/types',
              'v8',
              'vm',
              'wasi',
              'worker_threads',
              'zlib',
              /^node:/,
              /^bun:/
            ],
            external: [],
            noExternal: [
              'astro',
              'astro/components',
              '@nanostores/preact',
              '@fontsource/*',
              '@astrojs/internal-helpers',
              '@astrojs/react',
              'astro',
              'astro/components',
              '@nanostores/preact',
              '@fontsource/*',
              '@astrojs/internal-helpers',
              '@astrojs/react',
              'astro',
              'astro/components',
              '@nanostores/preact',
              '@fontsource/*',
              '@astrojs/internal-helpers',
              '@astrojs/react',
              'astro',
              'astro/components',
              '@nanostores/preact',
              '@fontsource/*',
              '@astrojs/internal-helpers',
              '@astrojs/react'
            ],
            dedupe: [
              'astro',     'react',
              'react-dom', 'astro',
              'react',     'react-dom',
              'astro',     'react',
              'react-dom', 'astro',
              'react',     'react-dom'
            ],
            disableCache: false,
            legacyInconsistentCjsInterop: undefined,
            finalizeBareSpecifier: undefined,
            finalizeOtherSpecifiers: undefined,
            resolveSubpathImports: [Function: resolveSubpathImports],
            yarnPnp: false
          },
          enforce: undefined,
          getOrder: [AsyncFunction: wrappedHook],
          load: [AsyncFunction: wrappedHook],
          resolveId: [AsyncFunction: wrappedHook],
          transform: [AsyncFunction: wrappedHook],
          watchChange: [AsyncFunction: wrappedHook],
          perEnvironmentWatchChangeDuringDev: true
        },
        {
          name: 'vite:html-inline-proxy',
          resolveId: {
            filter: { id: /[?&]html-proxy\b/ },
            handler: [Function: handler]
          },
          load: {
            filter: { id: /[?&]html-proxy\b/ },
            handler: [Function: handler]
          }
        },
        {
          name: 'vite:css',
          buildStart: [Function: buildStart],
          buildEnd: [AsyncFunction: buildEnd],
          load: {
            filter: {
              id: /\.(css|less|sass|scss|styl|stylus|pcss|postcss|sss)(?:$|\?)/
            },
            handler: [Function: handler]
          },
          transform: {
            filter: {
              id: {
                include: /\.(css|less|sass|scss|styl|stylus|pcss|postcss|sss)(?:$|\?)/,
                exclude: [
                  /[?&]commonjs-proxy/,
                  /[?&](?:worker|sharedworker|raw|url)\b/
                ]
              }
            },
            handler: [AsyncFunction: handler]
          }
        },
        BuiltinPlugin {
          name: 'builtin:vite-transform',
          _options: {
            root: 'D:/kitchenandall/kitchenandall',
            include: [ /\.(m?ts|[jt]sx)$/ ],
            exclude: [ /\.js$/ ],
            jsxRefreshInclude: [ /\.[tj]sx?(?:\?.*)?$/ ],
            jsxRefreshExclude: [ /\.astro(?:\?.*)?$/ ],
            isServerConsumer: true,
            jsxInject: undefined,
            transformOptions: {
              jsx: {
                development: false,
                runtime: 'automatic',
                importSource: undefined,
                refresh: false
              },
              sourcemap: true
            },
            yarnPnp: false
          },
          enforce: undefined
        },
        BuiltinPlugin {
          name: 'builtin:vite-json',
          _options: { namedExports: true, stringify: 'auto', minify: true },
          enforce: undefined,
          getOrder: [AsyncFunction: wrappedHook],
          load: [AsyncFunction: wrappedHook],
          resolveId: [AsyncFunction: wrappedHook],
          transform: [AsyncFunction: wrappedHook],
          watchChange: [AsyncFunction: wrappedHook]
        },
        {
          name: 'vite:wasm-helper',
          resolveId: {
            filter: { id: /^ vite\/wasm\-helper\.js$/ },
            handler: [Function: handler]
          },
          load: {
            filter: {
              id: [
                /^ vite\/wasm\-helper\.js$/,
                /(?<![?#].*)\.wasm\?init/,
                /(?<![?#].*)\.wasm$/
              ]
            },
            handler: [AsyncFunction: handler]
          },
          renderChunk: {
            filter: { code: /__VITE_WASM_INIT__([\w$]+)__/g },
            handler: [Function: handler]
          }
        },
        {
          name: 'vite:worker',
          buildStart: [Function: buildStart],
          load: {
            filter: { id: /(?:\?|&)(worker|sharedworker)(?:&|$)/ },
            handler: [AsyncFunction: handler]
          },
          transform: {
            filter: { id: /(?:\?|&)worker_file&type=(\w+)(?:&|$)/ },
            handler: [Function: handler]
          },
          renderChunk: [Function: renderChunk],
          generateBundle: [Function: generateBundle],
          watchChange: [Function: watchChange]
        },
        {
          name: 'vite:asset',
          perEnvironmentStartEndDuringDev: true,
          buildStart: [Function: buildStart],
          resolveId: {
            filter: {
              id: [
                /(\?|&)url(?:&|$)/,
                /\.(apng|bmp|png|jpe?g|jfif|pjpeg|pjp|gif|svg|ico|webp|avif|cur|jxl|mp4|webm|ogg|mp3|wav|flac|aac|opus|mov|m4a|vtt|woff2?|eot|ttf|otf|webmanifest|pdf|txt)(\?.*)?$/i
              ]
            },
            handler: [Function: handler]
          },
          load: {
            filter: {
              id: {
                include: [
                  /(\?|&)raw(?:&|$)/,
                  /(\?|&)url(?:&|$)/,
                  /\.(apng|bmp|png|jpe?g|jfif|pjpeg|pjp|gif|svg|ico|webp|avif|cur|jxl|mp4|webm|ogg|mp3|wav|flac|aac|opus|mov|m4a|vtt|woff2?|eot|ttf|otf|webmanifest|pdf|txt)(\?.*)?$/i
                ],
                exclude: /^\0/
              }
            },
            handler: [AsyncFunction: handler]
          },
          renderChunk: [Function: renderChunk],
          generateBundle: [Function: generateBundle],
          watchChange: [Function: watchChange]
        },
        {
          name: 'vite:forward-console',
          apply: 'serve',
          configureServer: [Function: configureServer]
        },
        {
          name: '@astro/plugin-actions-build',
          applyToEnvironment: [Function: applyToEnvironment],
          writeBundle: [Function: writeBundle]
        },
        {
          name: 'plugin-noop',
          resolveId: {
            filter: { id: /^virtual:astro:noop$/ },
            handler: [Function: handler]
          },
          load: {
            filter: { id: /^ virtual:astro:noop$/ },
            handler: [Function: handler]
          },
          generateBundle: [Function: generateBundle]
        },
        {
          name: 'astro:watcher-max-listeners',
          configureServer: [Function: configureServer]
        },
        {
          name: 'astro:routes',
          configureServer: [Function: configureServer],
          applyToEnvironment: [Function: applyToEnvironment],
          resolveId: {
            filter: { id: /^virtual:astro:routes$/ },
            handler: [Function: handler]
          },
          load: {
            filter: { id: /^ virtual:astro:routes$/ },
            handler: [Function: handler]
          },
          transform: [AsyncFunction: transform],
          handleHotUpdate: [AsyncFunction: handleHotUpdate]
        },
        {
          name: 'astro-manifest-plugin',
          resolveId: {
            filter: { id: /^(astro:config\/server|astro:config\/client)$/ },
            handler: [Function: handler]
          },
          load: {
            filter: { id: /^( astro:config\/server| astro:config\/client)$/ },
            handler: [Function: handler]
          }
        },
        {
          name: 'astro:environment',
          configEnvironment: [Function: configEnvironment]
        },
        {
          name: 'astro:build:normal',
          resolveId: {
            filter: { id: /(?:\?|&)astro(?:&|=|$)/ },
            handler: [Function: handler]
          }
        },
        {
          name: 'astro:scripts',
          config: [Function: config],
          resolveId: {
            filter: { id: /^astro:scripts\// },
            handler: [Function: handler]
          },
          load: {
            filter: {
              id: /^(astro:scripts\/before-hydration.js|astro:scripts\/page.js|astro:scripts\/page-ssr.js)$/
            },
            handler: [Function: handler]
          },
          buildStart: [Function: buildStart]
        },
        {
          name: 'astro:app',
          configResolved: [Function: configResolved],
          resolveId: {
            filter: { id: /^virtual:astro:app$/ },
            handler: [Function: handler]
          },
          load: {
            filter: { id: /^ virtual:astro:app$/ },
            handler: [Function: handler]
          }
        },
        {
          name: 'astro:server-app',
          resolveId: {
            filter: { id: /^astro:server-app$/ },
            handler: [Function: handler]
          }
        },
        {
          name: '@astro/plugin-fetchable',
          applyToEnvironment: [Function: applyToEnvironment],
          configureServer: [Function: configureServer],
          resolveId: {
            filter: { id: /^virtual:astro:fetchable$/ },
            handler: [AsyncFunction: handler]
          },
          load: {
            filter: { id: /^ virtual:astro:fetchable$/ },
            handler: [Function: handler]
          }
        },
        {
          name: 'astro:adapter-config',
          config: [Function: config],
          resolveId: {
            filter: { id: /^virtual:astro:adapter-config\/client$/ },
            handler: [Function: handler]
          },
          load: {
            filter: { id: /^ virtual:astro:adapter-config\/client$/ },
            handler: [Function: handler]
          }
        },
        {
          name: 'astro:html',
          options: [Function: options],
          transform: {
            filter: { id: /\.html$/ },
            handler: [AsyncFunction: transform]
          }
        },
        {
          name: 'astro:integration-container',
          configureServer: [AsyncFunction: configureServer],
          buildStart: [AsyncFunction: buildStart]
        },
        {
          name: 'astro:content-imports',
          config: [Function: config],
          buildStart: [AsyncFunction: buildStart],
          transform: {
            filter: {
              id: /(?:\?|&)(?:astroDataCollectionEntry|astroContentCollectionEntry)(?:&|=|$)/
            },
            handler: [AsyncFunction: handler]
          },
          configureServer: [Function: configureServer]
        },
        {
          name: '@astro/plugin-middleware',
          applyToEnvironment: [Function: applyToEnvironment],
          configureServer: [Function: configureServer],
          resolveId: {
            filter: { id: /^virtual:astro:middleware$/ },
            handler: [AsyncFunction: handler]
          },
          load: {
            filter: { id: /^( noop-middleware| virtual:astro:middleware)$/ },
            handler: [AsyncFunction: handler]
          }
        },
        {
          name: 'astro:assets',
          config: [Function: config],
          resolveId: {
            filter: {
              id: /^(virtual:image-service|astro:assets|virtual:astro:get-image)$/
            },
            handler: [AsyncFunction: handler]
          },
          load: {
            filter: { id: /^( astro:assets| virtual:astro:get-image)$/ },
            handler: [Function: handler]
          },
          buildStart: [Function: buildStart],
          renderChunk: [AsyncFunction: renderChunk]
        },
        {
          name: 'astro:fonts',
          buildStart: [AsyncFunction: buildStart],
          configureServer: [AsyncFunction: configureServer],
          resolveId: {
            filter: {
              id: /^(virtual:astro:assets\/fonts\/internal|virtual:astro:assets\/fonts\/runtime|virtual:astro:assets\/fonts\/runtime\/font-file-url-resolver)$/
            },
            handler: [Function: handler]
          },
          load: {
            filter: {
              id: /^( virtual:astro:assets\/fonts\/internal| virtual:astro:assets\/fonts\/runtime| virtual:astro:assets\/fonts\/runtime\/font-file-url-resolver)$/
            },
            handler: [AsyncFunction: handler]
          },
          buildEnd: [AsyncFunction: buildEnd]
        },
        {
          name: 'astro:image-styles',
          resolveId: {
            filter: { id: /^virtual:astro:image-styles.css$/ },
            handler: [Function: handler]
          },
          load: {
            filter: { id: /^ virtual:astro:image-styles.css$/ },
            handler: [AsyncFunction: handler]
          }
        },
        {
          name: 'astro:prefetch',
          resolveId: {
            filter: { id: /^astro:prefetch$/ },
            handler: [Function: handler]
          },
          load: {
            filter: { id: /^ astro:prefetch$/ },
            handler: [Function: handler]
          },
          transform: {
            filter: { id: /astro\/dist\/prefetch\/index.js/ },
            handler: [Function: handler]
          }
        },
        {
          name: 'astro:transitions',
          resolveId: {
            filter: { id: /^(astro:transitions|astro:transitions\/client)$/ },
            handler: [Function: handler]
          },
          load: {
            filter: { id: /^( astro:transitions| astro:transitions\/client)$/ },
            handler: [Function: handler]
          },
          transform: {
            filter: { id: /ClientRouter\.astro.*\.ts$/ },
            handler: [Function: handler]
          }
        },
        {
          name: 'astro:dev-toolbar',
          config: [Function: config],
          resolveId: {
            filter: { id: /^astro:toolbar:internal$/ },
            handler: [Function: handler]
          },
          configureServer: [Function: configureServer],
          load: {
            filter: { id: /^ astro:toolbar:internal$/ },
            handler: [Function: handler]
          }
        },
        {
          name: 'astro:chromedevtools',
          configureServer: [Function: configureServer]
        },
        {
          name: 'vite:react-virtual-preamble',
          resolveId: {
            order: 'pre',
            filter: { id: /^@vitejs\/plugin\-react\/preamble$/ },
            handler: [Function: handler]
          },
          load: {
            filter: { id: /^ @vitejs\/plugin\-react\/preamble$/ },
            handler: [Function: handler]
          }
        },
        {
          name: '@astrojs/react:opts',
          resolveId: {
            filter: { id: /^astro:react:opts$/ },
            handler: [Function: handler]
          },
          load: {
            filter: { id: /^ astro:react:opts$/ },
            handler: [Function: handler]
          }
        },
        {
          name: '@astrojs/react:environment',
          configEnvironment: [Function: configEnvironment]
        },
        {
          name: 'astro:vite-plugin-env',
          config: [Function: config],
          configResolved: [Function: configResolved],
          transform: {
            filter: {
              id: {
                exclude: [
                  /.*\.(html|htm|json)$/,
                  /\.(css|less|sass|scss|styl|stylus|pcss|postcss|sss)(?:$|\?)/
                ]
              },
              code: /import\.meta\.env/
            },
            handler: [Function: handler]
          }
        },
        { name: 'vite:define', options: [Function: options] },
        {
          name: 'vite:css-post',
          renderStart: [Function: renderStart],
          transform: {
            filter: {
              id: {
                include: /\.(css|less|sass|scss|styl|stylus|pcss|postcss|sss)(?:$|\?)/,
                exclude: [
                  /[?&]commonjs-proxy/,
                  /[?&](?:worker|sharedworker|raw|url)\b/
                ]
              }
            },
            handler: [AsyncFunction: handler]
          },
          renderChunk: [AsyncFunction: renderChunk],
          augmentChunkHash: [Function: augmentChunkHash],
          generateBundle: [AsyncFunction: generateBundle]
        },
        {
          name: 'vite:build-html',
          applyToEnvironment: [Function: applyToEnvironment],
          transform: {
            filter: { id: /\.html$/ },
            handler: [AsyncFunction: handler]
          },
          generateBundle: [AsyncFunction: generateBundle]
        },
        {
          name: 'vite:prepare-out-dir',
          watchChange: [Function: watchChange],
          renderStart: { order: 'pre', handler: [Function: handler] }
        },
        BuiltinPlugin {
          name: 'builtin:vite-dynamic-import-vars',
          _options: {
            include: undefined,
            exclude: [ /node_modules/ ],
            resolver: [Function: resolver],
            sourcemap: false
          },
          enforce: undefined
        },
        BuiltinPlugin {
          name: 'builtin:vite-import-glob',
          _options: {
            root: 'D:/kitchenandall/kitchenandall',
            sourcemap: false,
            restoreQueryExtension: false
          },
          enforce: undefined
        },
        {
          name: 'astro:css-target-lowering',
          enforce: 'post',
          configResolved: [Function: configResolved],
          generateBundle: [AsyncFunction: generateBundle]
        },
        {
          name: 'astro:scripts:page-ssr',
          enforce: 'post',
          transform: [Function: transform]
        },
        {
          name: 'astro:server-islands',
          enforce: 'post',
          api: { hasServerIslands: [Function: hasServerIslands] },
          config: [Function: config],
          buildStart: [Function: buildStart],
          configureServer: [Function: configureServer],
          resolveId: {
            filter: { id: /^virtual:astro:server-island-manifest$/ },
            handler: [Function: handler]
          },
          load: {
            filter: { id: /^ virtual:astro:server-island-manifest$/ },
            handler: [Function: handler]
          },
          transform: {
            filter: {
              id: {
                include: [
                  /\.(astro|mdx)$/,
                  /^ virtual:astro:server-island-manifest$/
                ]
              }
            },
            handler: [AsyncFunction: handler]
          },
          renderChunk: [Function: renderChunk]
        },
        {
          name: 'astro:hmr-reload',
          enforce: 'post',
          hotUpdate: { order: 'post', handler: [Function: handler] }
        },
        {
          name: 'vite:react:config-post',
          enforce: 'post',
          config: [Function: config]
        },
        {
          name: 'astro:resolve-input',
          enforce: 'post',
          config: [Function: config],
          configResolved: [Function: configResolved]
        },
        {
          name: 'astro:build-generate',
          enforce: 'post',
          buildApp: { order: 'post', handler: [AsyncFunction: handler] }
        },
        {
          name: 'vite:build-import-analysis',
          renderChunk: [Function: renderChunk],
          generateBundle: [AsyncFunction: generateBundle]
        },
        BuiltinPlugin {
          name: 'builtin:vite-build-import-analysis',
          _options: {
            preloadCode: 'const scriptRel = /* @__PURE__ */ (function detectScriptRel() {\n' +
              '\tconst relList = typeof document !== "undefined" && document.createElement("link").relList;\n' +
              '\treturn relList && relList.supports && relList.supports("modulepreload") ? "modulepreload" : "preload";\n' +
              '})();const assetsURL = function(dep) { return "/"+dep };const seen = {};export const __vitePreload = function preload(baseModule, deps, importerUrl) {\n' +
              '\tlet promise = Promise.resolve();\n' +
              '\tif (__VITE_IS_MODERN__ && deps && deps.length > 0) {\n' +
              '\t\tconst links = document.getElementsByTagName("link");\n' +
              '\t\tconst cspNonceMeta = document.querySelector("meta[property=csp-nonce]");\n' +
              '\t\tconst cspNonce = cspNonceMeta?.nonce || cspNonceMeta?.getAttribute("nonce");\n' +
              '\t\tfunction allSettled(promises) {\n' +
              '\t\t\treturn Promise.all(promises.map((p) => Promise.resolve(p).then((value) => ({\n' +
              '\t\t\t\tstatus: "fulfilled",\n' +
              '\t\t\t\tvalue\n' +
              '\t\t\t}), (reason) => ({\n' +
              '\t\t\t\tstatus: "rejected",\n' +
              '\t\t\t\treason\n' +
              '\t\t\t}))));\n' +
              '\t\t}\n' +
              '\t\tfunction importMetaResolve(specifier) {\n' +
              '\t\t\tif (import.meta.resolve) return import.meta.resolve(specifier);\n' +
              '\t\t\treturn new URL(\n' +
              '\t\t\t\tspecifier,\n' +
              '\t\t\t\t/** #__KEEP__ */\n' +
              '\t\t\t\timport.meta.url\n' +
              '\t\t\t).href;\n' +
              '\t\t}\n' +
              '\t\tpromise = allSettled(deps.map((dep) => {\n' +
              '\t\t\tdep = assetsURL(dep, importerUrl);\n' +
              '\t\t\tdep = importMetaResolve(dep);\n' +
              '\t\t\tif (dep in seen) return;\n' +
              '\t\t\tseen[dep] = true;\n' +
              '\t\t\tconst isCss = dep.endsWith(".css");\n' +
              '\t\t\tfor (let i = links.length - 1; i >= 0; i--) {\n' +
              '\t\t\t\tconst link = links[i];\n' +
              '\t\t\t\tif (link.href === dep && (!isCss || link.rel === "stylesheet")) return;\n' +
              '\t\t\t}\n' +
              '\t\t\tconst link = document.createElement("link");\n' +
              '\t\t\tlink.rel = isCss ? "stylesheet" : scriptRel;\n' +
              '\t\t\tif (!isCss) link.as = "script";\n' +
              '\t\t\tlink.crossOrigin = "";\n' +
              '\t\t\tlink.href = dep;\n' +
              '\t\t\tif (cspNonce) link.setAttribute("nonce", cspNonce);\n' +
              '\t\t\tdocument.head.appendChild(link);\n' +
              '\t\t\tif (isCss) return new Promise((res, rej) => {\n' +
              '\t\t\t\tlink.addEventListener("load", res);\n' +
              '\t\t\t\tlink.addEventListener("error", () => rej(/* @__PURE__ */ new Error(`Unable to preload CSS for ${dep}`)));\n' +
              '\t\t\t});\n' +
              '\t\t}));\n' +
              '\t}\n' +
              '\tfunction handlePreloadError(err) {\n' +
              '\t\tconst e = new Event("vite:preloadError", { cancelable: true });\n' +
              '\t\te.payload = err;\n' +
              '\t\twindow.dispatchEvent(e);\n' +
              '\t\tif (!e.defaultPrevented) throw err;\n' +
              '\t}\n' +
              '\treturn promise.then((res) => {\n' +
              '\t\tfor (const item of res || []) {\n' +
              '\t\t\tif (item.status !== "rejected") continue;\n' +
              '\t\t\thandlePreloadError(item.reason);\n' +
              '\t\t}\n' +
              '\t\treturn baseModule().catch(handlePreloadError);\n' +
              '\t});\n' +
              '}',
            insertPreload: false,
            optimizeModulePreloadRelativePaths: false,
            renderBuiltUrl: false,
            isRelativeBase: false
          },
          enforce: undefined
        },
        {
          name: 'vite:license',
          generateBundle: [Function: generateBundle]
        },
        BuiltinPlugin {
          name: 'builtin:vite-reporter',
          _options: {
            root: 'D:/kitchenandall/kitchenandall',
            isTty: false,
            isLib: false,
            assetsDir: '_astro\\',
            chunkLimit: 500,
            logInfo: undefined,
            reportCompressedSize: false,
            warnLargeChunks: false
          },
          enforce: undefined
        },
        BuiltinPlugin {
          name: 'builtin:vite-load-fallback',
          _options: undefined,
          enforce: undefined
        }
      ],
      optimizeDepsPluginNames: []
    },
    prerender: {
      define: {
        'import.meta.env.SITE': 'undefined',
        'import.meta.env.BASE_URL': '"/"',
        'import.meta.env.ASSETS_PREFIX': 'undefined'
      },
      resolve: {
        externalConditions: [ 'node', 'module-sync' ],
        extensions: [
          '.mjs',  '.js',
          '.mts',  '.ts',
          '.jsx',  '.tsx',
          '.json'
        ],
        dedupe: [
          'astro',     'react',
          'react-dom', 'astro',
          'react',     'react-dom',
          'astro',     'react',
          'react-dom', 'astro',
          'react',     'react-dom'
        ],
        noExternal: [
          'astro',
          '@astrojs/internal-helpers',
          'astro',
          'astro/components',
          '@nanostores/preact',
          '@fontsource/*',
          '@astrojs/internal-helpers',
          '@astrojs/react',
          'astro',
          '@astrojs/internal-helpers',
          'astro',
          'astro/components',
          '@nanostores/preact',
          '@fontsource/*',
          '@astrojs/internal-helpers',
          '@astrojs/react',
          'astro',
          '@astrojs/internal-helpers',
          'astro',
          'astro/components',
          '@nanostores/preact',
          '@fontsource/*',
          '@astrojs/internal-helpers',
          '@astrojs/react',
          'astro',
          '@astrojs/internal-helpers',
          'astro',
          'astro/components',
          '@nanostores/preact',
          '@fontsource/*',
          '@astrojs/internal-helpers',
          '@astrojs/react'
        ],
        external: [],
        preserveSymlinks: false,
        tsconfigPaths: true,
        alias: [
          { find: 'randombytes', replacement: 'randombytes/browser' },
          {
            find: /^astro$/,
            replacement: 'd:\\kitchenandall\\kitchenandall\\node_modules\\astro\\dist\\types\\public\\index.js'
          },
          {
            find: 'astro:middleware',
            replacement: 'astro/virtual-modules/middleware.js'
          },
          { find: 'astro:schema', replacement: 'astro/zod' },
          { find: 'astro:components', replacement: 'astro/components' },
          {
            find: /^\/?@vite\/env/,
            replacement: '/@fs/d:/kitchenandall/kitchenandall/node_modules/vite/dist/client/env.mjs'
          },
          {
            find: /^\/?@vite\/client/,
            replacement: '/@fs/d:/kitchenandall/kitchenandall/node_modules/vite/dist/client/client.mjs'
          }
        ],
        mainFields: [ 'module', 'jsnext:main', 'jsnext' ],
        conditions: [ 'module', 'node', 'development|production', 'astro' ],
        builtins: [
          '_http_agent',         '_http_client',        '_http_common',
          '_http_incoming',      '_http_outgoing',      '_http_server',
          '_stream_duplex',      '_stream_passthrough', '_stream_readable',
          '_stream_transform',   '_stream_wrap',        '_stream_writable',
          '_tls_common',         '_tls_wrap',           'assert',
          'assert/strict',       'async_hooks',         'buffer',
          'child_process',       'cluster',             'console',
          'constants',           'crypto',              'dgram',
          'diagnostics_channel', 'dns',                 'dns/promises',
          'domain',              'events',              'fs',
          'fs/promises',         'http',                'http2',
          'https',               'inspector',           'inspector/promises',
          'module',              'net',                 'os',
          'path',                'path/posix',          'path/win32',
          'perf_hooks',          'process',             'punycode',
          'querystring',         'readline',            'readline/promises',
          'repl',                'stream',              'stream/consumers',
          'stream/promises',     'stream/web',          'string_decoder',
          'sys',                 'timers',              'timers/promises',
          'tls',                 'trace_events',        'tty',
          'url',                 'util',                'util/types',
          'v8',                  'vm',                  'wasi',
          'worker_threads',      'zlib',                /^node:/,
          /^bun:/
        ]
      },
      keepProcessEnv: true,
      consumer: 'server',
      optimizeDeps: {
        include: [],
        exclude: [],
        needsInterop: [],
        rolldownOptions: { resolve: { symlinks: true }, output: { topLevelVar: true } },
        extensions: [],
        disabled: undefined,
        holdUntilCrawlEnd: true,
        force: false,
        ignoreOutdatedRequests: false,
        noDiscovery: true,
        rollupOptions: [Getter/Setter],
        esbuildOptions: { preserveSymlinks: false }
      },
      dev: {
        warmup: [],
        sourcemap: { js: true },
        sourcemapIgnoreList: [Function: isInNodeModules],
        preTransformRequests: false,
        createEnvironment: [Function: defaultCreateDevEnvironment],
        recoverable: false,
        moduleRunnerTransform: true
      },
      build: {
        target: 'esnext',
        polyfillModulePreload: true,
        modulePreload: { polyfill: false },
        outDir: 'D:\\kitchenandall\\kitchenandall\\dist\\.prerender\\',
        assetsDir: '_astro',
        assetsInlineLimit: 4096,
        sourcemap: false,
        terserOptions: {},
        chunkImportMap: false,
        rolldownOptions: {
          platform: 'node',
          preserveEntrySignatures: 'exports-only',
          checks: { pluginTimings: false },
          output: {
            hoistTransitiveImports: false,
            format: 'esm',
            minifyInternalExports: true,
            chunkFileNames: [Function: chunkFileNames],
            assetFileNames: [Function: assetFileNames],
            entryFileNames: 'prerender-entry.[hash].mjs'
          },
          onwarn: [Function: onwarn],
          input: 'astro/entrypoints/prerender',
          external: [ 'sharp', 'sharp', 'sharp', 'sharp' ]
        },
        commonjsOptions: { include: [ /node_modules/ ], extensions: [ '.js', '.cjs' ] },
        dynamicImportVarsOptions: { exclude: [ /node_modules/ ] },
        write: true,
        emptyOutDir: false,
        copyPublicDir: false,
        license: false,
        manifest: true,
        lib: false,
        ssrManifest: false,
        ssrEmitAssets: true,
        reportCompressedSize: false,
        chunkSizeWarningLimit: 500,
        watch: null,
        cssCodeSplit: true,
        minify: false,
        rollupOptions: [Getter/Setter],
        ssr: true,
        emitAssets: true,
        createEnvironment: [Function: createEnvironment],
        cssMinify: true,
        cssTarget: 'esnext'
      },
      isBundled: true,
      plugins: [
        {
          name: 'vite:watch-package-data',
          buildStart: [Function: buildStart],
          buildEnd: [Function: buildEnd],
          watchChange: [Function: watchChange]
        },
        BuiltinPlugin {
          name: 'builtin:vite-alias',
          _options: {
            entries: [
              {
                find: 'randombytes',
                replacement: 'randombytes/browser'
              },
              {
                find: /^astro$/,
                replacement: 'd:\\kitchenandall\\kitchenandall\\node_modules\\astro\\dist\\types\\public\\index.js'
              },
              {
                find: 'astro:middleware',
                replacement: 'astro/virtual-modules/middleware.js'
              },
              { find: 'astro:schema', replacement: 'astro/zod' },
              {
                find: 'astro:components',
                replacement: 'astro/components'
              },
              {
                find: /^\/?@vite\/env/,
                replacement: '/@fs/d:/kitchenandall/kitchenandall/node_modules/vite/dist/client/env.mjs'
              },
              {
                find: /^\/?@vite\/client/,
                replacement: '/@fs/d:/kitchenandall/kitchenandall/node_modules/vite/dist/client/client.mjs'
              }
            ]
          },
          enforce: undefined
        },
        {
          name: 'virtual:astro:manifest',
          enforce: 'pre',
          configureServer: [Function: configureServer],
          applyToEnvironment: [Function: applyToEnvironment],
          resolveId: {
            filter: { id: /^virtual:astro:manifest$/ },
            handler: [Function: handler]
          },
          load: {
            filter: { id: /^ virtual:astro:manifest$/ },
            handler: [AsyncFunction: handler]
          }
        },
        {
          name: 'astro:plugin-renderers',
          enforce: 'pre',
          resolveId: {
            filter: { id: /^virtual:astro:renderers$/ },
            handler: [Function: handler]
          },
          load: {
            filter: { id: /^ virtual:astro:renderers$/ },
            handler: [Function: handler]
          }
        },
        {
          name: 'astro:static-paths',
          enforce: 'pre',
          resolveId: {
            filter: { id: /^astro:static-paths$/ },
            handler: [Function: handler]
          },
          load: {
            filter: { id: /^ astro:static-paths$/ },
            handler: [Function: handler]
          }
        },
        {
          name: 'astro:build',
          enforce: 'pre',
          configEnvironment: [AsyncFunction: configEnvironment],
          configResolved: [AsyncFunction: configResolved],
          configureServer: [Function: configureServer],
          buildStart: [Function: buildStart],
          load: {
            filter: { id: /(?:\?|&)astro(?:&|=|$)/ },
            handler: [AsyncFunction: handler]
          },
          transform: {
            filter: {
              id: {
                include: [ /\.astro$/, /\.astro\?/ ],
                exclude: [
                  /(?:\?|&)(?:url|raw|direct)(?:&|$)/,
                  /(?:\?|&)astro(?:&|=|$)/
                ]
              }
            },
            handler: [AsyncFunction: handler]
          },
          handleHotUpdate: [AsyncFunction: handleHotUpdate]
        },
        {
          name: 'astro-env-plugin',
          enforce: 'pre',
          config: [Function: config],
          buildStart: [Function: buildStart],
          resolveId: {
            filter: {
              id: /^(astro:env\/client|astro:env\/server|virtual:astro:env\/internal)$/
            },
            handler: [Function: handler]
          },
          load: {
            filter: {
              id: /^( astro:env\/client| astro:env\/server| virtual:astro:env\/internal)$/
            },
            handler: [Function: handler]
          }
        },
        {
          enforce: 'pre',
          name: 'astro:markdown',
          buildEnd: [Function: buildEnd],
          resolveId: {
            filter: { id: /^[^/]/ },
            handler: [AsyncFunction: handler]
          },
          load: {
            filter: {
              id: {
                include: /\.(markdown|mdown|mkdn|mkd|mdwn|md)(\?|$)/,
                exclude: /(?:\?|&)(?:url|raw|direct)(?:&|$)/
              }
            },
            handler: [AsyncFunction: handler]
          }
        },
        {
          name: 'astro-content-virtual-mod-plugin',
          enforce: 'pre',
          config: [Function: config],
          buildStart: [Function: buildStart],
          resolveId: {
            filter: {
              id: /^(astro:content|astro:data-layer-content|astro:content-module-imports|astro:asset-imports)$|(?:\?|&)astroContentModuleFlag(?:&|=|$)/
            },
            handler: [AsyncFunction: handler]
          },
          load: {
            filter: {
              id: /^( astro:content| astro:data-layer-content| astro:asset-imports| astro:content-module-imports)$/
            },
            handler: [AsyncFunction: handler]
          },
          configureServer: [Function: configureServer]
        },
        {
          name: 'astro:content-asset-propagation',
          enforce: 'pre',
          resolveId: {
            filter: {
              id: /(?:\?|&)(?:astroContentImageFlag|astroRenderContent)(?:&|=|$)/
            },
            handler: [AsyncFunction: handler]
          },
          configureServer: [Function: configureServer],
          transform: {
            filter: { id: /(?:\?|&)astroPropagatedAssets(?:&|=|$)/ },
            handler: [AsyncFunction: handler]
          }
        },
        {
          name: 'astro:assets:esm',
          enforce: 'pre',
          config: [Function: config],
          configResolved: [Function: configResolved],
          load: {
            filter: { id: /\.(jpeg|jpg|png|tiff|webp|gif|svg|avif)/i },
            handler: [AsyncFunction: handler]
          }
        },
        {
          name: 'astro:vite-plugin-file-url',
          enforce: 'pre',
          resolveId: {
            filter: { id: /^file:\/\// },
            handler: [Function: handler]
          }
        },
        {
          name: 'astro:i18n',
          enforce: 'pre',
          resolveId: {
            filter: { id: /^astro:i18n$/ },
            handler: [Function: handler]
          }
        },
        {
          name: 'astro:actions',
          enforce: 'pre',
          resolveId: {
            filter: {
              id: /^(astro:actions|virtual:astro:actions\/options|virtual:astro:actions\/entrypoint)$/
            },
            handler: [AsyncFunction: handler]
          },
          configureServer: [AsyncFunction: configureServer],
          load: {
            filter: {
              id: /^( astro:actions| virtual:astro:actions\/noop-entrypoint| virtual:astro:actions\/entrypoint| virtual:astro:actions\/options)$/
            },
            handler: [AsyncFunction: handler]
          }
        },
        {
          name: 'virtual:astro:session-driver',
          enforce: 'pre',
          resolveId: {
            filter: { id: /^virtual:astro:session-driver$/ },
            handler: [Function: handler]
          },
          load: {
            filter: { id: /^ virtual:astro:session-driver$/ },
            handler: [AsyncFunction: handler]
          }
        },
        {
          name: 'astro:container',
          enforce: 'pre',
          resolveId: {
            filter: { id: /^(astro:container)$/ },
            handler: [Function: handler]
          }
        },
        {
          name: '@tailwindcss/vite:scan',
          enforce: 'pre',
          configureServer: [Function: configureServer],
          configResolved: [AsyncFunction: configResolved]
        },
        {
          name: '@tailwindcss/vite:generate:build',
          apply: 'build',
          enforce: 'pre',
          transform: {
            filter: {
              id: {
                exclude: [
                  /\/\.vite\//,
                  /[?&](?:worker|sharedworker|raw|url)\b/,
                  /\?commonjs-proxy/
                ],
                include: [
                  /\.css(?:\?.*)?$/,
                  /&lang\.css/,
                  /[?&]index=\d+\.css$/
                ]
              }
            },
            handler: [AsyncFunction: handler]
          }
        },
        {
          name: 'vite:react-babel',
          enforce: 'pre',
          config: [Function: config],
          configResolved: [Function: configResolved],
          options: [Function: options]
        },
        {
          name: 'vite:react-refresh-fbm',
          enforce: 'pre',
          transformIndexHtml: { handler: [Function: handler], order: 'pre' }
        },
        {
          name: 'vite:react-refresh',
          enforce: 'pre',
          config: [Function: config],
          resolveId: {
            filter: { id: /^\/@react\-refresh$/ },
            handler: [Function: handler]
          },
          load: {
            filter: { id: /^\/@react\-refresh$/ },
            handler: [Function: handler]
          },
          transformIndexHtml: [Function: transformIndexHtml]
        },
        {
          name: 'vite:resolve-builtin:get-environment',
          buildStart: [Function: buildStart],
          perEnvironmentStartEndDuringDev: true
        },
        BuiltinPlugin {
          name: 'builtin:vite-resolve',
          _options: {
            resolveOptions: {
              isBuild: true,
              isProduction: true,
              asSrc: true,
              preferRelative: false,
              isRequire: undefined,
              root: 'D:/kitchenandall/kitchenandall',
              scan: false,
              mainFields: [ 'module', 'jsnext:main', 'jsnext', 'main' ],
              conditions: [ 'module', 'node', 'development|production', 'astro' ],
              externalConditions: [ 'node', 'module-sync' ],
              extensions: [
                '.mjs',  '.js',
                '.mts',  '.ts',
                '.jsx',  '.tsx',
                '.json'
              ],
              tryIndex: true,
              tryPrefix: undefined,
              preserveSymlinks: false,
              tsconfigPaths: true
            },
            environmentConsumer: 'server',
            environmentName: 'prerender',
            builtins: [
              '_http_agent',
              '_http_client',
              '_http_common',
              '_http_incoming',
              '_http_outgoing',
              '_http_server',
              '_stream_duplex',
              '_stream_passthrough',
              '_stream_readable',
              '_stream_transform',
              '_stream_wrap',
              '_stream_writable',
              '_tls_common',
              '_tls_wrap',
              'assert',
              'assert/strict',
              'async_hooks',
              'buffer',
              'child_process',
              'cluster',
              'console',
              'constants',
              'crypto',
              'dgram',
              'diagnostics_channel',
              'dns',
              'dns/promises',
              'domain',
              'events',
              'fs',
              'fs/promises',
              'http',
              'http2',
              'https',
              'inspector',
              'inspector/promises',
              'module',
              'net',
              'os',
              'path',
              'path/posix',
              'path/win32',
              'perf_hooks',
              'process',
              'punycode',
              'querystring',
              'readline',
              'readline/promises',
              'repl',
              'stream',
              'stream/consumers',
              'stream/promises',
              'stream/web',
              'string_decoder',
              'sys',
              'timers',
              'timers/promises',
              'tls',
              'trace_events',
              'tty',
              'url',
              'util',
              'util/types',
              'v8',
              'vm',
              'wasi',
              'worker_threads',
              'zlib',
              /^node:/,
              /^bun:/
            ],
            external: [],
            noExternal: [
              'astro',
              '@astrojs/internal-helpers',
              'astro',
              'astro/components',
              '@nanostores/preact',
              '@fontsource/*',
              '@astrojs/internal-helpers',
              '@astrojs/react',
              'astro',
              '@astrojs/internal-helpers',
              'astro',
              'astro/components',
              '@nanostores/preact',
              '@fontsource/*',
              '@astrojs/internal-helpers',
              '@astrojs/react',
              'astro',
              '@astrojs/internal-helpers',
              'astro',
              'astro/components',
              '@nanostores/preact',
              '@fontsource/*',
              '@astrojs/internal-helpers',
              '@astrojs/react',
              'astro',
              '@astrojs/internal-helpers',
              'astro',
              'astro/components',
              '@nanostores/preact',
              '@fontsource/*',
              '@astrojs/internal-helpers',
              '@astrojs/react'
            ],
            dedupe: [
              'astro',     'react',
              'react-dom', 'astro',
              'react',     'react-dom',
              'astro',     'react',
              'react-dom', 'astro',
              'react',     'react-dom'
            ],
            disableCache: false,
            legacyInconsistentCjsInterop: undefined,
            finalizeBareSpecifier: undefined,
            finalizeOtherSpecifiers: undefined,
            resolveSubpathImports: [Function: resolveSubpathImports],
            yarnPnp: false
          },
          enforce: undefined,
          getOrder: [AsyncFunction: wrappedHook],
          load: [AsyncFunction: wrappedHook],
          resolveId: [AsyncFunction: wrappedHook],
          transform: [AsyncFunction: wrappedHook],
          watchChange: [AsyncFunction: wrappedHook],
          perEnvironmentWatchChangeDuringDev: true
        },
        {
          name: 'vite:html-inline-proxy',
          resolveId: {
            filter: { id: /[?&]html-proxy\b/ },
            handler: [Function: handler]
          },
          load: {
            filter: { id: /[?&]html-proxy\b/ },
            handler: [Function: handler]
          }
        },
        {
          name: 'vite:css',
          buildStart: [Function: buildStart],
          buildEnd: [AsyncFunction: buildEnd],
          load: {
            filter: {
              id: /\.(css|less|sass|scss|styl|stylus|pcss|postcss|sss)(?:$|\?)/
            },
            handler: [Function: handler]
          },
          transform: {
            filter: {
              id: {
                include: /\.(css|less|sass|scss|styl|stylus|pcss|postcss|sss)(?:$|\?)/,
                exclude: [
                  /[?&]commonjs-proxy/,
                  /[?&](?:worker|sharedworker|raw|url)\b/
                ]
              }
            },
            handler: [AsyncFunction: handler]
          }
        },
        BuiltinPlugin {
          name: 'builtin:vite-transform',
          _options: {
            root: 'D:/kitchenandall/kitchenandall',
            include: [ /\.(m?ts|[jt]sx)$/ ],
            exclude: [ /\.js$/ ],
            jsxRefreshInclude: [ /\.[tj]sx?(?:\?.*)?$/ ],
            jsxRefreshExclude: [ /\.astro(?:\?.*)?$/ ],
            isServerConsumer: true,
            jsxInject: undefined,
            transformOptions: {
              jsx: {
                development: false,
                runtime: 'automatic',
                importSource: undefined,
                refresh: false
              },
              sourcemap: true
            },
            yarnPnp: false
          },
          enforce: undefined
        },
        BuiltinPlugin {
          name: 'builtin:vite-json',
          _options: { namedExports: true, stringify: 'auto', minify: true },
          enforce: undefined,
          getOrder: [AsyncFunction: wrappedHook],
          load: [AsyncFunction: wrappedHook],
          resolveId: [AsyncFunction: wrappedHook],
          transform: [AsyncFunction: wrappedHook],
          watchChange: [AsyncFunction: wrappedHook]
        },
        {
          name: 'vite:wasm-helper',
          resolveId: {
            filter: { id: /^ vite\/wasm\-helper\.js$/ },
            handler: [Function: handler]
          },
          load: {
            filter: {
              id: [
                /^ vite\/wasm\-helper\.js$/,
                /(?<![?#].*)\.wasm\?init/,
                /(?<![?#].*)\.wasm$/
              ]
            },
            handler: [AsyncFunction: handler]
          },
          renderChunk: {
            filter: { code: /__VITE_WASM_INIT__([\w$]+)__/g },
            handler: [Function: handler]
          }
        },
        {
          name: 'vite:worker',
          buildStart: [Function: buildStart],
          load: {
            filter: { id: /(?:\?|&)(worker|sharedworker)(?:&|$)/ },
            handler: [AsyncFunction: handler]
          },
          transform: {
            filter: { id: /(?:\?|&)worker_file&type=(\w+)(?:&|$)/ },
            handler: [Function: handler]
          },
          renderChunk: [Function: renderChunk],
          generateBundle: [Function: generateBundle],
          watchChange: [Function: watchChange]
        },
        {
          name: 'vite:asset',
          perEnvironmentStartEndDuringDev: true,
          buildStart: [Function: buildStart],
          resolveId: {
            filter: {
              id: [
                /(\?|&)url(?:&|$)/,
                /\.(apng|bmp|png|jpe?g|jfif|pjpeg|pjp|gif|svg|ico|webp|avif|cur|jxl|mp4|webm|ogg|mp3|wav|flac|aac|opus|mov|m4a|vtt|woff2?|eot|ttf|otf|webmanifest|pdf|txt)(\?.*)?$/i
              ]
            },
            handler: [Function: handler]
          },
          load: {
            filter: {
              id: {
                include: [
                  /(\?|&)raw(?:&|$)/,
                  /(\?|&)url(?:&|$)/,
                  /\.(apng|bmp|png|jpe?g|jfif|pjpeg|pjp|gif|svg|ico|webp|avif|cur|jxl|mp4|webm|ogg|mp3|wav|flac|aac|opus|mov|m4a|vtt|woff2?|eot|ttf|otf|webmanifest|pdf|txt)(\?.*)?$/i
                ],
                exclude: /^\0/
              }
            },
            handler: [AsyncFunction: handler]
          },
          renderChunk: [Function: renderChunk],
          generateBundle: [Function: generateBundle],
          watchChange: [Function: watchChange]
        },
        {
          name: 'vite:forward-console',
          apply: 'serve',
          configureServer: [Function: configureServer]
        },
        {
          name: '@astro/rolldown-plugin-astro-analyzer',
          applyToEnvironment: [Function: applyToEnvironment],
          generateBundle: [AsyncFunction: generateBundle]
        },
        {
          name: '@astro/plugin-build-internals',
          applyToEnvironment: [Function: applyToEnvironment],
          configEnvironment: [Function: configEnvironment],
          generateBundle: [AsyncFunction: generateBundle]
        },
        {
          name: '@astro/plugin-actions-build',
          applyToEnvironment: [Function: applyToEnvironment],
          writeBundle: [Function: writeBundle]
        },
        {
          name: 'astro:rollup-plugin-build-css',
          applyToEnvironment: [Function: applyToEnvironment],
          generateBundle: [AsyncFunction: generateBundle]
        },
        {
          name: 'astro:head-metadata-build',
          applyToEnvironment: [Function: applyToEnvironment],
          generateBundle: [Function: generateBundle]
        },
        {
          name: 'plugin-noop',
          resolveId: {
            filter: { id: /^virtual:astro:noop$/ },
            handler: [Function: handler]
          },
          load: {
            filter: { id: /^ virtual:astro:noop$/ },
            handler: [Function: handler]
          },
          generateBundle: [Function: generateBundle]
        },
        {
          name: 'astro:ssr-assets',
          applyToEnvironment: [Function: applyToEnvironment],
          configEnvironment: [Function: configEnvironment],
          buildStart: [Function: buildStart],
          generateBundle: [Function: generateBundle],
          writeBundle: {
            sequential: true,
            order: 'post',
            handler: [AsyncFunction: handler]
          }
        },
        {
          name: 'astro:watcher-max-listeners',
          configureServer: [Function: configureServer]
        },
        {
          name: 'astro:routes',
          configureServer: [Function: configureServer],
          applyToEnvironment: [Function: applyToEnvironment],
          resolveId: {
            filter: { id: /^virtual:astro:routes$/ },
            handler: [Function: handler]
          },
          load: {
            filter: { id: /^ virtual:astro:routes$/ },
            handler: [Function: handler]
          },
          transform: [AsyncFunction: transform],
          handleHotUpdate: [AsyncFunction: handleHotUpdate]
        },
        {
          name: 'astro-manifest-plugin',
          resolveId: {
            filter: { id: /^(astro:config\/server|astro:config\/client)$/ },
            handler: [Function: handler]
          },
          load: {
            filter: { id: /^( astro:config\/server| astro:config\/client)$/ },
            handler: [Function: handler]
          }
        },
        {
          name: 'astro:environment',
          configEnvironment: [Function: configEnvironment]
        },
        {
          name: '@astro/plugin-page',
          applyToEnvironment: [Function: applyToEnvironment],
          resolveId: {
            filter: { id: /^virtual:astro:page:/ },
            handler: [Function: handler]
          },
          load: {
            filter: { id: /^ virtual:astro:page:/ },
            handler: [Function: handler]
          }
        },
        {
          name: 'astro:build:normal',
          resolveId: {
            filter: { id: /(?:\?|&)astro(?:&|=|$)/ },
            handler: [Function: handler]
          }
        },
        {
          name: 'astro:scripts',
          config: [Function: config],
          resolveId: {
            filter: { id: /^astro:scripts\// },
            handler: [Function: handler]
          },
          load: {
            filter: {
              id: /^(astro:scripts\/before-hydration.js|astro:scripts\/page.js|astro:scripts\/page-ssr.js)$/
            },
            handler: [Function: handler]
          },
          buildStart: [Function: buildStart]
        },
        {
          name: 'astro:app',
          configResolved: [Function: configResolved],
          resolveId: {
            filter: { id: /^virtual:astro:app$/ },
            handler: [Function: handler]
          },
          load: {
            filter: { id: /^ virtual:astro:app$/ },
            handler: [Function: handler]
          }
        },
        {
          name: 'astro:server-app',
          resolveId: {
            filter: { id: /^astro:server-app$/ },
            handler: [Function: handler]
          }
        },
        {
          name: '@astro/plugin-fetchable',
          applyToEnvironment: [Function: applyToEnvironment],
          configureServer: [Function: configureServer],
          resolveId: {
            filter: { id: /^virtual:astro:fetchable$/ },
            handler: [AsyncFunction: handler]
          },
          load: {
            filter: { id: /^ virtual:astro:fetchable$/ },
            handler: [Function: handler]
          }
        },
        {
          name: 'virtual:astro:dev-css',
          configureServer: [AsyncFunction: configureServer],
          applyToEnvironment: [Function: applyToEnvironment],
          resolveId: {
            filter: {
              id: /^(virtual:astro:dev-css|virtual:astro:dev-css:.*)$/
            },
            handler: [Function: handler]
          },
          load: {
            filter: {
              id: /^( virtual:astro:dev-css| virtual:astro:dev-css:.*)$/
            },
            handler: [AsyncFunction: handler]
          },
          transform: {
            filter: {
              id: {
                include: [
                  /\.(css|less|sass|scss|styl|stylus|pcss|postcss|sss)(?:$|\?)/
                ],
                exclude: [ /(?:\?|&)raw(?:&|$)/, /(?:\?|&)inline\b/ ]
              }
            },
            handler: [Function: handler]
          }
        },
        {
          name: 'virtual:astro:dev-css-all',
          applyToEnvironment: [Function: applyToEnvironment],
          resolveId: {
            filter: { id: /^virtual:astro:dev-css-all$/ },
            handler: [Function: handler]
          },
          load: {
            filter: { id: /^ virtual:astro:dev-css-all$/ },
            handler: [Function: handler]
          }
        },
        {
          name: 'astro:adapter-config',
          config: [Function: config],
          resolveId: {
            filter: { id: /^virtual:astro:adapter-config\/client$/ },
            handler: [Function: handler]
          },
          load: {
            filter: { id: /^ virtual:astro:adapter-config\/client$/ },
            handler: [Function: handler]
          }
        },
        {
          name: 'astro:html',
          options: [Function: options],
          transform: {
            filter: { id: /\.html$/ },
            handler: [AsyncFunction: transform]
          }
        },
        {
          name: 'astro:integration-container',
          configureServer: [AsyncFunction: configureServer],
          buildStart: [AsyncFunction: buildStart]
        },
        {
          name: 'astro:content-imports',
          config: [Function: config],
          buildStart: [AsyncFunction: buildStart],
          transform: {
            filter: {
              id: /(?:\?|&)(?:astroDataCollectionEntry|astroContentCollectionEntry)(?:&|=|$)/
            },
            handler: [AsyncFunction: handler]
          },
          configureServer: [Function: configureServer]
        },
        {
          name: '@astro/plugin-middleware',
          applyToEnvironment: [Function: applyToEnvironment],
          configureServer: [Function: configureServer],
          resolveId: {
            filter: { id: /^virtual:astro:middleware$/ },
            handler: [AsyncFunction: handler]
          },
          load: {
            filter: { id: /^( noop-middleware| virtual:astro:middleware)$/ },
            handler: [AsyncFunction: handler]
          }
        },
        {
          name: 'astro:assets',
          config: [Function: config],
          resolveId: {
            filter: {
              id: /^(virtual:image-service|astro:assets|virtual:astro:get-image)$/
            },
            handler: [AsyncFunction: handler]
          },
          load: {
            filter: { id: /^( astro:assets| virtual:astro:get-image)$/ },
            handler: [Function: handler]
          },
          buildStart: [Function: buildStart],
          renderChunk: [AsyncFunction: renderChunk]
        },
        {
          name: 'astro:fonts',
          buildStart: [AsyncFunction: buildStart],
          configureServer: [AsyncFunction: configureServer],
          resolveId: {
            filter: {
              id: /^(virtual:astro:assets\/fonts\/internal|virtual:astro:assets\/fonts\/runtime|virtual:astro:assets\/fonts\/runtime\/font-file-url-resolver)$/
            },
            handler: [Function: handler]
          },
          load: {
            filter: {
              id: /^( virtual:astro:assets\/fonts\/internal| virtual:astro:assets\/fonts\/runtime| virtual:astro:assets\/fonts\/runtime\/font-file-url-resolver)$/
            },
            handler: [AsyncFunction: handler]
          },
          buildEnd: [AsyncFunction: buildEnd]
        },
        {
          name: 'astro:image-styles',
          resolveId: {
            filter: { id: /^virtual:astro:image-styles.css$/ },
            handler: [Function: handler]
          },
          load: {
            filter: { id: /^ virtual:astro:image-styles.css$/ },
            handler: [AsyncFunction: handler]
          }
        },
        {
          name: 'astro:prefetch',
          resolveId: {
            filter: { id: /^astro:prefetch$/ },
            handler: [Function: handler]
          },
          load: {
            filter: { id: /^ astro:prefetch$/ },
            handler: [Function: handler]
          },
          transform: {
            filter: { id: /astro\/dist\/prefetch\/index.js/ },
            handler: [Function: handler]
          }
        },
        {
          name: 'astro:transitions',
          resolveId: {
            filter: { id: /^(astro:transitions|astro:transitions\/client)$/ },
            handler: [Function: handler]
          },
          load: {
            filter: { id: /^( astro:transitions| astro:transitions\/client)$/ },
            handler: [Function: handler]
          },
          transform: {
            filter: { id: /ClientRouter\.astro.*\.ts$/ },
            handler: [Function: handler]
          }
        },
        {
          name: 'astro:dev-toolbar',
          config: [Function: config],
          resolveId: {
            filter: { id: /^astro:toolbar:internal$/ },
            handler: [Function: handler]
          },
          configureServer: [Function: configureServer],
          load: {
            filter: { id: /^ astro:toolbar:internal$/ },
            handler: [Function: handler]
          }
        },
        {
          name: 'astro:chromedevtools',
          configureServer: [Function: configureServer]
        },
        {
          name: 'vite:react-virtual-preamble',
          resolveId: {
            order: 'pre',
            filter: { id: /^@vitejs\/plugin\-react\/preamble$/ },
            handler: [Function: handler]
          },
          load: {
            filter: { id: /^ @vitejs\/plugin\-react\/preamble$/ },
            handler: [Function: handler]
          }
        },
        {
          name: '@astrojs/react:opts',
          resolveId: {
            filter: { id: /^astro:react:opts$/ },
            handler: [Function: handler]
          },
          load: {
            filter: { id: /^ astro:react:opts$/ },
            handler: [Function: handler]
          }
        },
        {
          name: '@astrojs/react:environment',
          configEnvironment: [Function: configEnvironment]
        },
        {
          name: 'astro:vite-plugin-env',
          config: [Function: config],
          configResolved: [Function: configResolved],
          transform: {
            filter: {
              id: {
                exclude: [
                  /.*\.(html|htm|json)$/,
                  /\.(css|less|sass|scss|styl|stylus|pcss|postcss|sss)(?:$|\?)/
                ]
              },
              code: /import\.meta\.env/
            },
            handler: [Function: handler]
          }
        },
        { name: 'vite:define', options: [Function: options] },
        {
          name: 'vite:css-post',
          renderStart: [Function: renderStart],
          transform: {
            filter: {
              id: {
                include: /\.(css|less|sass|scss|styl|stylus|pcss|postcss|sss)(?:$|\?)/,
                exclude: [
                  /[?&]commonjs-proxy/,
                  /[?&](?:worker|sharedworker|raw|url)\b/
                ]
              }
            },
            handler: [AsyncFunction: handler]
          },
          renderChunk: [AsyncFunction: renderChunk],
          augmentChunkHash: [Function: augmentChunkHash],
          generateBundle: [AsyncFunction: generateBundle]
        },
        {
          name: 'vite:build-html',
          applyToEnvironment: [Function: applyToEnvironment],
          transform: {
            filter: { id: /\.html$/ },
            handler: [AsyncFunction: handler]
          },
          generateBundle: [AsyncFunction: generateBundle]
        },
        {
          name: 'vite:prepare-out-dir',
          watchChange: [Function: watchChange],
          renderStart: { order: 'pre', handler: [Function: handler] }
        },
        BuiltinPlugin {
          name: 'builtin:vite-dynamic-import-vars',
          _options: {
            include: undefined,
            exclude: [ /node_modules/ ],
            resolver: [Function: resolver],
            sourcemap: false
          },
          enforce: undefined
        },
        BuiltinPlugin {
          name: 'builtin:vite-import-glob',
          _options: {
            root: 'D:/kitchenandall/kitchenandall',
            sourcemap: false,
            restoreQueryExtension: false
          },
          enforce: undefined
        },
        {
          name: 'astro:css-target-lowering',
          enforce: 'post',
          configResolved: [Function: configResolved],
          generateBundle: [AsyncFunction: generateBundle]
        },
        {
          name: 'astro:rollup-plugin-single-css',
          enforce: 'post',
          applyToEnvironment: [Function: applyToEnvironment],
          configResolved: [Function: configResolved],
          generateBundle: [Function: generateBundle]
        },
        {
          name: 'astro:rollup-plugin-inline-stylesheets',
          enforce: 'post',
          applyToEnvironment: [Function: applyToEnvironment],
          configResolved: [Function: configResolved],
          generateBundle: [AsyncFunction: generateBundle]
        },
        {
          name: '@astro/plugin-pages',
          enforce: 'post',
          applyToEnvironment: [Function: applyToEnvironment],
          resolveId: {
            filter: { id: /^virtual:astro:pages$/ },
            handler: [Function: handler]
          },
          load: {
            filter: { id: /^ virtual:astro:pages$/ },
            handler: [AsyncFunction: handler]
          }
        },
        {
          name: 'astro:scripts:page-ssr',
          enforce: 'post',
          transform: [Function: transform]
        },
        {
          name: 'astro:server-islands',
          enforce: 'post',
          api: { hasServerIslands: [Function: hasServerIslands] },
          config: [Function: config],
          buildStart: [Function: buildStart],
          configureServer: [Function: configureServer],
          resolveId: {
            filter: { id: /^virtual:astro:server-island-manifest$/ },
            handler: [Function: handler]
          },
          load: {
            filter: { id: /^ virtual:astro:server-island-manifest$/ },
            handler: [Function: handler]
          },
          transform: {
            filter: {
              id: {
                include: [
                  /\.(astro|mdx)$/,
                  /^ virtual:astro:server-island-manifest$/
                ]
              }
            },
            handler: [AsyncFunction: handler]
          },
          renderChunk: [Function: renderChunk]
        },
        {
          name: 'astro:hmr-reload',
          enforce: 'post',
          hotUpdate: { order: 'post', handler: [Function: handler] }
        },
        {
          name: 'vite:react:config-post',
          enforce: 'post',
          config: [Function: config]
        },
        {
          name: 'astro:resolve-input',
          enforce: 'post',
          config: [Function: config],
          configResolved: [Function: configResolved]
        },
        {
          name: 'astro:build-generate',
          enforce: 'post',
          buildApp: { order: 'post', handler: [AsyncFunction: handler] }
        },
        {
          name: 'vite:build-import-analysis',
          renderChunk: [Function: renderChunk],
          generateBundle: [AsyncFunction: generateBundle]
        },
        BuiltinPlugin {
          name: 'builtin:vite-build-import-analysis',
          _options: {
            preloadCode: 'const scriptRel = /* @__PURE__ */ (function detectScriptRel() {\n' +
              '\tconst relList = typeof document !== "undefined" && document.createElement("link").relList;\n' +
              '\treturn relList && relList.supports && relList.supports("modulepreload") ? "modulepreload" : "preload";\n' +
              '})();const assetsURL = function(dep) { return "/"+dep };const seen = {};export const __vitePreload = function preload(baseModule, deps, importerUrl) {\n' +
              '\tlet promise = Promise.resolve();\n' +
              '\tif (__VITE_IS_MODERN__ && deps && deps.length > 0) {\n' +
              '\t\tconst links = document.getElementsByTagName("link");\n' +
              '\t\tconst cspNonceMeta = document.querySelector("meta[property=csp-nonce]");\n' +
              '\t\tconst cspNonce = cspNonceMeta?.nonce || cspNonceMeta?.getAttribute("nonce");\n' +
              '\t\tfunction allSettled(promises) {\n' +
              '\t\t\treturn Promise.all(promises.map((p) => Promise.resolve(p).then((value) => ({\n' +
              '\t\t\t\tstatus: "fulfilled",\n' +
              '\t\t\t\tvalue\n' +
              '\t\t\t}), (reason) => ({\n' +
              '\t\t\t\tstatus: "rejected",\n' +
              '\t\t\t\treason\n' +
              '\t\t\t}))));\n' +
              '\t\t}\n' +
              '\t\tfunction importMetaResolve(specifier) {\n' +
              '\t\t\tif (import.meta.resolve) return import.meta.resolve(specifier);\n' +
              '\t\t\treturn new URL(\n' +
              '\t\t\t\tspecifier,\n' +
              '\t\t\t\t/** #__KEEP__ */\n' +
              '\t\t\t\timport.meta.url\n' +
              '\t\t\t).href;\n' +
              '\t\t}\n' +
              '\t\tpromise = allSettled(deps.map((dep) => {\n' +
              '\t\t\tdep = assetsURL(dep, importerUrl);\n' +
              '\t\t\tdep = importMetaResolve(dep);\n' +
              '\t\t\tif (dep in seen) return;\n' +
              '\t\t\tseen[dep] = true;\n' +
              '\t\t\tconst isCss = dep.endsWith(".css");\n' +
              '\t\t\tfor (let i = links.length - 1; i >= 0; i--) {\n' +
              '\t\t\t\tconst link = links[i];\n' +
              '\t\t\t\tif (link.href === dep && (!isCss || link.rel === "stylesheet")) return;\n' +
              '\t\t\t}\n' +
              '\t\t\tconst link = document.createElement("link");\n' +
              '\t\t\tlink.rel = isCss ? "stylesheet" : scriptRel;\n' +
              '\t\t\tif (!isCss) link.as = "script";\n' +
              '\t\t\tlink.crossOrigin = "";\n' +
              '\t\t\tlink.href = dep;\n' +
              '\t\t\tif (cspNonce) link.setAttribute("nonce", cspNonce);\n' +
              '\t\t\tdocument.head.appendChild(link);\n' +
              '\t\t\tif (isCss) return new Promise((res, rej) => {\n' +
              '\t\t\t\tlink.addEventListener("load", res);\n' +
              '\t\t\t\tlink.addEventListener("error", () => rej(/* @__PURE__ */ new Error(`Unable to preload CSS for ${dep}`)));\n' +
              '\t\t\t});\n' +
              '\t\t}));\n' +
              '\t}\n' +
              '\tfunction handlePreloadError(err) {\n' +
              '\t\tconst e = new Event("vite:preloadError", { cancelable: true });\n' +
              '\t\te.payload = err;\n' +
              '\t\twindow.dispatchEvent(e);\n' +
              '\t\tif (!e.defaultPrevented) throw err;\n' +
              '\t}\n' +
              '\treturn promise.then((res) => {\n' +
              '\t\tfor (const item of res || []) {\n' +
              '\t\t\tif (item.status !== "rejected") continue;\n' +
              '\t\t\thandlePreloadError(item.reason);\n' +
              '\t\t}\n' +
              '\t\treturn baseModule().catch(handlePreloadError);\n' +
              '\t});\n' +
              '}',
            insertPreload: false,
            optimizeModulePreloadRelativePaths: false,
            renderBuiltUrl: false,
            isRelativeBase: false
          },
          enforce: undefined
        },
        {
          name: 'vite:license',
          generateBundle: [Function: generateBundle]
        },
        {
          name: 'native:manifest-envs',
          buildStart: [Function: buildStart]
        },
        BuiltinPlugin {
          name: 'builtin:vite-manifest',
          _options: {
            root: 'D:/kitchenandall/kitchenandall',
            outPath: '.vite/manifest.json',
            isOutputOptionsForLegacyChunks: undefined,
            cssEntries: [Function: cssEntries]
          },
          enforce: undefined
        },
        {
          name: 'native:manifest-compatible',
          generateBundle: [Function: generateBundle]
        },
        BuiltinPlugin {
          name: 'builtin:vite-reporter',
          _options: {
            root: 'D:/kitchenandall/kitchenandall',
            isTty: false,
            isLib: false,
            assetsDir: '_astro\\',
            chunkLimit: 500,
            logInfo: undefined,
            reportCompressedSize: false,
            warnLargeChunks: false
          },
          enforce: undefined
        },
        BuiltinPlugin {
          name: 'builtin:vite-load-fallback',
          _options: undefined,
          enforce: undefined
        }
      ],
      optimizeDepsPluginNames: []
    },
    client: {
      define: {
        'import.meta.env.SITE': 'undefined',
        'import.meta.env.BASE_URL': '"/"',
        'import.meta.env.ASSETS_PREFIX': 'undefined'
      },
      resolve: {
        externalConditions: [ 'node', 'module-sync' ],
        extensions: [
          '.mjs',  '.js',
          '.mts',  '.ts',
          '.jsx',  '.tsx',
          '.json'
        ],
        dedupe: [
          'astro',     'react',
          'react-dom', 'astro',
          'react',     'react-dom',
          'astro',     'react',
          'react-dom', 'astro',
          'react',     'react-dom'
        ],
        noExternal: [
          'astro',
          'astro/components',
          '@nanostores/preact',
          '@fontsource/*',
          '@astrojs/internal-helpers',
          '@astrojs/react',
          'astro',
          'astro/components',
          '@nanostores/preact',
          '@fontsource/*',
          '@astrojs/internal-helpers',
          '@astrojs/react',
          'astro',
          'astro/components',
          '@nanostores/preact',
          '@fontsource/*',
          '@astrojs/internal-helpers',
          '@astrojs/react',
          'astro',
          'astro/components',
          '@nanostores/preact',
          '@fontsource/*',
          '@astrojs/internal-helpers',
          '@astrojs/react'
        ],
        external: [],
        preserveSymlinks: false,
        tsconfigPaths: true,
        alias: [
          { find: 'randombytes', replacement: 'randombytes/browser' },
          {
            find: /^astro$/,
            replacement: 'd:\\kitchenandall\\kitchenandall\\node_modules\\astro\\dist\\types\\public\\index.js'
          },
          {
            find: 'astro:middleware',
            replacement: 'astro/virtual-modules/middleware.js'
          },
          { find: 'astro:schema', replacement: 'astro/zod' },
          { find: 'astro:components', replacement: 'astro/components' },
          {
            find: /^\/?@vite\/env/,
            replacement: '/@fs/d:/kitchenandall/kitchenandall/node_modules/vite/dist/client/env.mjs'
          },
          {
            find: /^\/?@vite\/client/,
            replacement: '/@fs/d:/kitchenandall/kitchenandall/node_modules/vite/dist/client/client.mjs'
          }
        ],
        mainFields: [ 'browser', 'module', 'jsnext:main', 'jsnext' ],
        conditions: [
          'module',
          'browser',
          'development|production',
          'astro',
          'module',
          'browser',
          'development|production',
          'astro',
          'module',
          'browser',
          'development|production',
          'astro',
          'module',
          'browser',
          'development|production',
          'astro',
          'module',
          'browser',
          'development|production',
          'astro',
          'module',
          'browser',
          'development|production',
          'astro',
          'module',
          'browser',
          'development|production',
          'astro',
          'module',
          'browser',
          'development|production',
          'astro'
        ],
        builtins: []
      },
      keepProcessEnv: false,
      consumer: 'client',
      optimizeDeps: {
        include: [
          'react',
          'react-dom',
          'react/jsx-dev-runtime',
          'react/jsx-runtime',
          'astro > aria-query',
          'astro > axobject-query',
          'react',
          'react-dom',
          'react/jsx-dev-runtime',
          'react/jsx-runtime',
          'astro > aria-query',
          'astro > axobject-query',
          'react',
          'react-dom',
          'react/jsx-dev-runtime',
          'react/jsx-runtime',
          'astro > aria-query',
          'astro > axobject-query',
          'react',
          'react-dom',
          'react/jsx-dev-runtime',
          'react/jsx-runtime',
          'astro > aria-query',
          'astro > axobject-query',
          'astro > html-escaper',
          'astro/runtime/client/dev-toolbar/entrypoint.js',
          'react',
          'react/jsx-runtime',
          'react/jsx-dev-runtime',
          'react-dom',
          'react-dom/client',
          '@astrojs/react/client.js',
          'astro > html-escaper',
          'astro/runtime/client/dev-toolbar/entrypoint.js',
          'react',
          'react/jsx-runtime',
          'react/jsx-dev-runtime',
          'react-dom',
          'react-dom/client',
          '@astrojs/react/client.js',
          'astro > html-escaper',
          'astro/runtime/client/dev-toolbar/entrypoint.js',
          'react',
          'react/jsx-runtime',
          'react/jsx-dev-runtime',
          'react-dom',
          'react-dom/client',
          '@astrojs/react/client.js',
          'astro > html-escaper',
          'astro/runtime/client/dev-toolbar/entrypoint.js',
          'react',
          'react/jsx-runtime',
          'react/jsx-dev-runtime',
          'react-dom',
          'react-dom/client',
          '@astrojs/react/client.js'
        ],
        exclude: [
          'astro:*',
          'virtual:astro:*',
          'astro/virtual-modules/prefetch.js',
          '@astrojs/react/server.js',
          'astro:*',
          'virtual:astro:*',
          'astro/virtual-modules/prefetch.js',
          '@astrojs/react/server.js',
          'astro:*',
          'virtual:astro:*',
          'astro/virtual-modules/prefetch.js',
          '@astrojs/react/server.js',
          'astro:*',
          'virtual:astro:*',
          'astro/virtual-modules/prefetch.js',
          '@astrojs/react/server.js'
        ],
        needsInterop: [],
        rolldownOptions: {
          transform: { jsx: { runtime: 'automatic' } },
          resolve: { symlinks: true },
          output: { topLevelVar: true }
        },
        extensions: [],
        disabled: undefined,
        holdUntilCrawlEnd: true,
        force: false,
        ignoreOutdatedRequests: false,
        noDiscovery: false,
        entries: [
          'D:/kitchenandall/kitchenandall/src/**/*.{jsx,tsx,vue,svelte,html}',
          'D:/kitchenandall/kitchenandall/src/**/*.{jsx,tsx,vue,svelte,html}',
          'D:/kitchenandall/kitchenandall/src/**/*.{jsx,tsx,vue,svelte,html}',
          'D:/kitchenandall/kitchenandall/src/**/*.{jsx,tsx,vue,svelte,html}'
        ],
        rollupOptions: [Getter/Setter],
        esbuildOptions: { preserveSymlinks: false }
      },
      dev: {
        warmup: [],
        sourcemap: { js: true },
        sourcemapIgnoreList: [Function: isInNodeModules],
        preTransformRequests: true,
        createEnvironment: [Function: defaultCreateClientDevEnvironment],
        recoverable: true,
        moduleRunnerTransform: false
      },
      build: {
        target: 'esnext',
        polyfillModulePreload: true,
        modulePreload: { polyfill: false },
        outDir: 'D:\\kitchenandall\\kitchenandall\\dist\\',
        assetsDir: '_astro',
        assetsInlineLimit: 4096,
        sourcemap: false,
        terserOptions: {},
        chunkImportMap: false,
        rolldownOptions: {
          platform: 'browser',
          preserveEntrySignatures: 'exports-only',
          checks: { pluginTimings: false },
          output: {
            hoistTransitiveImports: false,
            format: 'esm',
            minifyInternalExports: true,
            chunkFileNames: [Function: chunkFileNames],
            assetFileNames: [Function: assetFileNames],
            entryFileNames: [Function: entryFileNames]
          },
          onwarn: [Function: onwarn]
        },
        commonjsOptions: { include: [ /node_modules/ ], extensions: [ '.js', '.cjs' ] },
        dynamicImportVarsOptions: { exclude: [ /node_modules/ ] },
        write: true,
        emptyOutDir: false,
        copyPublicDir: true,
        license: false,
        manifest: false,
        lib: false,
        ssrManifest: false,
        ssrEmitAssets: true,
        reportCompressedSize: false,
        chunkSizeWarningLimit: 500,
        watch: null,
        cssCodeSplit: true,
        minify: 'oxc',
        rollupOptions: [Getter/Setter],
        ssr: true,
        emitAssets: true,
        createEnvironment: [Function: createEnvironment],
        cssMinify: true,
        cssTarget: 'esnext'
      },
      isBundled: true,
      plugins: [
        {
          name: 'vite:watch-package-data',
          buildStart: [Function: buildStart],
          buildEnd: [Function: buildEnd],
          watchChange: [Function: watchChange]
        },
        BuiltinPlugin {
          name: 'builtin:vite-alias',
          _options: {
            entries: [
              {
                find: 'randombytes',
                replacement: 'randombytes/browser'
              },
              {
                find: /^astro$/,
                replacement: 'd:\\kitchenandall\\kitchenandall\\node_modules\\astro\\dist\\types\\public\\index.js'
              },
              {
                find: 'astro:middleware',
                replacement: 'astro/virtual-modules/middleware.js'
              },
              { find: 'astro:schema', replacement: 'astro/zod' },
              {
                find: 'astro:components',
                replacement: 'astro/components'
              },
              {
                find: /^\/?@vite\/env/,
                replacement: '/@fs/d:/kitchenandall/kitchenandall/node_modules/vite/dist/client/env.mjs'
              },
              {
                find: /^\/?@vite\/client/,
                replacement: '/@fs/d:/kitchenandall/kitchenandall/node_modules/vite/dist/client/client.mjs'
              }
            ]
          },
          enforce: undefined
        },
        {
          name: '@astro/plugin-component-entry',
          enforce: 'pre',
          applyToEnvironment: [Function: applyToEnvironment],
          config: [Function: config],
          resolveId: {
            filter: { id: /^ astro-entry:/ },
            handler: [Function: handler]
          },
          load: {
            filter: { id: /^ astro-entry:/ },
            handler: [AsyncFunction: handler]
          }
        },
        {
          name: 'astro:plugin-renderers',
          enforce: 'pre',
          resolveId: {
            filter: { id: /^virtual:astro:renderers$/ },
            handler: [Function: handler]
          },
          load: {
            filter: { id: /^ virtual:astro:renderers$/ },
            handler: [Function: handler]
          }
        },
        {
          name: 'astro:static-paths',
          enforce: 'pre',
          resolveId: {
            filter: { id: /^astro:static-paths$/ },
            handler: [Function: handler]
          },
          load: {
            filter: { id: /^ astro:static-paths$/ },
            handler: [Function: handler]
          }
        },
        {
          name: 'astro:build:css-hmr',
          enforce: 'pre',
          applyToEnvironment: [Function: applyToEnvironment],
          transform: {
            filter: {
              id: {
                include: [ /(?:\?|&)astro(?:&|=|$)/ ],
                exclude: [ /(?:\?|&)(?:url|raw|direct)(?:&|$)/ ]
              }
            },
            handler: [AsyncFunction: handler]
          }
        },
        {
          name: 'astro:build',
          enforce: 'pre',
          configEnvironment: [AsyncFunction: configEnvironment],
          configResolved: [AsyncFunction: configResolved],
          configureServer: [Function: configureServer],
          buildStart: [Function: buildStart],
          load: {
            filter: { id: /(?:\?|&)astro(?:&|=|$)/ },
            handler: [AsyncFunction: handler]
          },
          transform: {
            filter: {
              id: {
                include: [ /\.astro$/, /\.astro\?/ ],
                exclude: [
                  /(?:\?|&)(?:url|raw|direct)(?:&|$)/,
                  /(?:\?|&)astro(?:&|=|$)/
                ]
              }
            },
            handler: [AsyncFunction: handler]
          },
          handleHotUpdate: [AsyncFunction: handleHotUpdate]
        },
        {
          name: 'astro-env-plugin',
          enforce: 'pre',
          config: [Function: config],
          buildStart: [Function: buildStart],
          resolveId: {
            filter: {
              id: /^(astro:env\/client|astro:env\/server|virtual:astro:env\/internal)$/
            },
            handler: [Function: handler]
          },
          load: {
            filter: {
              id: /^( astro:env\/client| astro:env\/server| virtual:astro:env\/internal)$/
            },
            handler: [Function: handler]
          }
        },
        {
          enforce: 'pre',
          name: 'astro:markdown',
          buildEnd: [Function: buildEnd],
          resolveId: {
            filter: { id: /^[^/]/ },
            handler: [AsyncFunction: handler]
          },
          load: {
            filter: {
              id: {
                include: /\.(markdown|mdown|mkdn|mkd|mdwn|md)(\?|$)/,
                exclude: /(?:\?|&)(?:url|raw|direct)(?:&|$)/
              }
            },
            handler: [AsyncFunction: handler]
          }
        },
        {
          name: 'astro-content-virtual-mod-plugin',
          enforce: 'pre',
          config: [Function: config],
          buildStart: [Function: buildStart],
          resolveId: {
            filter: {
              id: /^(astro:content|astro:data-layer-content|astro:content-module-imports|astro:asset-imports)$|(?:\?|&)astroContentModuleFlag(?:&|=|$)/
            },
            handler: [AsyncFunction: handler]
          },
          load: {
            filter: {
              id: /^( astro:content| astro:data-layer-content| astro:asset-imports| astro:content-module-imports)$/
            },
            handler: [AsyncFunction: handler]
          },
          configureServer: [Function: configureServer]
        },
        {
          name: 'astro:content-asset-propagation',
          enforce: 'pre',
          resolveId: {
            filter: {
              id: /(?:\?|&)(?:astroContentImageFlag|astroRenderContent)(?:&|=|$)/
            },
            handler: [AsyncFunction: handler]
          },
          configureServer: [Function: configureServer],
          transform: {
            filter: { id: /(?:\?|&)astroPropagatedAssets(?:&|=|$)/ },
            handler: [AsyncFunction: handler]
          }
        },
        {
          name: 'astro:assets:esm',
          enforce: 'pre',
          config: [Function: config],
          configResolved: [Function: configResolved],
          load: {
            filter: { id: /\.(jpeg|jpg|png|tiff|webp|gif|svg|avif)/i },
            handler: [AsyncFunction: handler]
          }
        },
        {
          name: 'astro:vite-plugin-file-url',
          enforce: 'pre',
          resolveId: {
            filter: { id: /^file:\/\// },
            handler: [Function: handler]
          }
        },
        {
          name: 'astro:i18n',
          enforce: 'pre',
          resolveId: {
            filter: { id: /^astro:i18n$/ },
            handler: [Function: handler]
          }
        },
        {
          name: 'astro:actions',
          enforce: 'pre',
          resolveId: {
            filter: {
              id: /^(astro:actions|virtual:astro:actions\/options|virtual:astro:actions\/entrypoint)$/
            },
            handler: [AsyncFunction: handler]
          },
          configureServer: [AsyncFunction: configureServer],
          load: {
            filter: {
              id: /^( astro:actions| virtual:astro:actions\/noop-entrypoint| virtual:astro:actions\/entrypoint| virtual:astro:actions\/options)$/
            },
            handler: [AsyncFunction: handler]
          }
        },
        {
          name: 'virtual:astro:session-driver',
          enforce: 'pre',
          resolveId: {
            filter: { id: /^virtual:astro:session-driver$/ },
            handler: [Function: handler]
          },
          load: {
            filter: { id: /^ virtual:astro:session-driver$/ },
            handler: [AsyncFunction: handler]
          }
        },
        {
          name: 'astro:container',
          enforce: 'pre',
          resolveId: {
            filter: { id: /^(astro:container)$/ },
            handler: [Function: handler]
          }
        },
        {
          name: '@tailwindcss/vite:scan',
          enforce: 'pre',
          configureServer: [Function: configureServer],
          configResolved: [AsyncFunction: configResolved]
        },
        {
          name: '@tailwindcss/vite:generate:build',
          apply: 'build',
          enforce: 'pre',
          transform: {
            filter: {
              id: {
                exclude: [
                  /\/\.vite\//,
                  /[?&](?:worker|sharedworker|raw|url)\b/,
                  /\?commonjs-proxy/
                ],
                include: [
                  /\.css(?:\?.*)?$/,
                  /&lang\.css/,
                  /[?&]index=\d+\.css$/
                ]
              }
            },
            handler: [AsyncFunction: handler]
          }
        },
        {
          name: 'vite:react-babel',
          enforce: 'pre',
          config: [Function: config],
          configResolved: [Function: configResolved],
          options: [Function: options]
        },
        {
          name: 'vite:react-refresh-fbm',
          enforce: 'pre',
          transformIndexHtml: { handler: [Function: handler], order: 'pre' }
        },
        {
          name: 'vite:react-refresh',
          enforce: 'pre',
          config: [Function: config],
          resolveId: {
            filter: { id: /^\/@react\-refresh$/ },
            handler: [Function: handler]
          },
          load: {
            filter: { id: /^\/@react\-refresh$/ },
            handler: [Function: handler]
          },
          transformIndexHtml: [Function: transformIndexHtml]
        },
        {
          name: 'vite:resolve-builtin:get-environment',
          buildStart: [Function: buildStart],
          perEnvironmentStartEndDuringDev: true
        },
        BuiltinPlugin {
          name: 'builtin:vite-resolve',
          _options: {
            resolveOptions: {
              isBuild: true,
              isProduction: true,
              asSrc: true,
              preferRelative: false,
              isRequire: undefined,
              root: 'D:/kitchenandall/kitchenandall',
              scan: false,
              mainFields: [ 'browser', 'module', 'jsnext:main', 'jsnext', 'main' ],
              conditions: [
                'module',
                'browser',
                'development|production',
                'astro',
                'module',
                'browser',
                'development|production',
                'astro',
                'module',
                'browser',
                'development|production',
                'astro',
                'module',
                'browser',
                'development|production',
                'astro',
                'module',
                'browser',
                'development|production',
                'astro',
                'module',
                'browser',
                'development|production',
                'astro',
                'module',
                'browser',
                'development|production',
                'astro',
                'module',
                'browser',
                'development|production',
                'astro'
              ],
              externalConditions: [ 'node', 'module-sync' ],
              extensions: [
                '.mjs',  '.js',
                '.mts',  '.ts',
                '.jsx',  '.tsx',
                '.json'
              ],
              tryIndex: true,
              tryPrefix: undefined,
              preserveSymlinks: false,
              tsconfigPaths: true
            },
            environmentConsumer: 'client',
            environmentName: 'client',
            builtins: [],
            external: [],
            noExternal: [
              'astro',
              'astro/components',
              '@nanostores/preact',
              '@fontsource/*',
              '@astrojs/internal-helpers',
              '@astrojs/react',
              'astro',
              'astro/components',
              '@nanostores/preact',
              '@fontsource/*',
              '@astrojs/internal-helpers',
              '@astrojs/react',
              'astro',
              'astro/components',
              '@nanostores/preact',
              '@fontsource/*',
              '@astrojs/internal-helpers',
              '@astrojs/react',
              'astro',
              'astro/components',
              '@nanostores/preact',
              '@fontsource/*',
              '@astrojs/internal-helpers',
              '@astrojs/react'
            ],
            dedupe: [
              'astro',     'react',
              'react-dom', 'astro',
              'react',     'react-dom',
              'astro',     'react',
              'react-dom', 'astro',
              'react',     'react-dom'
            ],
            disableCache: false,
            legacyInconsistentCjsInterop: undefined,
            finalizeBareSpecifier: undefined,
            finalizeOtherSpecifiers: undefined,
            resolveSubpathImports: [Function: resolveSubpathImports],
            yarnPnp: false
          },
          enforce: undefined,
          getOrder: [AsyncFunction: wrappedHook],
          load: [AsyncFunction: wrappedHook],
          resolveId: [AsyncFunction: wrappedHook],
          transform: [AsyncFunction: wrappedHook],
          watchChange: [AsyncFunction: wrappedHook],
          perEnvironmentWatchChangeDuringDev: true
        },
        {
          name: 'vite:html-inline-proxy',
          resolveId: {
            filter: { id: /[?&]html-proxy\b/ },
            handler: [Function: handler]
          },
          load: {
            filter: { id: /[?&]html-proxy\b/ },
            handler: [Function: handler]
          }
        },
        {
          name: 'vite:css',
          buildStart: [Function: buildStart],
          buildEnd: [AsyncFunction: buildEnd],
          load: {
            filter: {
              id: /\.(css|less|sass|scss|styl|stylus|pcss|postcss|sss)(?:$|\?)/
            },
            handler: [Function: handler]
          },
          transform: {
            filter: {
              id: {
                include: /\.(css|less|sass|scss|styl|stylus|pcss|postcss|sss)(?:$|\?)/,
                exclude: [
                  /[?&]commonjs-proxy/,
                  /[?&](?:worker|sharedworker|raw|url)\b/
                ]
              }
            },
            handler: [AsyncFunction: handler]
          }
        },
        BuiltinPlugin {
          name: 'builtin:vite-transform',
          _options: {
            root: 'D:/kitchenandall/kitchenandall',
            include: [ /\.(m?ts|[jt]sx)$/ ],
            exclude: [ /\.js$/ ],
            jsxRefreshInclude: [ /\.[tj]sx?(?:\?.*)?$/ ],
            jsxRefreshExclude: [ /\.astro(?:\?.*)?$/ ],
            isServerConsumer: false,
            jsxInject: undefined,
            transformOptions: {
              jsx: {
                development: false,
                runtime: 'automatic',
                importSource: undefined,
                refresh: false
              },
              sourcemap: true
            },
            yarnPnp: false
          },
          enforce: undefined
        },
        BuiltinPlugin {
          name: 'builtin:vite-json',
          _options: { namedExports: true, stringify: 'auto', minify: true },
          enforce: undefined,
          getOrder: [AsyncFunction: wrappedHook],
          load: [AsyncFunction: wrappedHook],
          resolveId: [AsyncFunction: wrappedHook],
          transform: [AsyncFunction: wrappedHook],
          watchChange: [AsyncFunction: wrappedHook]
        },
        {
          name: 'vite:wasm-helper',
          resolveId: {
            filter: { id: /^ vite\/wasm\-helper\.js$/ },
            handler: [Function: handler]
          },
          load: {
            filter: {
              id: [
                /^ vite\/wasm\-helper\.js$/,
                /(?<![?#].*)\.wasm\?init/,
                /(?<![?#].*)\.wasm$/
              ]
            },
            handler: [AsyncFunction: handler]
          },
          renderChunk: undefined
        },
        {
          name: 'vite:worker',
          buildStart: [Function: buildStart],
          load: {
            filter: { id: /(?:\?|&)(worker|sharedworker)(?:&|$)/ },
            handler: [AsyncFunction: handler]
          },
          transform: {
            filter: { id: /(?:\?|&)worker_file&type=(\w+)(?:&|$)/ },
            handler: [Function: handler]
          },
          renderChunk: [Function: renderChunk],
          generateBundle: [Function: generateBundle],
          watchChange: [Function: watchChange]
        },
        {
          name: 'vite:asset',
          perEnvironmentStartEndDuringDev: true,
          buildStart: [Function: buildStart],
          resolveId: {
            filter: {
              id: [
                /(\?|&)url(?:&|$)/,
                /\.(apng|bmp|png|jpe?g|jfif|pjpeg|pjp|gif|svg|ico|webp|avif|cur|jxl|mp4|webm|ogg|mp3|wav|flac|aac|opus|mov|m4a|vtt|woff2?|eot|ttf|otf|webmanifest|pdf|txt)(\?.*)?$/i
              ]
            },
            handler: [Function: handler]
          },
          load: {
            filter: {
              id: {
                include: [
                  /(\?|&)raw(?:&|$)/,
                  /(\?|&)url(?:&|$)/,
                  /\.(apng|bmp|png|jpe?g|jfif|pjpeg|pjp|gif|svg|ico|webp|avif|cur|jxl|mp4|webm|ogg|mp3|wav|flac|aac|opus|mov|m4a|vtt|woff2?|eot|ttf|otf|webmanifest|pdf|txt)(\?.*)?$/i
                ],
                exclude: /^\0/
              }
            },
            handler: [AsyncFunction: handler]
          },
          renderChunk: [Function: renderChunk],
          generateBundle: [Function: generateBundle],
          watchChange: [Function: watchChange]
        },
        {
          name: 'vite:forward-console',
          apply: 'serve',
          configureServer: [Function: configureServer]
        },
        {
          name: '@astro/plugin-build-internals',
          applyToEnvironment: [Function: applyToEnvironment],
          configEnvironment: [Function: configEnvironment],
          generateBundle: [AsyncFunction: generateBundle]
        },
        {
          name: 'astro:rollup-plugin-build-css',
          applyToEnvironment: [Function: applyToEnvironment],
          generateBundle: [AsyncFunction: generateBundle]
        },
        {
          name: '@astro/plugin-scripts',
          applyToEnvironment: [Function: applyToEnvironment],
          configResolved: [Function: configResolved],
          generateBundle: [AsyncFunction: generateBundle]
        },
        {
          name: 'plugin-noop',
          resolveId: {
            filter: { id: /^virtual:astro:noop$/ },
            handler: [Function: handler]
          },
          load: {
            filter: { id: /^ virtual:astro:noop$/ },
            handler: [Function: handler]
          },
          generateBundle: [Function: generateBundle]
        },
        {
          name: 'astro:ssr-assets',
          applyToEnvironment: [Function: applyToEnvironment],
          configEnvironment: [Function: configEnvironment],
          buildStart: [Function: buildStart],
          generateBundle: [Function: generateBundle],
          writeBundle: {
            sequential: true,
            order: 'post',
            handler: [AsyncFunction: handler]
          }
        },
        {
          name: 'astro:watcher-max-listeners',
          configureServer: [Function: configureServer]
        },
        {
          name: 'astro-manifest-plugin',
          resolveId: {
            filter: { id: /^(astro:config\/server|astro:config\/client)$/ },
            handler: [Function: handler]
          },
          load: {
            filter: { id: /^( astro:config\/server| astro:config\/client)$/ },
            handler: [Function: handler]
          }
        },
        {
          name: 'astro:environment',
          configEnvironment: [Function: configEnvironment]
        },
        {
          name: 'astro:build:normal',
          resolveId: {
            filter: { id: /(?:\?|&)astro(?:&|=|$)/ },
            handler: [Function: handler]
          }
        },
        {
          name: 'astro:scripts',
          config: [Function: config],
          resolveId: {
            filter: { id: /^astro:scripts\// },
            handler: [Function: handler]
          },
          load: {
            filter: {
              id: /^(astro:scripts\/before-hydration.js|astro:scripts\/page.js|astro:scripts\/page-ssr.js)$/
            },
            handler: [Function: handler]
          },
          buildStart: [Function: buildStart]
        },
        {
          name: 'astro:app',
          configResolved: [Function: configResolved],
          resolveId: {
            filter: { id: /^virtual:astro:app$/ },
            handler: [Function: handler]
          },
          load: {
            filter: { id: /^ virtual:astro:app$/ },
            handler: [Function: handler]
          }
        },
        {
          name: 'astro:server-app',
          resolveId: {
            filter: { id: /^astro:server-app$/ },
            handler: [Function: handler]
          }
        },
        {
          name: 'virtual:astro:dev-css',
          configureServer: [AsyncFunction: configureServer],
          applyToEnvironment: [Function: applyToEnvironment],
          resolveId: {
            filter: {
              id: /^(virtual:astro:dev-css|virtual:astro:dev-css:.*)$/
            },
            handler: [Function: handler]
          },
          load: {
            filter: {
              id: /^( virtual:astro:dev-css| virtual:astro:dev-css:.*)$/
            },
            handler: [AsyncFunction: handler]
          },
          transform: {
            filter: {
              id: {
                include: [
                  /\.(css|less|sass|scss|styl|stylus|pcss|postcss|sss)(?:$|\?)/
                ],
                exclude: [ /(?:\?|&)raw(?:&|$)/, /(?:\?|&)inline\b/ ]
              }
            },
            handler: [Function: handler]
          }
        },
        {
          name: 'virtual:astro:dev-css-all',
          applyToEnvironment: [Function: applyToEnvironment],
          resolveId: {
            filter: { id: /^virtual:astro:dev-css-all$/ },
            handler: [Function: handler]
          },
          load: {
            filter: { id: /^ virtual:astro:dev-css-all$/ },
            handler: [Function: handler]
          }
        },
        {
          name: 'astro:adapter-config',
          config: [Function: config],
          resolveId: {
            filter: { id: /^virtual:astro:adapter-config\/client$/ },
            handler: [Function: handler]
          },
          load: {
            filter: { id: /^ virtual:astro:adapter-config\/client$/ },
            handler: [Function: handler]
          }
        },
        {
          name: 'astro:html',
          options: [Function: options],
          transform: {
            filter: { id: /\.html$/ },
            handler: [AsyncFunction: transform]
          }
        },
        {
          name: 'astro:integration-container',
          configureServer: [AsyncFunction: configureServer],
          buildStart: [AsyncFunction: buildStart]
        },
        {
          name: 'astro:content-imports',
          config: [Function: config],
          buildStart: [AsyncFunction: buildStart],
          transform: {
            filter: {
              id: /(?:\?|&)(?:astroDataCollectionEntry|astroContentCollectionEntry)(?:&|=|$)/
            },
            handler: [AsyncFunction: handler]
          },
          configureServer: [Function: configureServer]
        },
        {
          name: 'astro:assets',
          config: [Function: config],
          resolveId: {
            filter: {
              id: /^(virtual:image-service|astro:assets|virtual:astro:get-image)$/
            },
            handler: [AsyncFunction: handler]
          },
          load: {
            filter: { id: /^( astro:assets| virtual:astro:get-image)$/ },
            handler: [Function: handler]
          },
          buildStart: [Function: buildStart],
          renderChunk: [AsyncFunction: renderChunk]
        },
        {
          name: 'astro:fonts',
          buildStart: [AsyncFunction: buildStart],
          configureServer: [AsyncFunction: configureServer],
          resolveId: {
            filter: {
              id: /^(virtual:astro:assets\/fonts\/internal|virtual:astro:assets\/fonts\/runtime|virtual:astro:assets\/fonts\/runtime\/font-file-url-resolver)$/
            },
            handler: [Function: handler]
          },
          load: {
            filter: {
              id: /^( virtual:astro:assets\/fonts\/internal| virtual:astro:assets\/fonts\/runtime| virtual:astro:assets\/fonts\/runtime\/font-file-url-resolver)$/
            },
            handler: [AsyncFunction: handler]
          },
          buildEnd: [AsyncFunction: buildEnd]
        },
        {
          name: 'astro:image-styles',
          resolveId: {
            filter: { id: /^virtual:astro:image-styles.css$/ },
            handler: [Function: handler]
          },
          load: {
            filter: { id: /^ virtual:astro:image-styles.css$/ },
            handler: [AsyncFunction: handler]
          }
        },
        {
          name: 'astro:prefetch',
          resolveId: {
            filter: { id: /^astro:prefetch$/ },
            handler: [Function: handler]
          },
          load: {
            filter: { id: /^ astro:prefetch$/ },
            handler: [Function: handler]
          },
          transform: {
            filter: { id: /astro\/dist\/prefetch\/index.js/ },
            handler: [Function: handler]
          }
        },
        {
          name: 'astro:transitions',
          resolveId: {
            filter: { id: /^(astro:transitions|astro:transitions\/client)$/ },
            handler: [Function: handler]
          },
          load: {
            filter: { id: /^( astro:transitions| astro:transitions\/client)$/ },
            handler: [Function: handler]
          },
          transform: {
            filter: { id: /ClientRouter\.astro.*\.ts$/ },
            handler: [Function: handler]
          }
        },
        {
          name: 'astro:dev-toolbar',
          config: [Function: config],
          resolveId: {
            filter: { id: /^astro:toolbar:internal$/ },
            handler: [Function: handler]
          },
          configureServer: [Function: configureServer],
          load: {
            filter: { id: /^ astro:toolbar:internal$/ },
            handler: [Function: handler]
          }
        },
        {
          name: 'astro:chromedevtools',
          configureServer: [Function: configureServer]
        },
        {
          name: 'vite:react-virtual-preamble',
          resolveId: {
            order: 'pre',
            filter: { id: /^@vitejs\/plugin\-react\/preamble$/ },
            handler: [Function: handler]
          },
          load: {
            filter: { id: /^ @vitejs\/plugin\-react\/preamble$/ },
            handler: [Function: handler]
          }
        },
        {
          name: '@astrojs/react:opts',
          resolveId: {
            filter: { id: /^astro:react:opts$/ },
            handler: [Function: handler]
          },
          load: {
            filter: { id: /^ astro:react:opts$/ },
            handler: [Function: handler]
          }
        },
        {
          name: '@astrojs/react:environment',
          configEnvironment: [Function: configEnvironment]
        },
        {
          name: 'astro:vite-plugin-env',
          config: [Function: config],
          configResolved: [Function: configResolved],
          transform: {
            filter: {
              id: {
                exclude: [
                  /.*\.(html|htm|json)$/,
                  /\.(css|less|sass|scss|styl|stylus|pcss|postcss|sss)(?:$|\?)/
                ]
              },
              code: /import\.meta\.env/
            },
            handler: [Function: handler]
          }
        },
        { name: 'vite:define', options: [Function: options] },
        {
          name: 'vite:css-post',
          renderStart: [Function: renderStart],
          transform: {
            filter: {
              id: {
                include: /\.(css|less|sass|scss|styl|stylus|pcss|postcss|sss)(?:$|\?)/,
                exclude: [
                  /[?&]commonjs-proxy/,
                  /[?&](?:worker|sharedworker|raw|url)\b/
                ]
              }
            },
            handler: [AsyncFunction: handler]
          },
          renderChunk: [AsyncFunction: renderChunk],
          augmentChunkHash: [Function: augmentChunkHash],
          generateBundle: [AsyncFunction: generateBundle]
        },
        {
          name: 'vite:build-html',
          applyToEnvironment: [Function: applyToEnvironment],
          transform: {
            filter: { id: /\.html$/ },
            handler: [AsyncFunction: handler]
          },
          generateBundle: [AsyncFunction: generateBundle]
        },
        {
          name: 'vite:worker-import-meta-url',
          applyToEnvironment: [Function: applyToEnvironment],
          transform: {
            filter: {
              code: /\bnew\s+(?:Worker|SharedWorker)\s*\(\s*(new\s+URL\s*\(\s*('[^']+'|"[^"]+"|`[^`]+`)\s*,\s*import\.meta\.url\s*(?:,\s*)?\))/dg
            },
            handler: [AsyncFunction: handler]
          }
        },
        {
          name: 'vite:asset-import-meta-url',
          applyToEnvironment: [Function: applyToEnvironment],
          transform: {
            filter: {
              id: {
                exclude: [
                  /^ vite\/preload\-helper\.js$/,
                  /^d:\\kitchenandall\\kitchenandall\\node_modules\\vite\\dist\\client\\client\.mjs$/
                ]
              },
              code: /\bnew\s+URL\s*\(\s*('[^']+'|"[^"]+"|`[^`]+`)\s*,\s*import\.meta\.url\s*(?:,\s*)?\)/dg
            },
            handler: [AsyncFunction: handler]
          }
        },
        {
          name: 'vite:prepare-out-dir',
          watchChange: [Function: watchChange],
          renderStart: { order: 'pre', handler: [Function: handler] }
        },
        BuiltinPlugin {
          name: 'builtin:vite-dynamic-import-vars',
          _options: {
            include: undefined,
            exclude: [ /node_modules/ ],
            resolver: [Function: resolver],
            sourcemap: false
          },
          enforce: undefined
        },
        BuiltinPlugin {
          name: 'builtin:vite-import-glob',
          _options: {
            root: 'D:/kitchenandall/kitchenandall',
            sourcemap: false,
            restoreQueryExtension: false
          },
          enforce: undefined
        },
        {
          name: 'astro:css-target-lowering',
          enforce: 'post',
          configResolved: [Function: configResolved],
          generateBundle: [AsyncFunction: generateBundle]
        },
        {
          name: 'astro:rollup-plugin-single-css',
          enforce: 'post',
          applyToEnvironment: [Function: applyToEnvironment],
          configResolved: [Function: configResolved],
          generateBundle: [Function: generateBundle]
        },
        {
          name: 'astro:rollup-plugin-inline-stylesheets',
          enforce: 'post',
          applyToEnvironment: [Function: applyToEnvironment],
          configResolved: [Function: configResolved],
          generateBundle: [AsyncFunction: generateBundle]
        },
        {
          name: 'astro:scripts:page-ssr',
          enforce: 'post',
          transform: [Function: transform]
        },
        {
          name: 'astro:server-islands',
          enforce: 'post',
          api: { hasServerIslands: [Function: hasServerIslands] },
          config: [Function: config],
          buildStart: [Function: buildStart],
          configureServer: [Function: configureServer],
          resolveId: {
            filter: { id: /^virtual:astro:server-island-manifest$/ },
            handler: [Function: handler]
          },
          load: {
            filter: { id: /^ virtual:astro:server-island-manifest$/ },
            handler: [Function: handler]
          },
          transform: {
            filter: {
              id: {
                include: [
                  /\.(astro|mdx)$/,
                  /^ virtual:astro:server-island-manifest$/
                ]
              }
            },
            handler: [AsyncFunction: handler]
          },
          renderChunk: [Function: renderChunk]
        },
        {
          name: 'astro:hmr-reload',
          enforce: 'post',
          hotUpdate: { order: 'post', handler: [Function: handler] }
        },
        {
          name: 'vite:react:config-post',
          enforce: 'post',
          config: [Function: config]
        },
        {
          name: 'astro:resolve-input',
          enforce: 'post',
          config: [Function: config],
          configResolved: [Function: configResolved]
        },
        {
          name: 'astro:build-generate',
          enforce: 'post',
          buildApp: { order: 'post', handler: [AsyncFunction: handler] }
        },
        {
          name: 'vite:build-import-analysis',
          renderChunk: [Function: renderChunk],
          generateBundle: [AsyncFunction: generateBundle]
        },
        BuiltinPlugin {
          name: 'builtin:vite-build-import-analysis',
          _options: {
            preloadCode: 'const scriptRel = /* @__PURE__ */ (function detectScriptRel() {\n' +
              '\tconst relList = typeof document !== "undefined" && document.createElement("link").relList;\n' +
              '\treturn relList && relList.supports && relList.supports("modulepreload") ? "modulepreload" : "preload";\n' +
              '})();const assetsURL = function(dep) { return "/"+dep };const seen = {};export const __vitePreload = function preload(baseModule, deps, importerUrl) {\n' +
              '\tlet promise = Promise.resolve();\n' +
              '\tif (__VITE_IS_MODERN__ && deps && deps.length > 0) {\n' +
              '\t\tconst links = document.getElementsByTagName("link");\n' +
              '\t\tconst cspNonceMeta = document.querySelector("meta[property=csp-nonce]");\n' +
              '\t\tconst cspNonce = cspNonceMeta?.nonce || cspNonceMeta?.getAttribute("nonce");\n' +
              '\t\tfunction allSettled(promises) {\n' +
              '\t\t\treturn Promise.all(promises.map((p) => Promise.resolve(p).then((value) => ({\n' +
              '\t\t\t\tstatus: "fulfilled",\n' +
              '\t\t\t\tvalue\n' +
              '\t\t\t}), (reason) => ({\n' +
              '\t\t\t\tstatus: "rejected",\n' +
              '\t\t\t\treason\n' +
              '\t\t\t}))));\n' +
              '\t\t}\n' +
              '\t\tfunction importMetaResolve(specifier) {\n' +
              '\t\t\tif (import.meta.resolve) return import.meta.resolve(specifier);\n' +
              '\t\t\treturn new URL(\n' +
              '\t\t\t\tspecifier,\n' +
              '\t\t\t\t/** #__KEEP__ */\n' +
              '\t\t\t\timport.meta.url\n' +
              '\t\t\t).href;\n' +
              '\t\t}\n' +
              '\t\tpromise = allSettled(deps.map((dep) => {\n' +
              '\t\t\tdep = assetsURL(dep, importerUrl);\n' +
              '\t\t\tdep = importMetaResolve(dep);\n' +
              '\t\t\tif (dep in seen) return;\n' +
              '\t\t\tseen[dep] = true;\n' +
              '\t\t\tconst isCss = dep.endsWith(".css");\n' +
              '\t\t\tfor (let i = links.length - 1; i >= 0; i--) {\n' +
              '\t\t\t\tconst link = links[i];\n' +
              '\t\t\t\tif (link.href === dep && (!isCss || link.rel === "stylesheet")) return;\n' +
              '\t\t\t}\n' +
              '\t\t\tconst link = document.createElement("link");\n' +
              '\t\t\tlink.rel = isCss ? "stylesheet" : scriptRel;\n' +
              '\t\t\tif (!isCss) link.as = "script";\n' +
              '\t\t\tlink.crossOrigin = "";\n' +
              '\t\t\tlink.href = dep;\n' +
              '\t\t\tif (cspNonce) link.setAttribute("nonce", cspNonce);\n' +
              '\t\t\tdocument.head.appendChild(link);\n' +
              '\t\t\tif (isCss) return new Promise((res, rej) => {\n' +
              '\t\t\t\tlink.addEventListener("load", res);\n' +
              '\t\t\t\tlink.addEventListener("error", () => rej(/* @__PURE__ */ new Error(`Unable to preload CSS for ${dep}`)));\n' +
              '\t\t\t});\n' +
              '\t\t}));\n' +
              '\t}\n' +
              '\tfunction handlePreloadError(err) {\n' +
              '\t\tconst e = new Event("vite:preloadError", { cancelable: true });\n' +
              '\t\te.payload = err;\n' +
              '\t\twindow.dispatchEvent(e);\n' +
              '\t\tif (!e.defaultPrevented) throw err;\n' +
              '\t}\n' +
              '\treturn promise.then((res) => {\n' +
              '\t\tfor (const item of res || []) {\n' +
              '\t\t\tif (item.status !== "rejected") continue;\n' +
              '\t\t\thandlePreloadError(item.reason);\n' +
              '\t\t}\n' +
              '\t\treturn baseModule().catch(handlePreloadError);\n' +
              '\t});\n' +
              '}',
            insertPreload: true,
            optimizeModulePreloadRelativePaths: false,
            renderBuiltUrl: false,
            isRelativeBase: false
          },
          enforce: undefined
        },
        {
          name: 'vite:terser',
          applyToEnvironment: [Function: applyToEnvironment],
          renderChunk: [AsyncFunction: renderChunk],
          closeBundle: [Function: closeBundle]
        },
        {
          name: 'vite:license',
          generateBundle: [Function: generateBundle]
        },
        BuiltinPlugin {
          name: 'builtin:vite-reporter',
          _options: {
            root: 'D:/kitchenandall/kitchenandall',
            isTty: false,
            isLib: false,
            assetsDir: '_astro\\',
            chunkLimit: 500,
            logInfo: undefined,
            reportCompressedSize: false,
            warnLargeChunks: true
          },
          enforce: undefined
        },
        BuiltinPlugin {
          name: 'builtin:vite-load-fallback',
          _options: undefined,
          enforce: undefined
        }
      ],
      optimizeDepsPluginNames: []
    },
    ssr: {
      define: {
        'import.meta.env.SITE': 'undefined',
        'import.meta.env.BASE_URL': '"/"',
        'import.meta.env.ASSETS_PREFIX': 'undefined'
      },
      resolve: {
        externalConditions: [ 'node', 'module-sync' ],
        extensions: [
          '.mjs',  '.js',
          '.mts',  '.ts',
          '.jsx',  '.tsx',
          '.json'
        ],
        dedupe: [
          'astro',     'react',
          'react-dom', 'astro',
          'react',     'react-dom',
          'astro',     'react',
          'react-dom', 'astro',
          'react',     'react-dom'
        ],
        noExternal: [
          '@mui/material',
          '@mui/base',
          '@babel/runtime',
          'use-immer',
          '@material-tailwind/react',
          '@mui/material',
          '@mui/base',
          '@babel/runtime',
          'use-immer',
          '@material-tailwind/react',
          '@mui/material',
          '@mui/base',
          '@babel/runtime',
          'use-immer',
          '@material-tailwind/react',
          '@mui/material',
          '@mui/base',
          '@babel/runtime',
          'use-immer',
          '@material-tailwind/react',
          'astro',
          'astro/components',
          '@nanostores/preact',
          '@fontsource/*',
          '@astrojs/internal-helpers',
          '@astrojs/react',
          'astro',
          'astro/components',
          '@nanostores/preact',
          '@fontsource/*',
          '@astrojs/internal-helpers',
          '@astrojs/react',
          'astro',
          'astro/components',
          '@nanostores/preact',
          '@fontsource/*',
          '@astrojs/internal-helpers',
          '@astrojs/react',
          'astro',
          'astro/components',
          '@nanostores/preact',
          '@fontsource/*',
          '@astrojs/internal-helpers',
          '@astrojs/react'
        ],
        external: [],
        preserveSymlinks: false,
        tsconfigPaths: true,
        alias: [
          { find: 'randombytes', replacement: 'randombytes/browser' },
          {
            find: /^astro$/,
            replacement: 'd:\\kitchenandall\\kitchenandall\\node_modules\\astro\\dist\\types\\public\\index.js'
          },
          {
            find: 'astro:middleware',
            replacement: 'astro/virtual-modules/middleware.js'
          },
          { find: 'astro:schema', replacement: 'astro/zod' },
          { find: 'astro:components', replacement: 'astro/components' },
          {
            find: /^\/?@vite\/env/,
            replacement: '/@fs/d:/kitchenandall/kitchenandall/node_modules/vite/dist/client/env.mjs'
          },
          {
            find: /^\/?@vite\/client/,
            replacement: '/@fs/d:/kitchenandall/kitchenandall/node_modules/vite/dist/client/client.mjs'
          }
        ],
        mainFields: [ 'module', 'jsnext:main', 'jsnext' ],
        conditions: [ 'module', 'node', 'development|production', 'astro' ],
        builtins: [
          '_http_agent',         '_http_client',        '_http_common',
          '_http_incoming',      '_http_outgoing',      '_http_server',
          '_stream_duplex',      '_stream_passthrough', '_stream_readable',
          '_stream_transform',   '_stream_wrap',        '_stream_writable',
          '_tls_common',         '_tls_wrap',           'assert',
          'assert/strict',       'async_hooks',         'buffer',
          'child_process',       'cluster',             'console',
          'constants',           'crypto',              'dgram',
          'diagnostics_channel', 'dns',                 'dns/promises',
          'domain',              'events',              'fs',
          'fs/promises',         'http',                'http2',
          'https',               'inspector',           'inspector/promises',
          'module',              'net',                 'os',
          'path',                'path/posix',          'path/win32',
          'perf_hooks',          'process',             'punycode',
          'querystring',         'readline',            'readline/promises',
          'repl',                'stream',              'stream/consumers',
          'stream/promises',     'stream/web',          'string_decoder',
          'sys',                 'timers',              'timers/promises',
          'tls',                 'trace_events',        'tty',
          'url',                 'util',                'util/types',
          'v8',                  'vm',                  'wasi',
          'worker_threads',      'zlib',                /^node:/,
          /^bun:/
        ]
      },
      keepProcessEnv: true,
      consumer: 'server',
      optimizeDeps: {
        include: [],
        exclude: [],
        needsInterop: [],
        rolldownOptions: { resolve: { symlinks: true }, output: { topLevelVar: true } },
        extensions: [],
        disabled: undefined,
        holdUntilCrawlEnd: true,
        force: false,
        ignoreOutdatedRequests: false,
        noDiscovery: true,
        rollupOptions: [Getter/Setter],
        esbuildOptions: { preserveSymlinks: false }
      },
      dev: {
        warmup: [],
        sourcemap: { js: true },
        sourcemapIgnoreList: [Function: isInNodeModules],
        preTransformRequests: false,
        createEnvironment: [Function: defaultCreateDevEnvironment],
        recoverable: false,
        moduleRunnerTransform: true
      },
      build: {
        target: 'esnext',
        polyfillModulePreload: true,
        modulePreload: { polyfill: false },
        outDir: 'D:\\kitchenandall\\kitchenandall\\dist\\',
        assetsDir: '_astro',
        assetsInlineLimit: 4096,
        sourcemap: false,
        terserOptions: {},
        chunkImportMap: false,
        rolldownOptions: {
          platform: 'node',
          preserveEntrySignatures: 'exports-only',
          checks: { pluginTimings: false },
          output: {
            hoistTransitiveImports: false,
            format: 'esm',
            minifyInternalExports: true,
            chunkFileNames: [Function: chunkFileNames],
            assetFileNames: [Function: assetFileNames],
            entryFileNames: [Function: entryFileNames]
          },
          onwarn: [Function: onwarn]
        },
        commonjsOptions: { include: [ /node_modules/ ], extensions: [ '.js', '.cjs' ] },
        dynamicImportVarsOptions: { exclude: [ /node_modules/ ] },
        write: true,
        emptyOutDir: false,
        copyPublicDir: false,
        license: false,
        manifest: true,
        lib: false,
        ssrManifest: false,
        ssrEmitAssets: true,
        reportCompressedSize: false,
        chunkSizeWarningLimit: 500,
        watch: null,
        cssCodeSplit: true,
        minify: false,
        rollupOptions: [Getter/Setter],
        ssr: true,
        emitAssets: true,
        createEnvironment: [Function: createEnvironment],
        cssMinify: true,
        cssTarget: 'esnext'
      },
      isBundled: true,
      plugins: [
        {
          name: 'vite:watch-package-data',
          buildStart: [Function: buildStart],
          buildEnd: [Function: buildEnd],
          watchChange: [Function: watchChange]
        },
        BuiltinPlugin {
          name: 'builtin:vite-alias',
          _options: {
            entries: [
              {
                find: 'randombytes',
                replacement: 'randombytes/browser'
              },
              {
                find: /^astro$/,
                replacement: 'd:\\kitchenandall\\kitchenandall\\node_modules\\astro\\dist\\types\\public\\index.js'
              },
              {
                find: 'astro:middleware',
                replacement: 'astro/virtual-modules/middleware.js'
              },
              { find: 'astro:schema', replacement: 'astro/zod' },
              {
                find: 'astro:components',
                replacement: 'astro/components'
              },
              {
                find: /^\/?@vite\/env/,
                replacement: '/@fs/d:/kitchenandall/kitchenandall/node_modules/vite/dist/client/env.mjs'
              },
              {
                find: /^\/?@vite\/client/,
                replacement: '/@fs/d:/kitchenandall/kitchenandall/node_modules/vite/dist/client/client.mjs'
              }
            ]
          },
          enforce: undefined
        },
        {
          name: 'virtual:astro:manifest',
          enforce: 'pre',
          configureServer: [Function: configureServer],
          applyToEnvironment: [Function: applyToEnvironment],
          resolveId: {
            filter: { id: /^virtual:astro:manifest$/ },
            handler: [Function: handler]
          },
          load: {
            filter: { id: /^ virtual:astro:manifest$/ },
            handler: [AsyncFunction: handler]
          }
        },
        {
          name: 'astro:plugin-renderers',
          enforce: 'pre',
          resolveId: {
            filter: { id: /^virtual:astro:renderers$/ },
            handler: [Function: handler]
          },
          load: {
            filter: { id: /^ virtual:astro:renderers$/ },
            handler: [Function: handler]
          }
        },
        {
          name: 'astro:static-paths',
          enforce: 'pre',
          resolveId: {
            filter: { id: /^astro:static-paths$/ },
            handler: [Function: handler]
          },
          load: {
            filter: { id: /^ astro:static-paths$/ },
            handler: [Function: handler]
          }
        },
        {
          name: 'astro:build',
          enforce: 'pre',
          configEnvironment: [AsyncFunction: configEnvironment],
          configResolved: [AsyncFunction: configResolved],
          configureServer: [Function: configureServer],
          buildStart: [Function: buildStart],
          load: {
            filter: { id: /(?:\?|&)astro(?:&|=|$)/ },
            handler: [AsyncFunction: handler]
          },
          transform: {
            filter: {
              id: {
                include: [ /\.astro$/, /\.astro\?/ ],
                exclude: [
                  /(?:\?|&)(?:url|raw|direct)(?:&|$)/,
                  /(?:\?|&)astro(?:&|=|$)/
                ]
              }
            },
            handler: [AsyncFunction: handler]
          },
          handleHotUpdate: [AsyncFunction: handleHotUpdate]
        },
        {
          name: 'astro-env-plugin',
          enforce: 'pre',
          config: [Function: config],
          buildStart: [Function: buildStart],
          resolveId: {
            filter: {
              id: /^(astro:env\/client|astro:env\/server|virtual:astro:env\/internal)$/
            },
            handler: [Function: handler]
          },
          load: {
            filter: {
              id: /^( astro:env\/client| astro:env\/server| virtual:astro:env\/internal)$/
            },
            handler: [Function: handler]
          }
        },
        {
          enforce: 'pre',
          name: 'astro:markdown',
          buildEnd: [Function: buildEnd],
          resolveId: {
            filter: { id: /^[^/]/ },
            handler: [AsyncFunction: handler]
          },
          load: {
            filter: {
              id: {
                include: /\.(markdown|mdown|mkdn|mkd|mdwn|md)(\?|$)/,
                exclude: /(?:\?|&)(?:url|raw|direct)(?:&|$)/
              }
            },
            handler: [AsyncFunction: handler]
          }
        },
        {
          name: 'astro-content-virtual-mod-plugin',
          enforce: 'pre',
          config: [Function: config],
          buildStart: [Function: buildStart],
          resolveId: {
            filter: {
              id: /^(astro:content|astro:data-layer-content|astro:content-module-imports|astro:asset-imports)$|(?:\?|&)astroContentModuleFlag(?:&|=|$)/
            },
            handler: [AsyncFunction: handler]
          },
          load: {
            filter: {
              id: /^( astro:content| astro:data-layer-content| astro:asset-imports| astro:content-module-imports)$/
            },
            handler: [AsyncFunction: handler]
          },
          configureServer: [Function: configureServer]
        },
        {
          name: 'astro:content-asset-propagation',
          enforce: 'pre',
          resolveId: {
            filter: {
              id: /(?:\?|&)(?:astroContentImageFlag|astroRenderContent)(?:&|=|$)/
            },
            handler: [AsyncFunction: handler]
          },
          configureServer: [Function: configureServer],
          transform: {
            filter: { id: /(?:\?|&)astroPropagatedAssets(?:&|=|$)/ },
            handler: [AsyncFunction: handler]
          }
        },
        {
          name: 'astro:assets:esm',
          enforce: 'pre',
          config: [Function: config],
          configResolved: [Function: configResolved],
          load: {
            filter: { id: /\.(jpeg|jpg|png|tiff|webp|gif|svg|avif)/i },
            handler: [AsyncFunction: handler]
          }
        },
        {
          name: 'astro:vite-plugin-file-url',
          enforce: 'pre',
          resolveId: {
            filter: { id: /^file:\/\// },
            handler: [Function: handler]
          }
        },
        {
          name: 'astro:i18n',
          enforce: 'pre',
          resolveId: {
            filter: { id: /^astro:i18n$/ },
            handler: [Function: handler]
          }
        },
        {
          name: 'astro:actions',
          enforce: 'pre',
          resolveId: {
            filter: {
              id: /^(astro:actions|virtual:astro:actions\/options|virtual:astro:actions\/entrypoint)$/
            },
            handler: [AsyncFunction: handler]
          },
          configureServer: [AsyncFunction: configureServer],
          load: {
            filter: {
              id: /^( astro:actions| virtual:astro:actions\/noop-entrypoint| virtual:astro:actions\/entrypoint| virtual:astro:actions\/options)$/
            },
            handler: [AsyncFunction: handler]
          }
        },
        {
          name: 'virtual:astro:session-driver',
          enforce: 'pre',
          resolveId: {
            filter: { id: /^virtual:astro:session-driver$/ },
            handler: [Function: handler]
          },
          load: {
            filter: { id: /^ virtual:astro:session-driver$/ },
            handler: [AsyncFunction: handler]
          }
        },
        {
          name: 'astro:container',
          enforce: 'pre',
          resolveId: {
            filter: { id: /^(astro:container)$/ },
            handler: [Function: handler]
          }
        },
        {
          name: '@tailwindcss/vite:scan',
          enforce: 'pre',
          configureServer: [Function: configureServer],
          configResolved: [AsyncFunction: configResolved]
        },
        {
          name: '@tailwindcss/vite:generate:build',
          apply: 'build',
          enforce: 'pre',
          transform: {
            filter: {
              id: {
                exclude: [
                  /\/\.vite\//,
                  /[?&](?:worker|sharedworker|raw|url)\b/,
                  /\?commonjs-proxy/
                ],
                include: [
                  /\.css(?:\?.*)?$/,
                  /&lang\.css/,
                  /[?&]index=\d+\.css$/
                ]
              }
            },
            handler: [AsyncFunction: handler]
          }
        },
        {
          name: 'vite:react-babel',
          enforce: 'pre',
          config: [Function: config],
          configResolved: [Function: configResolved],
          options: [Function: options]
        },
        {
          name: 'vite:react-refresh-fbm',
          enforce: 'pre',
          transformIndexHtml: { handler: [Function: handler], order: 'pre' }
        },
        {
          name: 'vite:react-refresh',
          enforce: 'pre',
          config: [Function: config],
          resolveId: {
            filter: { id: /^\/@react\-refresh$/ },
            handler: [Function: handler]
          },
          load: {
            filter: { id: /^\/@react\-refresh$/ },
            handler: [Function: handler]
          },
          transformIndexHtml: [Function: transformIndexHtml]
        },
        {
          name: 'vite:resolve-builtin:get-environment',
          buildStart: [Function: buildStart],
          perEnvironmentStartEndDuringDev: true
        },
        BuiltinPlugin {
          name: 'builtin:vite-resolve',
          _options: {
            resolveOptions: {
              isBuild: true,
              isProduction: true,
              asSrc: true,
              preferRelative: false,
              isRequire: undefined,
              root: 'D:/kitchenandall/kitchenandall',
              scan: false,
              mainFields: [ 'module', 'jsnext:main', 'jsnext', 'main' ],
              conditions: [ 'module', 'node', 'development|production', 'astro' ],
              externalConditions: [ 'node', 'module-sync' ],
              extensions: [
                '.mjs',  '.js',
                '.mts',  '.ts',
                '.jsx',  '.tsx',
                '.json'
              ],
              tryIndex: true,
              tryPrefix: undefined,
              preserveSymlinks: false,
              tsconfigPaths: true
            },
            environmentConsumer: 'server',
            environmentName: 'ssr',
            builtins: [
              '_http_agent',
              '_http_client',
              '_http_common',
              '_http_incoming',
              '_http_outgoing',
              '_http_server',
              '_stream_duplex',
              '_stream_passthrough',
              '_stream_readable',
              '_stream_transform',
              '_stream_wrap',
              '_stream_writable',
              '_tls_common',
              '_tls_wrap',
              'assert',
              'assert/strict',
              'async_hooks',
              'buffer',
              'child_process',
              'cluster',
              'console',
              'constants',
              'crypto',
              'dgram',
              'diagnostics_channel',
              'dns',
              'dns/promises',
              'domain',
              'events',
              'fs',
              'fs/promises',
              'http',
              'http2',
              'https',
              'inspector',
              'inspector/promises',
              'module',
              'net',
              'os',
              'path',
              'path/posix',
              'path/win32',
              'perf_hooks',
              'process',
              'punycode',
              'querystring',
              'readline',
              'readline/promises',
              'repl',
              'stream',
              'stream/consumers',
              'stream/promises',
              'stream/web',
              'string_decoder',
              'sys',
              'timers',
              'timers/promises',
              'tls',
              'trace_events',
              'tty',
              'url',
              'util',
              'util/types',
              'v8',
              'vm',
              'wasi',
              'worker_threads',
              'zlib',
              /^node:/,
              /^bun:/
            ],
            external: [],
            noExternal: [
              '@mui/material',
              '@mui/base',
              '@babel/runtime',
              'use-immer',
              '@material-tailwind/react',
              '@mui/material',
              '@mui/base',
              '@babel/runtime',
              'use-immer',
              '@material-tailwind/react',
              '@mui/material',
              '@mui/base',
              '@babel/runtime',
              'use-immer',
              '@material-tailwind/react',
              '@mui/material',
              '@mui/base',
              '@babel/runtime',
              'use-immer',
              '@material-tailwind/react',
              'astro',
              'astro/components',
              '@nanostores/preact',
              '@fontsource/*',
              '@astrojs/internal-helpers',
              '@astrojs/react',
              'astro',
              'astro/components',
              '@nanostores/preact',
              '@fontsource/*',
              '@astrojs/internal-helpers',
              '@astrojs/react',
              'astro',
              'astro/components',
              '@nanostores/preact',
              '@fontsource/*',
              '@astrojs/internal-helpers',
              '@astrojs/react',
              'astro',
              'astro/components',
              '@nanostores/preact',
              '@fontsource/*',
              '@astrojs/internal-helpers',
              '@astrojs/react'
            ],
            dedupe: [
              'astro',     'react',
              'react-dom', 'astro',
              'react',     'react-dom',
              'astro',     'react',
              'react-dom', 'astro',
              'react',     'react-dom'
            ],
            disableCache: false,
            legacyInconsistentCjsInterop: undefined,
            finalizeBareSpecifier: undefined,
            finalizeOtherSpecifiers: undefined,
            resolveSubpathImports: [Function: resolveSubpathImports],
            yarnPnp: false
          },
          enforce: undefined,
          getOrder: [AsyncFunction: wrappedHook],
          load: [AsyncFunction: wrappedHook],
          resolveId: [AsyncFunction: wrappedHook],
          transform: [AsyncFunction: wrappedHook],
          watchChange: [AsyncFunction: wrappedHook],
          perEnvironmentWatchChangeDuringDev: true
        },
        {
          name: 'vite:html-inline-proxy',
          resolveId: {
            filter: { id: /[?&]html-proxy\b/ },
            handler: [Function: handler]
          },
          load: {
            filter: { id: /[?&]html-proxy\b/ },
            handler: [Function: handler]
          }
        },
        {
          name: 'vite:css',
          buildStart: [Function: buildStart],
          buildEnd: [AsyncFunction: buildEnd],
          load: {
            filter: {
              id: /\.(css|less|sass|scss|styl|stylus|pcss|postcss|sss)(?:$|\?)/
            },
            handler: [Function: handler]
          },
          transform: {
            filter: {
              id: {
                include: /\.(css|less|sass|scss|styl|stylus|pcss|postcss|sss)(?:$|\?)/,
                exclude: [
                  /[?&]commonjs-proxy/,
                  /[?&](?:worker|sharedworker|raw|url)\b/
                ]
              }
            },
            handler: [AsyncFunction: handler]
          }
        },
        BuiltinPlugin {
          name: 'builtin:vite-transform',
          _options: {
            root: 'D:/kitchenandall/kitchenandall',
            include: [ /\.(m?ts|[jt]sx)$/ ],
            exclude: [ /\.js$/ ],
            jsxRefreshInclude: [ /\.[tj]sx?(?:\?.*)?$/ ],
            jsxRefreshExclude: [ /\.astro(?:\?.*)?$/ ],
            isServerConsumer: true,
            jsxInject: undefined,
            transformOptions: {
              jsx: {
                development: false,
                runtime: 'automatic',
                importSource: undefined,
                refresh: false
              },
              sourcemap: true
            },
            yarnPnp: false
          },
          enforce: undefined
        },
        BuiltinPlugin {
          name: 'builtin:vite-json',
          _options: { namedExports: true, stringify: 'auto', minify: true },
          enforce: undefined,
          getOrder: [AsyncFunction: wrappedHook],
          load: [AsyncFunction: wrappedHook],
          resolveId: [AsyncFunction: wrappedHook],
          transform: [AsyncFunction: wrappedHook],
          watchChange: [AsyncFunction: wrappedHook]
        },
        {
          name: 'vite:wasm-helper',
          resolveId: {
            filter: { id: /^ vite\/wasm\-helper\.js$/ },
            handler: [Function: handler]
          },
          load: {
            filter: {
              id: [
                /^ vite\/wasm\-helper\.js$/,
                /(?<![?#].*)\.wasm\?init/,
                /(?<![?#].*)\.wasm$/
              ]
            },
            handler: [AsyncFunction: handler]
          },
          renderChunk: {
            filter: { code: /__VITE_WASM_INIT__([\w$]+)__/g },
            handler: [Function: handler]
          }
        },
        {
          name: 'vite:worker',
          buildStart: [Function: buildStart],
          load: {
            filter: { id: /(?:\?|&)(worker|sharedworker)(?:&|$)/ },
            handler: [AsyncFunction: handler]
          },
          transform: {
            filter: { id: /(?:\?|&)worker_file&type=(\w+)(?:&|$)/ },
            handler: [Function: handler]
          },
          renderChunk: [Function: renderChunk],
          generateBundle: [Function: generateBundle],
          watchChange: [Function: watchChange]
        },
        {
          name: 'vite:asset',
          perEnvironmentStartEndDuringDev: true,
          buildStart: [Function: buildStart],
          resolveId: {
            filter: {
              id: [
                /(\?|&)url(?:&|$)/,
                /\.(apng|bmp|png|jpe?g|jfif|pjpeg|pjp|gif|svg|ico|webp|avif|cur|jxl|mp4|webm|ogg|mp3|wav|flac|aac|opus|mov|m4a|vtt|woff2?|eot|ttf|otf|webmanifest|pdf|txt)(\?.*)?$/i
              ]
            },
            handler: [Function: handler]
          },
          load: {
            filter: {
              id: {
                include: [
                  /(\?|&)raw(?:&|$)/,
                  /(\?|&)url(?:&|$)/,
                  /\.(apng|bmp|png|jpe?g|jfif|pjpeg|pjp|gif|svg|ico|webp|avif|cur|jxl|mp4|webm|ogg|mp3|wav|flac|aac|opus|mov|m4a|vtt|woff2?|eot|ttf|otf|webmanifest|pdf|txt)(\?.*)?$/i
                ],
                exclude: /^\0/
              }
            },
            handler: [AsyncFunction: handler]
          },
          renderChunk: [Function: renderChunk],
          generateBundle: [Function: generateBundle],
          watchChange: [Function: watchChange]
        },
        {
          name: 'vite:forward-console',
          apply: 'serve',
          configureServer: [Function: configureServer]
        },
        {
          name: '@astro/rolldown-plugin-astro-analyzer',
          applyToEnvironment: [Function: applyToEnvironment],
          generateBundle: [AsyncFunction: generateBundle]
        },
        {
          name: '@astro/plugin-build-internals',
          applyToEnvironment: [Function: applyToEnvironment],
          configEnvironment: [Function: configEnvironment],
          generateBundle: [AsyncFunction: generateBundle]
        },
        {
          name: '@astro/plugin-middleware-build',
          configResolved: [Function: configResolved],
          options: [Function: options],
          writeBundle: [Function: writeBundle],
          applyToEnvironment: [Function: applyToEnvironment]
        },
        {
          name: '@astro/plugin-actions-build',
          applyToEnvironment: [Function: applyToEnvironment],
          writeBundle: [Function: writeBundle]
        },
        {
          name: 'astro:rollup-plugin-build-css',
          applyToEnvironment: [Function: applyToEnvironment],
          generateBundle: [AsyncFunction: generateBundle]
        },
        {
          name: 'astro:head-metadata-build',
          applyToEnvironment: [Function: applyToEnvironment],
          generateBundle: [Function: generateBundle]
        },
        {
          name: 'astro:rolldown-plugin-prerender',
          applyToEnvironment: [Function: applyToEnvironment],
          generateBundle: [Function: generateBundle]
        },
        {
          name: 'plugin-noop',
          resolveId: {
            filter: { id: /^virtual:astro:noop$/ },
            handler: [Function: handler]
          },
          load: {
            filter: { id: /^ virtual:astro:noop$/ },
            handler: [Function: handler]
          },
          generateBundle: [Function: generateBundle]
        },
        {
          name: 'astro:ssr-assets',
          applyToEnvironment: [Function: applyToEnvironment],
          configEnvironment: [Function: configEnvironment],
          buildStart: [Function: buildStart],
          generateBundle: [Function: generateBundle],
          writeBundle: {
            sequential: true,
            order: 'post',
            handler: [AsyncFunction: handler]
          }
        },
        {
          name: 'astro:watcher-max-listeners',
          configureServer: [Function: configureServer]
        },
        {
          name: 'astro:routes',
          configureServer: [Function: configureServer],
          applyToEnvironment: [Function: applyToEnvironment],
          resolveId: {
            filter: { id: /^virtual:astro:routes$/ },
            handler: [Function: handler]
          },
          load: {
            filter: { id: /^ virtual:astro:routes$/ },
            handler: [Function: handler]
          },
          transform: [AsyncFunction: transform],
          handleHotUpdate: [AsyncFunction: handleHotUpdate]
        },
        {
          name: 'astro-manifest-plugin',
          resolveId: {
            filter: { id: /^(astro:config\/server|astro:config\/client)$/ },
            handler: [Function: handler]
          },
          load: {
            filter: { id: /^( astro:config\/server| astro:config\/client)$/ },
            handler: [Function: handler]
          }
        },
        {
          name: 'astro:environment',
          configEnvironment: [Function: configEnvironment]
        },
        {
          name: '@astro/plugin-page',
          applyToEnvironment: [Function: applyToEnvironment],
          resolveId: {
            filter: { id: /^virtual:astro:page:/ },
            handler: [Function: handler]
          },
          load: {
            filter: { id: /^ virtual:astro:page:/ },
            handler: [Function: handler]
          }
        },
        {
          name: 'astro:build:normal',
          resolveId: {
            filter: { id: /(?:\?|&)astro(?:&|=|$)/ },
            handler: [Function: handler]
          }
        },
        {
          name: 'astro:scripts',
          config: [Function: config],
          resolveId: {
            filter: { id: /^astro:scripts\// },
            handler: [Function: handler]
          },
          load: {
            filter: {
              id: /^(astro:scripts\/before-hydration.js|astro:scripts\/page.js|astro:scripts\/page-ssr.js)$/
            },
            handler: [Function: handler]
          },
          buildStart: [Function: buildStart]
        },
        {
          name: 'astro:app',
          configResolved: [Function: configResolved],
          resolveId: {
            filter: { id: /^virtual:astro:app$/ },
            handler: [Function: handler]
          },
          load: {
            filter: { id: /^ virtual:astro:app$/ },
            handler: [Function: handler]
          }
        },
        {
          name: 'astro:server-app',
          resolveId: {
            filter: { id: /^astro:server-app$/ },
            handler: [Function: handler]
          }
        },
        {
          name: '@astro/plugin-fetchable',
          applyToEnvironment: [Function: applyToEnvironment],
          configureServer: [Function: configureServer],
          resolveId: {
            filter: { id: /^virtual:astro:fetchable$/ },
            handler: [AsyncFunction: handler]
          },
          load: {
            filter: { id: /^ virtual:astro:fetchable$/ },
            handler: [Function: handler]
          }
        },
        {
          name: 'virtual:astro:dev-css',
          configureServer: [AsyncFunction: configureServer],
          applyToEnvironment: [Function: applyToEnvironment],
          resolveId: {
            filter: {
              id: /^(virtual:astro:dev-css|virtual:astro:dev-css:.*)$/
            },
            handler: [Function: handler]
          },
          load: {
            filter: {
              id: /^( virtual:astro:dev-css| virtual:astro:dev-css:.*)$/
            },
            handler: [AsyncFunction: handler]
          },
          transform: {
            filter: {
              id: {
                include: [
                  /\.(css|less|sass|scss|styl|stylus|pcss|postcss|sss)(?:$|\?)/
                ],
                exclude: [ /(?:\?|&)raw(?:&|$)/, /(?:\?|&)inline\b/ ]
              }
            },
            handler: [Function: handler]
          }
        },
        {
          name: 'virtual:astro:dev-css-all',
          applyToEnvironment: [Function: applyToEnvironment],
          resolveId: {
            filter: { id: /^virtual:astro:dev-css-all$/ },
            handler: [Function: handler]
          },
          load: {
            filter: { id: /^ virtual:astro:dev-css-all$/ },
            handler: [Function: handler]
          }
        },
        {
          name: 'astro:adapter-config',
          config: [Function: config],
          resolveId: {
            filter: { id: /^virtual:astro:adapter-config\/client$/ },
            handler: [Function: handler]
          },
          load: {
            filter: { id: /^ virtual:astro:adapter-config\/client$/ },
            handler: [Function: handler]
          }
        },
        {
          name: 'astro:html',
          options: [Function: options],
          transform: {
            filter: { id: /\.html$/ },
            handler: [AsyncFunction: transform]
          }
        },
        {
          name: 'astro:integration-container',
          configureServer: [AsyncFunction: configureServer],
          buildStart: [AsyncFunction: buildStart]
        },
        {
          name: 'astro:content-imports',
          config: [Function: config],
          buildStart: [AsyncFunction: buildStart],
          transform: {
            filter: {
              id: /(?:\?|&)(?:astroDataCollectionEntry|astroContentCollectionEntry)(?:&|=|$)/
            },
            handler: [AsyncFunction: handler]
          },
          configureServer: [Function: configureServer]
        },
        {
          name: '@astro/plugin-middleware',
          applyToEnvironment: [Function: applyToEnvironment],
          configureServer: [Function: configureServer],
          resolveId: {
            filter: { id: /^virtual:astro:middleware$/ },
            handler: [AsyncFunction: handler]
          },
          load: {
            filter: { id: /^( noop-middleware| virtual:astro:middleware)$/ },
            handler: [AsyncFunction: handler]
          }
        },
        {
          name: 'astro:assets',
          config: [Function: config],
          resolveId: {
            filter: {
              id: /^(virtual:image-service|astro:assets|virtual:astro:get-image)$/
            },
            handler: [AsyncFunction: handler]
          },
          load: {
            filter: { id: /^( astro:assets| virtual:astro:get-image)$/ },
            handler: [Function: handler]
          },
          buildStart: [Function: buildStart],
          renderChunk: [AsyncFunction: renderChunk]
        },
        {
          name: 'astro:fonts',
          buildStart: [AsyncFunction: buildStart],
          configureServer: [AsyncFunction: configureServer],
          resolveId: {
            filter: {
              id: /^(virtual:astro:assets\/fonts\/internal|virtual:astro:assets\/fonts\/runtime|virtual:astro:assets\/fonts\/runtime\/font-file-url-resolver)$/
            },
            handler: [Function: handler]
          },
          load: {
            filter: {
              id: /^( virtual:astro:assets\/fonts\/internal| virtual:astro:assets\/fonts\/runtime| virtual:astro:assets\/fonts\/runtime\/font-file-url-resolver)$/
            },
            handler: [AsyncFunction: handler]
          },
          buildEnd: [AsyncFunction: buildEnd]
        },
        {
          name: 'astro:image-styles',
          resolveId: {
            filter: { id: /^virtual:astro:image-styles.css$/ },
            handler: [Function: handler]
          },
          load: {
            filter: { id: /^ virtual:astro:image-styles.css$/ },
            handler: [AsyncFunction: handler]
          }
        },
        {
          name: 'astro:prefetch',
          resolveId: {
            filter: { id: /^astro:prefetch$/ },
            handler: [Function: handler]
          },
          load: {
            filter: { id: /^ astro:prefetch$/ },
            handler: [Function: handler]
          },
          transform: {
            filter: { id: /astro\/dist\/prefetch\/index.js/ },
            handler: [Function: handler]
          }
        },
        {
          name: 'astro:transitions',
          resolveId: {
            filter: { id: /^(astro:transitions|astro:transitions\/client)$/ },
            handler: [Function: handler]
          },
          load: {
            filter: { id: /^( astro:transitions| astro:transitions\/client)$/ },
            handler: [Function: handler]
          },
          transform: {
            filter: { id: /ClientRouter\.astro.*\.ts$/ },
            handler: [Function: handler]
          }
        },
        {
          name: 'astro:dev-toolbar',
          config: [Function: config],
          resolveId: {
            filter: { id: /^astro:toolbar:internal$/ },
            handler: [Function: handler]
          },
          configureServer: [Function: configureServer],
          load: {
            filter: { id: /^ astro:toolbar:internal$/ },
            handler: [Function: handler]
          }
        },
        {
          name: 'astro:chromedevtools',
          configureServer: [Function: configureServer]
        },
        {
          name: 'vite:react-virtual-preamble',
          resolveId: {
            order: 'pre',
            filter: { id: /^@vitejs\/plugin\-react\/preamble$/ },
            handler: [Function: handler]
          },
          load: {
            filter: { id: /^ @vitejs\/plugin\-react\/preamble$/ },
            handler: [Function: handler]
          }
        },
        {
          name: '@astrojs/react:opts',
          resolveId: {
            filter: { id: /^astro:react:opts$/ },
            handler: [Function: handler]
          },
          load: {
            filter: { id: /^ astro:react:opts$/ },
            handler: [Function: handler]
          }
        },
        {
          name: '@astrojs/react:environment',
          configEnvironment: [Function: configEnvironment]
        },
        {
          name: 'astro:vite-plugin-env',
          config: [Function: config],
          configResolved: [Function: configResolved],
          transform: {
            filter: {
              id: {
                exclude: [
                  /.*\.(html|htm|json)$/,
                  /\.(css|less|sass|scss|styl|stylus|pcss|postcss|sss)(?:$|\?)/
                ]
              },
              code: /import\.meta\.env/
            },
            handler: [Function: handler]
          }
        },
        { name: 'vite:define', options: [Function: options] },
        {
          name: 'vite:css-post',
          renderStart: [Function: renderStart],
          transform: {
            filter: {
              id: {
                include: /\.(css|less|sass|scss|styl|stylus|pcss|postcss|sss)(?:$|\?)/,
                exclude: [
                  /[?&]commonjs-proxy/,
                  /[?&](?:worker|sharedworker|raw|url)\b/
                ]
              }
            },
            handler: [AsyncFunction: handler]
          },
          renderChunk: [AsyncFunction: renderChunk],
          augmentChunkHash: [Function: augmentChunkHash],
          generateBundle: [AsyncFunction: generateBundle]
        },
        {
          name: 'vite:build-html',
          applyToEnvironment: [Function: applyToEnvironment],
          transform: {
            filter: { id: /\.html$/ },
            handler: [AsyncFunction: handler]
          },
          generateBundle: [AsyncFunction: generateBundle]
        },
        {
          name: 'vite:prepare-out-dir',
          watchChange: [Function: watchChange],
          renderStart: { order: 'pre', handler: [Function: handler] }
        },
        BuiltinPlugin {
          name: 'builtin:vite-dynamic-import-vars',
          _options: {
            include: undefined,
            exclude: [ /node_modules/ ],
            resolver: [Function: resolver],
            sourcemap: false
          },
          enforce: undefined
        },
        BuiltinPlugin {
          name: 'builtin:vite-import-glob',
          _options: {
            root: 'D:/kitchenandall/kitchenandall',
            sourcemap: false,
            restoreQueryExtension: false
          },
          enforce: undefined
        },
        {
          name: 'astro:css-target-lowering',
          enforce: 'post',
          configResolved: [Function: configResolved],
          generateBundle: [AsyncFunction: generateBundle]
        },
        {
          name: 'astro:rollup-plugin-single-css',
          enforce: 'post',
          applyToEnvironment: [Function: applyToEnvironment],
          configResolved: [Function: configResolved],
          generateBundle: [Function: generateBundle]
        },
        {
          name: 'astro:rollup-plugin-inline-stylesheets',
          enforce: 'post',
          applyToEnvironment: [Function: applyToEnvironment],
          configResolved: [Function: configResolved],
          generateBundle: [AsyncFunction: generateBundle]
        },
        {
          name: '@astro/plugin-pages',
          enforce: 'post',
          applyToEnvironment: [Function: applyToEnvironment],
          resolveId: {
            filter: { id: /^virtual:astro:pages$/ },
            handler: [Function: handler]
          },
          load: {
            filter: { id: /^ virtual:astro:pages$/ },
            handler: [AsyncFunction: handler]
          }
        },
        {
          name: 'astro:scripts:page-ssr',
          enforce: 'post',
          transform: [Function: transform]
        },
        {
          name: 'astro:server-islands',
          enforce: 'post',
          api: { hasServerIslands: [Function: hasServerIslands] },
          config: [Function: config],
          buildStart: [Function: buildStart],
          configureServer: [Function: configureServer],
          resolveId: {
            filter: { id: /^virtual:astro:server-island-manifest$/ },
            handler: [Function: handler]
          },
          load: {
            filter: { id: /^ virtual:astro:server-island-manifest$/ },
            handler: [Function: handler]
          },
          transform: {
            filter: {
              id: {
                include: [
                  /\.(astro|mdx)$/,
                  /^ virtual:astro:server-island-manifest$/
                ]
              }
            },
            handler: [AsyncFunction: handler]
          },
          renderChunk: [Function: renderChunk]
        },
        {
          name: 'astro:hmr-reload',
          enforce: 'post',
          hotUpdate: { order: 'post', handler: [Function: handler] }
        },
        {
          name: 'vite:react:config-post',
          enforce: 'post',
          config: [Function: config]
        },
        {
          name: 'astro:resolve-input',
          enforce: 'post',
          config: [Function: config],
          configResolved: [Function: configResolved]
        },
        {
          name: 'astro:build-generate',
          enforce: 'post',
          buildApp: { order: 'post', handler: [AsyncFunction: handler] }
        },
        {
          name: 'vite:build-import-analysis',
          renderChunk: [Function: renderChunk],
          generateBundle: [AsyncFunction: generateBundle]
        },
        BuiltinPlugin {
          name: 'builtin:vite-build-import-analysis',
          _options: {
            preloadCode: 'const scriptRel = /* @__PURE__ */ (function detectScriptRel() {\n' +
              '\tconst relList = typeof document !== "undefined" && document.createElement("link").relList;\n' +
              '\treturn relList && relList.supports && relList.supports("modulepreload") ? "modulepreload" : "preload";\n' +
              '})();const assetsURL = function(dep) { return "/"+dep };const seen = {};export const __vitePreload = function preload(baseModule, deps, importerUrl) {\n' +
              '\tlet promise = Promise.resolve();\n' +
              '\tif (__VITE_IS_MODERN__ && deps && deps.length > 0) {\n' +
              '\t\tconst links = document.getElementsByTagName("link");\n' +
              '\t\tconst cspNonceMeta = document.querySelector("meta[property=csp-nonce]");\n' +
              '\t\tconst cspNonce = cspNonceMeta?.nonce || cspNonceMeta?.getAttribute("nonce");\n' +
              '\t\tfunction allSettled(promises) {\n' +
              '\t\t\treturn Promise.all(promises.map((p) => Promise.resolve(p).then((value) => ({\n' +
              '\t\t\t\tstatus: "fulfilled",\n' +
              '\t\t\t\tvalue\n' +
              '\t\t\t}), (reason) => ({\n' +
              '\t\t\t\tstatus: "rejected",\n' +
              '\t\t\t\treason\n' +
              '\t\t\t}))));\n' +
              '\t\t}\n' +
              '\t\tfunction importMetaResolve(specifier) {\n' +
              '\t\t\tif (import.meta.resolve) return import.meta.resolve(specifier);\n' +
              '\t\t\treturn new URL(\n' +
              '\t\t\t\tspecifier,\n' +
              '\t\t\t\t/** #__KEEP__ */\n' +
              '\t\t\t\timport.meta.url\n' +
              '\t\t\t).href;\n' +
              '\t\t}\n' +
              '\t\tpromise = allSettled(deps.map((dep) => {\n' +
              '\t\t\tdep = assetsURL(dep, importerUrl);\n' +
              '\t\t\tdep = importMetaResolve(dep);\n' +
              '\t\t\tif (dep in seen) return;\n' +
              '\t\t\tseen[dep] = true;\n' +
              '\t\t\tconst isCss = dep.endsWith(".css");\n' +
              '\t\t\tfor (let i = links.length - 1; i >= 0; i--) {\n' +
              '\t\t\t\tconst link = links[i];\n' +
              '\t\t\t\tif (link.href === dep && (!isCss || link.rel === "stylesheet")) return;\n' +
              '\t\t\t}\n' +
              '\t\t\tconst link = document.createElement("link");\n' +
              '\t\t\tlink.rel = isCss ? "stylesheet" : scriptRel;\n' +
              '\t\t\tif (!isCss) link.as = "script";\n' +
              '\t\t\tlink.crossOrigin = "";\n' +
              '\t\t\tlink.href = dep;\n' +
              '\t\t\tif (cspNonce) link.setAttribute("nonce", cspNonce);\n' +
              '\t\t\tdocument.head.appendChild(link);\n' +
              '\t\t\tif (isCss) return new Promise((res, rej) => {\n' +
              '\t\t\t\tlink.addEventListener("load", res);\n' +
              '\t\t\t\tlink.addEventListener("error", () => rej(/* @__PURE__ */ new Error(`Unable to preload CSS for ${dep}`)));\n' +
              '\t\t\t});\n' +
              '\t\t}));\n' +
              '\t}\n' +
              '\tfunction handlePreloadError(err) {\n' +
              '\t\tconst e = new Event("vite:preloadError", { cancelable: true });\n' +
              '\t\te.payload = err;\n' +
              '\t\twindow.dispatchEvent(e);\n' +
              '\t\tif (!e.defaultPrevented) throw err;\n' +
              '\t}\n' +
              '\treturn promise.then((res) => {\n' +
              '\t\tfor (const item of res || []) {\n' +
              '\t\t\tif (item.status !== "rejected") continue;\n' +
              '\t\t\thandlePreloadError(item.reason);\n' +
              '\t\t}\n' +
              '\t\treturn baseModule().catch(handlePreloadError);\n' +
              '\t});\n' +
              '}',
            insertPreload: false,
            optimizeModulePreloadRelativePaths: false,
            renderBuiltUrl: false,
            isRelativeBase: false
          },
          enforce: undefined
        },
        {
          name: 'vite:license',
          generateBundle: [Function: generateBundle]
        },
        {
          name: 'native:manifest-envs',
          buildStart: [Function: buildStart]
        },
        BuiltinPlugin {
          name: 'builtin:vite-manifest',
          _options: {
            root: 'D:/kitchenandall/kitchenandall',
            outPath: '.vite/manifest.json',
            isOutputOptionsForLegacyChunks: undefined,
            cssEntries: [Function: cssEntries]
          },
          enforce: undefined
        },
        {
          name: 'native:manifest-compatible',
          generateBundle: [Function: generateBundle]
        },
        BuiltinPlugin {
          name: 'builtin:vite-reporter',
          _options: {
            root: 'D:/kitchenandall/kitchenandall',
            isTty: false,
            isLib: false,
            assetsDir: '_astro\\',
            chunkLimit: 500,
            logInfo: undefined,
            reportCompressedSize: false,
            warnLargeChunks: false
          },
          enforce: undefined
        },
        BuiltinPlugin {
          name: 'builtin:vite-load-fallback',
          _options: undefined,
          enforce: undefined
        }
      ],
      optimizeDepsPluginNames: []
    }
  },
  ssr: {
    target: 'node',
    optimizeDeps: {
      esbuildOptions: { preserveSymlinks: false },
      include: [],
      exclude: [],
      needsInterop: [],
      rolldownOptions: { resolve: { symlinks: true }, output: { topLevelVar: true } },
      extensions: [],
      holdUntilCrawlEnd: true,
      force: false,
      ignoreOutdatedRequests: false,
      noDiscovery: true,
      rollupOptions: { resolve: { symlinks: true }, output: { topLevelVar: true } }
    },
    noExternal: [
      '@mui/material',
      '@mui/base',
      '@babel/runtime',
      'use-immer',
      '@material-tailwind/react',
      '@mui/material',
      '@mui/base',
      '@babel/runtime',
      'use-immer',
      '@material-tailwind/react',
      '@mui/material',
      '@mui/base',
      '@babel/runtime',
      'use-immer',
      '@material-tailwind/react',
      '@mui/material',
      '@mui/base',
      '@babel/runtime',
      'use-immer',
      '@material-tailwind/react',
      'astro',
      'astro/components',
      '@nanostores/preact',
      '@fontsource/*',
      '@astrojs/internal-helpers',
      '@astrojs/react',
      'astro',
      'astro/components',
      '@nanostores/preact',
      '@fontsource/*',
      '@astrojs/internal-helpers',
      '@astrojs/react',
      'astro',
      'astro/components',
      '@nanostores/preact',
      '@fontsource/*',
      '@astrojs/internal-helpers',
      '@astrojs/react',
      'astro',
      'astro/components',
      '@nanostores/preact',
      '@fontsource/*',
      '@astrojs/internal-helpers',
      '@astrojs/react'
    ],
    external: [],
    resolve: {
      conditions: [ 'module', 'node', 'development|production', 'astro' ],
      externalConditions: [ 'node', 'module-sync' ]
    }
  },
  logLevel: 'error',
  builder: {
    sharedConfigBuild: false,
    sharedPlugins: false,
    buildApp: [AsyncFunction: buildApp]
  },
  base: '/',
  worker: {
    format: 'iife',
    plugins: '() => plugins',
    rollupOptions: {},
    rolldownOptions: {}
  },
  optimizeDeps: {
    include: [
      'react',
      'react-dom',
      'react/jsx-dev-runtime',
      'react/jsx-runtime',
      'astro > aria-query',
      'astro > axobject-query',
      'react',
      'react-dom',
      'react/jsx-dev-runtime',
      'react/jsx-runtime',
      'astro > aria-query',
      'astro > axobject-query',
      'react',
      'react-dom',
      'react/jsx-dev-runtime',
      'react/jsx-runtime',
      'astro > aria-query',
      'astro > axobject-query',
      'react',
      'react-dom',
      'react/jsx-dev-runtime',
      'react/jsx-runtime',
      'astro > aria-query',
      'astro > axobject-query',
      'astro > html-escaper',
      'astro/runtime/client/dev-toolbar/entrypoint.js',
      'react',
      'react/jsx-runtime',
      'react/jsx-dev-runtime',
      'react-dom',
      'react-dom/client',
      '@astrojs/react/client.js',
      'astro > html-escaper',
      'astro/runtime/client/dev-toolbar/entrypoint.js',
      'react',
      'react/jsx-runtime',
      'react/jsx-dev-runtime',
      'react-dom',
      'react-dom/client',
      '@astrojs/react/client.js',
      'astro > html-escaper',
      'astro/runtime/client/dev-toolbar/entrypoint.js',
      'react',
      'react/jsx-runtime',
      'react/jsx-dev-runtime',
      'react-dom',
      'react-dom/client',
      '@astrojs/react/client.js',
      'astro > html-escaper',
      'astro/runtime/client/dev-toolbar/entrypoint.js',
      'react',
      'react/jsx-runtime',
      'react/jsx-dev-runtime',
      'react-dom',
      'react-dom/client',
      '@astrojs/react/client.js'
    ],
    exclude: [
      'astro:*',
      'virtual:astro:*',
      'astro/virtual-modules/prefetch.js',
      '@astrojs/react/server.js',
      'astro:*',
      'virtual:astro:*',
      'astro/virtual-modules/prefetch.js',
      '@astrojs/react/server.js',
      'astro:*',
      'virtual:astro:*',
      'astro/virtual-modules/prefetch.js',
      '@astrojs/react/server.js',
      'astro:*',
      'virtual:astro:*',
      'astro/virtual-modules/prefetch.js',
      '@astrojs/react/server.js'
    ],
    needsInterop: [],
    rolldownOptions: {
      transform: { jsx: { runtime: 'automatic' } },
      resolve: { symlinks: true },
      output: { topLevelVar: true }
    },
    extensions: [],
    disabled: undefined,
    holdUntilCrawlEnd: true,
    force: false,
    ignoreOutdatedRequests: false,
    noDiscovery: false,
    entries: [
      'D:/kitchenandall/kitchenandall/src/**/*.{jsx,tsx,vue,svelte,html}',
      'D:/kitchenandall/kitchenandall/src/**/*.{jsx,tsx,vue,svelte,html}',
      'D:/kitchenandall/kitchenandall/src/**/*.{jsx,tsx,vue,svelte,html}',
      'D:/kitchenandall/kitchenandall/src/**/*.{jsx,tsx,vue,svelte,html}'
    ],
    rollupOptions: [Getter/Setter],
    esbuildOptions: { preserveSymlinks: false }
  },
  oxc: {
    jsx: {
      development: false,
      runtime: 'automatic',
      importSource: undefined,
      refresh: false
    },
    jsxRefreshInclude: /\.[tj]sx?(?:\?.*)?$/,
    jsxRefreshExclude: /\.astro(?:\?.*)?$/
  },
  configFileDependencies: [],
  inlineConfig: {
    configFile: false,
    mode: 'production',
    cacheDir: 'D:\\kitchenandall\\kitchenandall\\node_modules\\.vite\\',
    clearScreen: false,
    customLogger: {
      hasWarned: false,
      info: [Function: info],
      warn: [Function: warn],
      warnOnce: [Function: warnOnce],
      error: [Function: error],
      clearScreen: [Function: clearScreen],
      hasErrorLogged: [Function: hasErrorLogged]
    },
    appType: 'custom',
    plugins: [
      {
        name: '@astro/plugin-component-entry',
        enforce: 'pre',
        applyToEnvironment: [Function: applyToEnvironment],
        config: [Function: config],
        resolveId: {
          filter: { id: /^ astro-entry:/ },
          handler: [Function: handler]
        },
        load: {
          filter: { id: /^ astro-entry:/ },
          handler: [AsyncFunction: handler]
        }
      },
      {
        name: '@astro/rolldown-plugin-astro-analyzer',
        applyToEnvironment: [Function: applyToEnvironment],
        generateBundle: [AsyncFunction: generateBundle]
      },
      {
        name: '@astro/plugin-build-internals',
        applyToEnvironment: [Function: applyToEnvironment],
        configEnvironment: [Function: configEnvironment],
        generateBundle: [AsyncFunction: generateBundle]
      },
      {
        name: '@astro/plugin-middleware-build',
        configResolved: [Function: configResolved],
        options: [Function: options],
        writeBundle: [Function: writeBundle],
        applyToEnvironment: [Function: applyToEnvironment]
      },
      {
        name: '@astro/plugin-actions-build',
        applyToEnvironment: [Function: applyToEnvironment],
        writeBundle: [Function: writeBundle]
      },
      {
        name: 'astro:css-target-lowering',
        enforce: 'post',
        configResolved: [Function: configResolved],
        generateBundle: [AsyncFunction: generateBundle]
      },
      {
        name: 'astro:rollup-plugin-build-css',
        applyToEnvironment: [Function: applyToEnvironment],
        generateBundle: [AsyncFunction: generateBundle]
      },
      {
        name: 'astro:rollup-plugin-single-css',
        enforce: 'post',
        applyToEnvironment: [Function: applyToEnvironment],
        configResolved: [Function: configResolved],
        generateBundle: [Function: generateBundle]
      },
      {
        name: 'astro:rollup-plugin-inline-stylesheets',
        enforce: 'post',
        applyToEnvironment: [Function: applyToEnvironment],
        configResolved: [Function: configResolved],
        generateBundle: [AsyncFunction: generateBundle]
      },
      {
        name: 'astro:head-metadata-build',
        applyToEnvironment: [Function: applyToEnvironment],
        generateBundle: [Function: generateBundle]
      },
      {
        name: 'astro:rolldown-plugin-prerender',
        applyToEnvironment: [Function: applyToEnvironment],
        generateBundle: [Function: generateBundle]
      },
      {
        name: '@astro/plugin-scripts',
        applyToEnvironment: [Function: applyToEnvironment],
        configResolved: [Function: configResolved],
        generateBundle: [AsyncFunction: generateBundle]
      },
      {
        name: 'plugin-noop',
        resolveId: {
          filter: { id: /^virtual:astro:noop$/ },
          handler: [Function: handler]
        },
        load: {
          filter: { id: /^ virtual:astro:noop$/ },
          handler: [Function: handler]
        },
        generateBundle: [Function: generateBundle]
      },
      {
        name: 'astro:ssr-assets',
        applyToEnvironment: [Function: applyToEnvironment],
        configEnvironment: [Function: configEnvironment],
        buildStart: [Function: buildStart],
        generateBundle: [Function: generateBundle],
        writeBundle: {
          sequential: true,
          order: 'post',
          handler: [AsyncFunction: handler]
        }
      },
      {
        name: 'astro:watcher-max-listeners',
        configureServer: [Function: configureServer]
      },
      {
        name: 'virtual:astro:manifest',
        enforce: 'pre',
        configureServer: [Function: configureServer],
        applyToEnvironment: [Function: applyToEnvironment],
        resolveId: {
          filter: { id: /^virtual:astro:manifest$/ },
          handler: [Function: handler]
        },
        load: {
          filter: { id: /^ virtual:astro:manifest$/ },
          handler: [AsyncFunction: handler]
        }
      },
      {
        name: 'astro:plugin-renderers',
        enforce: 'pre',
        resolveId: {
          filter: { id: /^virtual:astro:renderers$/ },
          handler: [Function: handler]
        },
        load: {
          filter: { id: /^ virtual:astro:renderers$/ },
          handler: [Function: handler]
        }
      },
      {
        name: 'astro:static-paths',
        enforce: 'pre',
        resolveId: {
          filter: { id: /^astro:static-paths$/ },
          handler: [Function: handler]
        },
        load: {
          filter: { id: /^ astro:static-paths$/ },
          handler: [Function: handler]
        }
      },
      {
        name: 'astro:routes',
        configureServer: [Function: configureServer],
        applyToEnvironment: [Function: applyToEnvironment],
        resolveId: {
          filter: { id: /^virtual:astro:routes$/ },
          handler: [Function: handler]
        },
        load: {
          filter: { id: /^ virtual:astro:routes$/ },
          handler: [Function: handler]
        },
        transform: [AsyncFunction: transform],
        handleHotUpdate: [AsyncFunction: handleHotUpdate]
      },
      {
        name: 'astro-manifest-plugin',
        resolveId: {
          filter: { id: /^(astro:config\/server|astro:config\/client)$/ },
          handler: [Function: handler]
        },
        load: {
          filter: { id: /^( astro:config\/server| astro:config\/client)$/ },
          handler: [Function: handler]
        }
      },
      {
        name: 'astro:environment',
        configEnvironment: [Function: configEnvironment]
      },
      {
        name: '@astro/plugin-page',
        applyToEnvironment: [Function: applyToEnvironment],
        resolveId: {
          filter: { id: /^virtual:astro:page:/ },
          handler: [Function: handler]
        },
        load: {
          filter: { id: /^ virtual:astro:page:/ },
          handler: [Function: handler]
        }
      },
      {
        name: '@astro/plugin-pages',
        enforce: 'post',
        applyToEnvironment: [Function: applyToEnvironment],
        resolveId: {
          filter: { id: /^virtual:astro:pages$/ },
          handler: [Function: handler]
        },
        load: {
          filter: { id: /^ virtual:astro:pages$/ },
          handler: [AsyncFunction: handler]
        }
      },
      null,
      [],
      [
        {
          name: 'astro:build:css-hmr',
          enforce: 'pre',
          applyToEnvironment: [Function: applyToEnvironment],
          transform: {
            filter: {
              id: {
                include: [ /(?:\?|&)astro(?:&|=|$)/ ],
                exclude: [ /(?:\?|&)(?:url|raw|direct)(?:&|$)/ ]
              }
            },
            handler: [AsyncFunction: handler]
          }
        },
        {
          name: 'astro:build',
          enforce: 'pre',
          configEnvironment: [AsyncFunction: configEnvironment],
          configResolved: [AsyncFunction: configResolved],
          configureServer: [Function: configureServer],
          buildStart: [Function: buildStart],
          load: {
            filter: { id: /(?:\?|&)astro(?:&|=|$)/ },
            handler: [AsyncFunction: handler]
          },
          transform: {
            filter: {
              id: {
                include: [ /\.astro$/, /\.astro\?/ ],
                exclude: [
                  /(?:\?|&)(?:url|raw|direct)(?:&|$)/,
                  /(?:\?|&)astro(?:&|=|$)/
                ]
              }
            },
            handler: [AsyncFunction: handler]
          },
          handleHotUpdate: [AsyncFunction: handleHotUpdate]
        },
        {
          name: 'astro:build:normal',
          resolveId: {
            filter: { id: /(?:\?|&)astro(?:&|=|$)/ },
            handler: [Function: handler]
          }
        }
      ],
      {
        name: 'astro:scripts',
        config: [Function: config],
        resolveId: {
          filter: { id: /^astro:scripts\// },
          handler: [Function: handler]
        },
        load: {
          filter: {
            id: /^(astro:scripts\/before-hydration.js|astro:scripts\/page.js|astro:scripts\/page-ssr.js)$/
          },
          handler: [Function: handler]
        },
        buildStart: [Function: buildStart]
      },
      [
        {
          name: 'astro:app',
          configResolved: [Function: configResolved],
          resolveId: {
            filter: { id: /^virtual:astro:app$/ },
            handler: [Function: handler]
          },
          load: {
            filter: { id: /^ virtual:astro:app$/ },
            handler: [Function: handler]
          }
        },
        {
          name: 'astro:server-app',
          resolveId: {
            filter: { id: /^astro:server-app$/ },
            handler: [Function: handler]
          }
        }
      ],
      {
        name: '@astro/plugin-fetchable',
        applyToEnvironment: [Function: applyToEnvironment],
        configureServer: [Function: configureServer],
        resolveId: {
          filter: { id: /^virtual:astro:fetchable$/ },
          handler: [AsyncFunction: handler]
        },
        load: {
          filter: { id: /^ virtual:astro:fetchable$/ },
          handler: [Function: handler]
        }
      },
      false,
      false,
      [
        {
          name: 'virtual:astro:dev-css',
          configureServer: [AsyncFunction: configureServer],
          applyToEnvironment: [Function: applyToEnvironment],
          resolveId: {
            filter: {
              id: /^(virtual:astro:dev-css|virtual:astro:dev-css:.*)$/
            },
            handler: [Function: handler]
          },
          load: {
            filter: {
              id: /^( virtual:astro:dev-css| virtual:astro:dev-css:.*)$/
            },
            handler: [AsyncFunction: handler]
          },
          transform: {
            filter: {
              id: {
                include: [
                  /\.(css|less|sass|scss|styl|stylus|pcss|postcss|sss)(?:$|\?)/
                ],
                exclude: [ /(?:\?|&)raw(?:&|$)/, /(?:\?|&)inline\b/ ]
              }
            },
            handler: [Function: handler]
          }
        },
        {
          name: 'virtual:astro:dev-css-all',
          applyToEnvironment: [Function: applyToEnvironment],
          resolveId: {
            filter: { id: /^virtual:astro:dev-css-all$/ },
            handler: [Function: handler]
          },
          load: {
            filter: { id: /^ virtual:astro:dev-css-all$/ },
            handler: [Function: handler]
          }
        }
      ],
      {
        name: 'astro:vite-plugin-env',
        config: [Function: config],
        configResolved: [Function: configResolved],
        transform: {
          filter: {
            id: {
              exclude: [
                /.*\.(html|htm|json)$/,
                /\.(css|less|sass|scss|styl|stylus|pcss|postcss|sss)(?:$|\?)/
              ]
            },
            code: /import\.meta\.env/
          },
          handler: [Function: handler]
        }
      },
      {
        name: 'astro-env-plugin',
        enforce: 'pre',
        config: [Function: config],
        buildStart: [Function: buildStart],
        resolveId: {
          filter: {
            id: /^(astro:env\/client|astro:env\/server|virtual:astro:env\/internal)$/
          },
          handler: [Function: handler]
        },
        load: {
          filter: {
            id: /^( astro:env\/client| astro:env\/server| virtual:astro:env\/internal)$/
          },
          handler: [Function: handler]
        }
      },
      {
        name: 'astro:adapter-config',
        config: [Function: config],
        resolveId: {
          filter: { id: /^virtual:astro:adapter-config\/client$/ },
          handler: [Function: handler]
        },
        load: {
          filter: { id: /^ virtual:astro:adapter-config\/client$/ },
          handler: [Function: handler]
        }
      },
      {
        enforce: 'pre',
        name: 'astro:markdown',
        buildEnd: [Function: buildEnd],
        resolveId: { filter: { id: /^[^/]/ }, handler: [AsyncFunction: handler] },
        load: {
          filter: {
            id: {
              include: /\.(markdown|mdown|mkdn|mkd|mdwn|md)(\?|$)/,
              exclude: /(?:\?|&)(?:url|raw|direct)(?:&|$)/
            }
          },
          handler: [AsyncFunction: handler]
        }
      },
      {
        name: 'astro:html',
        options: [Function: options],
        transform: {
          filter: { id: /\.html$/ },
          handler: [AsyncFunction: transform]
        }
      },
      {
        name: 'astro:integration-container',
        configureServer: [AsyncFunction: configureServer],
        buildStart: [AsyncFunction: buildStart]
      },
      {
        name: 'astro:scripts:page-ssr',
        enforce: 'post',
        transform: [Function: transform]
      },
      {
        name: 'astro:head-metadata',
        enforce: 'pre',
        apply: 'serve',
        configureServer: [Function: configureServer],
        load: [Function: load],
        resolveId: [Function: resolveId],
        transform: [Function: transform]
      },
      {
        name: 'astro-content-virtual-mod-plugin',
        enforce: 'pre',
        config: [Function: config],
        buildStart: [Function: buildStart],
        resolveId: {
          filter: {
            id: /^(astro:content|astro:data-layer-content|astro:content-module-imports|astro:asset-imports)$|(?:\?|&)astroContentModuleFlag(?:&|=|$)/
          },
          handler: [AsyncFunction: handler]
        },
        load: {
          filter: {
            id: /^( astro:content| astro:data-layer-content| astro:asset-imports| astro:content-module-imports)$/
          },
          handler: [AsyncFunction: handler]
        },
        configureServer: [Function: configureServer]
      },
      [
        {
          name: 'astro:content-imports',
          config: [Function: config],
          buildStart: [AsyncFunction: buildStart],
          transform: {
            filter: {
              id: /(?:\?|&)(?:astroDataCollectionEntry|astroContentCollectionEntry)(?:&|=|$)/
            },
            handler: [AsyncFunction: handler]
          },
          configureServer: [Function: configureServer]
        }
      ],
      {
        name: 'astro:content-asset-propagation',
        enforce: 'pre',
        resolveId: {
          filter: {
            id: /(?:\?|&)(?:astroContentImageFlag|astroRenderContent)(?:&|=|$)/
          },
          handler: [AsyncFunction: handler]
        },
        configureServer: [Function: configureServer],
        transform: {
          filter: { id: /(?:\?|&)astroPropagatedAssets(?:&|=|$)/ },
          handler: [AsyncFunction: handler]
        }
      },
      {
        name: '@astro/plugin-middleware',
        applyToEnvironment: [Function: applyToEnvironment],
        configureServer: [Function: configureServer],
        resolveId: {
          filter: { id: /^virtual:astro:middleware$/ },
          handler: [AsyncFunction: handler]
        },
        load: {
          filter: { id: /^( noop-middleware| virtual:astro:middleware)$/ },
          handler: [AsyncFunction: handler]
        }
      },
      [
        {
          name: 'astro:assets',
          config: [Function: config],
          resolveId: {
            filter: {
              id: /^(virtual:image-service|astro:assets|virtual:astro:get-image)$/
            },
            handler: [AsyncFunction: handler]
          },
          load: {
            filter: { id: /^( astro:assets| virtual:astro:get-image)$/ },
            handler: [Function: handler]
          },
          buildStart: [Function: buildStart],
          renderChunk: [AsyncFunction: renderChunk]
        },
        {
          name: 'astro:assets:esm',
          enforce: 'pre',
          config: [Function: config],
          configResolved: [Function: configResolved],
          load: {
            filter: { id: /\.(jpeg|jpg|png|tiff|webp|gif|svg|avif)/i },
            handler: [AsyncFunction: handler]
          }
        },
        {
          name: 'astro:fonts',
          buildStart: [AsyncFunction: buildStart],
          configureServer: [AsyncFunction: configureServer],
          resolveId: {
            filter: {
              id: /^(virtual:astro:assets\/fonts\/internal|virtual:astro:assets\/fonts\/runtime|virtual:astro:assets\/fonts\/runtime\/font-file-url-resolver)$/
            },
            handler: [Function: handler]
          },
          load: {
            filter: {
              id: /^( virtual:astro:assets\/fonts\/internal| virtual:astro:assets\/fonts\/runtime| virtual:astro:assets\/fonts\/runtime\/font-file-url-resolver)$/
            },
            handler: [AsyncFunction: handler]
          },
          buildEnd: [AsyncFunction: buildEnd]
        },
        {
          name: 'astro:image-styles',
          resolveId: {
            filter: { id: /^virtual:astro:image-styles.css$/ },
            handler: [Function: handler]
          },
          load: {
            filter: { id: /^ virtual:astro:image-styles.css$/ },
            handler: [AsyncFunction: handler]
          }
        }
      ],
      {
        name: 'astro:prefetch',
        resolveId: {
          filter: { id: /^astro:prefetch$/ },
          handler: [Function: handler]
        },
        load: {
          filter: { id: /^ astro:prefetch$/ },
          handler: [Function: handler]
        },
        transform: {
          filter: { id: /astro\/dist\/prefetch\/index.js/ },
          handler: [Function: handler]
        }
      },
      {
        name: 'astro:transitions',
        resolveId: {
          filter: { id: /^(astro:transitions|astro:transitions\/client)$/ },
          handler: [Function: handler]
        },
        load: {
          filter: { id: /^( astro:transitions| astro:transitions\/client)$/ },
          handler: [Function: handler]
        },
        transform: {
          filter: { id: /ClientRouter\.astro.*\.ts$/ },
          handler: [Function: handler]
        }
      },
      {
        name: 'astro:dev-toolbar',
        config: [Function: config],
        resolveId: {
          filter: { id: /^astro:toolbar:internal$/ },
          handler: [Function: handler]
        },
        configureServer: [Function: configureServer],
        load: {
          filter: { id: /^ astro:toolbar:internal$/ },
          handler: [Function: handler]
        }
      },
      {
        name: 'astro:vite-plugin-file-url',
        enforce: 'pre',
        resolveId: { filter: { id: /^file:\/\// }, handler: [Function: handler] }
      },
      {
        name: 'astro:i18n',
        enforce: 'pre',
        resolveId: {
          filter: { id: /^astro:i18n$/ },
          handler: [Function: handler]
        }
      },
      {
        name: 'astro:actions',
        enforce: 'pre',
        resolveId: {
          filter: {
            id: /^(astro:actions|virtual:astro:actions\/options|virtual:astro:actions\/entrypoint)$/
          },
          handler: [AsyncFunction: handler]
        },
        configureServer: [AsyncFunction: configureServer],
        load: {
          filter: {
            id: /^( astro:actions| virtual:astro:actions\/noop-entrypoint| virtual:astro:actions\/entrypoint| virtual:astro:actions\/options)$/
          },
          handler: [AsyncFunction: handler]
        }
      },
      {
        name: 'astro:server-islands',
        enforce: 'post',
        api: { hasServerIslands: [Function: hasServerIslands] },
        config: [Function: config],
        buildStart: [Function: buildStart],
        configureServer: [Function: configureServer],
        resolveId: {
          filter: { id: /^virtual:astro:server-island-manifest$/ },
          handler: [Function: handler]
        },
        load: {
          filter: { id: /^ virtual:astro:server-island-manifest$/ },
          handler: [Function: handler]
        },
        transform: {
          filter: {
            id: {
              include: [
                /\.(astro|mdx)$/,
                /^ virtual:astro:server-island-manifest$/
              ]
            }
          },
          handler: [AsyncFunction: handler]
        },
        renderChunk: [Function: renderChunk]
      },
      {
        name: 'virtual:astro:session-driver',
        enforce: 'pre',
        resolveId: {
          filter: { id: /^virtual:astro:session-driver$/ },
          handler: [Function: handler]
        },
        load: {
          filter: { id: /^ virtual:astro:session-driver$/ },
          handler: [AsyncFunction: handler]
        }
      },
      undefined,
      undefined,
      {
        name: 'astro:container',
        enforce: 'pre',
        resolveId: {
          filter: { id: /^(astro:container)$/ },
          handler: [Function: handler]
        }
      },
      {
        name: 'astro:hmr-reload',
        enforce: 'post',
        hotUpdate: { order: 'post', handler: [Function: handler] }
      },
      {
        name: 'astro:chromedevtools',
        configureServer: [Function: configureServer]
      },
      false,
      {
        name: '@tailwindcss/vite:scan',
        enforce: 'pre',
        configureServer: [Function: configureServer],
        configResolved: [AsyncFunction: configResolved]
      },
      {
        name: '@tailwindcss/vite:generate:build',
        apply: 'build',
        enforce: 'pre',
        transform: {
          filter: {
            id: {
              exclude: [
                /\/\.vite\//,
                /[?&](?:worker|sharedworker|raw|url)\b/,
                /\?commonjs-proxy/
              ],
              include: [
                /\.css(?:\?.*)?$/,
                /&lang\.css/,
                /[?&]index=\d+\.css$/
              ]
            }
          },
          handler: [AsyncFunction: handler]
        }
      },
      {
        name: 'vite:react-babel',
        enforce: 'pre',
        config: [Function: config],
        configResolved: [Function: configResolved],
        options: [Function: options]
      },
      {
        name: 'vite:react:config-post',
        enforce: 'post',
        config: [Function: config]
      },
      {
        name: 'vite:react-refresh-fbm',
        enforce: 'pre',
        transformIndexHtml: { handler: [Function: handler], order: 'pre' }
      },
      {
        name: 'vite:react-refresh',
        enforce: 'pre',
        config: [Function: config],
        resolveId: {
          filter: { id: /^\/@react\-refresh$/ },
          handler: [Function: handler]
        },
        load: {
          filter: { id: /^\/@react\-refresh$/ },
          handler: [Function: handler]
        },
        transformIndexHtml: [Function: transformIndexHtml]
      },
      {
        name: 'vite:react-virtual-preamble',
        resolveId: {
          order: 'pre',
          filter: { id: /^@vitejs\/plugin\-react\/preamble$/ },
          handler: [Function: handler]
        },
        load: {
          filter: { id: /^ @vitejs\/plugin\-react\/preamble$/ },
          handler: [Function: handler]
        }
      },
      {
        name: '@astrojs/react:opts',
        resolveId: {
          filter: { id: /^astro:react:opts$/ },
          handler: [Function: handler]
        },
        load: {
          filter: { id: /^ astro:react:opts$/ },
          handler: [Function: handler]
        }
      },
      {
        name: '@astrojs/react:environment',
        configEnvironment: [Function: configEnvironment]
      },
      {
        name: 'astro:resolve-input',
        enforce: 'post',
        config: [Function: config],
        configResolved: [Function: configResolved]
      },
      {
        name: 'astro:build-generate',
        enforce: 'post',
        buildApp: { order: 'post', handler: [AsyncFunction: handler] }
      }
    ],
    publicDir: 'D:\\kitchenandall\\kitchenandall\\public\\',
    root: 'D:\\kitchenandall\\kitchenandall\\',
    envPrefix: 'PUBLIC_',
    define: {
      'import.meta.env.SITE': 'undefined',
      'import.meta.env.BASE_URL': '"/"',
      'import.meta.env.ASSETS_PREFIX': 'undefined'
    },
    server: { hmr: false, watch: { ignored: [ '**' ] }, middlewareMode: true },
    resolve: {
      tsconfigPaths: true,
      alias: [
        { find: 'randombytes', replacement: 'randombytes/browser' },
        {
          find: /^astro$/,
          replacement: 'd:\\kitchenandall\\kitchenandall\\node_modules\\astro\\dist\\types\\public\\index.js'
        },
        {
          find: 'astro:middleware',
          replacement: 'astro/virtual-modules/middleware.js'
        },
        { find: 'astro:schema', replacement: 'astro/zod' },
        { find: 'astro:components', replacement: 'astro/components' }
      ],
      conditions: [
        'module',
        'browser',
        'development|production',
        'astro',
        'module',
        'browser',
        'development|production',
        'astro',
        'module',
        'browser',
        'development|production',
        'astro',
        'module',
        'browser',
        'development|production',
        'astro',
        'module',
        'browser',
        'development|production',
        'astro',
        'module',
        'browser',
        'development|production',
        'astro',
        'module',
        'browser',
        'development|production',
        'astro',
        'module',
        'browser',
        'development|production',
        'astro'
      ],
      mainFields: undefined
    },
    build: {
      target: 'esnext',
      cssMinify: true,
      assetsDir: '_astro',
      emptyOutDir: false,
      copyPublicDir: false,
      manifest: false,
      rolldownOptions: {
        preserveEntrySignatures: 'exports-only',
        checks: { pluginTimings: false },
        output: {
          hoistTransitiveImports: false,
          format: 'esm',
          minifyInternalExports: true,
          chunkFileNames: [Function: chunkFileNames],
          assetFileNames: [Function: assetFileNames],
          entryFileNames: [Function: entryFileNames]
        }
      },
      ssr: true,
      ssrEmitAssets: true,
      minify: false,
      modulePreload: { polyfill: false },
      reportCompressedSize: false,
      rollupOptions: [Getter/Setter]
    },
    environments: {
      astro: {
        define: {
          'import.meta.env.SITE': 'undefined',
          'import.meta.env.BASE_URL': '"/"',
          'import.meta.env.ASSETS_PREFIX': 'undefined'
        },
        resolve: {
          tsconfigPaths: true,
          alias: [
            { find: 'randombytes', replacement: 'randombytes/browser' },
            {
              find: /^astro$/,
              replacement: 'd:\\kitchenandall\\kitchenandall\\node_modules\\astro\\dist\\types\\public\\index.js'
            },
            {
              find: 'astro:middleware',
              replacement: 'astro/virtual-modules/middleware.js'
            },
            { find: 'astro:schema', replacement: 'astro/zod' },
            {
              find: 'astro:components',
              replacement: 'astro/components'
            },
            { find: 'randombytes', replacement: 'randombytes/browser' },
            {
              find: /^astro$/,
              replacement: 'd:\\kitchenandall\\kitchenandall\\node_modules\\astro\\dist\\types\\public\\index.js'
            },
            {
              find: 'astro:middleware',
              replacement: 'astro/virtual-modules/middleware.js'
            },
            { find: 'astro:schema', replacement: 'astro/zod' },
            {
              find: 'astro:components',
              replacement: 'astro/components'
            },
            { find: 'randombytes', replacement: 'randombytes/browser' },
            {
              find: /^astro$/,
              replacement: 'd:\\kitchenandall\\kitchenandall\\node_modules\\astro\\dist\\types\\public\\index.js'
            },
            {
              find: 'astro:middleware',
              replacement: 'astro/virtual-modules/middleware.js'
            },
            { find: 'astro:schema', replacement: 'astro/zod' },
            {
              find: 'astro:components',
              replacement: 'astro/components'
            },
            { find: 'randombytes', replacement: 'randombytes/browser' },
            {
              find: /^astro$/,
              replacement: 'd:\\kitchenandall\\kitchenandall\\node_modules\\astro\\dist\\types\\public\\index.js'
            },
            {
              find: 'astro:middleware',
              replacement: 'astro/virtual-modules/middleware.js'
            },
            { find: 'astro:schema', replacement: 'astro/zod' },
            {
              find: 'astro:components',
              replacement: 'astro/components'
            }
          ],
          conditions: [ 'module', 'node', 'development|production', 'astro' ],
          mainFields: undefined,
          dedupe: [
            'astro',     'react',
            'react-dom', 'astro',
            'react',     'react-dom',
            'astro',     'react',
            'react-dom', 'astro',
            'react',     'react-dom'
          ],
          noExternal: [
            'astro',
            'astro/components',
            '@nanostores/preact',
            '@fontsource/*',
            '@astrojs/internal-helpers',
            '@astrojs/react',
            'astro',
            'astro/components',
            '@nanostores/preact',
            '@fontsource/*',
            '@astrojs/internal-helpers',
            '@astrojs/react',
            'astro',
            'astro/components',
            '@nanostores/preact',
            '@fontsource/*',
            '@astrojs/internal-helpers',
            '@astrojs/react',
            'astro',
            'astro/components',
            '@nanostores/preact',
            '@fontsource/*',
            '@astrojs/internal-helpers',
            '@astrojs/react'
          ],
          external: []
        },
        dev: { createEnvironment: undefined, warmup: undefined },
        build: {
          target: 'esnext',
          cssMinify: true,
          assetsDir: '_astro',
          emptyOutDir: false,
          copyPublicDir: false,
          manifest: false,
          rolldownOptions: {
            preserveEntrySignatures: 'exports-only',
            checks: { pluginTimings: false },
            output: {
              hoistTransitiveImports: false,
              format: 'esm',
              minifyInternalExports: true,
              chunkFileNames: [Function: chunkFileNames],
              assetFileNames: [Function: assetFileNames],
              entryFileNames: [Function: entryFileNames]
            },
            onwarn: [Function: onwarn]
          },
          ssr: true,
          ssrEmitAssets: true,
          minify: false,
          modulePreload: { polyfill: false },
          reportCompressedSize: false,
          rollupOptions: [Getter/Setter],
          createEnvironment: undefined
        },
        optimizeDeps: {
          include: [],
          exclude: [],
          rolldownOptions: undefined,
          rollupOptions: [Getter/Setter]
        }
      },
      prerender: {
        define: {
          'import.meta.env.SITE': 'undefined',
          'import.meta.env.BASE_URL': '"/"',
          'import.meta.env.ASSETS_PREFIX': 'undefined'
        },
        resolve: {
          tsconfigPaths: true,
          alias: [
            { find: 'randombytes', replacement: 'randombytes/browser' },
            {
              find: /^astro$/,
              replacement: 'd:\\kitchenandall\\kitchenandall\\node_modules\\astro\\dist\\types\\public\\index.js'
            },
            {
              find: 'astro:middleware',
              replacement: 'astro/virtual-modules/middleware.js'
            },
            { find: 'astro:schema', replacement: 'astro/zod' },
            {
              find: 'astro:components',
              replacement: 'astro/components'
            },
            { find: 'randombytes', replacement: 'randombytes/browser' },
            {
              find: /^astro$/,
              replacement: 'd:\\kitchenandall\\kitchenandall\\node_modules\\astro\\dist\\types\\public\\index.js'
            },
            {
              find: 'astro:middleware',
              replacement: 'astro/virtual-modules/middleware.js'
            },
            { find: 'astro:schema', replacement: 'astro/zod' },
            {
              find: 'astro:components',
              replacement: 'astro/components'
            },
            { find: 'randombytes', replacement: 'randombytes/browser' },
            {
              find: /^astro$/,
              replacement: 'd:\\kitchenandall\\kitchenandall\\node_modules\\astro\\dist\\types\\public\\index.js'
            },
            {
              find: 'astro:middleware',
              replacement: 'astro/virtual-modules/middleware.js'
            },
            { find: 'astro:schema', replacement: 'astro/zod' },
            {
              find: 'astro:components',
              replacement: 'astro/components'
            },
            { find: 'randombytes', replacement: 'randombytes/browser' },
            {
              find: /^astro$/,
              replacement: 'd:\\kitchenandall\\kitchenandall\\node_modules\\astro\\dist\\types\\public\\index.js'
            },
            {
              find: 'astro:middleware',
              replacement: 'astro/virtual-modules/middleware.js'
            },
            { find: 'astro:schema', replacement: 'astro/zod' },
            {
              find: 'astro:components',
              replacement: 'astro/components'
            }
          ],
          conditions: [ 'module', 'node', 'development|production', 'astro' ],
          mainFields: undefined,
          noExternal: [
            'astro',
            '@astrojs/internal-helpers',
            'astro',
            'astro/components',
            '@nanostores/preact',
            '@fontsource/*',
            '@astrojs/internal-helpers',
            '@astrojs/react',
            'astro',
            '@astrojs/internal-helpers',
            'astro',
            'astro/components',
            '@nanostores/preact',
            '@fontsource/*',
            '@astrojs/internal-helpers',
            '@astrojs/react',
            'astro',
            '@astrojs/internal-helpers',
            'astro',
            'astro/components',
            '@nanostores/preact',
            '@fontsource/*',
            '@astrojs/internal-helpers',
            '@astrojs/react',
            'astro',
            '@astrojs/internal-helpers',
            'astro',
            'astro/components',
            '@nanostores/preact',
            '@fontsource/*',
            '@astrojs/internal-helpers',
            '@astrojs/react'
          ],
          dedupe: [
            'astro',     'react',
            'react-dom', 'astro',
            'react',     'react-dom',
            'astro',     'react',
            'react-dom', 'astro',
            'react',     'react-dom'
          ],
          external: []
        },
        dev: { createEnvironment: undefined, warmup: undefined },
        build: {
          target: 'esnext',
          cssMinify: true,
          assetsDir: '_astro',
          emptyOutDir: false,
          copyPublicDir: false,
          manifest: true,
          rolldownOptions: {
            preserveEntrySignatures: 'exports-only',
            checks: { pluginTimings: false },
            output: {
              hoistTransitiveImports: false,
              format: 'esm',
              minifyInternalExports: true,
              chunkFileNames: [Function: chunkFileNames],
              assetFileNames: [Function: assetFileNames],
              entryFileNames: 'prerender-entry.[hash].mjs'
            },
            onwarn: [Function: onwarn],
            input: 'astro/entrypoints/prerender',
            external: [ 'sharp', 'sharp', 'sharp', 'sharp' ]
          },
          ssr: true,
          ssrEmitAssets: true,
          minify: false,
          modulePreload: { polyfill: false },
          reportCompressedSize: false,
          rollupOptions: [Getter/Setter],
          createEnvironment: undefined,
          emitAssets: true,
          outDir: 'D:\\kitchenandall\\kitchenandall\\dist\\.prerender\\'
        },
        optimizeDeps: {
          include: [],
          exclude: [],
          rolldownOptions: undefined,
          rollupOptions: [Getter/Setter]
        }
      },
      client: {
        define: {
          'import.meta.env.SITE': 'undefined',
          'import.meta.env.BASE_URL': '"/"',
          'import.meta.env.ASSETS_PREFIX': 'undefined'
        },
        resolve: {
          tsconfigPaths: true,
          alias: [
            { find: 'randombytes', replacement: 'randombytes/browser' },
            {
              find: /^astro$/,
              replacement: 'd:\\kitchenandall\\kitchenandall\\node_modules\\astro\\dist\\types\\public\\index.js'
            },
            {
              find: 'astro:middleware',
              replacement: 'astro/virtual-modules/middleware.js'
            },
            { find: 'astro:schema', replacement: 'astro/zod' },
            {
              find: 'astro:components',
              replacement: 'astro/components'
            },
            { find: 'randombytes', replacement: 'randombytes/browser' },
            {
              find: /^astro$/,
              replacement: 'd:\\kitchenandall\\kitchenandall\\node_modules\\astro\\dist\\types\\public\\index.js'
            },
            {
              find: 'astro:middleware',
              replacement: 'astro/virtual-modules/middleware.js'
            },
            { find: 'astro:schema', replacement: 'astro/zod' },
            {
              find: 'astro:components',
              replacement: 'astro/components'
            },
            { find: 'randombytes', replacement: 'randombytes/browser' },
            {
              find: /^astro$/,
              replacement: 'd:\\kitchenandall\\kitchenandall\\node_modules\\astro\\dist\\types\\public\\index.js'
            },
            {
              find: 'astro:middleware',
              replacement: 'astro/virtual-modules/middleware.js'
            },
            { find: 'astro:schema', replacement: 'astro/zod' },
            {
              find: 'astro:components',
              replacement: 'astro/components'
            },
            { find: 'randombytes', replacement: 'randombytes/browser' },
            {
              find: /^astro$/,
              replacement: 'd:\\kitchenandall\\kitchenandall\\node_modules\\astro\\dist\\types\\public\\index.js'
            },
            {
              find: 'astro:middleware',
              replacement: 'astro/virtual-modules/middleware.js'
            },
            { find: 'astro:schema', replacement: 'astro/zod' },
            {
              find: 'astro:components',
              replacement: 'astro/components'
            }
          ],
          conditions: [
            'module',
            'browser',
            'development|production',
            'astro',
            'module',
            'browser',
            'development|production',
            'astro',
            'module',
            'browser',
            'development|production',
            'astro',
            'module',
            'browser',
            'development|production',
            'astro',
            'module',
            'browser',
            'development|production',
            'astro',
            'module',
            'browser',
            'development|production',
            'astro',
            'module',
            'browser',
            'development|production',
            'astro',
            'module',
            'browser',
            'development|production',
            'astro'
          ],
          mainFields: undefined,
          dedupe: [
            'astro',     'react',
            'react-dom', 'astro',
            'react',     'react-dom',
            'astro',     'react',
            'react-dom', 'astro',
            'react',     'react-dom'
          ],
          noExternal: [
            'astro',
            'astro/components',
            '@nanostores/preact',
            '@fontsource/*',
            '@astrojs/internal-helpers',
            '@astrojs/react',
            'astro',
            'astro/components',
            '@nanostores/preact',
            '@fontsource/*',
            '@astrojs/internal-helpers',
            '@astrojs/react',
            'astro',
            'astro/components',
            '@nanostores/preact',
            '@fontsource/*',
            '@astrojs/internal-helpers',
            '@astrojs/react',
            'astro',
            'astro/components',
            '@nanostores/preact',
            '@fontsource/*',
            '@astrojs/internal-helpers',
            '@astrojs/react'
          ],
          external: []
        },
        dev: {},
        build: {
          target: 'esnext',
          cssMinify: true,
          assetsDir: '_astro',
          emptyOutDir: false,
          copyPublicDir: true,
          manifest: false,
          rolldownOptions: {
            preserveEntrySignatures: 'exports-only',
            checks: { pluginTimings: false },
            output: {
              hoistTransitiveImports: false,
              format: 'esm',
              minifyInternalExports: true,
              chunkFileNames: [Function: chunkFileNames],
              assetFileNames: [Function: assetFileNames],
              entryFileNames: [Function: entryFileNames]
            },
            onwarn: [Function: onwarn]
          },
          ssr: true,
          ssrEmitAssets: true,
          minify: true,
          modulePreload: { polyfill: false },
          reportCompressedSize: false,
          rollupOptions: [Getter/Setter],
          emitAssets: true,
          outDir: 'D:\\kitchenandall\\kitchenandall\\dist\\',
          sourcemap: false
        },
        optimizeDeps: {
          rolldownOptions: { transform: { jsx: { runtime: 'automatic' } } },
          include: [
            'react',
            'react-dom',
            'react/jsx-dev-runtime',
            'react/jsx-runtime',
            'astro > aria-query',
            'astro > axobject-query',
            'react',
            'react-dom',
            'react/jsx-dev-runtime',
            'react/jsx-runtime',
            'astro > aria-query',
            'astro > axobject-query',
            'react',
            'react-dom',
            'react/jsx-dev-runtime',
            'react/jsx-runtime',
            'astro > aria-query',
            'astro > axobject-query',
            'react',
            'react-dom',
            'react/jsx-dev-runtime',
            'react/jsx-runtime',
            'astro > aria-query',
            'astro > axobject-query',
            'astro > html-escaper',
            'astro/runtime/client/dev-toolbar/entrypoint.js',
            'react',
            'react/jsx-runtime',
            'react/jsx-dev-runtime',
            'react-dom',
            'react-dom/client',
            '@astrojs/react/client.js',
            'astro > html-escaper',
            'astro/runtime/client/dev-toolbar/entrypoint.js',
            'react',
            'react/jsx-runtime',
            'react/jsx-dev-runtime',
            'react-dom',
            'react-dom/client',
            '@astrojs/react/client.js',
            'astro > html-escaper',
            'astro/runtime/client/dev-toolbar/entrypoint.js',
            'react',
            'react/jsx-runtime',
            'react/jsx-dev-runtime',
            'react-dom',
            'react-dom/client',
            '@astrojs/react/client.js',
            'astro > html-escaper',
            'astro/runtime/client/dev-toolbar/entrypoint.js',
            'react',
            'react/jsx-runtime',
            'react/jsx-dev-runtime',
            'react-dom',
            'react-dom/client',
            '@astrojs/react/client.js'
          ],
          exclude: [
            'astro:*',
            'virtual:astro:*',
            'astro/virtual-modules/prefetch.js',
            '@astrojs/react/server.js',
            'astro:*',
            'virtual:astro:*',
            'astro/virtual-modules/prefetch.js',
            '@astrojs/react/server.js',
            'astro:*',
            'virtual:astro:*',
            'astro/virtual-modules/prefetch.js',
            '@astrojs/react/server.js',
            'astro:*',
            'virtual:astro:*',
            'astro/virtual-modules/prefetch.js',
            '@astrojs/react/server.js'
          ],
          entries: [
            'D:/kitchenandall/kitchenandall/src/**/*.{jsx,tsx,vue,svelte,html}',
            'D:/kitchenandall/kitchenandall/src/**/*.{jsx,tsx,vue,svelte,html}',
            'D:/kitchenandall/kitchenandall/src/**/*.{jsx,tsx,vue,svelte,html}',
            'D:/kitchenandall/kitchenandall/src/**/*.{jsx,tsx,vue,svelte,html}'
          ]
        }
      },
      ssr: {
        define: {
          'import.meta.env.SITE': 'undefined',
          'import.meta.env.BASE_URL': '"/"',
          'import.meta.env.ASSETS_PREFIX': 'undefined'
        },
        resolve: {
          tsconfigPaths: true,
          alias: [
            { find: 'randombytes', replacement: 'randombytes/browser' },
            {
              find: /^astro$/,
              replacement: 'd:\\kitchenandall\\kitchenandall\\node_modules\\astro\\dist\\types\\public\\index.js'
            },
            {
              find: 'astro:middleware',
              replacement: 'astro/virtual-modules/middleware.js'
            },
            { find: 'astro:schema', replacement: 'astro/zod' },
            {
              find: 'astro:components',
              replacement: 'astro/components'
            },
            { find: 'randombytes', replacement: 'randombytes/browser' },
            {
              find: /^astro$/,
              replacement: 'd:\\kitchenandall\\kitchenandall\\node_modules\\astro\\dist\\types\\public\\index.js'
            },
            {
              find: 'astro:middleware',
              replacement: 'astro/virtual-modules/middleware.js'
            },
            { find: 'astro:schema', replacement: 'astro/zod' },
            {
              find: 'astro:components',
              replacement: 'astro/components'
            },
            { find: 'randombytes', replacement: 'randombytes/browser' },
            {
              find: /^astro$/,
              replacement: 'd:\\kitchenandall\\kitchenandall\\node_modules\\astro\\dist\\types\\public\\index.js'
            },
            {
              find: 'astro:middleware',
              replacement: 'astro/virtual-modules/middleware.js'
            },
            { find: 'astro:schema', replacement: 'astro/zod' },
            {
              find: 'astro:components',
              replacement: 'astro/components'
            },
            { find: 'randombytes', replacement: 'randombytes/browser' },
            {
              find: /^astro$/,
              replacement: 'd:\\kitchenandall\\kitchenandall\\node_modules\\astro\\dist\\types\\public\\index.js'
            },
            {
              find: 'astro:middleware',
              replacement: 'astro/virtual-modules/middleware.js'
            },
            { find: 'astro:schema', replacement: 'astro/zod' },
            {
              find: 'astro:components',
              replacement: 'astro/components'
            }
          ],
          conditions: [ 'module', 'node', 'development|production', 'astro' ],
          mainFields: undefined,
          external: [],
          noExternal: [
            '@mui/material',
            '@mui/base',
            '@babel/runtime',
            'use-immer',
            '@material-tailwind/react',
            '@mui/material',
            '@mui/base',
            '@babel/runtime',
            'use-immer',
            '@material-tailwind/react',
            '@mui/material',
            '@mui/base',
            '@babel/runtime',
            'use-immer',
            '@material-tailwind/react',
            '@mui/material',
            '@mui/base',
            '@babel/runtime',
            'use-immer',
            '@material-tailwind/react',
            'astro',
            'astro/components',
            '@nanostores/preact',
            '@fontsource/*',
            '@astrojs/internal-helpers',
            '@astrojs/react',
            'astro',
            'astro/components',
            '@nanostores/preact',
            '@fontsource/*',
            '@astrojs/internal-helpers',
            '@astrojs/react',
            'astro',
            'astro/components',
            '@nanostores/preact',
            '@fontsource/*',
            '@astrojs/internal-helpers',
            '@astrojs/react',
            'astro',
            'astro/components',
            '@nanostores/preact',
            '@fontsource/*',
            '@astrojs/internal-helpers',
            '@astrojs/react'
          ],
          dedupe: [
            'astro',     'react',
            'react-dom', 'astro',
            'react',     'react-dom',
            'astro',     'react',
            'react-dom', 'astro',
            'react',     'react-dom'
          ]
        },
        dev: { createEnvironment: undefined, warmup: undefined },
        build: {
          target: 'esnext',
          cssMinify: true,
          assetsDir: '_astro',
          emptyOutDir: false,
          copyPublicDir: false,
          manifest: true,
          rolldownOptions: {
            preserveEntrySignatures: 'exports-only',
            checks: { pluginTimings: false },
            output: {
              hoistTransitiveImports: false,
              format: 'esm',
              minifyInternalExports: true,
              chunkFileNames: [Function: chunkFileNames],
              assetFileNames: [Function: assetFileNames],
              entryFileNames: [Function: entryFileNames]
            },
            onwarn: [Function: onwarn]
          },
          ssr: true,
          ssrEmitAssets: true,
          minify: false,
          modulePreload: { polyfill: false },
          reportCompressedSize: false,
          rollupOptions: [Getter/Setter],
          createEnvironment: undefined,
          outDir: 'D:\\kitchenandall\\kitchenandall\\dist\\',
          emitAssets: true
        },
        optimizeDeps: {
          rolldownOptions: undefined,
          rollupOptions: [Getter/Setter],
          include: [],
          exclude: []
        }
      }
    },
    ssr: {
      noExternal: [
        '@mui/material',
        '@mui/base',
        '@babel/runtime',
        'use-immer',
        '@material-tailwind/react'
      ],
      optimizeDeps: { rolldownOptions: undefined, rollupOptions: [Getter/Setter] }
    },
    logLevel: 'error',
    builder: { buildApp: [AsyncFunction: buildApp] },
    base: '/',
    worker: { rolldownOptions: undefined, rollupOptions: [Getter/Setter] },
    optimizeDeps: { rolldownOptions: undefined, rollupOptions: [Getter/Setter] }
  },
  decodedBase: '/',
  rawBase: '/',
  command: 'build',
  isWorker: false,
  mainConfig: null,
  bundleChain: [],
  isProduction: true,
  css: {
    transformer: 'postcss',
    preprocessorMaxWorkers: true,
    devSourcemap: false
  },
  json: { namedExports: true, stringify: 'auto' },
  esbuild: { jsxDev: false, charset: 'utf8', legalComments: 'none' },
  preview: {
    port: 4173,
    strictPort: false,
    host: undefined,
    allowedHosts: [],
    https: undefined,
    open: false,
    proxy: undefined,
    cors: {
      origin: /^https?:\/\/(?:(?:[^:]+\.)?localhost|127\.0\.0\.1|\[::1\])(?::\d+)?$/
    },
    headers: {}
  },
  envDir: 'D:/kitchenandall/kitchenandall',
  env: { BASE_URL: '/', MODE: 'production', DEV: false, PROD: true },
  assetsInclude: [Function: assetsInclude],
  rawAssetsInclude: [],
  logger: {
    hasWarned: false,
    info: [Function: info],
    warn: [Function: warn],
    warnOnce: [Function: warnOnce],
    error: [Function: error],
    clearScreen: [Function: clearScreen],
    hasErrorLogged: [Function: hasErrorLogged]
  },
  packageCache: Map(1) {
    'fnpd_D:/kitchenandall/kitchenandall' => {
      dir: 'D:/kitchenandall/kitchenandall',
      data: {
        name: 'e-store-astro',
        type: 'module',
        version: '0.0.1',
        engines: { node: '>=22.12.0' },
        scripts: {
          dev: 'astro dev',
          build: 'astro build',
          preview: 'astro preview',
          astro: 'astro'
        },
        dependencies: {
          '@astrojs/react': '^6.0.2',
          '@supabase/supabase-js': '^2.110.9',
          '@tailwindcss/vite': '^4.3.3',
          astro: '^7.1.4',
          'framer-motion': '^12.43.0',
          'lucide-react': '^1.27.0',
          react: '^19.2.8',
          'react-dom': '^19.2.8',
          swiper: '^14.0.6',
          tailwindcss: '^4.3.3'
        },
        devDependencies: { '@types/react': '^19.2.17', '@types/react-dom': '^19.2.3' }
      },
      hasSideEffects: [Function: hasSideEffects],
      setResolvedCache: [Function: setResolvedCache],
      getResolvedCache: [Function: getResolvedCache]
    },
    set: [Function (anonymous)]
  },
  experimental: {
    importGlobRestoreExtension: false,
    renderBuiltUrl: undefined,
    hmrPartialAccept: false,
    bundledDev: false
  },
  future: undefined,
  dev: {
    warmup: [],
    sourcemap: { js: true },
    sourcemapIgnoreList: [Function: isInNodeModules],
    preTransformRequests: false,
    createEnvironment: [Function: defaultCreateDevEnvironment],
    recoverable: false,
    moduleRunnerTransform: false
  },
  devtools: { config: { host: 'localhost' }, enabled: false },
  webSocketToken: 'fXQhCX-Mn041',
  getSortedPlugins: [Function: getSortedPlugins],
  getSortedPluginHooks: [Function: getSortedPluginHooks],
  createResolver: [Function: createResolver],
  fsDenyGlob: [Function: arrayMatcher],
  safeModulePaths: Set(0) {},
  Symbol(vite:resolved-config): true
}
2026-07-30T17:01:34.485Z vite:env loading env files: [
  'D:/kitchenandall/kitchenandall/.env',
  'D:/kitchenandall/kitchenandall/.env.local',
  'D:/kitchenandall/kitchenandall/.env.production',
  'D:/kitchenandall/kitchenandall/.env.production.local'
]
2026-07-30T17:01:34.485Z vite:env env files loaded in 0.28ms
2026-07-30T17:01:34.486Z vite:env using resolved env: {}
2026-07-30T17:01:34.514Z vite:config using resolved config: {
  configFile: undefined,
  mode: 'production',
  cacheDir: 'D:/kitchenandall/kitchenandall/node_modules/.vite',
  clearScreen: false,
  customLogger: {
    hasWarned: false,
    info: [Function: info],
    warn: [Function: warn],
    warnOnce: [Function: warnOnce],
    error: [Function: error],
    clearScreen: [Function: clearScreen],
    hasErrorLogged: [Function: hasErrorLogged]
  },
  appType: 'custom',
  plugins: [
    'vite:optimized-deps',
    'vite:watch-package-data',
    'vite:pre-alias',
    'alias',
    '@astro/plugin-component-entry',
    'virtual:astro:manifest',
    'astro:plugin-renderers',
    'astro:static-paths',
    'astro:build:css-hmr',
    'astro:build',
    'astro-env-plugin',
    'astro:markdown',
    'astro-content-virtual-mod-plugin',
    'astro:content-asset-propagation',
    'astro:assets:esm',
    'astro:vite-plugin-file-url',
    'astro:i18n',
    'astro:actions',
    'virtual:astro:session-driver',
    'astro:container',
    '@tailwindcss/vite:scan',
    '@tailwindcss/vite:generate:build',
    'vite:react-babel',
    'vite:react-refresh-fbm',
    'vite:react-refresh',
    'vite:resolve-builtin:get-environment',
    'vite:resolve-builtin',
    'vite:html-inline-proxy',
    'vite:css',
    'builtin:oxc-runtime',
    'vite:oxc',
    'builtin:vite-json',
    'vite:wasm-helper',
    'vite:worker',
    'vite:asset',
    'vite:forward-console',
    '@astro/rolldown-plugin-astro-analyzer',
    '@astro/plugin-build-internals',
    '@astro/plugin-middleware-build',
    '@astro/plugin-actions-build',
    'astro:rollup-plugin-build-css',
    'astro:head-metadata-build',
    'astro:rolldown-plugin-prerender',
    '@astro/plugin-scripts',
    'plugin-noop',
    'astro:ssr-assets',
    'astro:watcher-max-listeners',
    'astro:routes',
    'astro-manifest-plugin',
    'astro:environment',
    '@astro/plugin-page',
    'astro:build:normal',
    'astro:scripts',
    'astro:app',
    'astro:server-app',
    '@astro/plugin-fetchable',
    'virtual:astro:dev-css',
    'virtual:astro:dev-css-all',
    'astro:adapter-config',
    'astro:html',
    'astro:integration-container',
    'astro:content-imports',
    '@astro/plugin-middleware',
    'astro:assets',
    'astro:fonts',
    'astro:image-styles',
    'astro:prefetch',
    'astro:transitions',
    'astro:dev-toolbar',
    'astro:chromedevtools',
    'vite:react-virtual-preamble',
    '@astrojs/react:opts',
    '@astrojs/react:environment',
    'astro:vite-plugin-env',
    'vite:define',
    'vite:css-post',
    'vite:build-html',
    'vite:worker-import-meta-url',
    'vite:asset-import-meta-url',
    'vite:prepare-out-dir',
    'vite:rollup-options-plugins',
    'vite:dynamic-import-vars',
    'vite:import-glob',
    'astro:css-target-lowering',
    'astro:rollup-plugin-single-css',
    'astro:rollup-plugin-inline-stylesheets',
    '@astro/plugin-pages',
    'astro:scripts:page-ssr',
    'astro:server-islands',
    'astro:hmr-reload',
    'vite:react:config-post',
    'astro:resolve-input',
    'astro:build-generate',
    'vite:build-import-analysis',
    'native:import-analysis-build',
    'vite:terser',
    'vite:license',
    'native:manifest',
    'vite:ssr-manifest',
    'native:reporter',
    ... 4 more items
  ],
  publicDir: 'D:/kitchenandall/kitchenandall/public',
  root: 'D:/kitchenandall/kitchenandall',
  envPrefix: 'PUBLIC_',
  define: {
    'import.meta.env.SITE': 'undefined',
    'import.meta.env.BASE_URL': '"/"',
    'import.meta.env.ASSETS_PREFIX': 'undefined'
  },
  server: {
    port: 5173,
    strictPort: false,
    host: undefined,
    allowedHosts: [],
    https: undefined,
    open: false,
    proxy: undefined,
    cors: {
      origin: /^https?:\/\/(?:(?:[^:]+\.)?localhost|127\.0\.0\.1|\[::1\])(?::\d+)?$/
    },
    headers: {},
    warmup: { clientFiles: [], ssrFiles: [] },
    middlewareMode: true,
    fs: {
      strict: true,
      deny: [
        '.env',
        '.env.*',
        '*.{crt,pem,key,p12,pfx,cer,der}',
        '.npmrc',
        '.yarnrc.yml',
        '**/.git/**'
      ],
      allow: [ 'D:/kitchenandall/kitchenandall' ]
    },
    preTransformRequests: true,
    perEnvironmentStartEndDuringDev: false,
    perEnvironmentWatchChangeDuringDev: false,
    forwardConsole: {
      enabled: true,
      unhandledErrors: true,
      logLevels: [ 'error', 'warn' ]
    },
    sourcemapIgnoreList: [Function: isInNodeModules],
    hmr: false,
    watch: { ignored: [ '**' ] }
  },
  resolve: {
    externalConditions: [ 'node', 'module-sync' ],
    extensions: [
      '.mjs',  '.js',
      '.mts',  '.ts',
      '.jsx',  '.tsx',
      '.json'
    ],
    dedupe: [],
    noExternal: [],
    external: [],
    preserveSymlinks: false,
    tsconfigPaths: true,
    alias: [
      { find: 'randombytes', replacement: 'randombytes/browser' },
      {
        find: /^astro$/,
        replacement: 'd:\\kitchenandall\\kitchenandall\\node_modules\\astro\\dist\\types\\public\\index.js'
      },
      {
        find: 'astro:middleware',
        replacement: 'astro/virtual-modules/middleware.js'
      },
      { find: 'astro:schema', replacement: 'astro/zod' },
      { find: 'astro:components', replacement: 'astro/components' },
      {
        find: /^\/?@vite\/env/,
        replacement: '/@fs/d:/kitchenandall/kitchenandall/node_modules/vite/dist/client/env.mjs'
      },
      {
        find: /^\/?@vite\/client/,
        replacement: '/@fs/d:/kitchenandall/kitchenandall/node_modules/vite/dist/client/client.mjs'
      }
    ],
    mainFields: [ 'browser', 'module', 'jsnext:main', 'jsnext' ],
    conditions: [
      'module',
      'browser',
      'development|production',
      'astro',
      'module',
      'browser',
      'development|production',
      'astro',
      'module',
      'browser',
      'development|production',
      'astro',
      'module',
      'browser',
      'development|production',
      'astro',
      'module',
      'browser',
      'development|production',
      'astro',
      'module',
      'browser',
      'development|production',
      'astro',
      'module',
      'browser',
      'development|production',
      'astro',
      'module',
      'browser',
      'development|production',
      'astro',
      'module',
      'browser',
      'development|production',
      'astro',
      'module',
      'browser',
      'development|production',
      'astro',
      'module',
      'browser',
      'development|production',
      'astro',
      'module',
      'browser',
      'development|production',
      'astro',
      'module',
      'browser',
      'development|production',
      'astro',
      'module',
      'browser',
      'development|production',
      'astro',
      'module',
      'browser',
      'development|production',
      'astro',
      'module',
      'browser',
      'development|production',
      'astro'
    ],
    builtins: []
  },
  build: {
    target: 'esnext',
    polyfillModulePreload: true,
    modulePreload: { polyfill: false },
    outDir: 'D:\\kitchenandall\\kitchenandall\\dist\\',
    assetsDir: '_astro',
    assetsInlineLimit: 4096,
    sourcemap: false,
    terserOptions: {},
    chunkImportMap: false,
    rolldownOptions: {
      platform: 'node',
      preserveEntrySignatures: 'exports-only',
      checks: { pluginTimings: false },
      output: {
        hoistTransitiveImports: false,
        format: 'esm',
        minifyInternalExports: true,
        chunkFileNames: [Function: chunkFileNames],
        assetFileNames: [Function: assetFileNames],
        entryFileNames: [Function: entryFileNames]
      },
      onwarn: [Function: onwarn]
    },
    commonjsOptions: { include: [ /node_modules/ ], extensions: [ '.js', '.cjs' ] },
    dynamicImportVarsOptions: { exclude: [ /node_modules/ ] },
    write: true,
    emptyOutDir: false,
    copyPublicDir: false,
    license: false,
    manifest: true,
    lib: false,
    ssrManifest: false,
    ssrEmitAssets: true,
    reportCompressedSize: false,
    chunkSizeWarningLimit: 500,
    watch: null,
    cssCodeSplit: true,
    minify: false,
    rollupOptions: {
      platform: 'node',
      preserveEntrySignatures: 'exports-only',
      checks: { pluginTimings: false },
      output: {
        hoistTransitiveImports: false,
        format: 'esm',
        minifyInternalExports: true,
        chunkFileNames: [Function: chunkFileNames],
        assetFileNames: [Function: assetFileNames],
        entryFileNames: [Function: entryFileNames]
      },
      onwarn: [Function: onwarn]
    },
    ssr: true,
    emitAssets: true,
    createEnvironment: [Function: createEnvironment],
    cssMinify: true,
    cssTarget: 'esnext'
  },
  environments: {
    astro: {
      define: {
        'import.meta.env.SITE': 'undefined',
        'import.meta.env.BASE_URL': '"/"',
        'import.meta.env.ASSETS_PREFIX': 'undefined'
      },
      resolve: {
        externalConditions: [ 'node', 'module-sync' ],
        extensions: [
          '.mjs',  '.js',
          '.mts',  '.ts',
          '.jsx',  '.tsx',
          '.json'
        ],
        dedupe: [
          'astro',     'react',
          'react-dom', 'astro',
          'react',     'react-dom',
          'astro',     'react',
          'react-dom', 'astro',
          'react',     'react-dom',
          'astro',     'react',
          'react-dom'
        ],
        noExternal: [
          'astro',
          'astro/components',
          '@nanostores/preact',
          '@fontsource/*',
          '@astrojs/internal-helpers',
          '@astrojs/react',
          'astro',
          'astro/components',
          '@nanostores/preact',
          '@fontsource/*',
          '@astrojs/internal-helpers',
          '@astrojs/react',
          'astro',
          'astro/components',
          '@nanostores/preact',
          '@fontsource/*',
          '@astrojs/internal-helpers',
          '@astrojs/react',
          'astro',
          'astro/components',
          '@nanostores/preact',
          '@fontsource/*',
          '@astrojs/internal-helpers',
          '@astrojs/react',
          'astro',
          'astro/components',
          '@nanostores/preact',
          '@fontsource/*',
          '@astrojs/internal-helpers',
          '@astrojs/react'
        ],
        external: [],
        preserveSymlinks: false,
        tsconfigPaths: true,
        alias: [
          { find: 'randombytes', replacement: 'randombytes/browser' },
          {
            find: /^astro$/,
            replacement: 'd:\\kitchenandall\\kitchenandall\\node_modules\\astro\\dist\\types\\public\\index.js'
          },
          {
            find: 'astro:middleware',
            replacement: 'astro/virtual-modules/middleware.js'
          },
          { find: 'astro:schema', replacement: 'astro/zod' },
          { find: 'astro:components', replacement: 'astro/components' },
          {
            find: /^\/?@vite\/env/,
            replacement: '/@fs/d:/kitchenandall/kitchenandall/node_modules/vite/dist/client/env.mjs'
          },
          {
            find: /^\/?@vite\/client/,
            replacement: '/@fs/d:/kitchenandall/kitchenandall/node_modules/vite/dist/client/client.mjs'
          }
        ],
        mainFields: [ 'module', 'jsnext:main', 'jsnext' ],
        conditions: [ 'module', 'node', 'development|production', 'astro' ],
        builtins: [
          '_http_agent',         '_http_client',        '_http_common',
          '_http_incoming',      '_http_outgoing',      '_http_server',
          '_stream_duplex',      '_stream_passthrough', '_stream_readable',
          '_stream_transform',   '_stream_wrap',        '_stream_writable',
          '_tls_common',         '_tls_wrap',           'assert',
          'assert/strict',       'async_hooks',         'buffer',
          'child_process',       'cluster',             'console',
          'constants',           'crypto',              'dgram',
          'diagnostics_channel', 'dns',                 'dns/promises',
          'domain',              'events',              'fs',
          'fs/promises',         'http',                'http2',
          'https',               'inspector',           'inspector/promises',
          'module',              'net',                 'os',
          'path',                'path/posix',          'path/win32',
          'perf_hooks',          'process',             'punycode',
          'querystring',         'readline',            'readline/promises',
          'repl',                'stream',              'stream/consumers',
          'stream/promises',     'stream/web',          'string_decoder',
          'sys',                 'timers',              'timers/promises',
          'tls',                 'trace_events',        'tty',
          'url',                 'util',                'util/types',
          'v8',                  'vm',                  'wasi',
          'worker_threads',      'zlib',                /^node:/,
          /^bun:/
        ]
      },
      keepProcessEnv: true,
      consumer: 'server',
      optimizeDeps: {
        include: [],
        exclude: [],
        needsInterop: [],
        rolldownOptions: { resolve: { symlinks: true }, output: { topLevelVar: true } },
        extensions: [],
        disabled: undefined,
        holdUntilCrawlEnd: true,
        force: false,
        ignoreOutdatedRequests: false,
        noDiscovery: true,
        rollupOptions: [Getter/Setter],
        esbuildOptions: { preserveSymlinks: false }
      },
      dev: {
        warmup: [],
        sourcemap: { js: true },
        sourcemapIgnoreList: [Function: isInNodeModules],
        preTransformRequests: false,
        createEnvironment: [Function: defaultCreateDevEnvironment],
        recoverable: false,
        moduleRunnerTransform: true
      },
      build: {
        target: 'esnext',
        polyfillModulePreload: true,
        modulePreload: { polyfill: false },
        outDir: 'dist',
        assetsDir: '_astro',
        assetsInlineLimit: 4096,
        sourcemap: false,
        terserOptions: {},
        chunkImportMap: false,
        rolldownOptions: {
          platform: 'node',
          preserveEntrySignatures: 'exports-only',
          checks: { pluginTimings: false },
          output: {
            hoistTransitiveImports: false,
            format: 'esm',
            minifyInternalExports: true,
            chunkFileNames: [Function: chunkFileNames],
            assetFileNames: [Function: assetFileNames],
            entryFileNames: [Function: entryFileNames]
          },
          onwarn: [Function: onwarn]
        },
        commonjsOptions: { include: [ /node_modules/ ], extensions: [ '.js', '.cjs' ] },
        dynamicImportVarsOptions: { exclude: [ /node_modules/ ] },
        write: true,
        emptyOutDir: false,
        copyPublicDir: false,
        license: false,
        manifest: false,
        lib: false,
        ssrManifest: false,
        ssrEmitAssets: true,
        reportCompressedSize: false,
        chunkSizeWarningLimit: 500,
        watch: null,
        cssCodeSplit: true,
        minify: false,
        rollupOptions: [Getter/Setter],
        ssr: true,
        emitAssets: false,
        createEnvironment: [Function: createEnvironment],
        cssMinify: true,
        cssTarget: 'esnext'
      },
      isBundled: true,
      plugins: [
        {
          name: 'vite:watch-package-data',
          buildStart: [Function: buildStart],
          buildEnd: [Function: buildEnd],
          watchChange: [Function: watchChange]
        },
        BuiltinPlugin {
          name: 'builtin:vite-alias',
          _options: {
            entries: [
              {
                find: 'randombytes',
                replacement: 'randombytes/browser'
              },
              {
                find: /^astro$/,
                replacement: 'd:\\kitchenandall\\kitchenandall\\node_modules\\astro\\dist\\types\\public\\index.js'
              },
              {
                find: 'astro:middleware',
                replacement: 'astro/virtual-modules/middleware.js'
              },
              { find: 'astro:schema', replacement: 'astro/zod' },
              {
                find: 'astro:components',
                replacement: 'astro/components'
              },
              {
                find: /^\/?@vite\/env/,
                replacement: '/@fs/d:/kitchenandall/kitchenandall/node_modules/vite/dist/client/env.mjs'
              },
              {
                find: /^\/?@vite\/client/,
                replacement: '/@fs/d:/kitchenandall/kitchenandall/node_modules/vite/dist/client/client.mjs'
              }
            ]
          },
          enforce: undefined
        },
        {
          name: 'virtual:astro:manifest',
          enforce: 'pre',
          configureServer: [Function: configureServer],
          applyToEnvironment: [Function: applyToEnvironment],
          resolveId: {
            filter: { id: /^virtual:astro:manifest$/ },
            handler: [Function: handler]
          },
          load: {
            filter: { id: /^ virtual:astro:manifest$/ },
            handler: [AsyncFunction: handler]
          }
        },
        {
          name: 'astro:plugin-renderers',
          enforce: 'pre',
          resolveId: {
            filter: { id: /^virtual:astro:renderers$/ },
            handler: [Function: handler]
          },
          load: {
            filter: { id: /^ virtual:astro:renderers$/ },
            handler: [Function: handler]
          }
        },
        {
          name: 'astro:static-paths',
          enforce: 'pre',
          resolveId: {
            filter: { id: /^astro:static-paths$/ },
            handler: [Function: handler]
          },
          load: {
            filter: { id: /^ astro:static-paths$/ },
            handler: [Function: handler]
          }
        },
        {
          name: 'astro:build',
          enforce: 'pre',
          configEnvironment: [AsyncFunction: configEnvironment],
          configResolved: [AsyncFunction: configResolved],
          configureServer: [Function: configureServer],
          buildStart: [Function: buildStart],
          load: {
            filter: { id: /(?:\?|&)astro(?:&|=|$)/ },
            handler: [AsyncFunction: handler]
          },
          transform: {
            filter: {
              id: {
                include: [ /\.astro$/, /\.astro\?/ ],
                exclude: [
                  /(?:\?|&)(?:url|raw|direct)(?:&|$)/,
                  /(?:\?|&)astro(?:&|=|$)/
                ]
              }
            },
            handler: [AsyncFunction: handler]
          },
          handleHotUpdate: [AsyncFunction: handleHotUpdate]
        },
        {
          name: 'astro-env-plugin',
          enforce: 'pre',
          config: [Function: config],
          buildStart: [Function: buildStart],
          resolveId: {
            filter: {
              id: /^(astro:env\/client|astro:env\/server|virtual:astro:env\/internal)$/
            },
            handler: [Function: handler]
          },
          load: {
            filter: {
              id: /^( astro:env\/client| astro:env\/server| virtual:astro:env\/internal)$/
            },
            handler: [Function: handler]
          }
        },
        {
          enforce: 'pre',
          name: 'astro:markdown',
          buildEnd: [Function: buildEnd],
          resolveId: {
            filter: { id: /^[^/]/ },
            handler: [AsyncFunction: handler]
          },
          load: {
            filter: {
              id: {
                include: /\.(markdown|mdown|mkdn|mkd|mdwn|md)(\?|$)/,
                exclude: /(?:\?|&)(?:url|raw|direct)(?:&|$)/
              }
            },
            handler: [AsyncFunction: handler]
          }
        },
        {
          name: 'astro-content-virtual-mod-plugin',
          enforce: 'pre',
          config: [Function: config],
          buildStart: [Function: buildStart],
          resolveId: {
            filter: {
              id: /^(astro:content|astro:data-layer-content|astro:content-module-imports|astro:asset-imports)$|(?:\?|&)astroContentModuleFlag(?:&|=|$)/
            },
            handler: [AsyncFunction: handler]
          },
          load: {
            filter: {
              id: /^( astro:content| astro:data-layer-content| astro:asset-imports| astro:content-module-imports)$/
            },
            handler: [AsyncFunction: handler]
          },
          configureServer: [Function: configureServer]
        },
        {
          name: 'astro:content-asset-propagation',
          enforce: 'pre',
          resolveId: {
            filter: {
              id: /(?:\?|&)(?:astroContentImageFlag|astroRenderContent)(?:&|=|$)/
            },
            handler: [AsyncFunction: handler]
          },
          configureServer: [Function: configureServer],
          transform: {
            filter: { id: /(?:\?|&)astroPropagatedAssets(?:&|=|$)/ },
            handler: [AsyncFunction: handler]
          }
        },
        {
          name: 'astro:assets:esm',
          enforce: 'pre',
          config: [Function: config],
          configResolved: [Function: configResolved],
          load: {
            filter: { id: /\.(jpeg|jpg|png|tiff|webp|gif|svg|avif)/i },
            handler: [AsyncFunction: handler]
          }
        },
        {
          name: 'astro:vite-plugin-file-url',
          enforce: 'pre',
          resolveId: {
            filter: { id: /^file:\/\// },
            handler: [Function: handler]
          }
        },
        {
          name: 'astro:i18n',
          enforce: 'pre',
          resolveId: {
            filter: { id: /^astro:i18n$/ },
            handler: [Function: handler]
          }
        },
        {
          name: 'astro:actions',
          enforce: 'pre',
          resolveId: {
            filter: {
              id: /^(astro:actions|virtual:astro:actions\/options|virtual:astro:actions\/entrypoint)$/
            },
            handler: [AsyncFunction: handler]
          },
          configureServer: [AsyncFunction: configureServer],
          load: {
            filter: {
              id: /^( astro:actions| virtual:astro:actions\/noop-entrypoint| virtual:astro:actions\/entrypoint| virtual:astro:actions\/options)$/
            },
            handler: [AsyncFunction: handler]
          }
        },
        {
          name: 'virtual:astro:session-driver',
          enforce: 'pre',
          resolveId: {
            filter: { id: /^virtual:astro:session-driver$/ },
            handler: [Function: handler]
          },
          load: {
            filter: { id: /^ virtual:astro:session-driver$/ },
            handler: [AsyncFunction: handler]
          }
        },
        {
          name: 'astro:container',
          enforce: 'pre',
          resolveId: {
            filter: { id: /^(astro:container)$/ },
            handler: [Function: handler]
          }
        },
        {
          name: '@tailwindcss/vite:scan',
          enforce: 'pre',
          configureServer: [Function: configureServer],
          configResolved: [AsyncFunction: configResolved]
        },
        {
          name: '@tailwindcss/vite:generate:build',
          apply: 'build',
          enforce: 'pre',
          transform: {
            filter: {
              id: {
                exclude: [
                  /\/\.vite\//,
                  /[?&](?:worker|sharedworker|raw|url)\b/,
                  /\?commonjs-proxy/
                ],
                include: [
                  /\.css(?:\?.*)?$/,
                  /&lang\.css/,
                  /[?&]index=\d+\.css$/
                ]
              }
            },
            handler: [AsyncFunction: handler]
          }
        },
        {
          name: 'vite:react-babel',
          enforce: 'pre',
          config: [Function: config],
          configResolved: [Function: configResolved],
          options: [Function: options]
        },
        {
          name: 'vite:react-refresh-fbm',
          enforce: 'pre',
          transformIndexHtml: { handler: [Function: handler], order: 'pre' }
        },
        {
          name: 'vite:react-refresh',
          enforce: 'pre',
          config: [Function: config],
          resolveId: {
            filter: { id: /^\/@react\-refresh$/ },
            handler: [Function: handler]
          },
          load: {
            filter: { id: /^\/@react\-refresh$/ },
            handler: [Function: handler]
          },
          transformIndexHtml: [Function: transformIndexHtml]
        },
        {
          name: 'vite:resolve-builtin:get-environment',
          buildStart: [Function: buildStart],
          perEnvironmentStartEndDuringDev: true
        },
        BuiltinPlugin {
          name: 'builtin:vite-resolve',
          _options: {
            resolveOptions: {
              isBuild: true,
              isProduction: true,
              asSrc: true,
              preferRelative: false,
              isRequire: undefined,
              root: 'D:/kitchenandall/kitchenandall',
              scan: false,
              mainFields: [ 'module', 'jsnext:main', 'jsnext', 'main' ],
              conditions: [ 'module', 'node', 'development|production', 'astro' ],
              externalConditions: [ 'node', 'module-sync' ],
              extensions: [
                '.mjs',  '.js',
                '.mts',  '.ts',
                '.jsx',  '.tsx',
                '.json'
              ],
              tryIndex: true,
              tryPrefix: undefined,
              preserveSymlinks: false,
              tsconfigPaths: true
            },
            environmentConsumer: 'server',
            environmentName: 'astro',
            builtins: [
              '_http_agent',
              '_http_client',
              '_http_common',
              '_http_incoming',
              '_http_outgoing',
              '_http_server',
              '_stream_duplex',
              '_stream_passthrough',
              '_stream_readable',
              '_stream_transform',
              '_stream_wrap',
              '_stream_writable',
              '_tls_common',
              '_tls_wrap',
              'assert',
              'assert/strict',
              'async_hooks',
              'buffer',
              'child_process',
              'cluster',
              'console',
              'constants',
              'crypto',
              'dgram',
              'diagnostics_channel',
              'dns',
              'dns/promises',
              'domain',
              'events',
              'fs',
              'fs/promises',
              'http',
              'http2',
              'https',
              'inspector',
              'inspector/promises',
              'module',
              'net',
              'os',
              'path',
              'path/posix',
              'path/win32',
              'perf_hooks',
              'process',
              'punycode',
              'querystring',
              'readline',
              'readline/promises',
              'repl',
              'stream',
              'stream/consumers',
              'stream/promises',
              'stream/web',
              'string_decoder',
              'sys',
              'timers',
              'timers/promises',
              'tls',
              'trace_events',
              'tty',
              'url',
              'util',
              'util/types',
              'v8',
              'vm',
              'wasi',
              'worker_threads',
              'zlib',
              /^node:/,
              /^bun:/
            ],
            external: [],
            noExternal: [
              'astro',
              'astro/components',
              '@nanostores/preact',
              '@fontsource/*',
              '@astrojs/internal-helpers',
              '@astrojs/react',
              'astro',
              'astro/components',
              '@nanostores/preact',
              '@fontsource/*',
              '@astrojs/internal-helpers',
              '@astrojs/react',
              'astro',
              'astro/components',
              '@nanostores/preact',
              '@fontsource/*',
              '@astrojs/internal-helpers',
              '@astrojs/react',
              'astro',
              'astro/components',
              '@nanostores/preact',
              '@fontsource/*',
              '@astrojs/internal-helpers',
              '@astrojs/react',
              'astro',
              'astro/components',
              '@nanostores/preact',
              '@fontsource/*',
              '@astrojs/internal-helpers',
              '@astrojs/react'
            ],
            dedupe: [
              'astro',     'react',
              'react-dom', 'astro',
              'react',     'react-dom',
              'astro',     'react',
              'react-dom', 'astro',
              'react',     'react-dom',
              'astro',     'react',
              'react-dom'
            ],
            disableCache: false,
            legacyInconsistentCjsInterop: undefined,
            finalizeBareSpecifier: undefined,
            finalizeOtherSpecifiers: undefined,
            resolveSubpathImports: [Function: resolveSubpathImports],
            yarnPnp: false
          },
          enforce: undefined,
          getOrder: [AsyncFunction: wrappedHook],
          load: [AsyncFunction: wrappedHook],
          resolveId: [AsyncFunction: wrappedHook],
          transform: [AsyncFunction: wrappedHook],
          watchChange: [AsyncFunction: wrappedHook],
          perEnvironmentWatchChangeDuringDev: true
        },
        {
          name: 'vite:html-inline-proxy',
          resolveId: {
            filter: { id: /[?&]html-proxy\b/ },
            handler: [Function: handler]
          },
          load: {
            filter: { id: /[?&]html-proxy\b/ },
            handler: [Function: handler]
          }
        },
        {
          name: 'vite:css',
          buildStart: [Function: buildStart],
          buildEnd: [AsyncFunction: buildEnd],
          load: {
            filter: {
              id: /\.(css|less|sass|scss|styl|stylus|pcss|postcss|sss)(?:$|\?)/
            },
            handler: [Function: handler]
          },
          transform: {
            filter: {
              id: {
                include: /\.(css|less|sass|scss|styl|stylus|pcss|postcss|sss)(?:$|\?)/,
                exclude: [
                  /[?&]commonjs-proxy/,
                  /[?&](?:worker|sharedworker|raw|url)\b/
                ]
              }
            },
            handler: [AsyncFunction: handler]
          }
        },
        BuiltinPlugin {
          name: 'builtin:vite-transform',
          _options: {
            root: 'D:/kitchenandall/kitchenandall',
            include: [ /\.(m?ts|[jt]sx)$/ ],
            exclude: [ /\.js$/ ],
            jsxRefreshInclude: [ /\.[tj]sx?(?:\?.*)?$/ ],
            jsxRefreshExclude: [ /\.astro(?:\?.*)?$/ ],
            isServerConsumer: true,
            jsxInject: undefined,
            transformOptions: {
              jsx: {
                development: false,
                runtime: 'automatic',
                importSource: undefined,
                refresh: false
              },
              sourcemap: true
            },
            yarnPnp: false
          },
          enforce: undefined
        },
        BuiltinPlugin {
          name: 'builtin:vite-json',
          _options: { namedExports: true, stringify: 'auto', minify: true },
          enforce: undefined,
          getOrder: [AsyncFunction: wrappedHook],
          load: [AsyncFunction: wrappedHook],
          resolveId: [AsyncFunction: wrappedHook],
          transform: [AsyncFunction: wrappedHook],
          watchChange: [AsyncFunction: wrappedHook]
        },
        {
          name: 'vite:wasm-helper',
          resolveId: {
            filter: { id: /^ vite\/wasm\-helper\.js$/ },
            handler: [Function: handler]
          },
          load: {
            filter: {
              id: [
                /^ vite\/wasm\-helper\.js$/,
                /(?<![?#].*)\.wasm\?init/,
                /(?<![?#].*)\.wasm$/
              ]
            },
            handler: [AsyncFunction: handler]
          },
          renderChunk: {
            filter: { code: /__VITE_WASM_INIT__([\w$]+)__/g },
            handler: [Function: handler]
          }
        },
        {
          name: 'vite:worker',
          buildStart: [Function: buildStart],
          load: {
            filter: { id: /(?:\?|&)(worker|sharedworker)(?:&|$)/ },
            handler: [AsyncFunction: handler]
          },
          transform: {
            filter: { id: /(?:\?|&)worker_file&type=(\w+)(?:&|$)/ },
            handler: [Function: handler]
          },
          renderChunk: [Function: renderChunk],
          generateBundle: [Function: generateBundle],
          watchChange: [Function: watchChange]
        },
        {
          name: 'vite:asset',
          perEnvironmentStartEndDuringDev: true,
          buildStart: [Function: buildStart],
          resolveId: {
            filter: {
              id: [
                /(\?|&)url(?:&|$)/,
                /\.(apng|bmp|png|jpe?g|jfif|pjpeg|pjp|gif|svg|ico|webp|avif|cur|jxl|mp4|webm|ogg|mp3|wav|flac|aac|opus|mov|m4a|vtt|woff2?|eot|ttf|otf|webmanifest|pdf|txt)(\?.*)?$/i
              ]
            },
            handler: [Function: handler]
          },
          load: {
            filter: {
              id: {
                include: [
                  /(\?|&)raw(?:&|$)/,
                  /(\?|&)url(?:&|$)/,
                  /\.(apng|bmp|png|jpe?g|jfif|pjpeg|pjp|gif|svg|ico|webp|avif|cur|jxl|mp4|webm|ogg|mp3|wav|flac|aac|opus|mov|m4a|vtt|woff2?|eot|ttf|otf|webmanifest|pdf|txt)(\?.*)?$/i
                ],
                exclude: /^\0/
              }
            },
            handler: [AsyncFunction: handler]
          },
          renderChunk: [Function: renderChunk],
          generateBundle: [Function: generateBundle],
          watchChange: [Function: watchChange]
        },
        {
          name: 'vite:forward-console',
          apply: 'serve',
          configureServer: [Function: configureServer]
        },
        {
          name: '@astro/plugin-actions-build',
          applyToEnvironment: [Function: applyToEnvironment],
          writeBundle: [Function: writeBundle]
        },
        {
          name: 'plugin-noop',
          resolveId: {
            filter: { id: /^virtual:astro:noop$/ },
            handler: [Function: handler]
          },
          load: {
            filter: { id: /^ virtual:astro:noop$/ },
            handler: [Function: handler]
          },
          generateBundle: [Function: generateBundle]
        },
        {
          name: 'astro:watcher-max-listeners',
          configureServer: [Function: configureServer]
        },
        {
          name: 'astro:routes',
          configureServer: [Function: configureServer],
          applyToEnvironment: [Function: applyToEnvironment],
          resolveId: {
            filter: { id: /^virtual:astro:routes$/ },
            handler: [Function: handler]
          },
          load: {
            filter: { id: /^ virtual:astro:routes$/ },
            handler: [Function: handler]
          },
          transform: [AsyncFunction: transform],
          handleHotUpdate: [AsyncFunction: handleHotUpdate]
        },
        {
          name: 'astro-manifest-plugin',
          resolveId: {
            filter: { id: /^(astro:config\/server|astro:config\/client)$/ },
            handler: [Function: handler]
          },
          load: {
            filter: { id: /^( astro:config\/server| astro:config\/client)$/ },
            handler: [Function: handler]
          }
        },
        {
          name: 'astro:environment',
          configEnvironment: [Function: configEnvironment]
        },
        {
          name: 'astro:build:normal',
          resolveId: {
            filter: { id: /(?:\?|&)astro(?:&|=|$)/ },
            handler: [Function: handler]
          }
        },
        {
          name: 'astro:scripts',
          config: [Function: config],
          resolveId: {
            filter: { id: /^astro:scripts\// },
            handler: [Function: handler]
          },
          load: {
            filter: {
              id: /^(astro:scripts\/before-hydration.js|astro:scripts\/page.js|astro:scripts\/page-ssr.js)$/
            },
            handler: [Function: handler]
          },
          buildStart: [Function: buildStart]
        },
        {
          name: 'astro:app',
          configResolved: [Function: configResolved],
          resolveId: {
            filter: { id: /^virtual:astro:app$/ },
            handler: [Function: handler]
          },
          load: {
            filter: { id: /^ virtual:astro:app$/ },
            handler: [Function: handler]
          }
        },
        {
          name: 'astro:server-app',
          resolveId: {
            filter: { id: /^astro:server-app$/ },
            handler: [Function: handler]
          }
        },
        {
          name: '@astro/plugin-fetchable',
          applyToEnvironment: [Function: applyToEnvironment],
          configureServer: [Function: configureServer],
          resolveId: {
            filter: { id: /^virtual:astro:fetchable$/ },
            handler: [AsyncFunction: handler]
          },
          load: {
            filter: { id: /^ virtual:astro:fetchable$/ },
            handler: [Function: handler]
          }
        },
        {
          name: 'astro:adapter-config',
          config: [Function: config],
          resolveId: {
            filter: { id: /^virtual:astro:adapter-config\/client$/ },
            handler: [Function: handler]
          },
          load: {
            filter: { id: /^ virtual:astro:adapter-config\/client$/ },
            handler: [Function: handler]
          }
        },
        {
          name: 'astro:html',
          options: [Function: options],
          transform: {
            filter: { id: /\.html$/ },
            handler: [AsyncFunction: transform]
          }
        },
        {
          name: 'astro:integration-container',
          configureServer: [AsyncFunction: configureServer],
          buildStart: [AsyncFunction: buildStart]
        },
        {
          name: 'astro:content-imports',
          config: [Function: config],
          buildStart: [AsyncFunction: buildStart],
          transform: {
            filter: {
              id: /(?:\?|&)(?:astroDataCollectionEntry|astroContentCollectionEntry)(?:&|=|$)/
            },
            handler: [AsyncFunction: handler]
          },
          configureServer: [Function: configureServer]
        },
        {
          name: '@astro/plugin-middleware',
          applyToEnvironment: [Function: applyToEnvironment],
          configureServer: [Function: configureServer],
          resolveId: {
            filter: { id: /^virtual:astro:middleware$/ },
            handler: [AsyncFunction: handler]
          },
          load: {
            filter: { id: /^( noop-middleware| virtual:astro:middleware)$/ },
            handler: [AsyncFunction: handler]
          }
        },
        {
          name: 'astro:assets',
          config: [Function: config],
          resolveId: {
            filter: {
              id: /^(virtual:image-service|astro:assets|virtual:astro:get-image)$/
            },
            handler: [AsyncFunction: handler]
          },
          load: {
            filter: { id: /^( astro:assets| virtual:astro:get-image)$/ },
            handler: [Function: handler]
          },
          buildStart: [Function: buildStart],
          renderChunk: [AsyncFunction: renderChunk]
        },
        {
          name: 'astro:fonts',
          buildStart: [AsyncFunction: buildStart],
          configureServer: [AsyncFunction: configureServer],
          resolveId: {
            filter: {
              id: /^(virtual:astro:assets\/fonts\/internal|virtual:astro:assets\/fonts\/runtime|virtual:astro:assets\/fonts\/runtime\/font-file-url-resolver)$/
            },
            handler: [Function: handler]
          },
          load: {
            filter: {
              id: /^( virtual:astro:assets\/fonts\/internal| virtual:astro:assets\/fonts\/runtime| virtual:astro:assets\/fonts\/runtime\/font-file-url-resolver)$/
            },
            handler: [AsyncFunction: handler]
          },
          buildEnd: [AsyncFunction: buildEnd]
        },
        {
          name: 'astro:image-styles',
          resolveId: {
            filter: { id: /^virtual:astro:image-styles.css$/ },
            handler: [Function: handler]
          },
          load: {
            filter: { id: /^ virtual:astro:image-styles.css$/ },
            handler: [AsyncFunction: handler]
          }
        },
        {
          name: 'astro:prefetch',
          resolveId: {
            filter: { id: /^astro:prefetch$/ },
            handler: [Function: handler]
          },
          load: {
            filter: { id: /^ astro:prefetch$/ },
            handler: [Function: handler]
          },
          transform: {
            filter: { id: /astro\/dist\/prefetch\/index.js/ },
            handler: [Function: handler]
          }
        },
        {
          name: 'astro:transitions',
          resolveId: {
            filter: { id: /^(astro:transitions|astro:transitions\/client)$/ },
            handler: [Function: handler]
          },
          load: {
            filter: { id: /^( astro:transitions| astro:transitions\/client)$/ },
            handler: [Function: handler]
          },
          transform: {
            filter: { id: /ClientRouter\.astro.*\.ts$/ },
            handler: [Function: handler]
          }
        },
        {
          name: 'astro:dev-toolbar',
          config: [Function: config],
          resolveId: {
            filter: { id: /^astro:toolbar:internal$/ },
            handler: [Function: handler]
          },
          configureServer: [Function: configureServer],
          load: {
            filter: { id: /^ astro:toolbar:internal$/ },
            handler: [Function: handler]
          }
        },
        {
          name: 'astro:chromedevtools',
          configureServer: [Function: configureServer]
        },
        {
          name: 'vite:react-virtual-preamble',
          resolveId: {
            order: 'pre',
            filter: { id: /^@vitejs\/plugin\-react\/preamble$/ },
            handler: [Function: handler]
          },
          load: {
            filter: { id: /^ @vitejs\/plugin\-react\/preamble$/ },
            handler: [Function: handler]
          }
        },
        {
          name: '@astrojs/react:opts',
          resolveId: {
            filter: { id: /^astro:react:opts$/ },
            handler: [Function: handler]
          },
          load: {
            filter: { id: /^ astro:react:opts$/ },
            handler: [Function: handler]
          }
        },
        {
          name: '@astrojs/react:environment',
          configEnvironment: [Function: configEnvironment]
        },
        {
          name: 'astro:vite-plugin-env',
          config: [Function: config],
          configResolved: [Function: configResolved],
          transform: {
            filter: {
              id: {
                exclude: [
                  /.*\.(html|htm|json)$/,
                  /\.(css|less|sass|scss|styl|stylus|pcss|postcss|sss)(?:$|\?)/
                ]
              },
              code: /import\.meta\.env/
            },
            handler: [Function: handler]
          }
        },
        { name: 'vite:define', options: [Function: options] },
        {
          name: 'vite:css-post',
          renderStart: [Function: renderStart],
          transform: {
            filter: {
              id: {
                include: /\.(css|less|sass|scss|styl|stylus|pcss|postcss|sss)(?:$|\?)/,
                exclude: [
                  /[?&]commonjs-proxy/,
                  /[?&](?:worker|sharedworker|raw|url)\b/
                ]
              }
            },
            handler: [AsyncFunction: handler]
          },
          renderChunk: [AsyncFunction: renderChunk],
          augmentChunkHash: [Function: augmentChunkHash],
          generateBundle: [AsyncFunction: generateBundle]
        },
        {
          name: 'vite:build-html',
          applyToEnvironment: [Function: applyToEnvironment],
          transform: {
            filter: { id: /\.html$/ },
            handler: [AsyncFunction: handler]
          },
          generateBundle: [AsyncFunction: generateBundle]
        },
        {
          name: 'vite:prepare-out-dir',
          watchChange: [Function: watchChange],
          renderStart: { order: 'pre', handler: [Function: handler] }
        },
        BuiltinPlugin {
          name: 'builtin:vite-dynamic-import-vars',
          _options: {
            include: undefined,
            exclude: [ /node_modules/ ],
            resolver: [Function: resolver],
            sourcemap: false
          },
          enforce: undefined
        },
        BuiltinPlugin {
          name: 'builtin:vite-import-glob',
          _options: {
            root: 'D:/kitchenandall/kitchenandall',
            sourcemap: false,
            restoreQueryExtension: false
          },
          enforce: undefined
        },
        {
          name: 'astro:css-target-lowering',
          enforce: 'post',
          configResolved: [Function: configResolved],
          generateBundle: [AsyncFunction: generateBundle]
        },
        {
          name: 'astro:scripts:page-ssr',
          enforce: 'post',
          transform: [Function: transform]
        },
        {
          name: 'astro:server-islands',
          enforce: 'post',
          api: { hasServerIslands: [Function: hasServerIslands] },
          config: [Function: config],
          buildStart: [Function: buildStart],
          configureServer: [Function: configureServer],
          resolveId: {
            filter: { id: /^virtual:astro:server-island-manifest$/ },
            handler: [Function: handler]
          },
          load: {
            filter: { id: /^ virtual:astro:server-island-manifest$/ },
            handler: [Function: handler]
          },
          transform: {
            filter: {
              id: {
                include: [
                  /\.(astro|mdx)$/,
                  /^ virtual:astro:server-island-manifest$/
                ]
              }
            },
            handler: [AsyncFunction: handler]
          },
          renderChunk: [Function: renderChunk]
        },
        {
          name: 'astro:hmr-reload',
          enforce: 'post',
          hotUpdate: { order: 'post', handler: [Function: handler] }
        },
        {
          name: 'vite:react:config-post',
          enforce: 'post',
          config: [Function: config]
        },
        {
          name: 'astro:resolve-input',
          enforce: 'post',
          config: [Function: config],
          configResolved: [Function: configResolved]
        },
        {
          name: 'astro:build-generate',
          enforce: 'post',
          buildApp: { order: 'post', handler: [AsyncFunction: handler] }
        },
        {
          name: 'vite:build-import-analysis',
          renderChunk: [Function: renderChunk],
          generateBundle: [AsyncFunction: generateBundle]
        },
        BuiltinPlugin {
          name: 'builtin:vite-build-import-analysis',
          _options: {
            preloadCode: 'const scriptRel = /* @__PURE__ */ (function detectScriptRel() {\n' +
              '\tconst relList = typeof document !== "undefined" && document.createElement("link").relList;\n' +
              '\treturn relList && relList.supports && relList.supports("modulepreload") ? "modulepreload" : "preload";\n' +
              '})();const assetsURL = function(dep) { return "/"+dep };const seen = {};export const __vitePreload = function preload(baseModule, deps, importerUrl) {\n' +
              '\tlet promise = Promise.resolve();\n' +
              '\tif (__VITE_IS_MODERN__ && deps && deps.length > 0) {\n' +
              '\t\tconst links = document.getElementsByTagName("link");\n' +
              '\t\tconst cspNonceMeta = document.querySelector("meta[property=csp-nonce]");\n' +
              '\t\tconst cspNonce = cspNonceMeta?.nonce || cspNonceMeta?.getAttribute("nonce");\n' +
              '\t\tfunction allSettled(promises) {\n' +
              '\t\t\treturn Promise.all(promises.map((p) => Promise.resolve(p).then((value) => ({\n' +
              '\t\t\t\tstatus: "fulfilled",\n' +
              '\t\t\t\tvalue\n' +
              '\t\t\t}), (reason) => ({\n' +
              '\t\t\t\tstatus: "rejected",\n' +
              '\t\t\t\treason\n' +
              '\t\t\t}))));\n' +
              '\t\t}\n' +
              '\t\tfunction importMetaResolve(specifier) {\n' +
              '\t\t\tif (import.meta.resolve) return import.meta.resolve(specifier);\n' +
              '\t\t\treturn new URL(\n' +
              '\t\t\t\tspecifier,\n' +
              '\t\t\t\t/** #__KEEP__ */\n' +
              '\t\t\t\timport.meta.url\n' +
              '\t\t\t).href;\n' +
              '\t\t}\n' +
              '\t\tpromise = allSettled(deps.map((dep) => {\n' +
              '\t\t\tdep = assetsURL(dep, importerUrl);\n' +
              '\t\t\tdep = importMetaResolve(dep);\n' +
              '\t\t\tif (dep in seen) return;\n' +
              '\t\t\tseen[dep] = true;\n' +
              '\t\t\tconst isCss = dep.endsWith(".css");\n' +
              '\t\t\tfor (let i = links.length - 1; i >= 0; i--) {\n' +
              '\t\t\t\tconst link = links[i];\n' +
              '\t\t\t\tif (link.href === dep && (!isCss || link.rel === "stylesheet")) return;\n' +
              '\t\t\t}\n' +
              '\t\t\tconst link = document.createElement("link");\n' +
              '\t\t\tlink.rel = isCss ? "stylesheet" : scriptRel;\n' +
              '\t\t\tif (!isCss) link.as = "script";\n' +
              '\t\t\tlink.crossOrigin = "";\n' +
              '\t\t\tlink.href = dep;\n' +
              '\t\t\tif (cspNonce) link.setAttribute("nonce", cspNonce);\n' +
              '\t\t\tdocument.head.appendChild(link);\n' +
              '\t\t\tif (isCss) return new Promise((res, rej) => {\n' +
              '\t\t\t\tlink.addEventListener("load", res);\n' +
              '\t\t\t\tlink.addEventListener("error", () => rej(/* @__PURE__ */ new Error(`Unable to preload CSS for ${dep}`)));\n' +
              '\t\t\t});\n' +
              '\t\t}));\n' +
              '\t}\n' +
              '\tfunction handlePreloadError(err) {\n' +
              '\t\tconst e = new Event("vite:preloadError", { cancelable: true });\n' +
              '\t\te.payload = err;\n' +
              '\t\twindow.dispatchEvent(e);\n' +
              '\t\tif (!e.defaultPrevented) throw err;\n' +
              '\t}\n' +
              '\treturn promise.then((res) => {\n' +
              '\t\tfor (const item of res || []) {\n' +
              '\t\t\tif (item.status !== "rejected") continue;\n' +
              '\t\t\thandlePreloadError(item.reason);\n' +
              '\t\t}\n' +
              '\t\treturn baseModule().catch(handlePreloadError);\n' +
              '\t});\n' +
              '}',
            insertPreload: false,
            optimizeModulePreloadRelativePaths: false,
            renderBuiltUrl: false,
            isRelativeBase: false
          },
          enforce: undefined
        },
        {
          name: 'vite:license',
          generateBundle: [Function: generateBundle]
        },
        BuiltinPlugin {
          name: 'builtin:vite-reporter',
          _options: {
            root: 'D:/kitchenandall/kitchenandall',
            isTty: false,
            isLib: false,
            assetsDir: '_astro\\',
            chunkLimit: 500,
            logInfo: undefined,
            reportCompressedSize: false,
            warnLargeChunks: false
          },
          enforce: undefined
        },
        BuiltinPlugin {
          name: 'builtin:vite-load-fallback',
          _options: undefined,
          enforce: undefined
        }
      ],
      optimizeDepsPluginNames: []
    },
    prerender: {
      define: {
        'import.meta.env.SITE': 'undefined',
        'import.meta.env.BASE_URL': '"/"',
        'import.meta.env.ASSETS_PREFIX': 'undefined'
      },
      resolve: {
        externalConditions: [ 'node', 'module-sync' ],
        extensions: [
          '.mjs',  '.js',
          '.mts',  '.ts',
          '.jsx',  '.tsx',
          '.json'
        ],
        dedupe: [
          'astro',     'react',
          'react-dom', 'astro',
          'react',     'react-dom',
          'astro',     'react',
          'react-dom', 'astro',
          'react',     'react-dom',
          'astro',     'react',
          'react-dom'
        ],
        noExternal: [
          'astro',
          '@astrojs/internal-helpers',
          'astro',
          'astro/components',
          '@nanostores/preact',
          '@fontsource/*',
          '@astrojs/internal-helpers',
          '@astrojs/react',
          'astro',
          '@astrojs/internal-helpers',
          'astro',
          'astro/components',
          '@nanostores/preact',
          '@fontsource/*',
          '@astrojs/internal-helpers',
          '@astrojs/react',
          'astro',
          '@astrojs/internal-helpers',
          'astro',
          'astro/components',
          '@nanostores/preact',
          '@fontsource/*',
          '@astrojs/internal-helpers',
          '@astrojs/react',
          'astro',
          '@astrojs/internal-helpers',
          'astro',
          'astro/components',
          '@nanostores/preact',
          '@fontsource/*',
          '@astrojs/internal-helpers',
          '@astrojs/react',
          'astro',
          '@astrojs/internal-helpers',
          'astro',
          'astro/components',
          '@nanostores/preact',
          '@fontsource/*',
          '@astrojs/internal-helpers',
          '@astrojs/react'
        ],
        external: [],
        preserveSymlinks: false,
        tsconfigPaths: true,
        alias: [
          { find: 'randombytes', replacement: 'randombytes/browser' },
          {
            find: /^astro$/,
            replacement: 'd:\\kitchenandall\\kitchenandall\\node_modules\\astro\\dist\\types\\public\\index.js'
          },
          {
            find: 'astro:middleware',
            replacement: 'astro/virtual-modules/middleware.js'
          },
          { find: 'astro:schema', replacement: 'astro/zod' },
          { find: 'astro:components', replacement: 'astro/components' },
          {
            find: /^\/?@vite\/env/,
            replacement: '/@fs/d:/kitchenandall/kitchenandall/node_modules/vite/dist/client/env.mjs'
          },
          {
            find: /^\/?@vite\/client/,
            replacement: '/@fs/d:/kitchenandall/kitchenandall/node_modules/vite/dist/client/client.mjs'
          }
        ],
        mainFields: [ 'module', 'jsnext:main', 'jsnext' ],
        conditions: [ 'module', 'node', 'development|production', 'astro' ],
        builtins: [
          '_http_agent',         '_http_client',        '_http_common',
          '_http_incoming',      '_http_outgoing',      '_http_server',
          '_stream_duplex',      '_stream_passthrough', '_stream_readable',
          '_stream_transform',   '_stream_wrap',        '_stream_writable',
          '_tls_common',         '_tls_wrap',           'assert',
          'assert/strict',       'async_hooks',         'buffer',
          'child_process',       'cluster',             'console',
          'constants',           'crypto',              'dgram',
          'diagnostics_channel', 'dns',                 'dns/promises',
          'domain',              'events',              'fs',
          'fs/promises',         'http',                'http2',
          'https',               'inspector',           'inspector/promises',
          'module',              'net',                 'os',
          'path',                'path/posix',          'path/win32',
          'perf_hooks',          'process',             'punycode',
          'querystring',         'readline',            'readline/promises',
          'repl',                'stream',              'stream/consumers',
          'stream/promises',     'stream/web',          'string_decoder',
          'sys',                 'timers',              'timers/promises',
          'tls',                 'trace_events',        'tty',
          'url',                 'util',                'util/types',
          'v8',                  'vm',                  'wasi',
          'worker_threads',      'zlib',                /^node:/,
          /^bun:/
        ]
      },
      keepProcessEnv: true,
      consumer: 'server',
      optimizeDeps: {
        include: [],
        exclude: [],
        needsInterop: [],
        rolldownOptions: { resolve: { symlinks: true }, output: { topLevelVar: true } },
        extensions: [],
        disabled: undefined,
        holdUntilCrawlEnd: true,
        force: false,
        ignoreOutdatedRequests: false,
        noDiscovery: true,
        rollupOptions: [Getter/Setter],
        esbuildOptions: { preserveSymlinks: false }
      },
      dev: {
        warmup: [],
        sourcemap: { js: true },
        sourcemapIgnoreList: [Function: isInNodeModules],
        preTransformRequests: false,
        createEnvironment: [Function: defaultCreateDevEnvironment],
        recoverable: false,
        moduleRunnerTransform: true
      },
      build: {
        target: 'esnext',
        polyfillModulePreload: true,
        modulePreload: { polyfill: false },
        outDir: 'D:\\kitchenandall\\kitchenandall\\dist\\.prerender\\',
        assetsDir: '_astro',
        assetsInlineLimit: 4096,
        sourcemap: false,
        terserOptions: {},
        chunkImportMap: false,
        rolldownOptions: {
          platform: 'node',
          preserveEntrySignatures: 'exports-only',
          checks: { pluginTimings: false },
          output: {
            hoistTransitiveImports: false,
            format: 'esm',
            minifyInternalExports: true,
            chunkFileNames: [Function: chunkFileNames],
            assetFileNames: [Function: assetFileNames],
            entryFileNames: 'prerender-entry.[hash].mjs'
          },
          onwarn: [Function: onwarn],
          input: 'astro/entrypoints/prerender',
          external: [ 'sharp', 'sharp', 'sharp', 'sharp', 'sharp' ]
        },
        commonjsOptions: { include: [ /node_modules/ ], extensions: [ '.js', '.cjs' ] },
        dynamicImportVarsOptions: { exclude: [ /node_modules/ ] },
        write: true,
        emptyOutDir: false,
        copyPublicDir: false,
        license: false,
        manifest: true,
        lib: false,
        ssrManifest: false,
        ssrEmitAssets: true,
        reportCompressedSize: false,
        chunkSizeWarningLimit: 500,
        watch: null,
        cssCodeSplit: true,
        minify: false,
        rollupOptions: [Getter/Setter],
        ssr: true,
        emitAssets: true,
        createEnvironment: [Function: createEnvironment],
        cssMinify: true,
        cssTarget: 'esnext'
      },
      isBundled: true,
      plugins: [
        {
          name: 'vite:watch-package-data',
          buildStart: [Function: buildStart],
          buildEnd: [Function: buildEnd],
          watchChange: [Function: watchChange]
        },
        BuiltinPlugin {
          name: 'builtin:vite-alias',
          _options: {
            entries: [
              {
                find: 'randombytes',
                replacement: 'randombytes/browser'
              },
              {
                find: /^astro$/,
                replacement: 'd:\\kitchenandall\\kitchenandall\\node_modules\\astro\\dist\\types\\public\\index.js'
              },
              {
                find: 'astro:middleware',
                replacement: 'astro/virtual-modules/middleware.js'
              },
              { find: 'astro:schema', replacement: 'astro/zod' },
              {
                find: 'astro:components',
                replacement: 'astro/components'
              },
              {
                find: /^\/?@vite\/env/,
                replacement: '/@fs/d:/kitchenandall/kitchenandall/node_modules/vite/dist/client/env.mjs'
              },
              {
                find: /^\/?@vite\/client/,
                replacement: '/@fs/d:/kitchenandall/kitchenandall/node_modules/vite/dist/client/client.mjs'
              }
            ]
          },
          enforce: undefined
        },
        {
          name: 'virtual:astro:manifest',
          enforce: 'pre',
          configureServer: [Function: configureServer],
          applyToEnvironment: [Function: applyToEnvironment],
          resolveId: {
            filter: { id: /^virtual:astro:manifest$/ },
            handler: [Function: handler]
          },
          load: {
            filter: { id: /^ virtual:astro:manifest$/ },
            handler: [AsyncFunction: handler]
          }
        },
        {
          name: 'astro:plugin-renderers',
          enforce: 'pre',
          resolveId: {
            filter: { id: /^virtual:astro:renderers$/ },
            handler: [Function: handler]
          },
          load: {
            filter: { id: /^ virtual:astro:renderers$/ },
            handler: [Function: handler]
          }
        },
        {
          name: 'astro:static-paths',
          enforce: 'pre',
          resolveId: {
            filter: { id: /^astro:static-paths$/ },
            handler: [Function: handler]
          },
          load: {
            filter: { id: /^ astro:static-paths$/ },
            handler: [Function: handler]
          }
        },
        {
          name: 'astro:build',
          enforce: 'pre',
          configEnvironment: [AsyncFunction: configEnvironment],
          configResolved: [AsyncFunction: configResolved],
          configureServer: [Function: configureServer],
          buildStart: [Function: buildStart],
          load: {
            filter: { id: /(?:\?|&)astro(?:&|=|$)/ },
            handler: [AsyncFunction: handler]
          },
          transform: {
            filter: {
              id: {
                include: [ /\.astro$/, /\.astro\?/ ],
                exclude: [
                  /(?:\?|&)(?:url|raw|direct)(?:&|$)/,
                  /(?:\?|&)astro(?:&|=|$)/
                ]
              }
            },
            handler: [AsyncFunction: handler]
          },
          handleHotUpdate: [AsyncFunction: handleHotUpdate]
        },
        {
          name: 'astro-env-plugin',
          enforce: 'pre',
          config: [Function: config],
          buildStart: [Function: buildStart],
          resolveId: {
            filter: {
              id: /^(astro:env\/client|astro:env\/server|virtual:astro:env\/internal)$/
            },
            handler: [Function: handler]
          },
          load: {
            filter: {
              id: /^( astro:env\/client| astro:env\/server| virtual:astro:env\/internal)$/
            },
            handler: [Function: handler]
          }
        },
        {
          enforce: 'pre',
          name: 'astro:markdown',
          buildEnd: [Function: buildEnd],
          resolveId: {
            filter: { id: /^[^/]/ },
            handler: [AsyncFunction: handler]
          },
          load: {
            filter: {
              id: {
                include: /\.(markdown|mdown|mkdn|mkd|mdwn|md)(\?|$)/,
                exclude: /(?:\?|&)(?:url|raw|direct)(?:&|$)/
              }
            },
            handler: [AsyncFunction: handler]
          }
        },
        {
          name: 'astro-content-virtual-mod-plugin',
          enforce: 'pre',
          config: [Function: config],
          buildStart: [Function: buildStart],
          resolveId: {
            filter: {
              id: /^(astro:content|astro:data-layer-content|astro:content-module-imports|astro:asset-imports)$|(?:\?|&)astroContentModuleFlag(?:&|=|$)/
            },
            handler: [AsyncFunction: handler]
          },
          load: {
            filter: {
              id: /^( astro:content| astro:data-layer-content| astro:asset-imports| astro:content-module-imports)$/
            },
            handler: [AsyncFunction: handler]
          },
          configureServer: [Function: configureServer]
        },
        {
          name: 'astro:content-asset-propagation',
          enforce: 'pre',
          resolveId: {
            filter: {
              id: /(?:\?|&)(?:astroContentImageFlag|astroRenderContent)(?:&|=|$)/
            },
            handler: [AsyncFunction: handler]
          },
          configureServer: [Function: configureServer],
          transform: {
            filter: { id: /(?:\?|&)astroPropagatedAssets(?:&|=|$)/ },
            handler: [AsyncFunction: handler]
          }
        },
        {
          name: 'astro:assets:esm',
          enforce: 'pre',
          config: [Function: config],
          configResolved: [Function: configResolved],
          load: {
            filter: { id: /\.(jpeg|jpg|png|tiff|webp|gif|svg|avif)/i },
            handler: [AsyncFunction: handler]
          }
        },
        {
          name: 'astro:vite-plugin-file-url',
          enforce: 'pre',
          resolveId: {
            filter: { id: /^file:\/\// },
            handler: [Function: handler]
          }
        },
        {
          name: 'astro:i18n',
          enforce: 'pre',
          resolveId: {
            filter: { id: /^astro:i18n$/ },
            handler: [Function: handler]
          }
        },
        {
          name: 'astro:actions',
          enforce: 'pre',
          resolveId: {
            filter: {
              id: /^(astro:actions|virtual:astro:actions\/options|virtual:astro:actions\/entrypoint)$/
            },
            handler: [AsyncFunction: handler]
          },
          configureServer: [AsyncFunction: configureServer],
          load: {
            filter: {
              id: /^( astro:actions| virtual:astro:actions\/noop-entrypoint| virtual:astro:actions\/entrypoint| virtual:astro:actions\/options)$/
            },
            handler: [AsyncFunction: handler]
          }
        },
        {
          name: 'virtual:astro:session-driver',
          enforce: 'pre',
          resolveId: {
            filter: { id: /^virtual:astro:session-driver$/ },
            handler: [Function: handler]
          },
          load: {
            filter: { id: /^ virtual:astro:session-driver$/ },
            handler: [AsyncFunction: handler]
          }
        },
        {
          name: 'astro:container',
          enforce: 'pre',
          resolveId: {
            filter: { id: /^(astro:container)$/ },
            handler: [Function: handler]
          }
        },
        {
          name: '@tailwindcss/vite:scan',
          enforce: 'pre',
          configureServer: [Function: configureServer],
          configResolved: [AsyncFunction: configResolved]
        },
        {
          name: '@tailwindcss/vite:generate:build',
          apply: 'build',
          enforce: 'pre',
          transform: {
            filter: {
              id: {
                exclude: [
                  /\/\.vite\//,
                  /[?&](?:worker|sharedworker|raw|url)\b/,
                  /\?commonjs-proxy/
                ],
                include: [
                  /\.css(?:\?.*)?$/,
                  /&lang\.css/,
                  /[?&]index=\d+\.css$/
                ]
              }
            },
            handler: [AsyncFunction: handler]
          }
        },
        {
          name: 'vite:react-babel',
          enforce: 'pre',
          config: [Function: config],
          configResolved: [Function: configResolved],
          options: [Function: options]
        },
        {
          name: 'vite:react-refresh-fbm',
          enforce: 'pre',
          transformIndexHtml: { handler: [Function: handler], order: 'pre' }
        },
        {
          name: 'vite:react-refresh',
          enforce: 'pre',
          config: [Function: config],
          resolveId: {
            filter: { id: /^\/@react\-refresh$/ },
            handler: [Function: handler]
          },
          load: {
            filter: { id: /^\/@react\-refresh$/ },
            handler: [Function: handler]
          },
          transformIndexHtml: [Function: transformIndexHtml]
        },
        {
          name: 'vite:resolve-builtin:get-environment',
          buildStart: [Function: buildStart],
          perEnvironmentStartEndDuringDev: true
        },
        BuiltinPlugin {
          name: 'builtin:vite-resolve',
          _options: {
            resolveOptions: {
              isBuild: true,
              isProduction: true,
              asSrc: true,
              preferRelative: false,
              isRequire: undefined,
              root: 'D:/kitchenandall/kitchenandall',
              scan: false,
              mainFields: [ 'module', 'jsnext:main', 'jsnext', 'main' ],
              conditions: [ 'module', 'node', 'development|production', 'astro' ],
              externalConditions: [ 'node', 'module-sync' ],
              extensions: [
                '.mjs',  '.js',
                '.mts',  '.ts',
                '.jsx',  '.tsx',
                '.json'
              ],
              tryIndex: true,
              tryPrefix: undefined,
              preserveSymlinks: false,
              tsconfigPaths: true
            },
            environmentConsumer: 'server',
            environmentName: 'prerender',
            builtins: [
              '_http_agent',
              '_http_client',
              '_http_common',
              '_http_incoming',
              '_http_outgoing',
              '_http_server',
              '_stream_duplex',
              '_stream_passthrough',
              '_stream_readable',
              '_stream_transform',
              '_stream_wrap',
              '_stream_writable',
              '_tls_common',
              '_tls_wrap',
              'assert',
              'assert/strict',
              'async_hooks',
              'buffer',
              'child_process',
              'cluster',
              'console',
              'constants',
              'crypto',
              'dgram',
              'diagnostics_channel',
              'dns',
              'dns/promises',
              'domain',
              'events',
              'fs',
              'fs/promises',
              'http',
              'http2',
              'https',
              'inspector',
              'inspector/promises',
              'module',
              'net',
              'os',
              'path',
              'path/posix',
              'path/win32',
              'perf_hooks',
              'process',
              'punycode',
              'querystring',
              'readline',
              'readline/promises',
              'repl',
              'stream',
              'stream/consumers',
              'stream/promises',
              'stream/web',
              'string_decoder',
              'sys',
              'timers',
              'timers/promises',
              'tls',
              'trace_events',
              'tty',
              'url',
              'util',
              'util/types',
              'v8',
              'vm',
              'wasi',
              'worker_threads',
              'zlib',
              /^node:/,
              /^bun:/
            ],
            external: [],
            noExternal: [
              'astro',
              '@astrojs/internal-helpers',
              'astro',
              'astro/components',
              '@nanostores/preact',
              '@fontsource/*',
              '@astrojs/internal-helpers',
              '@astrojs/react',
              'astro',
              '@astrojs/internal-helpers',
              'astro',
              'astro/components',
              '@nanostores/preact',
              '@fontsource/*',
              '@astrojs/internal-helpers',
              '@astrojs/react',
              'astro',
              '@astrojs/internal-helpers',
              'astro',
              'astro/components',
              '@nanostores/preact',
              '@fontsource/*',
              '@astrojs/internal-helpers',
              '@astrojs/react',
              'astro',
              '@astrojs/internal-helpers',
              'astro',
              'astro/components',
              '@nanostores/preact',
              '@fontsource/*',
              '@astrojs/internal-helpers',
              '@astrojs/react',
              'astro',
              '@astrojs/internal-helpers',
              'astro',
              'astro/components',
              '@nanostores/preact',
              '@fontsource/*',
              '@astrojs/internal-helpers',
              '@astrojs/react'
            ],
            dedupe: [
              'astro',     'react',
              'react-dom', 'astro',
              'react',     'react-dom',
              'astro',     'react',
              'react-dom', 'astro',
              'react',     'react-dom',
              'astro',     'react',
              'react-dom'
            ],
            disableCache: false,
            legacyInconsistentCjsInterop: undefined,
            finalizeBareSpecifier: undefined,
            finalizeOtherSpecifiers: undefined,
            resolveSubpathImports: [Function: resolveSubpathImports],
            yarnPnp: false
          },
          enforce: undefined,
          getOrder: [AsyncFunction: wrappedHook],
          load: [AsyncFunction: wrappedHook],
          resolveId: [AsyncFunction: wrappedHook],
          transform: [AsyncFunction: wrappedHook],
          watchChange: [AsyncFunction: wrappedHook],
          perEnvironmentWatchChangeDuringDev: true
        },
        {
          name: 'vite:html-inline-proxy',
          resolveId: {
            filter: { id: /[?&]html-proxy\b/ },
            handler: [Function: handler]
          },
          load: {
            filter: { id: /[?&]html-proxy\b/ },
            handler: [Function: handler]
          }
        },
        {
          name: 'vite:css',
          buildStart: [Function: buildStart],
          buildEnd: [AsyncFunction: buildEnd],
          load: {
            filter: {
              id: /\.(css|less|sass|scss|styl|stylus|pcss|postcss|sss)(?:$|\?)/
            },
            handler: [Function: handler]
          },
          transform: {
            filter: {
              id: {
                include: /\.(css|less|sass|scss|styl|stylus|pcss|postcss|sss)(?:$|\?)/,
                exclude: [
                  /[?&]commonjs-proxy/,
                  /[?&](?:worker|sharedworker|raw|url)\b/
                ]
              }
            },
            handler: [AsyncFunction: handler]
          }
        },
        BuiltinPlugin {
          name: 'builtin:vite-transform',
          _options: {
            root: 'D:/kitchenandall/kitchenandall',
            include: [ /\.(m?ts|[jt]sx)$/ ],
            exclude: [ /\.js$/ ],
            jsxRefreshInclude: [ /\.[tj]sx?(?:\?.*)?$/ ],
            jsxRefreshExclude: [ /\.astro(?:\?.*)?$/ ],
            isServerConsumer: true,
            jsxInject: undefined,
            transformOptions: {
              jsx: {
                development: false,
                runtime: 'automatic',
                importSource: undefined,
                refresh: false
              },
              sourcemap: true
            },
            yarnPnp: false
          },
          enforce: undefined
        },
        BuiltinPlugin {
          name: 'builtin:vite-json',
          _options: { namedExports: true, stringify: 'auto', minify: true },
          enforce: undefined,
          getOrder: [AsyncFunction: wrappedHook],
          load: [AsyncFunction: wrappedHook],
          resolveId: [AsyncFunction: wrappedHook],
          transform: [AsyncFunction: wrappedHook],
          watchChange: [AsyncFunction: wrappedHook]
        },
        {
          name: 'vite:wasm-helper',
          resolveId: {
            filter: { id: /^ vite\/wasm\-helper\.js$/ },
            handler: [Function: handler]
          },
          load: {
            filter: {
              id: [
                /^ vite\/wasm\-helper\.js$/,
                /(?<![?#].*)\.wasm\?init/,
                /(?<![?#].*)\.wasm$/
              ]
            },
            handler: [AsyncFunction: handler]
          },
          renderChunk: {
            filter: { code: /__VITE_WASM_INIT__([\w$]+)__/g },
            handler: [Function: handler]
          }
        },
        {
          name: 'vite:worker',
          buildStart: [Function: buildStart],
          load: {
            filter: { id: /(?:\?|&)(worker|sharedworker)(?:&|$)/ },
            handler: [AsyncFunction: handler]
          },
          transform: {
            filter: { id: /(?:\?|&)worker_file&type=(\w+)(?:&|$)/ },
            handler: [Function: handler]
          },
          renderChunk: [Function: renderChunk],
          generateBundle: [Function: generateBundle],
          watchChange: [Function: watchChange]
        },
        {
          name: 'vite:asset',
          perEnvironmentStartEndDuringDev: true,
          buildStart: [Function: buildStart],
          resolveId: {
            filter: {
              id: [
                /(\?|&)url(?:&|$)/,
                /\.(apng|bmp|png|jpe?g|jfif|pjpeg|pjp|gif|svg|ico|webp|avif|cur|jxl|mp4|webm|ogg|mp3|wav|flac|aac|opus|mov|m4a|vtt|woff2?|eot|ttf|otf|webmanifest|pdf|txt)(\?.*)?$/i
              ]
            },
            handler: [Function: handler]
          },
          load: {
            filter: {
              id: {
                include: [
                  /(\?|&)raw(?:&|$)/,
                  /(\?|&)url(?:&|$)/,
                  /\.(apng|bmp|png|jpe?g|jfif|pjpeg|pjp|gif|svg|ico|webp|avif|cur|jxl|mp4|webm|ogg|mp3|wav|flac|aac|opus|mov|m4a|vtt|woff2?|eot|ttf|otf|webmanifest|pdf|txt)(\?.*)?$/i
                ],
                exclude: /^\0/
              }
            },
            handler: [AsyncFunction: handler]
          },
          renderChunk: [Function: renderChunk],
          generateBundle: [Function: generateBundle],
          watchChange: [Function: watchChange]
        },
        {
          name: 'vite:forward-console',
          apply: 'serve',
          configureServer: [Function: configureServer]
        },
        {
          name: '@astro/rolldown-plugin-astro-analyzer',
          applyToEnvironment: [Function: applyToEnvironment],
          generateBundle: [AsyncFunction: generateBundle]
        },
        {
          name: '@astro/plugin-build-internals',
          applyToEnvironment: [Function: applyToEnvironment],
          configEnvironment: [Function: configEnvironment],
          generateBundle: [AsyncFunction: generateBundle]
        },
        {
          name: '@astro/plugin-actions-build',
          applyToEnvironment: [Function: applyToEnvironment],
          writeBundle: [Function: writeBundle]
        },
        {
          name: 'astro:rollup-plugin-build-css',
          applyToEnvironment: [Function: applyToEnvironment],
          generateBundle: [AsyncFunction: generateBundle]
        },
        {
          name: 'astro:head-metadata-build',
          applyToEnvironment: [Function: applyToEnvironment],
          generateBundle: [Function: generateBundle]
        },
        {
          name: 'plugin-noop',
          resolveId: {
            filter: { id: /^virtual:astro:noop$/ },
            handler: [Function: handler]
          },
          load: {
            filter: { id: /^ virtual:astro:noop$/ },
            handler: [Function: handler]
          },
          generateBundle: [Function: generateBundle]
        },
        {
          name: 'astro:ssr-assets',
          applyToEnvironment: [Function: applyToEnvironment],
          configEnvironment: [Function: configEnvironment],
          buildStart: [Function: buildStart],
          generateBundle: [Function: generateBundle],
          writeBundle: {
            sequential: true,
            order: 'post',
            handler: [AsyncFunction: handler]
          }
        },
        {
          name: 'astro:watcher-max-listeners',
          configureServer: [Function: configureServer]
        },
        {
          name: 'astro:routes',
          configureServer: [Function: configureServer],
          applyToEnvironment: [Function: applyToEnvironment],
          resolveId: {
            filter: { id: /^virtual:astro:routes$/ },
            handler: [Function: handler]
          },
          load: {
            filter: { id: /^ virtual:astro:routes$/ },
            handler: [Function: handler]
          },
          transform: [AsyncFunction: transform],
          handleHotUpdate: [AsyncFunction: handleHotUpdate]
        },
        {
          name: 'astro-manifest-plugin',
          resolveId: {
            filter: { id: /^(astro:config\/server|astro:config\/client)$/ },
            handler: [Function: handler]
          },
          load: {
            filter: { id: /^( astro:config\/server| astro:config\/client)$/ },
            handler: [Function: handler]
          }
        },
        {
          name: 'astro:environment',
          configEnvironment: [Function: configEnvironment]
        },
        {
          name: '@astro/plugin-page',
          applyToEnvironment: [Function: applyToEnvironment],
          resolveId: {
            filter: { id: /^virtual:astro:page:/ },
            handler: [Function: handler]
          },
          load: {
            filter: { id: /^ virtual:astro:page:/ },
            handler: [Function: handler]
          }
        },
        {
          name: 'astro:build:normal',
          resolveId: {
            filter: { id: /(?:\?|&)astro(?:&|=|$)/ },
            handler: [Function: handler]
          }
        },
        {
          name: 'astro:scripts',
          config: [Function: config],
          resolveId: {
            filter: { id: /^astro:scripts\// },
            handler: [Function: handler]
          },
          load: {
            filter: {
              id: /^(astro:scripts\/before-hydration.js|astro:scripts\/page.js|astro:scripts\/page-ssr.js)$/
            },
            handler: [Function: handler]
          },
          buildStart: [Function: buildStart]
        },
        {
          name: 'astro:app',
          configResolved: [Function: configResolved],
          resolveId: {
            filter: { id: /^virtual:astro:app$/ },
            handler: [Function: handler]
          },
          load: {
            filter: { id: /^ virtual:astro:app$/ },
            handler: [Function: handler]
          }
        },
        {
          name: 'astro:server-app',
          resolveId: {
            filter: { id: /^astro:server-app$/ },
            handler: [Function: handler]
          }
        },
        {
          name: '@astro/plugin-fetchable',
          applyToEnvironment: [Function: applyToEnvironment],
          configureServer: [Function: configureServer],
          resolveId: {
            filter: { id: /^virtual:astro:fetchable$/ },
            handler: [AsyncFunction: handler]
          },
          load: {
            filter: { id: /^ virtual:astro:fetchable$/ },
            handler: [Function: handler]
          }
        },
        {
          name: 'virtual:astro:dev-css',
          configureServer: [AsyncFunction: configureServer],
          applyToEnvironment: [Function: applyToEnvironment],
          resolveId: {
            filter: {
              id: /^(virtual:astro:dev-css|virtual:astro:dev-css:.*)$/
            },
            handler: [Function: handler]
          },
          load: {
            filter: {
              id: /^( virtual:astro:dev-css| virtual:astro:dev-css:.*)$/
            },
            handler: [AsyncFunction: handler]
          },
          transform: {
            filter: {
              id: {
                include: [
                  /\.(css|less|sass|scss|styl|stylus|pcss|postcss|sss)(?:$|\?)/
                ],
                exclude: [ /(?:\?|&)raw(?:&|$)/, /(?:\?|&)inline\b/ ]
              }
            },
            handler: [Function: handler]
          }
        },
        {
          name: 'virtual:astro:dev-css-all',
          applyToEnvironment: [Function: applyToEnvironment],
          resolveId: {
            filter: { id: /^virtual:astro:dev-css-all$/ },
            handler: [Function: handler]
          },
          load: {
            filter: { id: /^ virtual:astro:dev-css-all$/ },
            handler: [Function: handler]
          }
        },
        {
          name: 'astro:adapter-config',
          config: [Function: config],
          resolveId: {
            filter: { id: /^virtual:astro:adapter-config\/client$/ },
            handler: [Function: handler]
          },
          load: {
            filter: { id: /^ virtual:astro:adapter-config\/client$/ },
            handler: [Function: handler]
          }
        },
        {
          name: 'astro:html',
          options: [Function: options],
          transform: {
            filter: { id: /\.html$/ },
            handler: [AsyncFunction: transform]
          }
        },
        {
          name: 'astro:integration-container',
          configureServer: [AsyncFunction: configureServer],
          buildStart: [AsyncFunction: buildStart]
        },
        {
          name: 'astro:content-imports',
          config: [Function: config],
          buildStart: [AsyncFunction: buildStart],
          transform: {
            filter: {
              id: /(?:\?|&)(?:astroDataCollectionEntry|astroContentCollectionEntry)(?:&|=|$)/
            },
            handler: [AsyncFunction: handler]
          },
          configureServer: [Function: configureServer]
        },
        {
          name: '@astro/plugin-middleware',
          applyToEnvironment: [Function: applyToEnvironment],
          configureServer: [Function: configureServer],
          resolveId: {
            filter: { id: /^virtual:astro:middleware$/ },
            handler: [AsyncFunction: handler]
          },
          load: {
            filter: { id: /^( noop-middleware| virtual:astro:middleware)$/ },
            handler: [AsyncFunction: handler]
          }
        },
        {
          name: 'astro:assets',
          config: [Function: config],
          resolveId: {
            filter: {
              id: /^(virtual:image-service|astro:assets|virtual:astro:get-image)$/
            },
            handler: [AsyncFunction: handler]
          },
          load: {
            filter: { id: /^( astro:assets| virtual:astro:get-image)$/ },
            handler: [Function: handler]
          },
          buildStart: [Function: buildStart],
          renderChunk: [AsyncFunction: renderChunk]
        },
        {
          name: 'astro:fonts',
          buildStart: [AsyncFunction: buildStart],
          configureServer: [AsyncFunction: configureServer],
          resolveId: {
            filter: {
              id: /^(virtual:astro:assets\/fonts\/internal|virtual:astro:assets\/fonts\/runtime|virtual:astro:assets\/fonts\/runtime\/font-file-url-resolver)$/
            },
            handler: [Function: handler]
          },
          load: {
            filter: {
              id: /^( virtual:astro:assets\/fonts\/internal| virtual:astro:assets\/fonts\/runtime| virtual:astro:assets\/fonts\/runtime\/font-file-url-resolver)$/
            },
            handler: [AsyncFunction: handler]
          },
          buildEnd: [AsyncFunction: buildEnd]
        },
        {
          name: 'astro:image-styles',
          resolveId: {
            filter: { id: /^virtual:astro:image-styles.css$/ },
            handler: [Function: handler]
          },
          load: {
            filter: { id: /^ virtual:astro:image-styles.css$/ },
            handler: [AsyncFunction: handler]
          }
        },
        {
          name: 'astro:prefetch',
          resolveId: {
            filter: { id: /^astro:prefetch$/ },
            handler: [Function: handler]
          },
          load: {
            filter: { id: /^ astro:prefetch$/ },
            handler: [Function: handler]
          },
          transform: {
            filter: { id: /astro\/dist\/prefetch\/index.js/ },
            handler: [Function: handler]
          }
        },
        {
          name: 'astro:transitions',
          resolveId: {
            filter: { id: /^(astro:transitions|astro:transitions\/client)$/ },
            handler: [Function: handler]
          },
          load: {
            filter: { id: /^( astro:transitions| astro:transitions\/client)$/ },
            handler: [Function: handler]
          },
          transform: {
            filter: { id: /ClientRouter\.astro.*\.ts$/ },
            handler: [Function: handler]
          }
        },
        {
          name: 'astro:dev-toolbar',
          config: [Function: config],
          resolveId: {
            filter: { id: /^astro:toolbar:internal$/ },
            handler: [Function: handler]
          },
          configureServer: [Function: configureServer],
          load: {
            filter: { id: /^ astro:toolbar:internal$/ },
            handler: [Function: handler]
          }
        },
        {
          name: 'astro:chromedevtools',
          configureServer: [Function: configureServer]
        },
        {
          name: 'vite:react-virtual-preamble',
          resolveId: {
            order: 'pre',
            filter: { id: /^@vitejs\/plugin\-react\/preamble$/ },
            handler: [Function: handler]
          },
          load: {
            filter: { id: /^ @vitejs\/plugin\-react\/preamble$/ },
            handler: [Function: handler]
          }
        },
        {
          name: '@astrojs/react:opts',
          resolveId: {
            filter: { id: /^astro:react:opts$/ },
            handler: [Function: handler]
          },
          load: {
            filter: { id: /^ astro:react:opts$/ },
            handler: [Function: handler]
          }
        },
        {
          name: '@astrojs/react:environment',
          configEnvironment: [Function: configEnvironment]
        },
        {
          name: 'astro:vite-plugin-env',
          config: [Function: config],
          configResolved: [Function: configResolved],
          transform: {
            filter: {
              id: {
                exclude: [
                  /.*\.(html|htm|json)$/,
                  /\.(css|less|sass|scss|styl|stylus|pcss|postcss|sss)(?:$|\?)/
                ]
              },
              code: /import\.meta\.env/
            },
            handler: [Function: handler]
          }
        },
        { name: 'vite:define', options: [Function: options] },
        {
          name: 'vite:css-post',
          renderStart: [Function: renderStart],
          transform: {
            filter: {
              id: {
                include: /\.(css|less|sass|scss|styl|stylus|pcss|postcss|sss)(?:$|\?)/,
                exclude: [
                  /[?&]commonjs-proxy/,
                  /[?&](?:worker|sharedworker|raw|url)\b/
                ]
              }
            },
            handler: [AsyncFunction: handler]
          },
          renderChunk: [AsyncFunction: renderChunk],
          augmentChunkHash: [Function: augmentChunkHash],
          generateBundle: [AsyncFunction: generateBundle]
        },
        {
          name: 'vite:build-html',
          applyToEnvironment: [Function: applyToEnvironment],
          transform: {
            filter: { id: /\.html$/ },
            handler: [AsyncFunction: handler]
          },
          generateBundle: [AsyncFunction: generateBundle]
        },
        {
          name: 'vite:prepare-out-dir',
          watchChange: [Function: watchChange],
          renderStart: { order: 'pre', handler: [Function: handler] }
        },
        BuiltinPlugin {
          name: 'builtin:vite-dynamic-import-vars',
          _options: {
            include: undefined,
            exclude: [ /node_modules/ ],
            resolver: [Function: resolver],
            sourcemap: false
          },
          enforce: undefined
        },
        BuiltinPlugin {
          name: 'builtin:vite-import-glob',
          _options: {
            root: 'D:/kitchenandall/kitchenandall',
            sourcemap: false,
            restoreQueryExtension: false
          },
          enforce: undefined
        },
        {
          name: 'astro:css-target-lowering',
          enforce: 'post',
          configResolved: [Function: configResolved],
          generateBundle: [AsyncFunction: generateBundle]
        },
        {
          name: 'astro:rollup-plugin-single-css',
          enforce: 'post',
          applyToEnvironment: [Function: applyToEnvironment],
          configResolved: [Function: configResolved],
          generateBundle: [Function: generateBundle]
        },
        {
          name: 'astro:rollup-plugin-inline-stylesheets',
          enforce: 'post',
          applyToEnvironment: [Function: applyToEnvironment],
          configResolved: [Function: configResolved],
          generateBundle: [AsyncFunction: generateBundle]
        },
        {
          name: '@astro/plugin-pages',
          enforce: 'post',
          applyToEnvironment: [Function: applyToEnvironment],
          resolveId: {
            filter: { id: /^virtual:astro:pages$/ },
            handler: [Function: handler]
          },
          load: {
            filter: { id: /^ virtual:astro:pages$/ },
            handler: [AsyncFunction: handler]
          }
        },
        {
          name: 'astro:scripts:page-ssr',
          enforce: 'post',
          transform: [Function: transform]
        },
        {
          name: 'astro:server-islands',
          enforce: 'post',
          api: { hasServerIslands: [Function: hasServerIslands] },
          config: [Function: config],
          buildStart: [Function: buildStart],
          configureServer: [Function: configureServer],
          resolveId: {
            filter: { id: /^virtual:astro:server-island-manifest$/ },
            handler: [Function: handler]
          },
          load: {
            filter: { id: /^ virtual:astro:server-island-manifest$/ },
            handler: [Function: handler]
          },
          transform: {
            filter: {
              id: {
                include: [
                  /\.(astro|mdx)$/,
                  /^ virtual:astro:server-island-manifest$/
                ]
              }
            },
            handler: [AsyncFunction: handler]
          },
          renderChunk: [Function: renderChunk]
        },
        {
          name: 'astro:hmr-reload',
          enforce: 'post',
          hotUpdate: { order: 'post', handler: [Function: handler] }
        },
        {
          name: 'vite:react:config-post',
          enforce: 'post',
          config: [Function: config]
        },
        {
          name: 'astro:resolve-input',
          enforce: 'post',
          config: [Function: config],
          configResolved: [Function: configResolved]
        },
        {
          name: 'astro:build-generate',
          enforce: 'post',
          buildApp: { order: 'post', handler: [AsyncFunction: handler] }
        },
        {
          name: 'vite:build-import-analysis',
          renderChunk: [Function: renderChunk],
          generateBundle: [AsyncFunction: generateBundle]
        },
        BuiltinPlugin {
          name: 'builtin:vite-build-import-analysis',
          _options: {
            preloadCode: 'const scriptRel = /* @__PURE__ */ (function detectScriptRel() {\n' +
              '\tconst relList = typeof document !== "undefined" && document.createElement("link").relList;\n' +
              '\treturn relList && relList.supports && relList.supports("modulepreload") ? "modulepreload" : "preload";\n' +
              '})();const assetsURL = function(dep) { return "/"+dep };const seen = {};export const __vitePreload = function preload(baseModule, deps, importerUrl) {\n' +
              '\tlet promise = Promise.resolve();\n' +
              '\tif (__VITE_IS_MODERN__ && deps && deps.length > 0) {\n' +
              '\t\tconst links = document.getElementsByTagName("link");\n' +
              '\t\tconst cspNonceMeta = document.querySelector("meta[property=csp-nonce]");\n' +
              '\t\tconst cspNonce = cspNonceMeta?.nonce || cspNonceMeta?.getAttribute("nonce");\n' +
              '\t\tfunction allSettled(promises) {\n' +
              '\t\t\treturn Promise.all(promises.map((p) => Promise.resolve(p).then((value) => ({\n' +
              '\t\t\t\tstatus: "fulfilled",\n' +
              '\t\t\t\tvalue\n' +
              '\t\t\t}), (reason) => ({\n' +
              '\t\t\t\tstatus: "rejected",\n' +
              '\t\t\t\treason\n' +
              '\t\t\t}))));\n' +
              '\t\t}\n' +
              '\t\tfunction importMetaResolve(specifier) {\n' +
              '\t\t\tif (import.meta.resolve) return import.meta.resolve(specifier);\n' +
              '\t\t\treturn new URL(\n' +
              '\t\t\t\tspecifier,\n' +
              '\t\t\t\t/** #__KEEP__ */\n' +
              '\t\t\t\timport.meta.url\n' +
              '\t\t\t).href;\n' +
              '\t\t}\n' +
              '\t\tpromise = allSettled(deps.map((dep) => {\n' +
              '\t\t\tdep = assetsURL(dep, importerUrl);\n' +
              '\t\t\tdep = importMetaResolve(dep);\n' +
              '\t\t\tif (dep in seen) return;\n' +
              '\t\t\tseen[dep] = true;\n' +
              '\t\t\tconst isCss = dep.endsWith(".css");\n' +
              '\t\t\tfor (let i = links.length - 1; i >= 0; i--) {\n' +
              '\t\t\t\tconst link = links[i];\n' +
              '\t\t\t\tif (link.href === dep && (!isCss || link.rel === "stylesheet")) return;\n' +
              '\t\t\t}\n' +
              '\t\t\tconst link = document.createElement("link");\n' +
              '\t\t\tlink.rel = isCss ? "stylesheet" : scriptRel;\n' +
              '\t\t\tif (!isCss) link.as = "script";\n' +
              '\t\t\tlink.crossOrigin = "";\n' +
              '\t\t\tlink.href = dep;\n' +
              '\t\t\tif (cspNonce) link.setAttribute("nonce", cspNonce);\n' +
              '\t\t\tdocument.head.appendChild(link);\n' +
              '\t\t\tif (isCss) return new Promise((res, rej) => {\n' +
              '\t\t\t\tlink.addEventListener("load", res);\n' +
              '\t\t\t\tlink.addEventListener("error", () => rej(/* @__PURE__ */ new Error(`Unable to preload CSS for ${dep}`)));\n' +
              '\t\t\t});\n' +
              '\t\t}));\n' +
              '\t}\n' +
              '\tfunction handlePreloadError(err) {\n' +
              '\t\tconst e = new Event("vite:preloadError", { cancelable: true });\n' +
              '\t\te.payload = err;\n' +
              '\t\twindow.dispatchEvent(e);\n' +
              '\t\tif (!e.defaultPrevented) throw err;\n' +
              '\t}\n' +
              '\treturn promise.then((res) => {\n' +
              '\t\tfor (const item of res || []) {\n' +
              '\t\t\tif (item.status !== "rejected") continue;\n' +
              '\t\t\thandlePreloadError(item.reason);\n' +
              '\t\t}\n' +
              '\t\treturn baseModule().catch(handlePreloadError);\n' +
              '\t});\n' +
              '}',
            insertPreload: false,
            optimizeModulePreloadRelativePaths: false,
            renderBuiltUrl: false,
            isRelativeBase: false
          },
          enforce: undefined
        },
        {
          name: 'vite:license',
          generateBundle: [Function: generateBundle]
        },
        {
          name: 'native:manifest-envs',
          buildStart: [Function: buildStart]
        },
        BuiltinPlugin {
          name: 'builtin:vite-manifest',
          _options: {
            root: 'D:/kitchenandall/kitchenandall',
            outPath: '.vite/manifest.json',
            isOutputOptionsForLegacyChunks: undefined,
            cssEntries: [Function: cssEntries]
          },
          enforce: undefined
        },
        {
          name: 'native:manifest-compatible',
          generateBundle: [Function: generateBundle]
        },
        BuiltinPlugin {
          name: 'builtin:vite-reporter',
          _options: {
            root: 'D:/kitchenandall/kitchenandall',
            isTty: false,
            isLib: false,
            assetsDir: '_astro\\',
            chunkLimit: 500,
            logInfo: undefined,
            reportCompressedSize: false,
            warnLargeChunks: false
          },
          enforce: undefined
        },
        BuiltinPlugin {
          name: 'builtin:vite-load-fallback',
          _options: undefined,
          enforce: undefined
        }
      ],
      optimizeDepsPluginNames: []
    },
    client: {
      define: {
        'import.meta.env.SITE': 'undefined',
        'import.meta.env.BASE_URL': '"/"',
        'import.meta.env.ASSETS_PREFIX': 'undefined'
      },
      resolve: {
        externalConditions: [ 'node', 'module-sync' ],
        extensions: [
          '.mjs',  '.js',
          '.mts',  '.ts',
          '.jsx',  '.tsx',
          '.json'
        ],
        dedupe: [
          'astro',     'react',
          'react-dom', 'astro',
          'react',     'react-dom',
          'astro',     'react',
          'react-dom', 'astro',
          'react',     'react-dom',
          'astro',     'react',
          'react-dom'
        ],
        noExternal: [
          'astro',
          'astro/components',
          '@nanostores/preact',
          '@fontsource/*',
          '@astrojs/internal-helpers',
          '@astrojs/react',
          'astro',
          'astro/components',
          '@nanostores/preact',
          '@fontsource/*',
          '@astrojs/internal-helpers',
          '@astrojs/react',
          'astro',
          'astro/components',
          '@nanostores/preact',
          '@fontsource/*',
          '@astrojs/internal-helpers',
          '@astrojs/react',
          'astro',
          'astro/components',
          '@nanostores/preact',
          '@fontsource/*',
          '@astrojs/internal-helpers',
          '@astrojs/react',
          'astro',
          'astro/components',
          '@nanostores/preact',
          '@fontsource/*',
          '@astrojs/internal-helpers',
          '@astrojs/react'
        ],
        external: [],
        preserveSymlinks: false,
        tsconfigPaths: true,
        alias: [
          { find: 'randombytes', replacement: 'randombytes/browser' },
          {
            find: /^astro$/,
            replacement: 'd:\\kitchenandall\\kitchenandall\\node_modules\\astro\\dist\\types\\public\\index.js'
          },
          {
            find: 'astro:middleware',
            replacement: 'astro/virtual-modules/middleware.js'
          },
          { find: 'astro:schema', replacement: 'astro/zod' },
          { find: 'astro:components', replacement: 'astro/components' },
          {
            find: /^\/?@vite\/env/,
            replacement: '/@fs/d:/kitchenandall/kitchenandall/node_modules/vite/dist/client/env.mjs'
          },
          {
            find: /^\/?@vite\/client/,
            replacement: '/@fs/d:/kitchenandall/kitchenandall/node_modules/vite/dist/client/client.mjs'
          }
        ],
        mainFields: [ 'browser', 'module', 'jsnext:main', 'jsnext' ],
        conditions: [
          'module',
          'browser',
          'development|production',
          'astro',
          'module',
          'browser',
          'development|production',
          'astro',
          'module',
          'browser',
          'development|production',
          'astro',
          'module',
          'browser',
          'development|production',
          'astro',
          'module',
          'browser',
          'development|production',
          'astro',
          'module',
          'browser',
          'development|production',
          'astro',
          'module',
          'browser',
          'development|production',
          'astro',
          'module',
          'browser',
          'development|production',
          'astro',
          'module',
          'browser',
          'development|production',
          'astro',
          'module',
          'browser',
          'development|production',
          'astro',
          'module',
          'browser',
          'development|production',
          'astro',
          'module',
          'browser',
          'development|production',
          'astro',
          'module',
          'browser',
          'development|production',
          'astro',
          'module',
          'browser',
          'development|production',
          'astro',
          'module',
          'browser',
          'development|production',
          'astro',
          'module',
          'browser',
          'development|production',
          'astro'
        ],
        builtins: []
      },
      keepProcessEnv: false,
      consumer: 'client',
      optimizeDeps: {
        include: [
          'react',
          'react-dom',
          'react/jsx-dev-runtime',
          'react/jsx-runtime',
          'astro > aria-query',
          'astro > axobject-query',
          'react',
          'react-dom',
          'react/jsx-dev-runtime',
          'react/jsx-runtime',
          'astro > aria-query',
          'astro > axobject-query',
          'react',
          'react-dom',
          'react/jsx-dev-runtime',
          'react/jsx-runtime',
          'astro > aria-query',
          'astro > axobject-query',
          'react',
          'react-dom',
          'react/jsx-dev-runtime',
          'react/jsx-runtime',
          'astro > aria-query',
          'astro > axobject-query',
          'react',
          'react-dom',
          'react/jsx-dev-runtime',
          'react/jsx-runtime',
          'astro > aria-query',
          'astro > axobject-query',
          'astro > html-escaper',
          'astro/runtime/client/dev-toolbar/entrypoint.js',
          'react',
          'react/jsx-runtime',
          'react/jsx-dev-runtime',
          'react-dom',
          'react-dom/client',
          '@astrojs/react/client.js',
          'astro > html-escaper',
          'astro/runtime/client/dev-toolbar/entrypoint.js',
          'react',
          'react/jsx-runtime',
          'react/jsx-dev-runtime',
          'react-dom',
          'react-dom/client',
          '@astrojs/react/client.js',
          'astro > html-escaper',
          'astro/runtime/client/dev-toolbar/entrypoint.js',
          'react',
          'react/jsx-runtime',
          'react/jsx-dev-runtime',
          'react-dom',
          'react-dom/client',
          '@astrojs/react/client.js',
          'astro > html-escaper',
          'astro/runtime/client/dev-toolbar/entrypoint.js',
          'react',
          'react/jsx-runtime',
          'react/jsx-dev-runtime',
          'react-dom',
          'react-dom/client',
          '@astrojs/react/client.js',
          'astro > html-escaper',
          'astro/runtime/client/dev-toolbar/entrypoint.js',
          'react',
          'react/jsx-runtime',
          'react/jsx-dev-runtime',
          'react-dom',
          'react-dom/client',
          '@astrojs/react/client.js'
        ],
        exclude: [
          'astro:*',
          'virtual:astro:*',
          'astro/virtual-modules/prefetch.js',
          '@astrojs/react/server.js',
          'astro:*',
          'virtual:astro:*',
          'astro/virtual-modules/prefetch.js',
          '@astrojs/react/server.js',
          'astro:*',
          'virtual:astro:*',
          'astro/virtual-modules/prefetch.js',
          '@astrojs/react/server.js',
          'astro:*',
          'virtual:astro:*',
          'astro/virtual-modules/prefetch.js',
          '@astrojs/react/server.js',
          'astro:*',
          'virtual:astro:*',
          'astro/virtual-modules/prefetch.js',
          '@astrojs/react/server.js'
        ],
        needsInterop: [],
        rolldownOptions: {
          transform: { jsx: { runtime: 'automatic' } },
          resolve: { symlinks: true },
          output: { topLevelVar: true }
        },
        extensions: [],
        disabled: undefined,
        holdUntilCrawlEnd: true,
        force: false,
        ignoreOutdatedRequests: false,
        noDiscovery: false,
        entries: [
          'D:/kitchenandall/kitchenandall/src/**/*.{jsx,tsx,vue,svelte,html}',
          'D:/kitchenandall/kitchenandall/src/**/*.{jsx,tsx,vue,svelte,html}',
          'D:/kitchenandall/kitchenandall/src/**/*.{jsx,tsx,vue,svelte,html}',
          'D:/kitchenandall/kitchenandall/src/**/*.{jsx,tsx,vue,svelte,html}',
          'D:/kitchenandall/kitchenandall/src/**/*.{jsx,tsx,vue,svelte,html}'
        ],
        rollupOptions: [Getter/Setter],
        esbuildOptions: { preserveSymlinks: false }
      },
      dev: {
        warmup: [],
        sourcemap: { js: true },
        sourcemapIgnoreList: [Function: isInNodeModules],
        preTransformRequests: true,
        createEnvironment: [Function: defaultCreateClientDevEnvironment],
        recoverable: true,
        moduleRunnerTransform: false
      },
      build: {
        target: 'esnext',
        polyfillModulePreload: true,
        modulePreload: { polyfill: false },
        outDir: 'D:\\kitchenandall\\kitchenandall\\dist\\',
        assetsDir: '_astro',
        assetsInlineLimit: 4096,
        sourcemap: false,
        terserOptions: {},
        chunkImportMap: false,
        rolldownOptions: {
          platform: 'browser',
          preserveEntrySignatures: 'exports-only',
          checks: { pluginTimings: false },
          output: {
            hoistTransitiveImports: false,
            format: 'esm',
            minifyInternalExports: true,
            chunkFileNames: [Function: chunkFileNames],
            assetFileNames: [Function: assetFileNames],
            entryFileNames: [Function: entryFileNames]
          },
          onwarn: [Function: onwarn]
        },
        commonjsOptions: { include: [ /node_modules/ ], extensions: [ '.js', '.cjs' ] },
        dynamicImportVarsOptions: { exclude: [ /node_modules/ ] },
        write: true,
        emptyOutDir: false,
        copyPublicDir: true,
        license: false,
        manifest: false,
        lib: false,
        ssrManifest: false,
        ssrEmitAssets: true,
        reportCompressedSize: false,
        chunkSizeWarningLimit: 500,
        watch: null,
        cssCodeSplit: true,
        minify: 'oxc',
        rollupOptions: [Getter/Setter],
        ssr: true,
        emitAssets: true,
        createEnvironment: [Function: createEnvironment],
        cssMinify: true,
        cssTarget: 'esnext'
      },
      isBundled: true,
      plugins: [
        {
          name: 'vite:watch-package-data',
          buildStart: [Function: buildStart],
          buildEnd: [Function: buildEnd],
          watchChange: [Function: watchChange]
        },
        BuiltinPlugin {
          name: 'builtin:vite-alias',
          _options: {
            entries: [
              {
                find: 'randombytes',
                replacement: 'randombytes/browser'
              },
              {
                find: /^astro$/,
                replacement: 'd:\\kitchenandall\\kitchenandall\\node_modules\\astro\\dist\\types\\public\\index.js'
              },
              {
                find: 'astro:middleware',
                replacement: 'astro/virtual-modules/middleware.js'
              },
              { find: 'astro:schema', replacement: 'astro/zod' },
              {
                find: 'astro:components',
                replacement: 'astro/components'
              },
              {
                find: /^\/?@vite\/env/,
                replacement: '/@fs/d:/kitchenandall/kitchenandall/node_modules/vite/dist/client/env.mjs'
              },
              {
                find: /^\/?@vite\/client/,
                replacement: '/@fs/d:/kitchenandall/kitchenandall/node_modules/vite/dist/client/client.mjs'
              }
            ]
          },
          enforce: undefined
        },
        {
          name: '@astro/plugin-component-entry',
          enforce: 'pre',
          applyToEnvironment: [Function: applyToEnvironment],
          config: [Function: config],
          resolveId: {
            filter: { id: /^ astro-entry:/ },
            handler: [Function: handler]
          },
          load: {
            filter: { id: /^ astro-entry:/ },
            handler: [AsyncFunction: handler]
          }
        },
        {
          name: 'astro:plugin-renderers',
          enforce: 'pre',
          resolveId: {
            filter: { id: /^virtual:astro:renderers$/ },
            handler: [Function: handler]
          },
          load: {
            filter: { id: /^ virtual:astro:renderers$/ },
            handler: [Function: handler]
          }
        },
        {
          name: 'astro:static-paths',
          enforce: 'pre',
          resolveId: {
            filter: { id: /^astro:static-paths$/ },
            handler: [Function: handler]
          },
          load: {
            filter: { id: /^ astro:static-paths$/ },
            handler: [Function: handler]
          }
        },
        {
          name: 'astro:build:css-hmr',
          enforce: 'pre',
          applyToEnvironment: [Function: applyToEnvironment],
          transform: {
            filter: {
              id: {
                include: [ /(?:\?|&)astro(?:&|=|$)/ ],
                exclude: [ /(?:\?|&)(?:url|raw|direct)(?:&|$)/ ]
              }
            },
            handler: [AsyncFunction: handler]
          }
        },
        {
          name: 'astro:build',
          enforce: 'pre',
          configEnvironment: [AsyncFunction: configEnvironment],
          configResolved: [AsyncFunction: configResolved],
          configureServer: [Function: configureServer],
          buildStart: [Function: buildStart],
          load: {
            filter: { id: /(?:\?|&)astro(?:&|=|$)/ },
            handler: [AsyncFunction: handler]
          },
          transform: {
            filter: {
              id: {
                include: [ /\.astro$/, /\.astro\?/ ],
                exclude: [
                  /(?:\?|&)(?:url|raw|direct)(?:&|$)/,
                  /(?:\?|&)astro(?:&|=|$)/
                ]
              }
            },
            handler: [AsyncFunction: handler]
          },
          handleHotUpdate: [AsyncFunction: handleHotUpdate]
        },
        {
          name: 'astro-env-plugin',
          enforce: 'pre',
          config: [Function: config],
          buildStart: [Function: buildStart],
          resolveId: {
            filter: {
              id: /^(astro:env\/client|astro:env\/server|virtual:astro:env\/internal)$/
            },
            handler: [Function: handler]
          },
          load: {
            filter: {
              id: /^( astro:env\/client| astro:env\/server| virtual:astro:env\/internal)$/
            },
            handler: [Function: handler]
          }
        },
        {
          enforce: 'pre',
          name: 'astro:markdown',
          buildEnd: [Function: buildEnd],
          resolveId: {
            filter: { id: /^[^/]/ },
            handler: [AsyncFunction: handler]
          },
          load: {
            filter: {
              id: {
                include: /\.(markdown|mdown|mkdn|mkd|mdwn|md)(\?|$)/,
                exclude: /(?:\?|&)(?:url|raw|direct)(?:&|$)/
              }
            },
            handler: [AsyncFunction: handler]
          }
        },
        {
          name: 'astro-content-virtual-mod-plugin',
          enforce: 'pre',
          config: [Function: config],
          buildStart: [Function: buildStart],
          resolveId: {
            filter: {
              id: /^(astro:content|astro:data-layer-content|astro:content-module-imports|astro:asset-imports)$|(?:\?|&)astroContentModuleFlag(?:&|=|$)/
            },
            handler: [AsyncFunction: handler]
          },
          load: {
            filter: {
              id: /^( astro:content| astro:data-layer-content| astro:asset-imports| astro:content-module-imports)$/
            },
            handler: [AsyncFunction: handler]
          },
          configureServer: [Function: configureServer]
        },
        {
          name: 'astro:content-asset-propagation',
          enforce: 'pre',
          resolveId: {
            filter: {
              id: /(?:\?|&)(?:astroContentImageFlag|astroRenderContent)(?:&|=|$)/
            },
            handler: [AsyncFunction: handler]
          },
          configureServer: [Function: configureServer],
          transform: {
            filter: { id: /(?:\?|&)astroPropagatedAssets(?:&|=|$)/ },
            handler: [AsyncFunction: handler]
          }
        },
        {
          name: 'astro:assets:esm',
          enforce: 'pre',
          config: [Function: config],
          configResolved: [Function: configResolved],
          load: {
            filter: { id: /\.(jpeg|jpg|png|tiff|webp|gif|svg|avif)/i },
            handler: [AsyncFunction: handler]
          }
        },
        {
          name: 'astro:vite-plugin-file-url',
          enforce: 'pre',
          resolveId: {
            filter: { id: /^file:\/\// },
            handler: [Function: handler]
          }
        },
        {
          name: 'astro:i18n',
          enforce: 'pre',
          resolveId: {
            filter: { id: /^astro:i18n$/ },
            handler: [Function: handler]
          }
        },
        {
          name: 'astro:actions',
          enforce: 'pre',
          resolveId: {
            filter: {
              id: /^(astro:actions|virtual:astro:actions\/options|virtual:astro:actions\/entrypoint)$/
            },
            handler: [AsyncFunction: handler]
          },
          configureServer: [AsyncFunction: configureServer],
          load: {
            filter: {
              id: /^( astro:actions| virtual:astro:actions\/noop-entrypoint| virtual:astro:actions\/entrypoint| virtual:astro:actions\/options)$/
            },
            handler: [AsyncFunction: handler]
          }
        },
        {
          name: 'virtual:astro:session-driver',
          enforce: 'pre',
          resolveId: {
            filter: { id: /^virtual:astro:session-driver$/ },
            handler: [Function: handler]
          },
          load: {
            filter: { id: /^ virtual:astro:session-driver$/ },
            handler: [AsyncFunction: handler]
          }
        },
        {
          name: 'astro:container',
          enforce: 'pre',
          resolveId: {
            filter: { id: /^(astro:container)$/ },
            handler: [Function: handler]
          }
        },
        {
          name: '@tailwindcss/vite:scan',
          enforce: 'pre',
          configureServer: [Function: configureServer],
          configResolved: [AsyncFunction: configResolved]
        },
        {
          name: '@tailwindcss/vite:generate:build',
          apply: 'build',
          enforce: 'pre',
          transform: {
            filter: {
              id: {
                exclude: [
                  /\/\.vite\//,
                  /[?&](?:worker|sharedworker|raw|url)\b/,
                  /\?commonjs-proxy/
                ],
                include: [
                  /\.css(?:\?.*)?$/,
                  /&lang\.css/,
                  /[?&]index=\d+\.css$/
                ]
              }
            },
            handler: [AsyncFunction: handler]
          }
        },
        {
          name: 'vite:react-babel',
          enforce: 'pre',
          config: [Function: config],
          configResolved: [Function: configResolved],
          options: [Function: options]
        },
        {
          name: 'vite:react-refresh-fbm',
          enforce: 'pre',
          transformIndexHtml: { handler: [Function: handler], order: 'pre' }
        },
        {
          name: 'vite:react-refresh',
          enforce: 'pre',
          config: [Function: config],
          resolveId: {
            filter: { id: /^\/@react\-refresh$/ },
            handler: [Function: handler]
          },
          load: {
            filter: { id: /^\/@react\-refresh$/ },
            handler: [Function: handler]
          },
          transformIndexHtml: [Function: transformIndexHtml]
        },
        {
          name: 'vite:resolve-builtin:get-environment',
          buildStart: [Function: buildStart],
          perEnvironmentStartEndDuringDev: true
        },
        BuiltinPlugin {
          name: 'builtin:vite-resolve',
          _options: {
            resolveOptions: {
              isBuild: true,
              isProduction: true,
              asSrc: true,
              preferRelative: false,
              isRequire: undefined,
              root: 'D:/kitchenandall/kitchenandall',
              scan: false,
              mainFields: [ 'browser', 'module', 'jsnext:main', 'jsnext', 'main' ],
              conditions: [
                'module',
                'browser',
                'development|production',
                'astro',
                'module',
                'browser',
                'development|production',
                'astro',
                'module',
                'browser',
                'development|production',
                'astro',
                'module',
                'browser',
                'development|production',
                'astro',
                'module',
                'browser',
                'development|production',
                'astro',
                'module',
                'browser',
                'development|production',
                'astro',
                'module',
                'browser',
                'development|production',
                'astro',
                'module',
                'browser',
                'development|production',
                'astro',
                'module',
                'browser',
                'development|production',
                'astro',
                'module',
                'browser',
                'development|production',
                'astro',
                'module',
                'browser',
                'development|production',
                'astro',
                'module',
                'browser',
                'development|production',
                'astro',
                'module',
                'browser',
                'development|production',
                'astro',
                'module',
                'browser',
                'development|production',
                'astro',
                'module',
                'browser',
                'development|production',
                'astro',
                'module',
                'browser',
                'development|production',
                'astro'
              ],
              externalConditions: [ 'node', 'module-sync' ],
              extensions: [
                '.mjs',  '.js',
                '.mts',  '.ts',
                '.jsx',  '.tsx',
                '.json'
              ],
              tryIndex: true,
              tryPrefix: undefined,
              preserveSymlinks: false,
              tsconfigPaths: true
            },
            environmentConsumer: 'client',
            environmentName: 'client',
            builtins: [],
            external: [],
            noExternal: [
              'astro',
              'astro/components',
              '@nanostores/preact',
              '@fontsource/*',
              '@astrojs/internal-helpers',
              '@astrojs/react',
              'astro',
              'astro/components',
              '@nanostores/preact',
              '@fontsource/*',
              '@astrojs/internal-helpers',
              '@astrojs/react',
              'astro',
              'astro/components',
              '@nanostores/preact',
              '@fontsource/*',
              '@astrojs/internal-helpers',
              '@astrojs/react',
              'astro',
              'astro/components',
              '@nanostores/preact',
              '@fontsource/*',
              '@astrojs/internal-helpers',
              '@astrojs/react',
              'astro',
              'astro/components',
              '@nanostores/preact',
              '@fontsource/*',
              '@astrojs/internal-helpers',
              '@astrojs/react'
            ],
            dedupe: [
              'astro',     'react',
              'react-dom', 'astro',
              'react',     'react-dom',
              'astro',     'react',
              'react-dom', 'astro',
              'react',     'react-dom',
              'astro',     'react',
              'react-dom'
            ],
            disableCache: false,
            legacyInconsistentCjsInterop: undefined,
            finalizeBareSpecifier: undefined,
            finalizeOtherSpecifiers: undefined,
            resolveSubpathImports: [Function: resolveSubpathImports],
            yarnPnp: false
          },
          enforce: undefined,
          getOrder: [AsyncFunction: wrappedHook],
          load: [AsyncFunction: wrappedHook],
          resolveId: [AsyncFunction: wrappedHook],
          transform: [AsyncFunction: wrappedHook],
          watchChange: [AsyncFunction: wrappedHook],
          perEnvironmentWatchChangeDuringDev: true
        },
        {
          name: 'vite:html-inline-proxy',
          resolveId: {
            filter: { id: /[?&]html-proxy\b/ },
            handler: [Function: handler]
          },
          load: {
            filter: { id: /[?&]html-proxy\b/ },
            handler: [Function: handler]
          }
        },
        {
          name: 'vite:css',
          buildStart: [Function: buildStart],
          buildEnd: [AsyncFunction: buildEnd],
          load: {
            filter: {
              id: /\.(css|less|sass|scss|styl|stylus|pcss|postcss|sss)(?:$|\?)/
            },
            handler: [Function: handler]
          },
          transform: {
            filter: {
              id: {
                include: /\.(css|less|sass|scss|styl|stylus|pcss|postcss|sss)(?:$|\?)/,
                exclude: [
                  /[?&]commonjs-proxy/,
                  /[?&](?:worker|sharedworker|raw|url)\b/
                ]
              }
            },
            handler: [AsyncFunction: handler]
          }
        },
        BuiltinPlugin {
          name: 'builtin:vite-transform',
          _options: {
            root: 'D:/kitchenandall/kitchenandall',
            include: [ /\.(m?ts|[jt]sx)$/ ],
            exclude: [ /\.js$/ ],
            jsxRefreshInclude: [ /\.[tj]sx?(?:\?.*)?$/ ],
            jsxRefreshExclude: [ /\.astro(?:\?.*)?$/ ],
            isServerConsumer: false,
            jsxInject: undefined,
            transformOptions: {
              jsx: {
                development: false,
                runtime: 'automatic',
                importSource: undefined,
                refresh: false
              },
              sourcemap: true
            },
            yarnPnp: false
          },
          enforce: undefined
        },
        BuiltinPlugin {
          name: 'builtin:vite-json',
          _options: { namedExports: true, stringify: 'auto', minify: true },
          enforce: undefined,
          getOrder: [AsyncFunction: wrappedHook],
          load: [AsyncFunction: wrappedHook],
          resolveId: [AsyncFunction: wrappedHook],
          transform: [AsyncFunction: wrappedHook],
          watchChange: [AsyncFunction: wrappedHook]
        },
        {
          name: 'vite:wasm-helper',
          resolveId: {
            filter: { id: /^ vite\/wasm\-helper\.js$/ },
            handler: [Function: handler]
          },
          load: {
            filter: {
              id: [
                /^ vite\/wasm\-helper\.js$/,
                /(?<![?#].*)\.wasm\?init/,
                /(?<![?#].*)\.wasm$/
              ]
            },
            handler: [AsyncFunction: handler]
          },
          renderChunk: undefined
        },
        {
          name: 'vite:worker',
          buildStart: [Function: buildStart],
          load: {
            filter: { id: /(?:\?|&)(worker|sharedworker)(?:&|$)/ },
            handler: [AsyncFunction: handler]
          },
          transform: {
            filter: { id: /(?:\?|&)worker_file&type=(\w+)(?:&|$)/ },
            handler: [Function: handler]
          },
          renderChunk: [Function: renderChunk],
          generateBundle: [Function: generateBundle],
          watchChange: [Function: watchChange]
        },
        {
          name: 'vite:asset',
          perEnvironmentStartEndDuringDev: true,
          buildStart: [Function: buildStart],
          resolveId: {
            filter: {
              id: [
                /(\?|&)url(?:&|$)/,
                /\.(apng|bmp|png|jpe?g|jfif|pjpeg|pjp|gif|svg|ico|webp|avif|cur|jxl|mp4|webm|ogg|mp3|wav|flac|aac|opus|mov|m4a|vtt|woff2?|eot|ttf|otf|webmanifest|pdf|txt)(\?.*)?$/i
              ]
            },
            handler: [Function: handler]
          },
          load: {
            filter: {
              id: {
                include: [
                  /(\?|&)raw(?:&|$)/,
                  /(\?|&)url(?:&|$)/,
                  /\.(apng|bmp|png|jpe?g|jfif|pjpeg|pjp|gif|svg|ico|webp|avif|cur|jxl|mp4|webm|ogg|mp3|wav|flac|aac|opus|mov|m4a|vtt|woff2?|eot|ttf|otf|webmanifest|pdf|txt)(\?.*)?$/i
                ],
                exclude: /^\0/
              }
            },
            handler: [AsyncFunction: handler]
          },
          renderChunk: [Function: renderChunk],
          generateBundle: [Function: generateBundle],
          watchChange: [Function: watchChange]
        },
        {
          name: 'vite:forward-console',
          apply: 'serve',
          configureServer: [Function: configureServer]
        },
        {
          name: '@astro/plugin-build-internals',
          applyToEnvironment: [Function: applyToEnvironment],
          configEnvironment: [Function: configEnvironment],
          generateBundle: [AsyncFunction: generateBundle]
        },
        {
          name: 'astro:rollup-plugin-build-css',
          applyToEnvironment: [Function: applyToEnvironment],
          generateBundle: [AsyncFunction: generateBundle]
        },
        {
          name: '@astro/plugin-scripts',
          applyToEnvironment: [Function: applyToEnvironment],
          configResolved: [Function: configResolved],
          generateBundle: [AsyncFunction: generateBundle]
        },
        {
          name: 'plugin-noop',
          resolveId: {
            filter: { id: /^virtual:astro:noop$/ },
            handler: [Function: handler]
          },
          load: {
            filter: { id: /^ virtual:astro:noop$/ },
            handler: [Function: handler]
          },
          generateBundle: [Function: generateBundle]
        },
        {
          name: 'astro:ssr-assets',
          applyToEnvironment: [Function: applyToEnvironment],
          configEnvironment: [Function: configEnvironment],
          buildStart: [Function: buildStart],
          generateBundle: [Function: generateBundle],
          writeBundle: {
            sequential: true,
            order: 'post',
            handler: [AsyncFunction: handler]
          }
        },
        {
          name: 'astro:watcher-max-listeners',
          configureServer: [Function: configureServer]
        },
        {
          name: 'astro-manifest-plugin',
          resolveId: {
            filter: { id: /^(astro:config\/server|astro:config\/client)$/ },
            handler: [Function: handler]
          },
          load: {
            filter: { id: /^( astro:config\/server| astro:config\/client)$/ },
            handler: [Function: handler]
          }
        },
        {
          name: 'astro:environment',
          configEnvironment: [Function: configEnvironment]
        },
        {
          name: 'astro:build:normal',
          resolveId: {
            filter: { id: /(?:\?|&)astro(?:&|=|$)/ },
            handler: [Function: handler]
          }
        },
        {
          name: 'astro:scripts',
          config: [Function: config],
          resolveId: {
            filter: { id: /^astro:scripts\// },
            handler: [Function: handler]
          },
          load: {
            filter: {
              id: /^(astro:scripts\/before-hydration.js|astro:scripts\/page.js|astro:scripts\/page-ssr.js)$/
            },
            handler: [Function: handler]
          },
          buildStart: [Function: buildStart]
        },
        {
          name: 'astro:app',
          configResolved: [Function: configResolved],
          resolveId: {
            filter: { id: /^virtual:astro:app$/ },
            handler: [Function: handler]
          },
          load: {
            filter: { id: /^ virtual:astro:app$/ },
            handler: [Function: handler]
          }
        },
        {
          name: 'astro:server-app',
          resolveId: {
            filter: { id: /^astro:server-app$/ },
            handler: [Function: handler]
          }
        },
        {
          name: 'virtual:astro:dev-css',
          configureServer: [AsyncFunction: configureServer],
          applyToEnvironment: [Function: applyToEnvironment],
          resolveId: {
            filter: {
              id: /^(virtual:astro:dev-css|virtual:astro:dev-css:.*)$/
            },
            handler: [Function: handler]
          },
          load: {
            filter: {
              id: /^( virtual:astro:dev-css| virtual:astro:dev-css:.*)$/
            },
            handler: [AsyncFunction: handler]
          },
          transform: {
            filter: {
              id: {
                include: [
                  /\.(css|less|sass|scss|styl|stylus|pcss|postcss|sss)(?:$|\?)/
                ],
                exclude: [ /(?:\?|&)raw(?:&|$)/, /(?:\?|&)inline\b/ ]
              }
            },
            handler: [Function: handler]
          }
        },
        {
          name: 'virtual:astro:dev-css-all',
          applyToEnvironment: [Function: applyToEnvironment],
          resolveId: {
            filter: { id: /^virtual:astro:dev-css-all$/ },
            handler: [Function: handler]
          },
          load: {
            filter: { id: /^ virtual:astro:dev-css-all$/ },
            handler: [Function: handler]
          }
        },
        {
          name: 'astro:adapter-config',
          config: [Function: config],
          resolveId: {
            filter: { id: /^virtual:astro:adapter-config\/client$/ },
            handler: [Function: handler]
          },
          load: {
            filter: { id: /^ virtual:astro:adapter-config\/client$/ },
            handler: [Function: handler]
          }
        },
        {
          name: 'astro:html',
          options: [Function: options],
          transform: {
            filter: { id: /\.html$/ },
            handler: [AsyncFunction: transform]
          }
        },
        {
          name: 'astro:integration-container',
          configureServer: [AsyncFunction: configureServer],
          buildStart: [AsyncFunction: buildStart]
        },
        {
          name: 'astro:content-imports',
          config: [Function: config],
          buildStart: [AsyncFunction: buildStart],
          transform: {
            filter: {
              id: /(?:\?|&)(?:astroDataCollectionEntry|astroContentCollectionEntry)(?:&|=|$)/
            },
            handler: [AsyncFunction: handler]
          },
          configureServer: [Function: configureServer]
        },
        {
          name: 'astro:assets',
          config: [Function: config],
          resolveId: {
            filter: {
              id: /^(virtual:image-service|astro:assets|virtual:astro:get-image)$/
            },
            handler: [AsyncFunction: handler]
          },
          load: {
            filter: { id: /^( astro:assets| virtual:astro:get-image)$/ },
            handler: [Function: handler]
          },
          buildStart: [Function: buildStart],
          renderChunk: [AsyncFunction: renderChunk]
        },
        {
          name: 'astro:fonts',
          buildStart: [AsyncFunction: buildStart],
          configureServer: [AsyncFunction: configureServer],
          resolveId: {
            filter: {
              id: /^(virtual:astro:assets\/fonts\/internal|virtual:astro:assets\/fonts\/runtime|virtual:astro:assets\/fonts\/runtime\/font-file-url-resolver)$/
            },
            handler: [Function: handler]
          },
          load: {
            filter: {
              id: /^( virtual:astro:assets\/fonts\/internal| virtual:astro:assets\/fonts\/runtime| virtual:astro:assets\/fonts\/runtime\/font-file-url-resolver)$/
            },
            handler: [AsyncFunction: handler]
          },
          buildEnd: [AsyncFunction: buildEnd]
        },
        {
          name: 'astro:image-styles',
          resolveId: {
            filter: { id: /^virtual:astro:image-styles.css$/ },
            handler: [Function: handler]
          },
          load: {
            filter: { id: /^ virtual:astro:image-styles.css$/ },
            handler: [AsyncFunction: handler]
          }
        },
        {
          name: 'astro:prefetch',
          resolveId: {
            filter: { id: /^astro:prefetch$/ },
            handler: [Function: handler]
          },
          load: {
            filter: { id: /^ astro:prefetch$/ },
            handler: [Function: handler]
          },
          transform: {
            filter: { id: /astro\/dist\/prefetch\/index.js/ },
            handler: [Function: handler]
          }
        },
        {
          name: 'astro:transitions',
          resolveId: {
            filter: { id: /^(astro:transitions|astro:transitions\/client)$/ },
            handler: [Function: handler]
          },
          load: {
            filter: { id: /^( astro:transitions| astro:transitions\/client)$/ },
            handler: [Function: handler]
          },
          transform: {
            filter: { id: /ClientRouter\.astro.*\.ts$/ },
            handler: [Function: handler]
          }
        },
        {
          name: 'astro:dev-toolbar',
          config: [Function: config],
          resolveId: {
            filter: { id: /^astro:toolbar:internal$/ },
            handler: [Function: handler]
          },
          configureServer: [Function: configureServer],
          load: {
            filter: { id: /^ astro:toolbar:internal$/ },
            handler: [Function: handler]
          }
        },
        {
          name: 'astro:chromedevtools',
          configureServer: [Function: configureServer]
        },
        {
          name: 'vite:react-virtual-preamble',
          resolveId: {
            order: 'pre',
            filter: { id: /^@vitejs\/plugin\-react\/preamble$/ },
            handler: [Function: handler]
          },
          load: {
            filter: { id: /^ @vitejs\/plugin\-react\/preamble$/ },
            handler: [Function: handler]
          }
        },
        {
          name: '@astrojs/react:opts',
          resolveId: {
            filter: { id: /^astro:react:opts$/ },
            handler: [Function: handler]
          },
          load: {
            filter: { id: /^ astro:react:opts$/ },
            handler: [Function: handler]
          }
        },
        {
          name: '@astrojs/react:environment',
          configEnvironment: [Function: configEnvironment]
        },
        {
          name: 'astro:vite-plugin-env',
          config: [Function: config],
          configResolved: [Function: configResolved],
          transform: {
            filter: {
              id: {
                exclude: [
                  /.*\.(html|htm|json)$/,
                  /\.(css|less|sass|scss|styl|stylus|pcss|postcss|sss)(?:$|\?)/
                ]
              },
              code: /import\.meta\.env/
            },
            handler: [Function: handler]
          }
        },
        { name: 'vite:define', options: [Function: options] },
        {
          name: 'vite:css-post',
          renderStart: [Function: renderStart],
          transform: {
            filter: {
              id: {
                include: /\.(css|less|sass|scss|styl|stylus|pcss|postcss|sss)(?:$|\?)/,
                exclude: [
                  /[?&]commonjs-proxy/,
                  /[?&](?:worker|sharedworker|raw|url)\b/
                ]
              }
            },
            handler: [AsyncFunction: handler]
          },
          renderChunk: [AsyncFunction: renderChunk],
          augmentChunkHash: [Function: augmentChunkHash],
          generateBundle: [AsyncFunction: generateBundle]
        },
        {
          name: 'vite:build-html',
          applyToEnvironment: [Function: applyToEnvironment],
          transform: {
            filter: { id: /\.html$/ },
            handler: [AsyncFunction: handler]
          },
          generateBundle: [AsyncFunction: generateBundle]
        },
        {
          name: 'vite:worker-import-meta-url',
          applyToEnvironment: [Function: applyToEnvironment],
          transform: {
            filter: {
              code: /\bnew\s+(?:Worker|SharedWorker)\s*\(\s*(new\s+URL\s*\(\s*('[^']+'|"[^"]+"|`[^`]+`)\s*,\s*import\.meta\.url\s*(?:,\s*)?\))/dg
            },
            handler: [AsyncFunction: handler]
          }
        },
        {
          name: 'vite:asset-import-meta-url',
          applyToEnvironment: [Function: applyToEnvironment],
          transform: {
            filter: {
              id: {
                exclude: [
                  /^ vite\/preload\-helper\.js$/,
                  /^d:\\kitchenandall\\kitchenandall\\node_modules\\vite\\dist\\client\\client\.mjs$/
                ]
              },
              code: /\bnew\s+URL\s*\(\s*('[^']+'|"[^"]+"|`[^`]+`)\s*,\s*import\.meta\.url\s*(?:,\s*)?\)/dg
            },
            handler: [AsyncFunction: handler]
          }
        },
        {
          name: 'vite:prepare-out-dir',
          watchChange: [Function: watchChange],
          renderStart: { order: 'pre', handler: [Function: handler] }
        },
        BuiltinPlugin {
          name: 'builtin:vite-dynamic-import-vars',
          _options: {
            include: undefined,
            exclude: [ /node_modules/ ],
            resolver: [Function: resolver],
            sourcemap: false
          },
          enforce: undefined
        },
        BuiltinPlugin {
          name: 'builtin:vite-import-glob',
          _options: {
            root: 'D:/kitchenandall/kitchenandall',
            sourcemap: false,
            restoreQueryExtension: false
          },
          enforce: undefined
        },
        {
          name: 'astro:css-target-lowering',
          enforce: 'post',
          configResolved: [Function: configResolved],
          generateBundle: [AsyncFunction: generateBundle]
        },
        {
          name: 'astro:rollup-plugin-single-css',
          enforce: 'post',
          applyToEnvironment: [Function: applyToEnvironment],
          configResolved: [Function: configResolved],
          generateBundle: [Function: generateBundle]
        },
        {
          name: 'astro:rollup-plugin-inline-stylesheets',
          enforce: 'post',
          applyToEnvironment: [Function: applyToEnvironment],
          configResolved: [Function: configResolved],
          generateBundle: [AsyncFunction: generateBundle]
        },
        {
          name: 'astro:scripts:page-ssr',
          enforce: 'post',
          transform: [Function: transform]
        },
        {
          name: 'astro:server-islands',
          enforce: 'post',
          api: { hasServerIslands: [Function: hasServerIslands] },
          config: [Function: config],
          buildStart: [Function: buildStart],
          configureServer: [Function: configureServer],
          resolveId: {
            filter: { id: /^virtual:astro:server-island-manifest$/ },
            handler: [Function: handler]
          },
          load: {
            filter: { id: /^ virtual:astro:server-island-manifest$/ },
            handler: [Function: handler]
          },
          transform: {
            filter: {
              id: {
                include: [
                  /\.(astro|mdx)$/,
                  /^ virtual:astro:server-island-manifest$/
                ]
              }
            },
            handler: [AsyncFunction: handler]
          },
          renderChunk: [Function: renderChunk]
        },
        {
          name: 'astro:hmr-reload',
          enforce: 'post',
          hotUpdate: { order: 'post', handler: [Function: handler] }
        },
        {
          name: 'vite:react:config-post',
          enforce: 'post',
          config: [Function: config]
        },
        {
          name: 'astro:resolve-input',
          enforce: 'post',
          config: [Function: config],
          configResolved: [Function: configResolved]
        },
        {
          name: 'astro:build-generate',
          enforce: 'post',
          buildApp: { order: 'post', handler: [AsyncFunction: handler] }
        },
        {
          name: 'vite:build-import-analysis',
          renderChunk: [Function: renderChunk],
          generateBundle: [AsyncFunction: generateBundle]
        },
        BuiltinPlugin {
          name: 'builtin:vite-build-import-analysis',
          _options: {
            preloadCode: 'const scriptRel = /* @__PURE__ */ (function detectScriptRel() {\n' +
              '\tconst relList = typeof document !== "undefined" && document.createElement("link").relList;\n' +
              '\treturn relList && relList.supports && relList.supports("modulepreload") ? "modulepreload" : "preload";\n' +
              '})();const assetsURL = function(dep) { return "/"+dep };const seen = {};export const __vitePreload = function preload(baseModule, deps, importerUrl) {\n' +
              '\tlet promise = Promise.resolve();\n' +
              '\tif (__VITE_IS_MODERN__ && deps && deps.length > 0) {\n' +
              '\t\tconst links = document.getElementsByTagName("link");\n' +
              '\t\tconst cspNonceMeta = document.querySelector("meta[property=csp-nonce]");\n' +
              '\t\tconst cspNonce = cspNonceMeta?.nonce || cspNonceMeta?.getAttribute("nonce");\n' +
              '\t\tfunction allSettled(promises) {\n' +
              '\t\t\treturn Promise.all(promises.map((p) => Promise.resolve(p).then((value) => ({\n' +
              '\t\t\t\tstatus: "fulfilled",\n' +
              '\t\t\t\tvalue\n' +
              '\t\t\t}), (reason) => ({\n' +
              '\t\t\t\tstatus: "rejected",\n' +
              '\t\t\t\treason\n' +
              '\t\t\t}))));\n' +
              '\t\t}\n' +
              '\t\tfunction importMetaResolve(specifier) {\n' +
              '\t\t\tif (import.meta.resolve) return import.meta.resolve(specifier);\n' +
              '\t\t\treturn new URL(\n' +
              '\t\t\t\tspecifier,\n' +
              '\t\t\t\t/** #__KEEP__ */\n' +
              '\t\t\t\timport.meta.url\n' +
              '\t\t\t).href;\n' +
              '\t\t}\n' +
              '\t\tpromise = allSettled(deps.map((dep) => {\n' +
              '\t\t\tdep = assetsURL(dep, importerUrl);\n' +
              '\t\t\tdep = importMetaResolve(dep);\n' +
              '\t\t\tif (dep in seen) return;\n' +
              '\t\t\tseen[dep] = true;\n' +
              '\t\t\tconst isCss = dep.endsWith(".css");\n' +
              '\t\t\tfor (let i = links.length - 1; i >= 0; i--) {\n' +
              '\t\t\t\tconst link = links[i];\n' +
              '\t\t\t\tif (link.href === dep && (!isCss || link.rel === "stylesheet")) return;\n' +
              '\t\t\t}\n' +
              '\t\t\tconst link = document.createElement("link");\n' +
              '\t\t\tlink.rel = isCss ? "stylesheet" : scriptRel;\n' +
              '\t\t\tif (!isCss) link.as = "script";\n' +
              '\t\t\tlink.crossOrigin = "";\n' +
              '\t\t\tlink.href = dep;\n' +
              '\t\t\tif (cspNonce) link.setAttribute("nonce", cspNonce);\n' +
              '\t\t\tdocument.head.appendChild(link);\n' +
              '\t\t\tif (isCss) return new Promise((res, rej) => {\n' +
              '\t\t\t\tlink.addEventListener("load", res);\n' +
              '\t\t\t\tlink.addEventListener("error", () => rej(/* @__PURE__ */ new Error(`Unable to preload CSS for ${dep}`)));\n' +
              '\t\t\t});\n' +
              '\t\t}));\n' +
              '\t}\n' +
              '\tfunction handlePreloadError(err) {\n' +
              '\t\tconst e = new Event("vite:preloadError", { cancelable: true });\n' +
              '\t\te.payload = err;\n' +
              '\t\twindow.dispatchEvent(e);\n' +
              '\t\tif (!e.defaultPrevented) throw err;\n' +
              '\t}\n' +
              '\treturn promise.then((res) => {\n' +
              '\t\tfor (const item of res || []) {\n' +
              '\t\t\tif (item.status !== "rejected") continue;\n' +
              '\t\t\thandlePreloadError(item.reason);\n' +
              '\t\t}\n' +
              '\t\treturn baseModule().catch(handlePreloadError);\n' +
              '\t});\n' +
              '}',
            insertPreload: true,
            optimizeModulePreloadRelativePaths: false,
            renderBuiltUrl: false,
            isRelativeBase: false
          },
          enforce: undefined
        },
        {
          name: 'vite:terser',
          applyToEnvironment: [Function: applyToEnvironment],
          renderChunk: [AsyncFunction: renderChunk],
          closeBundle: [Function: closeBundle]
        },
        {
          name: 'vite:license',
          generateBundle: [Function: generateBundle]
        },
        BuiltinPlugin {
          name: 'builtin:vite-reporter',
          _options: {
            root: 'D:/kitchenandall/kitchenandall',
            isTty: false,
            isLib: false,
            assetsDir: '_astro\\',
            chunkLimit: 500,
            logInfo: undefined,
            reportCompressedSize: false,
            warnLargeChunks: true
          },
          enforce: undefined
        },
        BuiltinPlugin {
          name: 'builtin:vite-load-fallback',
          _options: undefined,
          enforce: undefined
        }
      ],
      optimizeDepsPluginNames: []
    },
    ssr: {
      define: {
        'import.meta.env.SITE': 'undefined',
        'import.meta.env.BASE_URL': '"/"',
        'import.meta.env.ASSETS_PREFIX': 'undefined'
      },
      resolve: {
        externalConditions: [ 'node', 'module-sync' ],
        extensions: [
          '.mjs',  '.js',
          '.mts',  '.ts',
          '.jsx',  '.tsx',
          '.json'
        ],
        dedupe: [
          'astro',     'react',
          'react-dom', 'astro',
          'react',     'react-dom',
          'astro',     'react',
          'react-dom', 'astro',
          'react',     'react-dom',
          'astro',     'react',
          'react-dom'
        ],
        noExternal: [
          '@mui/material',
          '@mui/base',
          '@babel/runtime',
          'use-immer',
          '@material-tailwind/react',
          '@mui/material',
          '@mui/base',
          '@babel/runtime',
          'use-immer',
          '@material-tailwind/react',
          '@mui/material',
          '@mui/base',
          '@babel/runtime',
          'use-immer',
          '@material-tailwind/react',
          '@mui/material',
          '@mui/base',
          '@babel/runtime',
          'use-immer',
          '@material-tailwind/react',
          '@mui/material',
          '@mui/base',
          '@babel/runtime',
          'use-immer',
          '@material-tailwind/react',
          'astro',
          'astro/components',
          '@nanostores/preact',
          '@fontsource/*',
          '@astrojs/internal-helpers',
          '@astrojs/react',
          'astro',
          'astro/components',
          '@nanostores/preact',
          '@fontsource/*',
          '@astrojs/internal-helpers',
          '@astrojs/react',
          'astro',
          'astro/components',
          '@nanostores/preact',
          '@fontsource/*',
          '@astrojs/internal-helpers',
          '@astrojs/react',
          'astro',
          'astro/components',
          '@nanostores/preact',
          '@fontsource/*',
          '@astrojs/internal-helpers',
          '@astrojs/react',
          'astro',
          'astro/components',
          '@nanostores/preact',
          '@fontsource/*',
          '@astrojs/internal-helpers',
          '@astrojs/react'
        ],
        external: [],
        preserveSymlinks: false,
        tsconfigPaths: true,
        alias: [
          { find: 'randombytes', replacement: 'randombytes/browser' },
          {
            find: /^astro$/,
            replacement: 'd:\\kitchenandall\\kitchenandall\\node_modules\\astro\\dist\\types\\public\\index.js'
          },
          {
            find: 'astro:middleware',
            replacement: 'astro/virtual-modules/middleware.js'
          },
          { find: 'astro:schema', replacement: 'astro/zod' },
          { find: 'astro:components', replacement: 'astro/components' },
          {
            find: /^\/?@vite\/env/,
            replacement: '/@fs/d:/kitchenandall/kitchenandall/node_modules/vite/dist/client/env.mjs'
          },
          {
            find: /^\/?@vite\/client/,
            replacement: '/@fs/d:/kitchenandall/kitchenandall/node_modules/vite/dist/client/client.mjs'
          }
        ],
        mainFields: [ 'module', 'jsnext:main', 'jsnext' ],
        conditions: [ 'module', 'node', 'development|production', 'astro' ],
        builtins: [
          '_http_agent',         '_http_client',        '_http_common',
          '_http_incoming',      '_http_outgoing',      '_http_server',
          '_stream_duplex',      '_stream_passthrough', '_stream_readable',
          '_stream_transform',   '_stream_wrap',        '_stream_writable',
          '_tls_common',         '_tls_wrap',           'assert',
          'assert/strict',       'async_hooks',         'buffer',
          'child_process',       'cluster',             'console',
          'constants',           'crypto',              'dgram',
          'diagnostics_channel', 'dns',                 'dns/promises',
          'domain',              'events',              'fs',
          'fs/promises',         'http',                'http2',
          'https',               'inspector',           'inspector/promises',
          'module',              'net',                 'os',
          'path',                'path/posix',          'path/win32',
          'perf_hooks',          'process',             'punycode',
          'querystring',         'readline',            'readline/promises',
          'repl',                'stream',              'stream/consumers',
          'stream/promises',     'stream/web',          'string_decoder',
          'sys',                 'timers',              'timers/promises',
          'tls',                 'trace_events',        'tty',
          'url',                 'util',                'util/types',
          'v8',                  'vm',                  'wasi',
          'worker_threads',      'zlib',                /^node:/,
          /^bun:/
        ]
      },
      keepProcessEnv: true,
      consumer: 'server',
      optimizeDeps: {
        include: [],
        exclude: [],
        needsInterop: [],
        rolldownOptions: { resolve: { symlinks: true }, output: { topLevelVar: true } },
        extensions: [],
        disabled: undefined,
        holdUntilCrawlEnd: true,
        force: false,
        ignoreOutdatedRequests: false,
        noDiscovery: true,
        rollupOptions: [Getter/Setter],
        esbuildOptions: { preserveSymlinks: false }
      },
      dev: {
        warmup: [],
        sourcemap: { js: true },
        sourcemapIgnoreList: [Function: isInNodeModules],
        preTransformRequests: false,
        createEnvironment: [Function: defaultCreateDevEnvironment],
        recoverable: false,
        moduleRunnerTransform: true
      },
      build: {
        target: 'esnext',
        polyfillModulePreload: true,
        modulePreload: { polyfill: false },
        outDir: 'D:\\kitchenandall\\kitchenandall\\dist\\',
        assetsDir: '_astro',
        assetsInlineLimit: 4096,
        sourcemap: false,
        terserOptions: {},
        chunkImportMap: false,
        rolldownOptions: {
          platform: 'node',
          preserveEntrySignatures: 'exports-only',
          checks: { pluginTimings: false },
          output: {
            hoistTransitiveImports: false,
            format: 'esm',
            minifyInternalExports: true,
            chunkFileNames: [Function: chunkFileNames],
            assetFileNames: [Function: assetFileNames],
            entryFileNames: [Function: entryFileNames]
          },
          onwarn: [Function: onwarn]
        },
        commonjsOptions: { include: [ /node_modules/ ], extensions: [ '.js', '.cjs' ] },
        dynamicImportVarsOptions: { exclude: [ /node_modules/ ] },
        write: true,
        emptyOutDir: false,
        copyPublicDir: false,
        license: false,
        manifest: true,
        lib: false,
        ssrManifest: false,
        ssrEmitAssets: true,
        reportCompressedSize: false,
        chunkSizeWarningLimit: 500,
        watch: null,
        cssCodeSplit: true,
        minify: false,
        rollupOptions: [Getter/Setter],
        ssr: true,
        emitAssets: true,
        createEnvironment: [Function: createEnvironment],
        cssMinify: true,
        cssTarget: 'esnext'
      },
      isBundled: true,
      plugins: [
        {
          name: 'vite:watch-package-data',
          buildStart: [Function: buildStart],
          buildEnd: [Function: buildEnd],
          watchChange: [Function: watchChange]
        },
        BuiltinPlugin {
          name: 'builtin:vite-alias',
          _options: {
            entries: [
              {
                find: 'randombytes',
                replacement: 'randombytes/browser'
              },
              {
                find: /^astro$/,
                replacement: 'd:\\kitchenandall\\kitchenandall\\node_modules\\astro\\dist\\types\\public\\index.js'
              },
              {
                find: 'astro:middleware',
                replacement: 'astro/virtual-modules/middleware.js'
              },
              { find: 'astro:schema', replacement: 'astro/zod' },
              {
                find: 'astro:components',
                replacement: 'astro/components'
              },
              {
                find: /^\/?@vite\/env/,
                replacement: '/@fs/d:/kitchenandall/kitchenandall/node_modules/vite/dist/client/env.mjs'
              },
              {
                find: /^\/?@vite\/client/,
                replacement: '/@fs/d:/kitchenandall/kitchenandall/node_modules/vite/dist/client/client.mjs'
              }
            ]
          },
          enforce: undefined
        },
        {
          name: 'virtual:astro:manifest',
          enforce: 'pre',
          configureServer: [Function: configureServer],
          applyToEnvironment: [Function: applyToEnvironment],
          resolveId: {
            filter: { id: /^virtual:astro:manifest$/ },
            handler: [Function: handler]
          },
          load: {
            filter: { id: /^ virtual:astro:manifest$/ },
            handler: [AsyncFunction: handler]
          }
        },
        {
          name: 'astro:plugin-renderers',
          enforce: 'pre',
          resolveId: {
            filter: { id: /^virtual:astro:renderers$/ },
            handler: [Function: handler]
          },
          load: {
            filter: { id: /^ virtual:astro:renderers$/ },
            handler: [Function: handler]
          }
        },
        {
          name: 'astro:static-paths',
          enforce: 'pre',
          resolveId: {
            filter: { id: /^astro:static-paths$/ },
            handler: [Function: handler]
          },
          load: {
            filter: { id: /^ astro:static-paths$/ },
            handler: [Function: handler]
          }
        },
        {
          name: 'astro:build',
          enforce: 'pre',
          configEnvironment: [AsyncFunction: configEnvironment],
          configResolved: [AsyncFunction: configResolved],
          configureServer: [Function: configureServer],
          buildStart: [Function: buildStart],
          load: {
            filter: { id: /(?:\?|&)astro(?:&|=|$)/ },
            handler: [AsyncFunction: handler]
          },
          transform: {
            filter: {
              id: {
                include: [ /\.astro$/, /\.astro\?/ ],
                exclude: [
                  /(?:\?|&)(?:url|raw|direct)(?:&|$)/,
                  /(?:\?|&)astro(?:&|=|$)/
                ]
              }
            },
            handler: [AsyncFunction: handler]
          },
          handleHotUpdate: [AsyncFunction: handleHotUpdate]
        },
        {
          name: 'astro-env-plugin',
          enforce: 'pre',
          config: [Function: config],
          buildStart: [Function: buildStart],
          resolveId: {
            filter: {
              id: /^(astro:env\/client|astro:env\/server|virtual:astro:env\/internal)$/
            },
            handler: [Function: handler]
          },
          load: {
            filter: {
              id: /^( astro:env\/client| astro:env\/server| virtual:astro:env\/internal)$/
            },
            handler: [Function: handler]
          }
        },
        {
          enforce: 'pre',
          name: 'astro:markdown',
          buildEnd: [Function: buildEnd],
          resolveId: {
            filter: { id: /^[^/]/ },
            handler: [AsyncFunction: handler]
          },
          load: {
            filter: {
              id: {
                include: /\.(markdown|mdown|mkdn|mkd|mdwn|md)(\?|$)/,
                exclude: /(?:\?|&)(?:url|raw|direct)(?:&|$)/
              }
            },
            handler: [AsyncFunction: handler]
          }
        },
        {
          name: 'astro-content-virtual-mod-plugin',
          enforce: 'pre',
          config: [Function: config],
          buildStart: [Function: buildStart],
          resolveId: {
            filter: {
              id: /^(astro:content|astro:data-layer-content|astro:content-module-imports|astro:asset-imports)$|(?:\?|&)astroContentModuleFlag(?:&|=|$)/
            },
            handler: [AsyncFunction: handler]
          },
          load: {
            filter: {
              id: /^( astro:content| astro:data-layer-content| astro:asset-imports| astro:content-module-imports)$/
            },
            handler: [AsyncFunction: handler]
          },
          configureServer: [Function: configureServer]
        },
        {
          name: 'astro:content-asset-propagation',
          enforce: 'pre',
          resolveId: {
            filter: {
              id: /(?:\?|&)(?:astroContentImageFlag|astroRenderContent)(?:&|=|$)/
            },
            handler: [AsyncFunction: handler]
          },
          configureServer: [Function: configureServer],
          transform: {
            filter: { id: /(?:\?|&)astroPropagatedAssets(?:&|=|$)/ },
            handler: [AsyncFunction: handler]
          }
        },
        {
          name: 'astro:assets:esm',
          enforce: 'pre',
          config: [Function: config],
          configResolved: [Function: configResolved],
          load: {
            filter: { id: /\.(jpeg|jpg|png|tiff|webp|gif|svg|avif)/i },
            handler: [AsyncFunction: handler]
          }
        },
        {
          name: 'astro:vite-plugin-file-url',
          enforce: 'pre',
          resolveId: {
            filter: { id: /^file:\/\// },
            handler: [Function: handler]
          }
        },
        {
          name: 'astro:i18n',
          enforce: 'pre',
          resolveId: {
            filter: { id: /^astro:i18n$/ },
            handler: [Function: handler]
          }
        },
        {
          name: 'astro:actions',
          enforce: 'pre',
          resolveId: {
            filter: {
              id: /^(astro:actions|virtual:astro:actions\/options|virtual:astro:actions\/entrypoint)$/
            },
            handler: [AsyncFunction: handler]
          },
          configureServer: [AsyncFunction: configureServer],
          load: {
            filter: {
              id: /^( astro:actions| virtual:astro:actions\/noop-entrypoint| virtual:astro:actions\/entrypoint| virtual:astro:actions\/options)$/
            },
            handler: [AsyncFunction: handler]
          }
        },
        {
          name: 'virtual:astro:session-driver',
          enforce: 'pre',
          resolveId: {
            filter: { id: /^virtual:astro:session-driver$/ },
            handler: [Function: handler]
          },
          load: {
            filter: { id: /^ virtual:astro:session-driver$/ },
            handler: [AsyncFunction: handler]
          }
        },
        {
          name: 'astro:container',
          enforce: 'pre',
          resolveId: {
            filter: { id: /^(astro:container)$/ },
            handler: [Function: handler]
          }
        },
        {
          name: '@tailwindcss/vite:scan',
          enforce: 'pre',
          configureServer: [Function: configureServer],
          configResolved: [AsyncFunction: configResolved]
        },
        {
          name: '@tailwindcss/vite:generate:build',
          apply: 'build',
          enforce: 'pre',
          transform: {
            filter: {
              id: {
                exclude: [
                  /\/\.vite\//,
                  /[?&](?:worker|sharedworker|raw|url)\b/,
                  /\?commonjs-proxy/
                ],
                include: [
                  /\.css(?:\?.*)?$/,
                  /&lang\.css/,
                  /[?&]index=\d+\.css$/
                ]
              }
            },
            handler: [AsyncFunction: handler]
          }
        },
        {
          name: 'vite:react-babel',
          enforce: 'pre',
          config: [Function: config],
          configResolved: [Function: configResolved],
          options: [Function: options]
        },
        {
          name: 'vite:react-refresh-fbm',
          enforce: 'pre',
          transformIndexHtml: { handler: [Function: handler], order: 'pre' }
        },
        {
          name: 'vite:react-refresh',
          enforce: 'pre',
          config: [Function: config],
          resolveId: {
            filter: { id: /^\/@react\-refresh$/ },
            handler: [Function: handler]
          },
          load: {
            filter: { id: /^\/@react\-refresh$/ },
            handler: [Function: handler]
          },
          transformIndexHtml: [Function: transformIndexHtml]
        },
        {
          name: 'vite:resolve-builtin:get-environment',
          buildStart: [Function: buildStart],
          perEnvironmentStartEndDuringDev: true
        },
        BuiltinPlugin {
          name: 'builtin:vite-resolve',
          _options: {
            resolveOptions: {
              isBuild: true,
              isProduction: true,
              asSrc: true,
              preferRelative: false,
              isRequire: undefined,
              root: 'D:/kitchenandall/kitchenandall',
              scan: false,
              mainFields: [ 'module', 'jsnext:main', 'jsnext', 'main' ],
              conditions: [ 'module', 'node', 'development|production', 'astro' ],
              externalConditions: [ 'node', 'module-sync' ],
              extensions: [
                '.mjs',  '.js',
                '.mts',  '.ts',
                '.jsx',  '.tsx',
                '.json'
              ],
              tryIndex: true,
              tryPrefix: undefined,
              preserveSymlinks: false,
              tsconfigPaths: true
            },
            environmentConsumer: 'server',
            environmentName: 'ssr',
            builtins: [
              '_http_agent',
              '_http_client',
              '_http_common',
              '_http_incoming',
              '_http_outgoing',
              '_http_server',
              '_stream_duplex',
              '_stream_passthrough',
              '_stream_readable',
              '_stream_transform',
              '_stream_wrap',
              '_stream_writable',
              '_tls_common',
              '_tls_wrap',
              'assert',
              'assert/strict',
              'async_hooks',
              'buffer',
              'child_process',
              'cluster',
              'console',
              'constants',
              'crypto',
              'dgram',
              'diagnostics_channel',
              'dns',
              'dns/promises',
              'domain',
              'events',
              'fs',
              'fs/promises',
              'http',
              'http2',
              'https',
              'inspector',
              'inspector/promises',
              'module',
              'net',
              'os',
              'path',
              'path/posix',
              'path/win32',
              'perf_hooks',
              'process',
              'punycode',
              'querystring',
              'readline',
              'readline/promises',
              'repl',
              'stream',
              'stream/consumers',
              'stream/promises',
              'stream/web',
              'string_decoder',
              'sys',
              'timers',
              'timers/promises',
              'tls',
              'trace_events',
              'tty',
              'url',
              'util',
              'util/types',
              'v8',
              'vm',
              'wasi',
              'worker_threads',
              'zlib',
              /^node:/,
              /^bun:/
            ],
            external: [],
            noExternal: [
              '@mui/material',
              '@mui/base',
              '@babel/runtime',
              'use-immer',
              '@material-tailwind/react',
              '@mui/material',
              '@mui/base',
              '@babel/runtime',
              'use-immer',
              '@material-tailwind/react',
              '@mui/material',
              '@mui/base',
              '@babel/runtime',
              'use-immer',
              '@material-tailwind/react',
              '@mui/material',
              '@mui/base',
              '@babel/runtime',
              'use-immer',
              '@material-tailwind/react',
              '@mui/material',
              '@mui/base',
              '@babel/runtime',
              'use-immer',
              '@material-tailwind/react',
              'astro',
              'astro/components',
              '@nanostores/preact',
              '@fontsource/*',
              '@astrojs/internal-helpers',
              '@astrojs/react',
              'astro',
              'astro/components',
              '@nanostores/preact',
              '@fontsource/*',
              '@astrojs/internal-helpers',
              '@astrojs/react',
              'astro',
              'astro/components',
              '@nanostores/preact',
              '@fontsource/*',
              '@astrojs/internal-helpers',
              '@astrojs/react',
              'astro',
              'astro/components',
              '@nanostores/preact',
              '@fontsource/*',
              '@astrojs/internal-helpers',
              '@astrojs/react',
              'astro',
              'astro/components',
              '@nanostores/preact',
              '@fontsource/*',
              '@astrojs/internal-helpers',
              '@astrojs/react'
            ],
            dedupe: [
              'astro',     'react',
              'react-dom', 'astro',
              'react',     'react-dom',
              'astro',     'react',
              'react-dom', 'astro',
              'react',     'react-dom',
              'astro',     'react',
              'react-dom'
            ],
            disableCache: false,
            legacyInconsistentCjsInterop: undefined,
            finalizeBareSpecifier: undefined,
            finalizeOtherSpecifiers: undefined,
            resolveSubpathImports: [Function: resolveSubpathImports],
            yarnPnp: false
          },
          enforce: undefined,
          getOrder: [AsyncFunction: wrappedHook],
          load: [AsyncFunction: wrappedHook],
          resolveId: [AsyncFunction: wrappedHook],
          transform: [AsyncFunction: wrappedHook],
          watchChange: [AsyncFunction: wrappedHook],
          perEnvironmentWatchChangeDuringDev: true
        },
        {
          name: 'vite:html-inline-proxy',
          resolveId: {
            filter: { id: /[?&]html-proxy\b/ },
            handler: [Function: handler]
          },
          load: {
            filter: { id: /[?&]html-proxy\b/ },
            handler: [Function: handler]
          }
        },
        {
          name: 'vite:css',
          buildStart: [Function: buildStart],
          buildEnd: [AsyncFunction: buildEnd],
          load: {
            filter: {
              id: /\.(css|less|sass|scss|styl|stylus|pcss|postcss|sss)(?:$|\?)/
            },
            handler: [Function: handler]
          },
          transform: {
            filter: {
              id: {
                include: /\.(css|less|sass|scss|styl|stylus|pcss|postcss|sss)(?:$|\?)/,
                exclude: [
                  /[?&]commonjs-proxy/,
                  /[?&](?:worker|sharedworker|raw|url)\b/
                ]
              }
            },
            handler: [AsyncFunction: handler]
          }
        },
        BuiltinPlugin {
          name: 'builtin:vite-transform',
          _options: {
            root: 'D:/kitchenandall/kitchenandall',
            include: [ /\.(m?ts|[jt]sx)$/ ],
            exclude: [ /\.js$/ ],
            jsxRefreshInclude: [ /\.[tj]sx?(?:\?.*)?$/ ],
            jsxRefreshExclude: [ /\.astro(?:\?.*)?$/ ],
            isServerConsumer: true,
            jsxInject: undefined,
            transformOptions: {
              jsx: {
                development: false,
                runtime: 'automatic',
                importSource: undefined,
                refresh: false
              },
              sourcemap: true
            },
            yarnPnp: false
          },
          enforce: undefined
        },
        BuiltinPlugin {
          name: 'builtin:vite-json',
          _options: { namedExports: true, stringify: 'auto', minify: true },
          enforce: undefined,
          getOrder: [AsyncFunction: wrappedHook],
          load: [AsyncFunction: wrappedHook],
          resolveId: [AsyncFunction: wrappedHook],
          transform: [AsyncFunction: wrappedHook],
          watchChange: [AsyncFunction: wrappedHook]
        },
        {
          name: 'vite:wasm-helper',
          resolveId: {
            filter: { id: /^ vite\/wasm\-helper\.js$/ },
            handler: [Function: handler]
          },
          load: {
            filter: {
              id: [
                /^ vite\/wasm\-helper\.js$/,
                /(?<![?#].*)\.wasm\?init/,
                /(?<![?#].*)\.wasm$/
              ]
            },
            handler: [AsyncFunction: handler]
          },
          renderChunk: {
            filter: { code: /__VITE_WASM_INIT__([\w$]+)__/g },
            handler: [Function: handler]
          }
        },
        {
          name: 'vite:worker',
          buildStart: [Function: buildStart],
          load: {
            filter: { id: /(?:\?|&)(worker|sharedworker)(?:&|$)/ },
            handler: [AsyncFunction: handler]
          },
          transform: {
            filter: { id: /(?:\?|&)worker_file&type=(\w+)(?:&|$)/ },
            handler: [Function: handler]
          },
          renderChunk: [Function: renderChunk],
          generateBundle: [Function: generateBundle],
          watchChange: [Function: watchChange]
        },
        {
          name: 'vite:asset',
          perEnvironmentStartEndDuringDev: true,
          buildStart: [Function: buildStart],
          resolveId: {
            filter: {
              id: [
                /(\?|&)url(?:&|$)/,
                /\.(apng|bmp|png|jpe?g|jfif|pjpeg|pjp|gif|svg|ico|webp|avif|cur|jxl|mp4|webm|ogg|mp3|wav|flac|aac|opus|mov|m4a|vtt|woff2?|eot|ttf|otf|webmanifest|pdf|txt)(\?.*)?$/i
              ]
            },
            handler: [Function: handler]
          },
          load: {
            filter: {
              id: {
                include: [
                  /(\?|&)raw(?:&|$)/,
                  /(\?|&)url(?:&|$)/,
                  /\.(apng|bmp|png|jpe?g|jfif|pjpeg|pjp|gif|svg|ico|webp|avif|cur|jxl|mp4|webm|ogg|mp3|wav|flac|aac|opus|mov|m4a|vtt|woff2?|eot|ttf|otf|webmanifest|pdf|txt)(\?.*)?$/i
                ],
                exclude: /^\0/
              }
            },
            handler: [AsyncFunction: handler]
          },
          renderChunk: [Function: renderChunk],
          generateBundle: [Function: generateBundle],
          watchChange: [Function: watchChange]
        },
        {
          name: 'vite:forward-console',
          apply: 'serve',
          configureServer: [Function: configureServer]
        },
        {
          name: '@astro/rolldown-plugin-astro-analyzer',
          applyToEnvironment: [Function: applyToEnvironment],
          generateBundle: [AsyncFunction: generateBundle]
        },
        {
          name: '@astro/plugin-build-internals',
          applyToEnvironment: [Function: applyToEnvironment],
          configEnvironment: [Function: configEnvironment],
          generateBundle: [AsyncFunction: generateBundle]
        },
        {
          name: '@astro/plugin-middleware-build',
          configResolved: [Function: configResolved],
          options: [Function: options],
          writeBundle: [Function: writeBundle],
          applyToEnvironment: [Function: applyToEnvironment]
        },
        {
          name: '@astro/plugin-actions-build',
          applyToEnvironment: [Function: applyToEnvironment],
          writeBundle: [Function: writeBundle]
        },
        {
          name: 'astro:rollup-plugin-build-css',
          applyToEnvironment: [Function: applyToEnvironment],
          generateBundle: [AsyncFunction: generateBundle]
        },
        {
          name: 'astro:head-metadata-build',
          applyToEnvironment: [Function: applyToEnvironment],
          generateBundle: [Function: generateBundle]
        },
        {
          name: 'astro:rolldown-plugin-prerender',
          applyToEnvironment: [Function: applyToEnvironment],
          generateBundle: [Function: generateBundle]
        },
        {
          name: 'plugin-noop',
          resolveId: {
            filter: { id: /^virtual:astro:noop$/ },
            handler: [Function: handler]
          },
          load: {
            filter: { id: /^ virtual:astro:noop$/ },
            handler: [Function: handler]
          },
          generateBundle: [Function: generateBundle]
        },
        {
          name: 'astro:ssr-assets',
          applyToEnvironment: [Function: applyToEnvironment],
          configEnvironment: [Function: configEnvironment],
          buildStart: [Function: buildStart],
          generateBundle: [Function: generateBundle],
          writeBundle: {
            sequential: true,
            order: 'post',
            handler: [AsyncFunction: handler]
          }
        },
        {
          name: 'astro:watcher-max-listeners',
          configureServer: [Function: configureServer]
        },
        {
          name: 'astro:routes',
          configureServer: [Function: configureServer],
          applyToEnvironment: [Function: applyToEnvironment],
          resolveId: {
            filter: { id: /^virtual:astro:routes$/ },
            handler: [Function: handler]
          },
          load: {
            filter: { id: /^ virtual:astro:routes$/ },
            handler: [Function: handler]
          },
          transform: [AsyncFunction: transform],
          handleHotUpdate: [AsyncFunction: handleHotUpdate]
        },
        {
          name: 'astro-manifest-plugin',
          resolveId: {
            filter: { id: /^(astro:config\/server|astro:config\/client)$/ },
            handler: [Function: handler]
          },
          load: {
            filter: { id: /^( astro:config\/server| astro:config\/client)$/ },
            handler: [Function: handler]
          }
        },
        {
          name: 'astro:environment',
          configEnvironment: [Function: configEnvironment]
        },
        {
          name: '@astro/plugin-page',
          applyToEnvironment: [Function: applyToEnvironment],
          resolveId: {
            filter: { id: /^virtual:astro:page:/ },
            handler: [Function: handler]
          },
          load: {
            filter: { id: /^ virtual:astro:page:/ },
            handler: [Function: handler]
          }
        },
        {
          name: 'astro:build:normal',
          resolveId: {
            filter: { id: /(?:\?|&)astro(?:&|=|$)/ },
            handler: [Function: handler]
          }
        },
        {
          name: 'astro:scripts',
          config: [Function: config],
          resolveId: {
            filter: { id: /^astro:scripts\// },
            handler: [Function: handler]
          },
          load: {
            filter: {
              id: /^(astro:scripts\/before-hydration.js|astro:scripts\/page.js|astro:scripts\/page-ssr.js)$/
            },
            handler: [Function: handler]
          },
          buildStart: [Function: buildStart]
        },
        {
          name: 'astro:app',
          configResolved: [Function: configResolved],
          resolveId: {
            filter: { id: /^virtual:astro:app$/ },
            handler: [Function: handler]
          },
          load: {
            filter: { id: /^ virtual:astro:app$/ },
            handler: [Function: handler]
          }
        },
        {
          name: 'astro:server-app',
          resolveId: {
            filter: { id: /^astro:server-app$/ },
            handler: [Function: handler]
          }
        },
        {
          name: '@astro/plugin-fetchable',
          applyToEnvironment: [Function: applyToEnvironment],
          configureServer: [Function: configureServer],
          resolveId: {
            filter: { id: /^virtual:astro:fetchable$/ },
            handler: [AsyncFunction: handler]
          },
          load: {
            filter: { id: /^ virtual:astro:fetchable$/ },
            handler: [Function: handler]
          }
        },
        {
          name: 'virtual:astro:dev-css',
          configureServer: [AsyncFunction: configureServer],
          applyToEnvironment: [Function: applyToEnvironment],
          resolveId: {
            filter: {
              id: /^(virtual:astro:dev-css|virtual:astro:dev-css:.*)$/
            },
            handler: [Function: handler]
          },
          load: {
            filter: {
              id: /^( virtual:astro:dev-css| virtual:astro:dev-css:.*)$/
            },
            handler: [AsyncFunction: handler]
          },
          transform: {
            filter: {
              id: {
                include: [
                  /\.(css|less|sass|scss|styl|stylus|pcss|postcss|sss)(?:$|\?)/
                ],
                exclude: [ /(?:\?|&)raw(?:&|$)/, /(?:\?|&)inline\b/ ]
              }
            },
            handler: [Function: handler]
          }
        },
        {
          name: 'virtual:astro:dev-css-all',
          applyToEnvironment: [Function: applyToEnvironment],
          resolveId: {
            filter: { id: /^virtual:astro:dev-css-all$/ },
            handler: [Function: handler]
          },
          load: {
            filter: { id: /^ virtual:astro:dev-css-all$/ },
            handler: [Function: handler]
          }
        },
        {
          name: 'astro:adapter-config',
          config: [Function: config],
          resolveId: {
            filter: { id: /^virtual:astro:adapter-config\/client$/ },
            handler: [Function: handler]
          },
          load: {
            filter: { id: /^ virtual:astro:adapter-config\/client$/ },
            handler: [Function: handler]
          }
        },
        {
          name: 'astro:html',
          options: [Function: options],
          transform: {
            filter: { id: /\.html$/ },
            handler: [AsyncFunction: transform]
          }
        },
        {
          name: 'astro:integration-container',
          configureServer: [AsyncFunction: configureServer],
          buildStart: [AsyncFunction: buildStart]
        },
        {
          name: 'astro:content-imports',
          config: [Function: config],
          buildStart: [AsyncFunction: buildStart],
          transform: {
            filter: {
              id: /(?:\?|&)(?:astroDataCollectionEntry|astroContentCollectionEntry)(?:&|=|$)/
            },
            handler: [AsyncFunction: handler]
          },
          configureServer: [Function: configureServer]
        },
        {
          name: '@astro/plugin-middleware',
          applyToEnvironment: [Function: applyToEnvironment],
          configureServer: [Function: configureServer],
          resolveId: {
            filter: { id: /^virtual:astro:middleware$/ },
            handler: [AsyncFunction: handler]
          },
          load: {
            filter: { id: /^( noop-middleware| virtual:astro:middleware)$/ },
            handler: [AsyncFunction: handler]
          }
        },
        {
          name: 'astro:assets',
          config: [Function: config],
          resolveId: {
            filter: {
              id: /^(virtual:image-service|astro:assets|virtual:astro:get-image)$/
            },
            handler: [AsyncFunction: handler]
          },
          load: {
            filter: { id: /^( astro:assets| virtual:astro:get-image)$/ },
            handler: [Function: handler]
          },
          buildStart: [Function: buildStart],
          renderChunk: [AsyncFunction: renderChunk]
        },
        {
          name: 'astro:fonts',
          buildStart: [AsyncFunction: buildStart],
          configureServer: [AsyncFunction: configureServer],
          resolveId: {
            filter: {
              id: /^(virtual:astro:assets\/fonts\/internal|virtual:astro:assets\/fonts\/runtime|virtual:astro:assets\/fonts\/runtime\/font-file-url-resolver)$/
            },
            handler: [Function: handler]
          },
          load: {
            filter: {
              id: /^( virtual:astro:assets\/fonts\/internal| virtual:astro:assets\/fonts\/runtime| virtual:astro:assets\/fonts\/runtime\/font-file-url-resolver)$/
            },
            handler: [AsyncFunction: handler]
          },
          buildEnd: [AsyncFunction: buildEnd]
        },
        {
          name: 'astro:image-styles',
          resolveId: {
            filter: { id: /^virtual:astro:image-styles.css$/ },
            handler: [Function: handler]
          },
          load: {
            filter: { id: /^ virtual:astro:image-styles.css$/ },
            handler: [AsyncFunction: handler]
          }
        },
        {
          name: 'astro:prefetch',
          resolveId: {
            filter: { id: /^astro:prefetch$/ },
            handler: [Function: handler]
          },
          load: {
            filter: { id: /^ astro:prefetch$/ },
            handler: [Function: handler]
          },
          transform: {
            filter: { id: /astro\/dist\/prefetch\/index.js/ },
            handler: [Function: handler]
          }
        },
        {
          name: 'astro:transitions',
          resolveId: {
            filter: { id: /^(astro:transitions|astro:transitions\/client)$/ },
            handler: [Function: handler]
          },
          load: {
            filter: { id: /^( astro:transitions| astro:transitions\/client)$/ },
            handler: [Function: handler]
          },
          transform: {
            filter: { id: /ClientRouter\.astro.*\.ts$/ },
            handler: [Function: handler]
          }
        },
        {
          name: 'astro:dev-toolbar',
          config: [Function: config],
          resolveId: {
            filter: { id: /^astro:toolbar:internal$/ },
            handler: [Function: handler]
          },
          configureServer: [Function: configureServer],
          load: {
            filter: { id: /^ astro:toolbar:internal$/ },
            handler: [Function: handler]
          }
        },
        {
          name: 'astro:chromedevtools',
          configureServer: [Function: configureServer]
        },
        {
          name: 'vite:react-virtual-preamble',
          resolveId: {
            order: 'pre',
            filter: { id: /^@vitejs\/plugin\-react\/preamble$/ },
            handler: [Function: handler]
          },
          load: {
            filter: { id: /^ @vitejs\/plugin\-react\/preamble$/ },
            handler: [Function: handler]
          }
        },
        {
          name: '@astrojs/react:opts',
          resolveId: {
            filter: { id: /^astro:react:opts$/ },
            handler: [Function: handler]
          },
          load: {
            filter: { id: /^ astro:react:opts$/ },
            handler: [Function: handler]
          }
        },
        {
          name: '@astrojs/react:environment',
          configEnvironment: [Function: configEnvironment]
        },
        {
          name: 'astro:vite-plugin-env',
          config: [Function: config],
          configResolved: [Function: configResolved],
          transform: {
            filter: {
              id: {
                exclude: [
                  /.*\.(html|htm|json)$/,
                  /\.(css|less|sass|scss|styl|stylus|pcss|postcss|sss)(?:$|\?)/
                ]
              },
              code: /import\.meta\.env/
            },
            handler: [Function: handler]
          }
        },
        { name: 'vite:define', options: [Function: options] },
        {
          name: 'vite:css-post',
          renderStart: [Function: renderStart],
          transform: {
            filter: {
              id: {
                include: /\.(css|less|sass|scss|styl|stylus|pcss|postcss|sss)(?:$|\?)/,
                exclude: [
                  /[?&]commonjs-proxy/,
                  /[?&](?:worker|sharedworker|raw|url)\b/
                ]
              }
            },
            handler: [AsyncFunction: handler]
          },
          renderChunk: [AsyncFunction: renderChunk],
          augmentChunkHash: [Function: augmentChunkHash],
          generateBundle: [AsyncFunction: generateBundle]
        },
        {
          name: 'vite:build-html',
          applyToEnvironment: [Function: applyToEnvironment],
          transform: {
            filter: { id: /\.html$/ },
            handler: [AsyncFunction: handler]
          },
          generateBundle: [AsyncFunction: generateBundle]
        },
        {
          name: 'vite:prepare-out-dir',
          watchChange: [Function: watchChange],
          renderStart: { order: 'pre', handler: [Function: handler] }
        },
        BuiltinPlugin {
          name: 'builtin:vite-dynamic-import-vars',
          _options: {
            include: undefined,
            exclude: [ /node_modules/ ],
            resolver: [Function: resolver],
            sourcemap: false
          },
          enforce: undefined
        },
        BuiltinPlugin {
          name: 'builtin:vite-import-glob',
          _options: {
            root: 'D:/kitchenandall/kitchenandall',
            sourcemap: false,
            restoreQueryExtension: false
          },
          enforce: undefined
        },
        {
          name: 'astro:css-target-lowering',
          enforce: 'post',
          configResolved: [Function: configResolved],
          generateBundle: [AsyncFunction: generateBundle]
        },
        {
          name: 'astro:rollup-plugin-single-css',
          enforce: 'post',
          applyToEnvironment: [Function: applyToEnvironment],
          configResolved: [Function: configResolved],
          generateBundle: [Function: generateBundle]
        },
        {
          name: 'astro:rollup-plugin-inline-stylesheets',
          enforce: 'post',
          applyToEnvironment: [Function: applyToEnvironment],
          configResolved: [Function: configResolved],
          generateBundle: [AsyncFunction: generateBundle]
        },
        {
          name: '@astro/plugin-pages',
          enforce: 'post',
          applyToEnvironment: [Function: applyToEnvironment],
          resolveId: {
            filter: { id: /^virtual:astro:pages$/ },
            handler: [Function: handler]
          },
          load: {
            filter: { id: /^ virtual:astro:pages$/ },
            handler: [AsyncFunction: handler]
          }
        },
        {
          name: 'astro:scripts:page-ssr',
          enforce: 'post',
          transform: [Function: transform]
        },
        {
          name: 'astro:server-islands',
          enforce: 'post',
          api: { hasServerIslands: [Function: hasServerIslands] },
          config: [Function: config],
          buildStart: [Function: buildStart],
          configureServer: [Function: configureServer],
          resolveId: {
            filter: { id: /^virtual:astro:server-island-manifest$/ },
            handler: [Function: handler]
          },
          load: {
            filter: { id: /^ virtual:astro:server-island-manifest$/ },
            handler: [Function: handler]
          },
          transform: {
            filter: {
              id: {
                include: [
                  /\.(astro|mdx)$/,
                  /^ virtual:astro:server-island-manifest$/
                ]
              }
            },
            handler: [AsyncFunction: handler]
          },
          renderChunk: [Function: renderChunk]
        },
        {
          name: 'astro:hmr-reload',
          enforce: 'post',
          hotUpdate: { order: 'post', handler: [Function: handler] }
        },
        {
          name: 'vite:react:config-post',
          enforce: 'post',
          config: [Function: config]
        },
        {
          name: 'astro:resolve-input',
          enforce: 'post',
          config: [Function: config],
          configResolved: [Function: configResolved]
        },
        {
          name: 'astro:build-generate',
          enforce: 'post',
          buildApp: { order: 'post', handler: [AsyncFunction: handler] }
        },
        {
          name: 'vite:build-import-analysis',
          renderChunk: [Function: renderChunk],
          generateBundle: [AsyncFunction: generateBundle]
        },
        BuiltinPlugin {
          name: 'builtin:vite-build-import-analysis',
          _options: {
            preloadCode: 'const scriptRel = /* @__PURE__ */ (function detectScriptRel() {\n' +
              '\tconst relList = typeof document !== "undefined" && document.createElement("link").relList;\n' +
              '\treturn relList && relList.supports && relList.supports("modulepreload") ? "modulepreload" : "preload";\n' +
              '})();const assetsURL = function(dep) { return "/"+dep };const seen = {};export const __vitePreload = function preload(baseModule, deps, importerUrl) {\n' +
              '\tlet promise = Promise.resolve();\n' +
              '\tif (__VITE_IS_MODERN__ && deps && deps.length > 0) {\n' +
              '\t\tconst links = document.getElementsByTagName("link");\n' +
              '\t\tconst cspNonceMeta = document.querySelector("meta[property=csp-nonce]");\n' +
              '\t\tconst cspNonce = cspNonceMeta?.nonce || cspNonceMeta?.getAttribute("nonce");\n' +
              '\t\tfunction allSettled(promises) {\n' +
              '\t\t\treturn Promise.all(promises.map((p) => Promise.resolve(p).then((value) => ({\n' +
              '\t\t\t\tstatus: "fulfilled",\n' +
              '\t\t\t\tvalue\n' +
              '\t\t\t}), (reason) => ({\n' +
              '\t\t\t\tstatus: "rejected",\n' +
              '\t\t\t\treason\n' +
              '\t\t\t}))));\n' +
              '\t\t}\n' +
              '\t\tfunction importMetaResolve(specifier) {\n' +
              '\t\t\tif (import.meta.resolve) return import.meta.resolve(specifier);\n' +
              '\t\t\treturn new URL(\n' +
              '\t\t\t\tspecifier,\n' +
              '\t\t\t\t/** #__KEEP__ */\n' +
              '\t\t\t\timport.meta.url\n' +
              '\t\t\t).href;\n' +
              '\t\t}\n' +
              '\t\tpromise = allSettled(deps.map((dep) => {\n' +
              '\t\t\tdep = assetsURL(dep, importerUrl);\n' +
              '\t\t\tdep = importMetaResolve(dep);\n' +
              '\t\t\tif (dep in seen) return;\n' +
              '\t\t\tseen[dep] = true;\n' +
              '\t\t\tconst isCss = dep.endsWith(".css");\n' +
              '\t\t\tfor (let i = links.length - 1; i >= 0; i--) {\n' +
              '\t\t\t\tconst link = links[i];\n' +
              '\t\t\t\tif (link.href === dep && (!isCss || link.rel === "stylesheet")) return;\n' +
              '\t\t\t}\n' +
              '\t\t\tconst link = document.createElement("link");\n' +
              '\t\t\tlink.rel = isCss ? "stylesheet" : scriptRel;\n' +
              '\t\t\tif (!isCss) link.as = "script";\n' +
              '\t\t\tlink.crossOrigin = "";\n' +
              '\t\t\tlink.href = dep;\n' +
              '\t\t\tif (cspNonce) link.setAttribute("nonce", cspNonce);\n' +
              '\t\t\tdocument.head.appendChild(link);\n' +
              '\t\t\tif (isCss) return new Promise((res, rej) => {\n' +
              '\t\t\t\tlink.addEventListener("load", res);\n' +
              '\t\t\t\tlink.addEventListener("error", () => rej(/* @__PURE__ */ new Error(`Unable to preload CSS for ${dep}`)));\n' +
              '\t\t\t});\n' +
              '\t\t}));\n' +
              '\t}\n' +
              '\tfunction handlePreloadError(err) {\n' +
              '\t\tconst e = new Event("vite:preloadError", { cancelable: true });\n' +
              '\t\te.payload = err;\n' +
              '\t\twindow.dispatchEvent(e);\n' +
              '\t\tif (!e.defaultPrevented) throw err;\n' +
              '\t}\n' +
              '\treturn promise.then((res) => {\n' +
              '\t\tfor (const item of res || []) {\n' +
              '\t\t\tif (item.status !== "rejected") continue;\n' +
              '\t\t\thandlePreloadError(item.reason);\n' +
              '\t\t}\n' +
              '\t\treturn baseModule().catch(handlePreloadError);\n' +
              '\t});\n' +
              '}',
            insertPreload: false,
            optimizeModulePreloadRelativePaths: false,
            renderBuiltUrl: false,
            isRelativeBase: false
          },
          enforce: undefined
        },
        {
          name: 'vite:license',
          generateBundle: [Function: generateBundle]
        },
        {
          name: 'native:manifest-envs',
          buildStart: [Function: buildStart]
        },
        BuiltinPlugin {
          name: 'builtin:vite-manifest',
          _options: {
            root: 'D:/kitchenandall/kitchenandall',
            outPath: '.vite/manifest.json',
            isOutputOptionsForLegacyChunks: undefined,
            cssEntries: [Function: cssEntries]
          },
          enforce: undefined
        },
        {
          name: 'native:manifest-compatible',
          generateBundle: [Function: generateBundle]
        },
        BuiltinPlugin {
          name: 'builtin:vite-reporter',
          _options: {
            root: 'D:/kitchenandall/kitchenandall',
            isTty: false,
            isLib: false,
            assetsDir: '_astro\\',
            chunkLimit: 500,
            logInfo: undefined,
            reportCompressedSize: false,
            warnLargeChunks: false
          },
          enforce: undefined
        },
        BuiltinPlugin {
          name: 'builtin:vite-load-fallback',
          _options: undefined,
          enforce: undefined
        }
      ],
      optimizeDepsPluginNames: []
    }
  },
  ssr: {
    target: 'node',
    optimizeDeps: {
      esbuildOptions: { preserveSymlinks: false },
      include: [],
      exclude: [],
      needsInterop: [],
      rolldownOptions: { resolve: { symlinks: true }, output: { topLevelVar: true } },
      extensions: [],
      holdUntilCrawlEnd: true,
      force: false,
      ignoreOutdatedRequests: false,
      noDiscovery: true,
      rollupOptions: { resolve: { symlinks: true }, output: { topLevelVar: true } }
    },
    noExternal: [
      '@mui/material',
      '@mui/base',
      '@babel/runtime',
      'use-immer',
      '@material-tailwind/react',
      '@mui/material',
      '@mui/base',
      '@babel/runtime',
      'use-immer',
      '@material-tailwind/react',
      '@mui/material',
      '@mui/base',
      '@babel/runtime',
      'use-immer',
      '@material-tailwind/react',
      '@mui/material',
      '@mui/base',
      '@babel/runtime',
      'use-immer',
      '@material-tailwind/react',
      '@mui/material',
      '@mui/base',
      '@babel/runtime',
      'use-immer',
      '@material-tailwind/react',
      'astro',
      'astro/components',
      '@nanostores/preact',
      '@fontsource/*',
      '@astrojs/internal-helpers',
      '@astrojs/react',
      'astro',
      'astro/components',
      '@nanostores/preact',
      '@fontsource/*',
      '@astrojs/internal-helpers',
      '@astrojs/react',
      'astro',
      'astro/components',
      '@nanostores/preact',
      '@fontsource/*',
      '@astrojs/internal-helpers',
      '@astrojs/react',
      'astro',
      'astro/components',
      '@nanostores/preact',
      '@fontsource/*',
      '@astrojs/internal-helpers',
      '@astrojs/react',
      'astro',
      'astro/components',
      '@nanostores/preact',
      '@fontsource/*',
      '@astrojs/internal-helpers',
      '@astrojs/react'
    ],
    external: [],
    resolve: {
      conditions: [ 'module', 'node', 'development|production', 'astro' ],
      externalConditions: [ 'node', 'module-sync' ]
    }
  },
  logLevel: 'error',
  builder: {
    sharedConfigBuild: false,
    sharedPlugins: false,
    buildApp: [AsyncFunction: buildApp]
  },
  base: '/',
  worker: {
    format: 'iife',
    plugins: '() => plugins',
    rollupOptions: {},
    rolldownOptions: {}
  },
  optimizeDeps: {
    include: [
      'react',
      'react-dom',
      'react/jsx-dev-runtime',
      'react/jsx-runtime',
      'astro > aria-query',
      'astro > axobject-query',
      'react',
      'react-dom',
      'react/jsx-dev-runtime',
      'react/jsx-runtime',
      'astro > aria-query',
      'astro > axobject-query',
      'react',
      'react-dom',
      'react/jsx-dev-runtime',
      'react/jsx-runtime',
      'astro > aria-query',
      'astro > axobject-query',
      'react',
      'react-dom',
      'react/jsx-dev-runtime',
      'react/jsx-runtime',
      'astro > aria-query',
      'astro > axobject-query',
      'react',
      'react-dom',
      'react/jsx-dev-runtime',
      'react/jsx-runtime',
      'astro > aria-query',
      'astro > axobject-query',
      'astro > html-escaper',
      'astro/runtime/client/dev-toolbar/entrypoint.js',
      'react',
      'react/jsx-runtime',
      'react/jsx-dev-runtime',
      'react-dom',
      'react-dom/client',
      '@astrojs/react/client.js',
      'astro > html-escaper',
      'astro/runtime/client/dev-toolbar/entrypoint.js',
      'react',
      'react/jsx-runtime',
      'react/jsx-dev-runtime',
      'react-dom',
      'react-dom/client',
      '@astrojs/react/client.js',
      'astro > html-escaper',
      'astro/runtime/client/dev-toolbar/entrypoint.js',
      'react',
      'react/jsx-runtime',
      'react/jsx-dev-runtime',
      'react-dom',
      'react-dom/client',
      '@astrojs/react/client.js',
      'astro > html-escaper',
      'astro/runtime/client/dev-toolbar/entrypoint.js',
      'react',
      'react/jsx-runtime',
      'react/jsx-dev-runtime',
      'react-dom',
      'react-dom/client',
      '@astrojs/react/client.js',
      'astro > html-escaper',
      'astro/runtime/client/dev-toolbar/entrypoint.js',
      'react',
      'react/jsx-runtime',
      'react/jsx-dev-runtime',
      'react-dom',
      'react-dom/client',
      '@astrojs/react/client.js'
    ],
    exclude: [
      'astro:*',
      'virtual:astro:*',
      'astro/virtual-modules/prefetch.js',
      '@astrojs/react/server.js',
      'astro:*',
      'virtual:astro:*',
      'astro/virtual-modules/prefetch.js',
      '@astrojs/react/server.js',
      'astro:*',
      'virtual:astro:*',
      'astro/virtual-modules/prefetch.js',
      '@astrojs/react/server.js',
      'astro:*',
      'virtual:astro:*',
      'astro/virtual-modules/prefetch.js',
      '@astrojs/react/server.js',
      'astro:*',
      'virtual:astro:*',
      'astro/virtual-modules/prefetch.js',
      '@astrojs/react/server.js'
    ],
    needsInterop: [],
    rolldownOptions: {
      transform: { jsx: { runtime: 'automatic' } },
      resolve: { symlinks: true },
      output: { topLevelVar: true }
    },
    extensions: [],
    disabled: undefined,
    holdUntilCrawlEnd: true,
    force: false,
    ignoreOutdatedRequests: false,
    noDiscovery: false,
    entries: [
      'D:/kitchenandall/kitchenandall/src/**/*.{jsx,tsx,vue,svelte,html}',
      'D:/kitchenandall/kitchenandall/src/**/*.{jsx,tsx,vue,svelte,html}',
      'D:/kitchenandall/kitchenandall/src/**/*.{jsx,tsx,vue,svelte,html}',
      'D:/kitchenandall/kitchenandall/src/**/*.{jsx,tsx,vue,svelte,html}',
      'D:/kitchenandall/kitchenandall/src/**/*.{jsx,tsx,vue,svelte,html}'
    ],
    rollupOptions: [Getter/Setter],
    esbuildOptions: { preserveSymlinks: false }
  },
  oxc: {
    jsx: {
      development: false,
      runtime: 'automatic',
      importSource: undefined,
      refresh: false
    },
    jsxRefreshInclude: /\.[tj]sx?(?:\?.*)?$/,
    jsxRefreshExclude: /\.astro(?:\?.*)?$/
  },
  configFileDependencies: [],
  inlineConfig: {
    configFile: false,
    mode: 'production',
    cacheDir: 'D:\\kitchenandall\\kitchenandall\\node_modules\\.vite\\',
    clearScreen: false,
    customLogger: {
      hasWarned: false,
      info: [Function: info],
      warn: [Function: warn],
      warnOnce: [Function: warnOnce],
      error: [Function: error],
      clearScreen: [Function: clearScreen],
      hasErrorLogged: [Function: hasErrorLogged]
    },
    appType: 'custom',
    plugins: [
      {
        name: '@astro/plugin-component-entry',
        enforce: 'pre',
        applyToEnvironment: [Function: applyToEnvironment],
        config: [Function: config],
        resolveId: {
          filter: { id: /^ astro-entry:/ },
          handler: [Function: handler]
        },
        load: {
          filter: { id: /^ astro-entry:/ },
          handler: [AsyncFunction: handler]
        }
      },
      {
        name: '@astro/rolldown-plugin-astro-analyzer',
        applyToEnvironment: [Function: applyToEnvironment],
        generateBundle: [AsyncFunction: generateBundle]
      },
      {
        name: '@astro/plugin-build-internals',
        applyToEnvironment: [Function: applyToEnvironment],
        configEnvironment: [Function: configEnvironment],
        generateBundle: [AsyncFunction: generateBundle]
      },
      {
        name: '@astro/plugin-middleware-build',
        configResolved: [Function: configResolved],
        options: [Function: options],
        writeBundle: [Function: writeBundle],
        applyToEnvironment: [Function: applyToEnvironment]
      },
      {
        name: '@astro/plugin-actions-build',
        applyToEnvironment: [Function: applyToEnvironment],
        writeBundle: [Function: writeBundle]
      },
      {
        name: 'astro:css-target-lowering',
        enforce: 'post',
        configResolved: [Function: configResolved],
        generateBundle: [AsyncFunction: generateBundle]
      },
      {
        name: 'astro:rollup-plugin-build-css',
        applyToEnvironment: [Function: applyToEnvironment],
        generateBundle: [AsyncFunction: generateBundle]
      },
      {
        name: 'astro:rollup-plugin-single-css',
        enforce: 'post',
        applyToEnvironment: [Function: applyToEnvironment],
        configResolved: [Function: configResolved],
        generateBundle: [Function: generateBundle]
      },
      {
        name: 'astro:rollup-plugin-inline-stylesheets',
        enforce: 'post',
        applyToEnvironment: [Function: applyToEnvironment],
        configResolved: [Function: configResolved],
        generateBundle: [AsyncFunction: generateBundle]
      },
      {
        name: 'astro:head-metadata-build',
        applyToEnvironment: [Function: applyToEnvironment],
        generateBundle: [Function: generateBundle]
      },
      {
        name: 'astro:rolldown-plugin-prerender',
        applyToEnvironment: [Function: applyToEnvironment],
        generateBundle: [Function: generateBundle]
      },
      {
        name: '@astro/plugin-scripts',
        applyToEnvironment: [Function: applyToEnvironment],
        configResolved: [Function: configResolved],
        generateBundle: [AsyncFunction: generateBundle]
      },
      {
        name: 'plugin-noop',
        resolveId: {
          filter: { id: /^virtual:astro:noop$/ },
          handler: [Function: handler]
        },
        load: {
          filter: { id: /^ virtual:astro:noop$/ },
          handler: [Function: handler]
        },
        generateBundle: [Function: generateBundle]
      },
      {
        name: 'astro:ssr-assets',
        applyToEnvironment: [Function: applyToEnvironment],
        configEnvironment: [Function: configEnvironment],
        buildStart: [Function: buildStart],
        generateBundle: [Function: generateBundle],
        writeBundle: {
          sequential: true,
          order: 'post',
          handler: [AsyncFunction: handler]
        }
      },
      {
        name: 'astro:watcher-max-listeners',
        configureServer: [Function: configureServer]
      },
      {
        name: 'virtual:astro:manifest',
        enforce: 'pre',
        configureServer: [Function: configureServer],
        applyToEnvironment: [Function: applyToEnvironment],
        resolveId: {
          filter: { id: /^virtual:astro:manifest$/ },
          handler: [Function: handler]
        },
        load: {
          filter: { id: /^ virtual:astro:manifest$/ },
          handler: [AsyncFunction: handler]
        }
      },
      {
        name: 'astro:plugin-renderers',
        enforce: 'pre',
        resolveId: {
          filter: { id: /^virtual:astro:renderers$/ },
          handler: [Function: handler]
        },
        load: {
          filter: { id: /^ virtual:astro:renderers$/ },
          handler: [Function: handler]
        }
      },
      {
        name: 'astro:static-paths',
        enforce: 'pre',
        resolveId: {
          filter: { id: /^astro:static-paths$/ },
          handler: [Function: handler]
        },
        load: {
          filter: { id: /^ astro:static-paths$/ },
          handler: [Function: handler]
        }
      },
      {
        name: 'astro:routes',
        configureServer: [Function: configureServer],
        applyToEnvironment: [Function: applyToEnvironment],
        resolveId: {
          filter: { id: /^virtual:astro:routes$/ },
          handler: [Function: handler]
        },
        load: {
          filter: { id: /^ virtual:astro:routes$/ },
          handler: [Function: handler]
        },
        transform: [AsyncFunction: transform],
        handleHotUpdate: [AsyncFunction: handleHotUpdate]
      },
      {
        name: 'astro-manifest-plugin',
        resolveId: {
          filter: { id: /^(astro:config\/server|astro:config\/client)$/ },
          handler: [Function: handler]
        },
        load: {
          filter: { id: /^( astro:config\/server| astro:config\/client)$/ },
          handler: [Function: handler]
        }
      },
      {
        name: 'astro:environment',
        configEnvironment: [Function: configEnvironment]
      },
      {
        name: '@astro/plugin-page',
        applyToEnvironment: [Function: applyToEnvironment],
        resolveId: {
          filter: { id: /^virtual:astro:page:/ },
          handler: [Function: handler]
        },
        load: {
          filter: { id: /^ virtual:astro:page:/ },
          handler: [Function: handler]
        }
      },
      {
        name: '@astro/plugin-pages',
        enforce: 'post',
        applyToEnvironment: [Function: applyToEnvironment],
        resolveId: {
          filter: { id: /^virtual:astro:pages$/ },
          handler: [Function: handler]
        },
        load: {
          filter: { id: /^ virtual:astro:pages$/ },
          handler: [AsyncFunction: handler]
        }
      },
      null,
      [],
      [
        {
          name: 'astro:build:css-hmr',
          enforce: 'pre',
          applyToEnvironment: [Function: applyToEnvironment],
          transform: {
            filter: {
              id: {
                include: [ /(?:\?|&)astro(?:&|=|$)/ ],
                exclude: [ /(?:\?|&)(?:url|raw|direct)(?:&|$)/ ]
              }
            },
            handler: [AsyncFunction: handler]
          }
        },
        {
          name: 'astro:build',
          enforce: 'pre',
          configEnvironment: [AsyncFunction: configEnvironment],
          configResolved: [AsyncFunction: configResolved],
          configureServer: [Function: configureServer],
          buildStart: [Function: buildStart],
          load: {
            filter: { id: /(?:\?|&)astro(?:&|=|$)/ },
            handler: [AsyncFunction: handler]
          },
          transform: {
            filter: {
              id: {
                include: [ /\.astro$/, /\.astro\?/ ],
                exclude: [
                  /(?:\?|&)(?:url|raw|direct)(?:&|$)/,
                  /(?:\?|&)astro(?:&|=|$)/
                ]
              }
            },
            handler: [AsyncFunction: handler]
          },
          handleHotUpdate: [AsyncFunction: handleHotUpdate]
        },
        {
          name: 'astro:build:normal',
          resolveId: {
            filter: { id: /(?:\?|&)astro(?:&|=|$)/ },
            handler: [Function: handler]
          }
        }
      ],
      {
        name: 'astro:scripts',
        config: [Function: config],
        resolveId: {
          filter: { id: /^astro:scripts\// },
          handler: [Function: handler]
        },
        load: {
          filter: {
            id: /^(astro:scripts\/before-hydration.js|astro:scripts\/page.js|astro:scripts\/page-ssr.js)$/
          },
          handler: [Function: handler]
        },
        buildStart: [Function: buildStart]
      },
      [
        {
          name: 'astro:app',
          configResolved: [Function: configResolved],
          resolveId: {
            filter: { id: /^virtual:astro:app$/ },
            handler: [Function: handler]
          },
          load: {
            filter: { id: /^ virtual:astro:app$/ },
            handler: [Function: handler]
          }
        },
        {
          name: 'astro:server-app',
          resolveId: {
            filter: { id: /^astro:server-app$/ },
            handler: [Function: handler]
          }
        }
      ],
      {
        name: '@astro/plugin-fetchable',
        applyToEnvironment: [Function: applyToEnvironment],
        configureServer: [Function: configureServer],
        resolveId: {
          filter: { id: /^virtual:astro:fetchable$/ },
          handler: [AsyncFunction: handler]
        },
        load: {
          filter: { id: /^ virtual:astro:fetchable$/ },
          handler: [Function: handler]
        }
      },
      false,
      false,
      [
        {
          name: 'virtual:astro:dev-css',
          configureServer: [AsyncFunction: configureServer],
          applyToEnvironment: [Function: applyToEnvironment],
          resolveId: {
            filter: {
              id: /^(virtual:astro:dev-css|virtual:astro:dev-css:.*)$/
            },
            handler: [Function: handler]
          },
          load: {
            filter: {
              id: /^( virtual:astro:dev-css| virtual:astro:dev-css:.*)$/
            },
            handler: [AsyncFunction: handler]
          },
          transform: {
            filter: {
              id: {
                include: [
                  /\.(css|less|sass|scss|styl|stylus|pcss|postcss|sss)(?:$|\?)/
                ],
                exclude: [ /(?:\?|&)raw(?:&|$)/, /(?:\?|&)inline\b/ ]
              }
            },
            handler: [Function: handler]
          }
        },
        {
          name: 'virtual:astro:dev-css-all',
          applyToEnvironment: [Function: applyToEnvironment],
          resolveId: {
            filter: { id: /^virtual:astro:dev-css-all$/ },
            handler: [Function: handler]
          },
          load: {
            filter: { id: /^ virtual:astro:dev-css-all$/ },
            handler: [Function: handler]
          }
        }
      ],
      {
        name: 'astro:vite-plugin-env',
        config: [Function: config],
        configResolved: [Function: configResolved],
        transform: {
          filter: {
            id: {
              exclude: [
                /.*\.(html|htm|json)$/,
                /\.(css|less|sass|scss|styl|stylus|pcss|postcss|sss)(?:$|\?)/
              ]
            },
            code: /import\.meta\.env/
          },
          handler: [Function: handler]
        }
      },
      {
        name: 'astro-env-plugin',
        enforce: 'pre',
        config: [Function: config],
        buildStart: [Function: buildStart],
        resolveId: {
          filter: {
            id: /^(astro:env\/client|astro:env\/server|virtual:astro:env\/internal)$/
          },
          handler: [Function: handler]
        },
        load: {
          filter: {
            id: /^( astro:env\/client| astro:env\/server| virtual:astro:env\/internal)$/
          },
          handler: [Function: handler]
        }
      },
      {
        name: 'astro:adapter-config',
        config: [Function: config],
        resolveId: {
          filter: { id: /^virtual:astro:adapter-config\/client$/ },
          handler: [Function: handler]
        },
        load: {
          filter: { id: /^ virtual:astro:adapter-config\/client$/ },
          handler: [Function: handler]
        }
      },
      {
        enforce: 'pre',
        name: 'astro:markdown',
        buildEnd: [Function: buildEnd],
        resolveId: { filter: { id: /^[^/]/ }, handler: [AsyncFunction: handler] },
        load: {
          filter: {
            id: {
              include: /\.(markdown|mdown|mkdn|mkd|mdwn|md)(\?|$)/,
              exclude: /(?:\?|&)(?:url|raw|direct)(?:&|$)/
            }
          },
          handler: [AsyncFunction: handler]
        }
      },
      {
        name: 'astro:html',
        options: [Function: options],
        transform: {
          filter: { id: /\.html$/ },
          handler: [AsyncFunction: transform]
        }
      },
      {
        name: 'astro:integration-container',
        configureServer: [AsyncFunction: configureServer],
        buildStart: [AsyncFunction: buildStart]
      },
      {
        name: 'astro:scripts:page-ssr',
        enforce: 'post',
        transform: [Function: transform]
      },
      {
        name: 'astro:head-metadata',
        enforce: 'pre',
        apply: 'serve',
        configureServer: [Function: configureServer],
        load: [Function: load],
        resolveId: [Function: resolveId],
        transform: [Function: transform]
      },
      {
        name: 'astro-content-virtual-mod-plugin',
        enforce: 'pre',
        config: [Function: config],
        buildStart: [Function: buildStart],
        resolveId: {
          filter: {
            id: /^(astro:content|astro:data-layer-content|astro:content-module-imports|astro:asset-imports)$|(?:\?|&)astroContentModuleFlag(?:&|=|$)/
          },
          handler: [AsyncFunction: handler]
        },
        load: {
          filter: {
            id: /^( astro:content| astro:data-layer-content| astro:asset-imports| astro:content-module-imports)$/
          },
          handler: [AsyncFunction: handler]
        },
        configureServer: [Function: configureServer]
      },
      [
        {
          name: 'astro:content-imports',
          config: [Function: config],
          buildStart: [AsyncFunction: buildStart],
          transform: {
            filter: {
              id: /(?:\?|&)(?:astroDataCollectionEntry|astroContentCollectionEntry)(?:&|=|$)/
            },
            handler: [AsyncFunction: handler]
          },
          configureServer: [Function: configureServer]
        }
      ],
      {
        name: 'astro:content-asset-propagation',
        enforce: 'pre',
        resolveId: {
          filter: {
            id: /(?:\?|&)(?:astroContentImageFlag|astroRenderContent)(?:&|=|$)/
          },
          handler: [AsyncFunction: handler]
        },
        configureServer: [Function: configureServer],
        transform: {
          filter: { id: /(?:\?|&)astroPropagatedAssets(?:&|=|$)/ },
          handler: [AsyncFunction: handler]
        }
      },
      {
        name: '@astro/plugin-middleware',
        applyToEnvironment: [Function: applyToEnvironment],
        configureServer: [Function: configureServer],
        resolveId: {
          filter: { id: /^virtual:astro:middleware$/ },
          handler: [AsyncFunction: handler]
        },
        load: {
          filter: { id: /^( noop-middleware| virtual:astro:middleware)$/ },
          handler: [AsyncFunction: handler]
        }
      },
      [
        {
          name: 'astro:assets',
          config: [Function: config],
          resolveId: {
            filter: {
              id: /^(virtual:image-service|astro:assets|virtual:astro:get-image)$/
            },
            handler: [AsyncFunction: handler]
          },
          load: {
            filter: { id: /^( astro:assets| virtual:astro:get-image)$/ },
            handler: [Function: handler]
          },
          buildStart: [Function: buildStart],
          renderChunk: [AsyncFunction: renderChunk]
        },
        {
          name: 'astro:assets:esm',
          enforce: 'pre',
          config: [Function: config],
          configResolved: [Function: configResolved],
          load: {
            filter: { id: /\.(jpeg|jpg|png|tiff|webp|gif|svg|avif)/i },
            handler: [AsyncFunction: handler]
          }
        },
        {
          name: 'astro:fonts',
          buildStart: [AsyncFunction: buildStart],
          configureServer: [AsyncFunction: configureServer],
          resolveId: {
            filter: {
              id: /^(virtual:astro:assets\/fonts\/internal|virtual:astro:assets\/fonts\/runtime|virtual:astro:assets\/fonts\/runtime\/font-file-url-resolver)$/
            },
            handler: [Function: handler]
          },
          load: {
            filter: {
              id: /^( virtual:astro:assets\/fonts\/internal| virtual:astro:assets\/fonts\/runtime| virtual:astro:assets\/fonts\/runtime\/font-file-url-resolver)$/
            },
            handler: [AsyncFunction: handler]
          },
          buildEnd: [AsyncFunction: buildEnd]
        },
        {
          name: 'astro:image-styles',
          resolveId: {
            filter: { id: /^virtual:astro:image-styles.css$/ },
            handler: [Function: handler]
          },
          load: {
            filter: { id: /^ virtual:astro:image-styles.css$/ },
            handler: [AsyncFunction: handler]
          }
        }
      ],
      {
        name: 'astro:prefetch',
        resolveId: {
          filter: { id: /^astro:prefetch$/ },
          handler: [Function: handler]
        },
        load: {
          filter: { id: /^ astro:prefetch$/ },
          handler: [Function: handler]
        },
        transform: {
          filter: { id: /astro\/dist\/prefetch\/index.js/ },
          handler: [Function: handler]
        }
      },
      {
        name: 'astro:transitions',
        resolveId: {
          filter: { id: /^(astro:transitions|astro:transitions\/client)$/ },
          handler: [Function: handler]
        },
        load: {
          filter: { id: /^( astro:transitions| astro:transitions\/client)$/ },
          handler: [Function: handler]
        },
        transform: {
          filter: { id: /ClientRouter\.astro.*\.ts$/ },
          handler: [Function: handler]
        }
      },
      {
        name: 'astro:dev-toolbar',
        config: [Function: config],
        resolveId: {
          filter: { id: /^astro:toolbar:internal$/ },
          handler: [Function: handler]
        },
        configureServer: [Function: configureServer],
        load: {
          filter: { id: /^ astro:toolbar:internal$/ },
          handler: [Function: handler]
        }
      },
      {
        name: 'astro:vite-plugin-file-url',
        enforce: 'pre',
        resolveId: { filter: { id: /^file:\/\// }, handler: [Function: handler] }
      },
      {
        name: 'astro:i18n',
        enforce: 'pre',
        resolveId: {
          filter: { id: /^astro:i18n$/ },
          handler: [Function: handler]
        }
      },
      {
        name: 'astro:actions',
        enforce: 'pre',
        resolveId: {
          filter: {
            id: /^(astro:actions|virtual:astro:actions\/options|virtual:astro:actions\/entrypoint)$/
          },
          handler: [AsyncFunction: handler]
        },
        configureServer: [AsyncFunction: configureServer],
        load: {
          filter: {
            id: /^( astro:actions| virtual:astro:actions\/noop-entrypoint| virtual:astro:actions\/entrypoint| virtual:astro:actions\/options)$/
          },
          handler: [AsyncFunction: handler]
        }
      },
      {
        name: 'astro:server-islands',
        enforce: 'post',
        api: { hasServerIslands: [Function: hasServerIslands] },
        config: [Function: config],
        buildStart: [Function: buildStart],
        configureServer: [Function: configureServer],
        resolveId: {
          filter: { id: /^virtual:astro:server-island-manifest$/ },
          handler: [Function: handler]
        },
        load: {
          filter: { id: /^ virtual:astro:server-island-manifest$/ },
          handler: [Function: handler]
        },
        transform: {
          filter: {
            id: {
              include: [
                /\.(astro|mdx)$/,
                /^ virtual:astro:server-island-manifest$/
              ]
            }
          },
          handler: [AsyncFunction: handler]
        },
        renderChunk: [Function: renderChunk]
      },
      {
        name: 'virtual:astro:session-driver',
        enforce: 'pre',
        resolveId: {
          filter: { id: /^virtual:astro:session-driver$/ },
          handler: [Function: handler]
        },
        load: {
          filter: { id: /^ virtual:astro:session-driver$/ },
          handler: [AsyncFunction: handler]
        }
      },
      undefined,
      undefined,
      {
        name: 'astro:container',
        enforce: 'pre',
        resolveId: {
          filter: { id: /^(astro:container)$/ },
          handler: [Function: handler]
        }
      },
      {
        name: 'astro:hmr-reload',
        enforce: 'post',
        hotUpdate: { order: 'post', handler: [Function: handler] }
      },
      {
        name: 'astro:chromedevtools',
        configureServer: [Function: configureServer]
      },
      false,
      {
        name: '@tailwindcss/vite:scan',
        enforce: 'pre',
        configureServer: [Function: configureServer],
        configResolved: [AsyncFunction: configResolved]
      },
      {
        name: '@tailwindcss/vite:generate:build',
        apply: 'build',
        enforce: 'pre',
        transform: {
          filter: {
            id: {
              exclude: [
                /\/\.vite\//,
                /[?&](?:worker|sharedworker|raw|url)\b/,
                /\?commonjs-proxy/
              ],
              include: [
                /\.css(?:\?.*)?$/,
                /&lang\.css/,
                /[?&]index=\d+\.css$/
              ]
            }
          },
          handler: [AsyncFunction: handler]
        }
      },
      {
        name: 'vite:react-babel',
        enforce: 'pre',
        config: [Function: config],
        configResolved: [Function: configResolved],
        options: [Function: options]
      },
      {
        name: 'vite:react:config-post',
        enforce: 'post',
        config: [Function: config]
      },
      {
        name: 'vite:react-refresh-fbm',
        enforce: 'pre',
        transformIndexHtml: { handler: [Function: handler], order: 'pre' }
      },
      {
        name: 'vite:react-refresh',
        enforce: 'pre',
        config: [Function: config],
        resolveId: {
          filter: { id: /^\/@react\-refresh$/ },
          handler: [Function: handler]
        },
        load: {
          filter: { id: /^\/@react\-refresh$/ },
          handler: [Function: handler]
        },
        transformIndexHtml: [Function: transformIndexHtml]
      },
      {
        name: 'vite:react-virtual-preamble',
        resolveId: {
          order: 'pre',
          filter: { id: /^@vitejs\/plugin\-react\/preamble$/ },
          handler: [Function: handler]
        },
        load: {
          filter: { id: /^ @vitejs\/plugin\-react\/preamble$/ },
          handler: [Function: handler]
        }
      },
      {
        name: '@astrojs/react:opts',
        resolveId: {
          filter: { id: /^astro:react:opts$/ },
          handler: [Function: handler]
        },
        load: {
          filter: { id: /^ astro:react:opts$/ },
          handler: [Function: handler]
        }
      },
      {
        name: '@astrojs/react:environment',
        configEnvironment: [Function: configEnvironment]
      },
      {
        name: 'astro:resolve-input',
        enforce: 'post',
        config: [Function: config],
        configResolved: [Function: configResolved]
      },
      {
        name: 'astro:build-generate',
        enforce: 'post',
        buildApp: { order: 'post', handler: [AsyncFunction: handler] }
      }
    ],
    publicDir: 'D:\\kitchenandall\\kitchenandall\\public\\',
    root: 'D:\\kitchenandall\\kitchenandall\\',
    envPrefix: 'PUBLIC_',
    define: {
      'import.meta.env.SITE': 'undefined',
      'import.meta.env.BASE_URL': '"/"',
      'import.meta.env.ASSETS_PREFIX': 'undefined'
    },
    server: { hmr: false, watch: { ignored: [ '**' ] }, middlewareMode: true },
    resolve: {
      tsconfigPaths: true,
      alias: [
        { find: 'randombytes', replacement: 'randombytes/browser' },
        {
          find: /^astro$/,
          replacement: 'd:\\kitchenandall\\kitchenandall\\node_modules\\astro\\dist\\types\\public\\index.js'
        },
        {
          find: 'astro:middleware',
          replacement: 'astro/virtual-modules/middleware.js'
        },
        { find: 'astro:schema', replacement: 'astro/zod' },
        { find: 'astro:components', replacement: 'astro/components' }
      ],
      conditions: [
        'module',
        'browser',
        'development|production',
        'astro',
        'module',
        'browser',
        'development|production',
        'astro',
        'module',
        'browser',
        'development|production',
        'astro',
        'module',
        'browser',
        'development|production',
        'astro',
        'module',
        'browser',
        'development|production',
        'astro',
        'module',
        'browser',
        'development|production',
        'astro',
        'module',
        'browser',
        'development|production',
        'astro',
        'module',
        'browser',
        'development|production',
        'astro',
        'module',
        'browser',
        'development|production',
        'astro',
        'module',
        'browser',
        'development|production',
        'astro',
        'module',
        'browser',
        'development|production',
        'astro',
        'module',
        'browser',
        'development|production',
        'astro',
        'module',
        'browser',
        'development|production',
        'astro',
        'module',
        'browser',
        'development|production',
        'astro',
        'module',
        'browser',
        'development|production',
        'astro',
        'module',
        'browser',
        'development|production',
        'astro'
      ],
      mainFields: undefined
    },
    build: {
      target: 'esnext',
      cssMinify: true,
      assetsDir: '_astro',
      emptyOutDir: false,
      copyPublicDir: false,
      manifest: false,
      rolldownOptions: {
        preserveEntrySignatures: 'exports-only',
        checks: { pluginTimings: false },
        output: {
          hoistTransitiveImports: false,
          format: 'esm',
          minifyInternalExports: true,
          chunkFileNames: [Function: chunkFileNames],
          assetFileNames: [Function: assetFileNames],
          entryFileNames: [Function: entryFileNames]
        }
      },
      ssr: true,
      ssrEmitAssets: true,
      minify: false,
      modulePreload: { polyfill: false },
      reportCompressedSize: false,
      rollupOptions: [Getter/Setter]
    },
    environments: {
      astro: {
        define: {
          'import.meta.env.SITE': 'undefined',
          'import.meta.env.BASE_URL': '"/"',
          'import.meta.env.ASSETS_PREFIX': 'undefined'
        },
        resolve: {
          tsconfigPaths: true,
          alias: [
            { find: 'randombytes', replacement: 'randombytes/browser' },
            {
              find: /^astro$/,
              replacement: 'd:\\kitchenandall\\kitchenandall\\node_modules\\astro\\dist\\types\\public\\index.js'
            },
            {
              find: 'astro:middleware',
              replacement: 'astro/virtual-modules/middleware.js'
            },
            { find: 'astro:schema', replacement: 'astro/zod' },
            {
              find: 'astro:components',
              replacement: 'astro/components'
            },
            { find: 'randombytes', replacement: 'randombytes/browser' },
            {
              find: /^astro$/,
              replacement: 'd:\\kitchenandall\\kitchenandall\\node_modules\\astro\\dist\\types\\public\\index.js'
            },
            {
              find: 'astro:middleware',
              replacement: 'astro/virtual-modules/middleware.js'
            },
            { find: 'astro:schema', replacement: 'astro/zod' },
            {
              find: 'astro:components',
              replacement: 'astro/components'
            },
            { find: 'randombytes', replacement: 'randombytes/browser' },
            {
              find: /^astro$/,
              replacement: 'd:\\kitchenandall\\kitchenandall\\node_modules\\astro\\dist\\types\\public\\index.js'
            },
            {
              find: 'astro:middleware',
              replacement: 'astro/virtual-modules/middleware.js'
            },
            { find: 'astro:schema', replacement: 'astro/zod' },
            {
              find: 'astro:components',
              replacement: 'astro/components'
            },
            { find: 'randombytes', replacement: 'randombytes/browser' },
            {
              find: /^astro$/,
              replacement: 'd:\\kitchenandall\\kitchenandall\\node_modules\\astro\\dist\\types\\public\\index.js'
            },
            {
              find: 'astro:middleware',
              replacement: 'astro/virtual-modules/middleware.js'
            },
            { find: 'astro:schema', replacement: 'astro/zod' },
            {
              find: 'astro:components',
              replacement: 'astro/components'
            },
            { find: 'randombytes', replacement: 'randombytes/browser' },
            {
              find: /^astro$/,
              replacement: 'd:\\kitchenandall\\kitchenandall\\node_modules\\astro\\dist\\types\\public\\index.js'
            },
            {
              find: 'astro:middleware',
              replacement: 'astro/virtual-modules/middleware.js'
            },
            { find: 'astro:schema', replacement: 'astro/zod' },
            {
              find: 'astro:components',
              replacement: 'astro/components'
            }
          ],
          conditions: [ 'module', 'node', 'development|production', 'astro' ],
          mainFields: undefined,
          dedupe: [
            'astro',     'react',
            'react-dom', 'astro',
            'react',     'react-dom',
            'astro',     'react',
            'react-dom', 'astro',
            'react',     'react-dom',
            'astro',     'react',
            'react-dom'
          ],
          noExternal: [
            'astro',
            'astro/components',
            '@nanostores/preact',
            '@fontsource/*',
            '@astrojs/internal-helpers',
            '@astrojs/react',
            'astro',
            'astro/components',
            '@nanostores/preact',
            '@fontsource/*',
            '@astrojs/internal-helpers',
            '@astrojs/react',
            'astro',
            'astro/components',
            '@nanostores/preact',
            '@fontsource/*',
            '@astrojs/internal-helpers',
            '@astrojs/react',
            'astro',
            'astro/components',
            '@nanostores/preact',
            '@fontsource/*',
            '@astrojs/internal-helpers',
            '@astrojs/react',
            'astro',
            'astro/components',
            '@nanostores/preact',
            '@fontsource/*',
            '@astrojs/internal-helpers',
            '@astrojs/react'
          ],
          external: []
        },
        dev: { createEnvironment: undefined, warmup: undefined },
        build: {
          target: 'esnext',
          cssMinify: true,
          assetsDir: '_astro',
          emptyOutDir: false,
          copyPublicDir: false,
          manifest: false,
          rolldownOptions: {
            preserveEntrySignatures: 'exports-only',
            checks: { pluginTimings: false },
            output: {
              hoistTransitiveImports: false,
              format: 'esm',
              minifyInternalExports: true,
              chunkFileNames: [Function: chunkFileNames],
              assetFileNames: [Function: assetFileNames],
              entryFileNames: [Function: entryFileNames]
            },
            onwarn: [Function: onwarn]
          },
          ssr: true,
          ssrEmitAssets: true,
          minify: false,
          modulePreload: { polyfill: false },
          reportCompressedSize: false,
          rollupOptions: [Getter/Setter],
          createEnvironment: undefined
        },
        optimizeDeps: {
          include: [],
          exclude: [],
          rolldownOptions: undefined,
          rollupOptions: [Getter/Setter]
        }
      },
      prerender: {
        define: {
          'import.meta.env.SITE': 'undefined',
          'import.meta.env.BASE_URL': '"/"',
          'import.meta.env.ASSETS_PREFIX': 'undefined'
        },
        resolve: {
          tsconfigPaths: true,
          alias: [
            { find: 'randombytes', replacement: 'randombytes/browser' },
            {
              find: /^astro$/,
              replacement: 'd:\\kitchenandall\\kitchenandall\\node_modules\\astro\\dist\\types\\public\\index.js'
            },
            {
              find: 'astro:middleware',
              replacement: 'astro/virtual-modules/middleware.js'
            },
            { find: 'astro:schema', replacement: 'astro/zod' },
            {
              find: 'astro:components',
              replacement: 'astro/components'
            },
            { find: 'randombytes', replacement: 'randombytes/browser' },
            {
              find: /^astro$/,
              replacement: 'd:\\kitchenandall\\kitchenandall\\node_modules\\astro\\dist\\types\\public\\index.js'
            },
            {
              find: 'astro:middleware',
              replacement: 'astro/virtual-modules/middleware.js'
            },
            { find: 'astro:schema', replacement: 'astro/zod' },
            {
              find: 'astro:components',
              replacement: 'astro/components'
            },
            { find: 'randombytes', replacement: 'randombytes/browser' },
            {
              find: /^astro$/,
              replacement: 'd:\\kitchenandall\\kitchenandall\\node_modules\\astro\\dist\\types\\public\\index.js'
            },
            {
              find: 'astro:middleware',
              replacement: 'astro/virtual-modules/middleware.js'
            },
            { find: 'astro:schema', replacement: 'astro/zod' },
            {
              find: 'astro:components',
              replacement: 'astro/components'
            },
            { find: 'randombytes', replacement: 'randombytes/browser' },
            {
              find: /^astro$/,
              replacement: 'd:\\kitchenandall\\kitchenandall\\node_modules\\astro\\dist\\types\\public\\index.js'
            },
            {
              find: 'astro:middleware',
              replacement: 'astro/virtual-modules/middleware.js'
            },
            { find: 'astro:schema', replacement: 'astro/zod' },
            {
              find: 'astro:components',
              replacement: 'astro/components'
            },
            { find: 'randombytes', replacement: 'randombytes/browser' },
            {
              find: /^astro$/,
              replacement: 'd:\\kitchenandall\\kitchenandall\\node_modules\\astro\\dist\\types\\public\\index.js'
            },
            {
              find: 'astro:middleware',
              replacement: 'astro/virtual-modules/middleware.js'
            },
            { find: 'astro:schema', replacement: 'astro/zod' },
            {
              find: 'astro:components',
              replacement: 'astro/components'
            }
          ],
          conditions: [ 'module', 'node', 'development|production', 'astro' ],
          mainFields: undefined,
          noExternal: [
            'astro',
            '@astrojs/internal-helpers',
            'astro',
            'astro/components',
            '@nanostores/preact',
            '@fontsource/*',
            '@astrojs/internal-helpers',
            '@astrojs/react',
            'astro',
            '@astrojs/internal-helpers',
            'astro',
            'astro/components',
            '@nanostores/preact',
            '@fontsource/*',
            '@astrojs/internal-helpers',
            '@astrojs/react',
            'astro',
            '@astrojs/internal-helpers',
            'astro',
            'astro/components',
            '@nanostores/preact',
            '@fontsource/*',
            '@astrojs/internal-helpers',
            '@astrojs/react',
            'astro',
            '@astrojs/internal-helpers',
            'astro',
            'astro/components',
            '@nanostores/preact',
            '@fontsource/*',
            '@astrojs/internal-helpers',
            '@astrojs/react',
            'astro',
            '@astrojs/internal-helpers',
            'astro',
            'astro/components',
            '@nanostores/preact',
            '@fontsource/*',
            '@astrojs/internal-helpers',
            '@astrojs/react'
          ],
          dedupe: [
            'astro',     'react',
            'react-dom', 'astro',
            'react',     'react-dom',
            'astro',     'react',
            'react-dom', 'astro',
            'react',     'react-dom',
            'astro',     'react',
            'react-dom'
          ],
          external: []
        },
        dev: { createEnvironment: undefined, warmup: undefined },
        build: {
          target: 'esnext',
          cssMinify: true,
          assetsDir: '_astro',
          emptyOutDir: false,
          copyPublicDir: false,
          manifest: true,
          rolldownOptions: {
            preserveEntrySignatures: 'exports-only',
            checks: { pluginTimings: false },
            output: {
              hoistTransitiveImports: false,
              format: 'esm',
              minifyInternalExports: true,
              chunkFileNames: [Function: chunkFileNames],
              assetFileNames: [Function: assetFileNames],
              entryFileNames: 'prerender-entry.[hash].mjs'
            },
            onwarn: [Function: onwarn],
            input: 'astro/entrypoints/prerender',
            external: [ 'sharp', 'sharp', 'sharp', 'sharp', 'sharp' ]
          },
          ssr: true,
          ssrEmitAssets: true,
          minify: false,
          modulePreload: { polyfill: false },
          reportCompressedSize: false,
          rollupOptions: [Getter/Setter],
          createEnvironment: undefined,
          emitAssets: true,
          outDir: 'D:\\kitchenandall\\kitchenandall\\dist\\.prerender\\'
        },
        optimizeDeps: {
          include: [],
          exclude: [],
          rolldownOptions: undefined,
          rollupOptions: [Getter/Setter]
        }
      },
      client: {
        define: {
          'import.meta.env.SITE': 'undefined',
          'import.meta.env.BASE_URL': '"/"',
          'import.meta.env.ASSETS_PREFIX': 'undefined'
        },
        resolve: {
          tsconfigPaths: true,
          alias: [
            { find: 'randombytes', replacement: 'randombytes/browser' },
            {
              find: /^astro$/,
              replacement: 'd:\\kitchenandall\\kitchenandall\\node_modules\\astro\\dist\\types\\public\\index.js'
            },
            {
              find: 'astro:middleware',
              replacement: 'astro/virtual-modules/middleware.js'
            },
            { find: 'astro:schema', replacement: 'astro/zod' },
            {
              find: 'astro:components',
              replacement: 'astro/components'
            },
            { find: 'randombytes', replacement: 'randombytes/browser' },
            {
              find: /^astro$/,
              replacement: 'd:\\kitchenandall\\kitchenandall\\node_modules\\astro\\dist\\types\\public\\index.js'
            },
            {
              find: 'astro:middleware',
              replacement: 'astro/virtual-modules/middleware.js'
            },
            { find: 'astro:schema', replacement: 'astro/zod' },
            {
              find: 'astro:components',
              replacement: 'astro/components'
            },
            { find: 'randombytes', replacement: 'randombytes/browser' },
            {
              find: /^astro$/,
              replacement: 'd:\\kitchenandall\\kitchenandall\\node_modules\\astro\\dist\\types\\public\\index.js'
            },
            {
              find: 'astro:middleware',
              replacement: 'astro/virtual-modules/middleware.js'
            },
            { find: 'astro:schema', replacement: 'astro/zod' },
            {
              find: 'astro:components',
              replacement: 'astro/components'
            },
            { find: 'randombytes', replacement: 'randombytes/browser' },
            {
              find: /^astro$/,
              replacement: 'd:\\kitchenandall\\kitchenandall\\node_modules\\astro\\dist\\types\\public\\index.js'
            },
            {
              find: 'astro:middleware',
              replacement: 'astro/virtual-modules/middleware.js'
            },
            { find: 'astro:schema', replacement: 'astro/zod' },
            {
              find: 'astro:components',
              replacement: 'astro/components'
            },
            { find: 'randombytes', replacement: 'randombytes/browser' },
            {
              find: /^astro$/,
              replacement: 'd:\\kitchenandall\\kitchenandall\\node_modules\\astro\\dist\\types\\public\\index.js'
            },
            {
              find: 'astro:middleware',
              replacement: 'astro/virtual-modules/middleware.js'
            },
            { find: 'astro:schema', replacement: 'astro/zod' },
            {
              find: 'astro:components',
              replacement: 'astro/components'
            }
          ],
          conditions: [
            'module',
            'browser',
            'development|production',
            'astro',
            'module',
            'browser',
            'development|production',
            'astro',
            'module',
            'browser',
            'development|production',
            'astro',
            'module',
            'browser',
            'development|production',
            'astro',
            'module',
            'browser',
            'development|production',
            'astro',
            'module',
            'browser',
            'development|production',
            'astro',
            'module',
            'browser',
            'development|production',
            'astro',
            'module',
            'browser',
            'development|production',
            'astro',
            'module',
            'browser',
            'development|production',
            'astro',
            'module',
            'browser',
            'development|production',
            'astro',
            'module',
            'browser',
            'development|production',
            'astro',
            'module',
            'browser',
            'development|production',
            'astro',
            'module',
            'browser',
            'development|production',
            'astro',
            'module',
            'browser',
            'development|production',
            'astro',
            'module',
            'browser',
            'development|production',
            'astro',
            'module',
            'browser',
            'development|production',
            'astro'
          ],
          mainFields: undefined,
          dedupe: [
            'astro',     'react',
            'react-dom', 'astro',
            'react',     'react-dom',
            'astro',     'react',
            'react-dom', 'astro',
            'react',     'react-dom',
            'astro',     'react',
            'react-dom'
          ],
          noExternal: [
            'astro',
            'astro/components',
            '@nanostores/preact',
            '@fontsource/*',
            '@astrojs/internal-helpers',
            '@astrojs/react',
            'astro',
            'astro/components',
            '@nanostores/preact',
            '@fontsource/*',
            '@astrojs/internal-helpers',
            '@astrojs/react',
            'astro',
            'astro/components',
            '@nanostores/preact',
            '@fontsource/*',
            '@astrojs/internal-helpers',
            '@astrojs/react',
            'astro',
            'astro/components',
            '@nanostores/preact',
            '@fontsource/*',
            '@astrojs/internal-helpers',
            '@astrojs/react',
            'astro',
            'astro/components',
            '@nanostores/preact',
            '@fontsource/*',
            '@astrojs/internal-helpers',
            '@astrojs/react'
          ],
          external: []
        },
        dev: {},
        build: {
          target: 'esnext',
          cssMinify: true,
          assetsDir: '_astro',
          emptyOutDir: false,
          copyPublicDir: true,
          manifest: false,
          rolldownOptions: {
            preserveEntrySignatures: 'exports-only',
            checks: { pluginTimings: false },
            output: {
              hoistTransitiveImports: false,
              format: 'esm',
              minifyInternalExports: true,
              chunkFileNames: [Function: chunkFileNames],
              assetFileNames: [Function: assetFileNames],
              entryFileNames: [Function: entryFileNames]
            },
            onwarn: [Function: onwarn]
          },
          ssr: true,
          ssrEmitAssets: true,
          minify: true,
          modulePreload: { polyfill: false },
          reportCompressedSize: false,
          rollupOptions: [Getter/Setter],
          emitAssets: true,
          outDir: 'D:\\kitchenandall\\kitchenandall\\dist\\',
          sourcemap: false
        },
        optimizeDeps: {
          rolldownOptions: { transform: { jsx: { runtime: 'automatic' } } },
          include: [
            'react',
            'react-dom',
            'react/jsx-dev-runtime',
            'react/jsx-runtime',
            'astro > aria-query',
            'astro > axobject-query',
            'react',
            'react-dom',
            'react/jsx-dev-runtime',
            'react/jsx-runtime',
            'astro > aria-query',
            'astro > axobject-query',
            'react',
            'react-dom',
            'react/jsx-dev-runtime',
            'react/jsx-runtime',
            'astro > aria-query',
            'astro > axobject-query',
            'react',
            'react-dom',
            'react/jsx-dev-runtime',
            'react/jsx-runtime',
            'astro > aria-query',
            'astro > axobject-query',
            'react',
            'react-dom',
            'react/jsx-dev-runtime',
            'react/jsx-runtime',
            'astro > aria-query',
            'astro > axobject-query',
            'astro > html-escaper',
            'astro/runtime/client/dev-toolbar/entrypoint.js',
            'react',
            'react/jsx-runtime',
            'react/jsx-dev-runtime',
            'react-dom',
            'react-dom/client',
            '@astrojs/react/client.js',
            'astro > html-escaper',
            'astro/runtime/client/dev-toolbar/entrypoint.js',
            'react',
            'react/jsx-runtime',
            'react/jsx-dev-runtime',
            'react-dom',
            'react-dom/client',
            '@astrojs/react/client.js',
            'astro > html-escaper',
            'astro/runtime/client/dev-toolbar/entrypoint.js',
            'react',
            'react/jsx-runtime',
            'react/jsx-dev-runtime',
            'react-dom',
            'react-dom/client',
            '@astrojs/react/client.js',
            'astro > html-escaper',
            'astro/runtime/client/dev-toolbar/entrypoint.js',
            'react',
            'react/jsx-runtime',
            'react/jsx-dev-runtime',
            'react-dom',
            'react-dom/client',
            '@astrojs/react/client.js',
            'astro > html-escaper',
            'astro/runtime/client/dev-toolbar/entrypoint.js',
            'react',
            'react/jsx-runtime',
            'react/jsx-dev-runtime',
            'react-dom',
            'react-dom/client',
            '@astrojs/react/client.js'
          ],
          exclude: [
            'astro:*',
            'virtual:astro:*',
            'astro/virtual-modules/prefetch.js',
            '@astrojs/react/server.js',
            'astro:*',
            'virtual:astro:*',
            'astro/virtual-modules/prefetch.js',
            '@astrojs/react/server.js',
            'astro:*',
            'virtual:astro:*',
            'astro/virtual-modules/prefetch.js',
            '@astrojs/react/server.js',
            'astro:*',
            'virtual:astro:*',
            'astro/virtual-modules/prefetch.js',
            '@astrojs/react/server.js',
            'astro:*',
            'virtual:astro:*',
            'astro/virtual-modules/prefetch.js',
            '@astrojs/react/server.js'
          ],
          entries: [
            'D:/kitchenandall/kitchenandall/src/**/*.{jsx,tsx,vue,svelte,html}',
            'D:/kitchenandall/kitchenandall/src/**/*.{jsx,tsx,vue,svelte,html}',
            'D:/kitchenandall/kitchenandall/src/**/*.{jsx,tsx,vue,svelte,html}',
            'D:/kitchenandall/kitchenandall/src/**/*.{jsx,tsx,vue,svelte,html}',
            'D:/kitchenandall/kitchenandall/src/**/*.{jsx,tsx,vue,svelte,html}'
          ]
        }
      },
      ssr: {
        define: {
          'import.meta.env.SITE': 'undefined',
          'import.meta.env.BASE_URL': '"/"',
          'import.meta.env.ASSETS_PREFIX': 'undefined'
        },
        resolve: {
          tsconfigPaths: true,
          alias: [
            { find: 'randombytes', replacement: 'randombytes/browser' },
            {
              find: /^astro$/,
              replacement: 'd:\\kitchenandall\\kitchenandall\\node_modules\\astro\\dist\\types\\public\\index.js'
            },
            {
              find: 'astro:middleware',
              replacement: 'astro/virtual-modules/middleware.js'
            },
            { find: 'astro:schema', replacement: 'astro/zod' },
            {
              find: 'astro:components',
              replacement: 'astro/components'
            },
            { find: 'randombytes', replacement: 'randombytes/browser' },
            {
              find: /^astro$/,
              replacement: 'd:\\kitchenandall\\kitchenandall\\node_modules\\astro\\dist\\types\\public\\index.js'
            },
            {
              find: 'astro:middleware',
              replacement: 'astro/virtual-modules/middleware.js'
            },
            { find: 'astro:schema', replacement: 'astro/zod' },
            {
              find: 'astro:components',
              replacement: 'astro/components'
            },
            { find: 'randombytes', replacement: 'randombytes/browser' },
            {
              find: /^astro$/,
              replacement: 'd:\\kitchenandall\\kitchenandall\\node_modules\\astro\\dist\\types\\public\\index.js'
            },
            {
              find: 'astro:middleware',
              replacement: 'astro/virtual-modules/middleware.js'
            },
            { find: 'astro:schema', replacement: 'astro/zod' },
            {
              find: 'astro:components',
              replacement: 'astro/components'
            },
            { find: 'randombytes', replacement: 'randombytes/browser' },
            {
              find: /^astro$/,
              replacement: 'd:\\kitchenandall\\kitchenandall\\node_modules\\astro\\dist\\types\\public\\index.js'
            },
            {
              find: 'astro:middleware',
              replacement: 'astro/virtual-modules/middleware.js'
            },
            { find: 'astro:schema', replacement: 'astro/zod' },
            {
              find: 'astro:components',
              replacement: 'astro/components'
            },
            { find: 'randombytes', replacement: 'randombytes/browser' },
            {
              find: /^astro$/,
              replacement: 'd:\\kitchenandall\\kitchenandall\\node_modules\\astro\\dist\\types\\public\\index.js'
            },
            {
              find: 'astro:middleware',
              replacement: 'astro/virtual-modules/middleware.js'
            },
            { find: 'astro:schema', replacement: 'astro/zod' },
            {
              find: 'astro:components',
              replacement: 'astro/components'
            }
          ],
          conditions: [ 'module', 'node', 'development|production', 'astro' ],
          mainFields: undefined,
          external: [],
          noExternal: [
            '@mui/material',
            '@mui/base',
            '@babel/runtime',
            'use-immer',
            '@material-tailwind/react',
            '@mui/material',
            '@mui/base',
            '@babel/runtime',
            'use-immer',
            '@material-tailwind/react',
            '@mui/material',
            '@mui/base',
            '@babel/runtime',
            'use-immer',
            '@material-tailwind/react',
            '@mui/material',
            '@mui/base',
            '@babel/runtime',
            'use-immer',
            '@material-tailwind/react',
            '@mui/material',
            '@mui/base',
            '@babel/runtime',
            'use-immer',
            '@material-tailwind/react',
            'astro',
            'astro/components',
            '@nanostores/preact',
            '@fontsource/*',
            '@astrojs/internal-helpers',
            '@astrojs/react',
            'astro',
            'astro/components',
            '@nanostores/preact',
            '@fontsource/*',
            '@astrojs/internal-helpers',
            '@astrojs/react',
            'astro',
            'astro/components',
            '@nanostores/preact',
            '@fontsource/*',
            '@astrojs/internal-helpers',
            '@astrojs/react',
            'astro',
            'astro/components',
            '@nanostores/preact',
            '@fontsource/*',
            '@astrojs/internal-helpers',
            '@astrojs/react',
            'astro',
            'astro/components',
            '@nanostores/preact',
            '@fontsource/*',
            '@astrojs/internal-helpers',
            '@astrojs/react'
          ],
          dedupe: [
            'astro',     'react',
            'react-dom', 'astro',
            'react',     'react-dom',
            'astro',     'react',
            'react-dom', 'astro',
            'react',     'react-dom',
            'astro',     'react',
            'react-dom'
          ]
        },
        dev: { createEnvironment: undefined, warmup: undefined },
        build: {
          target: 'esnext',
          cssMinify: true,
          assetsDir: '_astro',
          emptyOutDir: false,
          copyPublicDir: false,
          manifest: true,
          rolldownOptions: {
            preserveEntrySignatures: 'exports-only',
            checks: { pluginTimings: false },
            output: {
              hoistTransitiveImports: false,
              format: 'esm',
              minifyInternalExports: true,
              chunkFileNames: [Function: chunkFileNames],
              assetFileNames: [Function: assetFileNames],
              entryFileNames: [Function: entryFileNames]
            },
            onwarn: [Function: onwarn]
          },
          ssr: true,
          ssrEmitAssets: true,
          minify: false,
          modulePreload: { polyfill: false },
          reportCompressedSize: false,
          rollupOptions: [Getter/Setter],
          createEnvironment: undefined,
          outDir: 'D:\\kitchenandall\\kitchenandall\\dist\\',
          emitAssets: true
        },
        optimizeDeps: {
          rolldownOptions: undefined,
          rollupOptions: [Getter/Setter],
          include: [],
          exclude: []
        }
      }
    },
    ssr: {
      noExternal: [
        '@mui/material',
        '@mui/base',
        '@babel/runtime',
        'use-immer',
        '@material-tailwind/react'
      ],
      optimizeDeps: { rolldownOptions: undefined, rollupOptions: [Getter/Setter] }
    },
    logLevel: 'error',
    builder: { buildApp: [AsyncFunction: buildApp] },
    base: '/',
    worker: { rolldownOptions: undefined, rollupOptions: [Getter/Setter] },
    optimizeDeps: { rolldownOptions: undefined, rollupOptions: [Getter/Setter] }
  },
  decodedBase: '/',
  rawBase: '/',
  command: 'build',
  isWorker: false,
  mainConfig: null,
  bundleChain: [],
  isProduction: true,
  css: {
    transformer: 'postcss',
    preprocessorMaxWorkers: true,
    devSourcemap: false
  },
  json: { namedExports: true, stringify: 'auto' },
  esbuild: { jsxDev: false, charset: 'utf8', legalComments: 'none' },
  preview: {
    port: 4173,
    strictPort: false,
    host: undefined,
    allowedHosts: [],
    https: undefined,
    open: false,
    proxy: undefined,
    cors: {
      origin: /^https?:\/\/(?:(?:[^:]+\.)?localhost|127\.0\.0\.1|\[::1\])(?::\d+)?$/
    },
    headers: {}
  },
  envDir: 'D:/kitchenandall/kitchenandall',
  env: { BASE_URL: '/', MODE: 'production', DEV: false, PROD: true },
  assetsInclude: [Function: assetsInclude],
  rawAssetsInclude: [],
  logger: {
    hasWarned: false,
    info: [Function: info],
    warn: [Function: warn],
    warnOnce: [Function: warnOnce],
    error: [Function: error],
    clearScreen: [Function: clearScreen],
    hasErrorLogged: [Function: hasErrorLogged]
  },
  packageCache: Map(1) {
    'fnpd_D:/kitchenandall/kitchenandall' => {
      dir: 'D:/kitchenandall/kitchenandall',
      data: {
        name: 'e-store-astro',
        type: 'module',
        version: '0.0.1',
        engines: { node: '>=22.12.0' },
        scripts: {
          dev: 'astro dev',
          build: 'astro build',
          preview: 'astro preview',
          astro: 'astro'
        },
        dependencies: {
          '@astrojs/react': '^6.0.2',
          '@supabase/supabase-js': '^2.110.9',
          '@tailwindcss/vite': '^4.3.3',
          astro: '^7.1.4',
          'framer-motion': '^12.43.0',
          'lucide-react': '^1.27.0',
          react: '^19.2.8',
          'react-dom': '^19.2.8',
          swiper: '^14.0.6',
          tailwindcss: '^4.3.3'
        },
        devDependencies: { '@types/react': '^19.2.17', '@types/react-dom': '^19.2.3' }
      },
      hasSideEffects: [Function: hasSideEffects],
      setResolvedCache: [Function: setResolvedCache],
      getResolvedCache: [Function: getResolvedCache]
    },
    set: [Function (anonymous)]
  },
  experimental: {
    importGlobRestoreExtension: false,
    renderBuiltUrl: undefined,
    hmrPartialAccept: false,
    bundledDev: false
  },
  future: undefined,
  dev: {
    warmup: [],
    sourcemap: { js: true },
    sourcemapIgnoreList: [Function: isInNodeModules],
    preTransformRequests: false,
    createEnvironment: [Function: defaultCreateDevEnvironment],
    recoverable: false,
    moduleRunnerTransform: false
  },
  devtools: { config: { host: 'localhost' }, enabled: false },
  webSocketToken: 'yz6ibgQTLPuf',
  getSortedPlugins: [Function: getSortedPlugins],
  getSortedPluginHooks: [Function: getSortedPluginHooks],
  createResolver: [Function: createResolver],
  fsDenyGlob: [Function: arrayMatcher],
  safeModulePaths: Set(0) {},
  Symbol(vite:resolved-config): true
}
2026-07-30T17:01:34.679Z vite:env loading env files: [
  'D:/kitchenandall/kitchenandall/.env',
  'D:/kitchenandall/kitchenandall/.env.local',
  'D:/kitchenandall/kitchenandall/.env.production',
  'D:/kitchenandall/kitchenandall/.env.production.local'
]
2026-07-30T17:01:34.680Z vite:env env files loaded in 0.49ms
2026-07-30T17:01:34.681Z vite:env using resolved env: {
  ALLUSERSPROFILE: 'C:\\ProgramData',
  APPDATA: 'C:\\Users\\User\\AppData\\Roaming',
  ChocolateyInstall: 'C:\\ProgramData\\chocolatey',
  ChocolateyLastPathUpdate: '134299027693674239',
  CHROME_CRASHPAD_PIPE_NAME: '\\\\.\\pipe\\crashpad_3812_PECVYPAUJOKJANDD',
  CommonProgramFiles: 'C:\\Program Files\\Common Files',
  'CommonProgramFiles(x86)': 'C:\\Program Files (x86)\\Common Files',
  CommonProgramW6432: 'C:\\Program Files\\Common Files',
  COMPUTERNAME: 'MISHELLFAVOUR',
  ComSpec: 'C:\\WINDOWS\\system32\\cmd.exe',
  DEBUG: 'astro:*,vite:*',
  DriverData: 'C:\\Windows\\System32\\Drivers\\DriverData',
  EFC_7792_1592913036: '1',
  HOMEDRIVE: 'C:',
  HOMEPATH: '\\Users\\User',
  LOCALAPPDATA: 'C:\\Users\\User\\AppData\\Local',
  LOGONSERVER: '\\\\MISHELLFAVOUR',
  NODE_ENV: 'production',
  NUMBER_OF_PROCESSORS: '4',
  OneDrive: 'C:\\Users\\User\\OneDrive',
  OS: 'Windows_NT',
  Path: 'c:\\Users\\User\\AppData\\Roaming\\Code\\User\\globalStorage\\github.copilot-chat\\debugCommand;c:\\Users\\User\\AppData\\Roaming\\Code\\User\\globalStorage\\github.copilot-chat\\copilotCli;C:\\Python314\\Scripts\\;C:\\Python314\\;C:\\WINDOWS\\system32;C:\\WINDOWS;C:\\WINDOWS\\System32\\Wbem;C:\\WINDOWS\\System32\\WindowsPowerShell\\v1.0\\;C:\\WINDOWS\\System32\\OpenSSH\\;C:\\Program Files\\Git\\cmd;C:\\Program Files\\nodejs\\;C:\\ProgramData\\chocolatey\\bin;C:\\Users\\User\\AppData\\Local\\Microsoft\\WindowsApps;C:\\Users\\User\\AppData\\Local\\Programs\\Microsoft VS Code\\bin;C:\\Users\\User\\AppData\\Roaming\\npm',
  PATHEXT: '.COM;.EXE;.BAT;.CMD;.VBS;.VBE;.JS;.JSE;.WSF;.WSH;.MSC;.PY;.PYW;.CPL',
  PROCESSOR_ARCHITECTURE: 'AMD64',
  PROCESSOR_IDENTIFIER: 'Intel64 Family 6 Model 126 Stepping 5, GenuineIntel',
  PROCESSOR_LEVEL: '6',
  PROCESSOR_REVISION: '7e05',
  ProgramData: 'C:\\ProgramData',
  ProgramFiles: 'C:\\Program Files',
  'ProgramFiles(x86)': 'C:\\Program Files (x86)',
  ProgramW6432: 'C:\\Program Files',
  PROMPT: '$P$G',
  PSModulePath: 'C:\\Users\\User\\Documents\\WindowsPowerShell\\Modules;C:\\Program Files\\WindowsPowerShell\\Modules;C:\\WINDOWS\\system32\\WindowsPowerShell\\v1.0\\Modules',
  PUBLIC: 'C:\\Users\\Public',
  SESSIONNAME: 'Console',
  SystemDrive: 'C:',
  SystemRoot: 'C:\\WINDOWS',
  TEMP: 'C:\\Users\\User\\AppData\\Local\\Temp',
  TMP: 'C:\\Users\\User\\AppData\\Local\\Temp',
  USERDOMAIN: 'MISHELLFAVOUR',
  USERDOMAIN_ROAMINGPROFILE: 'MISHELLFAVOUR',
  USERNAME: 'User',
  USERPROFILE: 'C:\\Users\\User',
  windir: 'C:\\WINDOWS',
  ZES_ENABLE_SYSMAN: '1',
  AI_AGENT: 'github_copilot_vscode_agent',
  COPILOT_AGENT: '1',
  GIT_PAGER: 'cat',
  GIT_MERGE_AUTOEDIT: 'no',
  GIT_EDITOR: ':',
  VSCODE_PREVENT_SHELL_HISTORY: '1',
  TERM_PROGRAM: 'vscode',
  TERM_PROGRAM_VERSION: '1.125.1',
  LANG: 'en_US.UTF-8',
  COLORTERM: 'truecolor',
  COPILOT_DEBUG_NONCE: 'b9ffd3c6ad9c2f07a28a8665743499e6',
  GIT_ASKPASS: 'c:\\Users\\User\\AppData\\Roaming\\Code\\User\\globalStorage\\vscode.git\\askpass\\493597c785d4c5cb\\askpass.sh',
  VSCODE_GIT_ASKPASS_NODE: 'C:\\Users\\User\\AppData\\Local\\Programs\\Microsoft VS Code\\Code.exe',
  VSCODE_GIT_ASKPASS_EXTRA_ARGS: '',
  VSCODE_GIT_ASKPASS_MAIN: 'c:\\Users\\User\\AppData\\Roaming\\Code\\User\\globalStorage\\vscode.git\\askpass\\493597c785d4c5cb\\askpass-main.js',
  VSCODE_GIT_IPC_HANDLE: '\\\\.\\pipe\\vscode-git-5a041eea75-sock',
  VSCODE_INJECTION: '1',
  VSCODE_NONCE: 'a38c7ce6-0fd7-440a-afbb-1e46869efaec',
  VSCODE_A11Y_MODE: '0',
  VSCODE_STABLE: '1'
}
[31m[1m20:01:37[22m [ERROR] [vite][39m [31m✗[39m Build failed in 3.17s
2026-07-30T17:01:37.740Z astro:telemetry {
  context: {
    isGit: true,
    anonymousProjectId: '9514080a96921222b136db01138bf42ae087f13081924fc0c538d6592e3bc53c',
    packageManager: 'npm',
    packageManagerVersion: undefined,
    anonymousId: 'b16d8b6873f3a1dbfe9b3846860d2cfacebe45e7a7bd7c779b701a23febb7d5e',
    anonymousSessionId: '4a16a77768790919b6242026d558cbb09f0639fd7f933f20e95b80b589cc55e6'
  },
  meta: {
    nodeVersion: '24.18.1',
    viteVersion: '8.1.5',
    astroVersion: '7.1.5',
    systemPlatform: 'win32',
    systemRelease: '10.0.26200',
    systemArchitecture: 'x64',
    cpuCount: 4,
    cpuModel: 'Intel(R) Core(TM) i3-1005G1 CPU @ 1.20GHz',
    cpuSpeed: 1190,
    memoryInMb: 3891,
    isDocker: false,
    isTTY: undefined,
    isWSL: false,
    isCI: false,
    ciName: null
  }
}
2026-07-30T17:01:37.740Z astro:telemetry [
  {
    "eventName": "ASTRO_CLI_ERROR",
    "payload": {
      "name": "Error",
      "cliCommand": "build",
      "isFatal": true
    }
  }
]
[MISSING_EXPORT] "default" is not exported by "src/components/heroSlider.tsx".
   ╭─[ src/pages/index.astro:4:8 ]
   │
 4 │ import HeroSlider from "../components/heroSlider";
   │        ─────┬────  
   │             ╰────── Missing export
───╯

  [1mStack trace:[22m
[2m    at aggregateBindingErrorsIntoJsError (file:///d:/kitchenandall/kitchenandall/node_modules/rolldown/dist/shared/error-BHRSI0R7.mjs:48:18)
    at #build (file:///d:/kitchenandall/kitchenandall/node_modules/rolldown/dist/shared/rolldown-build-CtPvmZgJ.mjs:3276:34)
    at async Object.build (file:///d:/kitchenandall/kitchenandall/node_modules/vite/dist/node/chunks/node.js:33483:19)
    at async Object.buildApp (file:///d:/kitchenandall/kitchenandall/node_modules/vite/dist/node/chunks/node.js:33475:6)
    at async viteBuild (file:///d:/kitchenandall/kitchenandall/node_modules/astro/dist/core/build/static-build.js:68:3)[22m
